
> elm-hackernews@1.0.0 pretest
> tsc


> elm-hackernews@1.0.0 test
> node dist/run-tests.js

Testing
elm-test output:
Compiling
Compiling > Starting tests

elm-test 0.19.1-revision12
--------------------------

Running 72 tests. To reproduce these results, run: elm-test --fuzz 100 --seed 376158560164992

> ExampleTests.ModelPostIdsTests
> module Model.PostIds
> advance
> #advance: 

    advance (PostIds (Cursor.withSelectedElement [ 1, 2 ] 3 []))
    --> Nothing

    This test failed because it threw an exception: "Error: TODO in module `Model.PostIds` on line 64
    
    advance"


> ExampleTests.ModelPostIdsTests
> module Model.PostIds
> advance
> #advance: 

    advance (PostIds (Cursor.nonEmpty 1 [ 2, 3 ]))
    --> Just ( 2, PostIds (Cursor.withSelectedElement [1] 2 [3]))

    This test failed because it threw an exception: "Error: TODO in module `Model.PostIds` on line 64
    
    advance"


> ExampleTests.ModelPostIdsTests
> module Model.PostIds
> decode
> #decode: 

    De.decodeString decode "[]"
    --> Ok (Nothing)

    Ok Nothing
    ÔĽĚ
    Ôöé Expect.equal
    ÔĽÁ
    Err (Failure "TODO" <internals>)


> ExampleTests.ModelPostIdsTests
> module Model.PostIds
> decode
> #decode: 

    De.decodeString decode "[1]"
    --> Ok (Just (PostIds (Cursor.nonEmpty 1 [])))

    Ok (Just (PostIds (Cursor [] 1 [])))
    ÔĽĚ
    Ôöé Expect.equal
    ÔĽÁ
    Err (Failure "TODO" <internals>)


> ExampleTests.ModelPostIdsTests
> module Model.PostIds
> decode
> #decode: 

    De.decodeString decode "[1, 2, 3]"
    --> Ok (Just (PostIds (Cursor.nonEmpty 1 [2, 3])))

    Ok (Just (PostIds (Cursor [] 1 [2,3])))
    ÔĽĚ
    Ôöé Expect.equal
    ÔĽÁ
    Err (Failure "TODO" <internals>)


> ExampleTests.UtilTimeTests
> module Util.Time
> durationBetween
> #durationBetween: 

    durationBetween (Time.millisToPosix 1000) (Time.millisToPosix 1000)
    --> Nothing

    This test failed because it threw an exception: "Error: TODO in module `Util.Time` on line 144
    
    durationBetween"


> ExampleTests.UtilTimeTests
> module Util.Time
> durationBetween
> #durationBetween: 

    durationBetween (Time.millisToPosix 1000) (Time.millisToPosix 0)
    --> Nothing

    This test failed because it threw an exception: "Error: TODO in module `Util.Time` on line 144
    
    durationBetween"


> ExampleTests.UtilTimeTests
> module Util.Time
> durationBetween
> #durationBetween: 

    durationBetween (Time.millisToPosix 0) (Time.millisToPosix (4 * 24 * 60 * 60 * 1000 + 3 * 60 * 60 * 1000 + 2 * 60 * 1000 + 1000))
    --> Just (Duration 1 2 3 4)

    This test failed because it threw an exception: "Error: TODO in module `Util.Time` on line 144
    
    durationBetween"


> ExampleTests.UtilTimeTests
> module Util.Time
> durationBetween
> #durationBetween: 

    durationBetween (Time.millisToPosix 0) (Time.millisToPosix (24 * 60 * 60 * 1000 + 1000))
    --> Just (Duration 1 0 0 1)

    This test failed because it threw an exception: "Error: TODO in module `Util.Time` on line 144
    
    durationBetween"


> ExampleTests.UtilTimeTests
> module Util.Time
> durationBetween
> #durationBetween: 

    durationBetween (Time.millisToPosix 0) (Time.millisToPosix (24 * 60 * 60 * 1000))
    --> Just (Duration 0 0 0 1)

    This test failed because it threw an exception: "Error: TODO in module `Util.Time` on line 144
    
    durationBetween"


> ExampleTests.UtilTimeTests
> module Util.Time
> durationBetween
> #durationBetween: 

    durationBetween (Time.millisToPosix 0) (Time.millisToPosix (60 * 60 * 1000))
    --> Just (Duration 0 0 1 0)

    This test failed because it threw an exception: "Error: TODO in module `Util.Time` on line 144
    
    durationBetween"


> ExampleTests.UtilTimeTests
> module Util.Time
> durationBetween
> #durationBetween: 

    durationBetween (Time.millisToPosix 0) (Time.millisToPosix (60 * 1000))
    --> Just (Duration 0 1 0 0)

    This test failed because it threw an exception: "Error: TODO in module `Util.Time` on line 144
    
    durationBetween"


> ExampleTests.UtilTimeTests
> module Util.Time
> durationBetween
> #durationBetween: 

    durationBetween (Time.millisToPosix 0) (Time.millisToPosix (1000))
    --> Just (Duration 1 0 0 0)

    This test failed because it threw an exception: "Error: TODO in module `Util.Time` on line 144
    
    durationBetween"


> ExampleTests.UtilTimeTests
> module Util.Time
> formatDuration
> #formatDuration: 

    formatDuration (Duration 0 30 0 1)
    --> "1 day 30 minutes ago"

    This test failed because it threw an exception: "Error: TODO in module `Util.Time` on line 169
    
    formatDuration"


> ExampleTests.UtilTimeTests
> module Util.Time
> formatDuration
> #formatDuration: 

    formatDuration (Duration 0 47 6 2)
    --> "2 days 6 hours 47 minutes ago"

    This test failed because it threw an exception: "Error: TODO in module `Util.Time` on line 169
    
    formatDuration"


> ExampleTests.UtilTimeTests
> module Util.Time
> formatDuration
> #formatDuration: 

    formatDuration (Duration 0 1 1 1)
    --> "1 day 1 hour 1 minute ago"

    This test failed because it threw an exception: "Error: TODO in module `Util.Time` on line 169
    
    formatDuration"


> ExampleTests.UtilTimeTests
> module Util.Time
> formatDuration
> #formatDuration: 

    formatDuration (Duration 0 0 0 3)
    --> "3 days ago"

    This test failed because it threw an exception: "Error: TODO in module `Util.Time` on line 169
    
    formatDuration"


> ExampleTests.UtilTimeTests
> module Util.Time
> formatDuration
> #formatDuration: 

    formatDuration (Duration 0 0 2 0)
    --> "2 hours ago"

    This test failed because it threw an exception: "Error: TODO in module `Util.Time` on line 169
    
    formatDuration"


> ExampleTests.UtilTimeTests
> module Util.Time
> formatDuration
> #formatDuration: 

    formatDuration (Duration 0 1 0 0)
    --> "1 minute ago"

    This test failed because it threw an exception: "Error: TODO in module `Util.Time` on line 169
    
    formatDuration"


> ExampleTests.UtilTimeTests
> module Util.Time
> formatDuration
> #formatDuration: 

    formatDuration (Duration 2 0 0 0)
    --> "2 seconds ago"

    This test failed because it threw an exception: "Error: TODO in module `Util.Time` on line 169
    
    formatDuration"


> ExampleTests.UtilTimeTests
> module Util.Time
> formatDuration
> #formatDuration: 

    formatDuration (Duration 1 0 0 0)
    --> "1 second ago"

    This test failed because it threw an exception: "Error: TODO in module `Util.Time` on line 169
    
    formatDuration"


> MainTests
> module Main
> Main.update handles config update message
> The ConfigChange message is sent when the "Show job posts" checkbox is clicked

    ensureHttpRequest: Expected HTTP request (GET http://localhost:3000/v0/item/38144400.json) to have been made and still be pending, but no such requests were made.
        No requests were made.


> MainTests
> module Main
> Main.update handles config update message
> The ConfigChange message is sent when the "Show text only posts" checkbox is clicked

    ensureHttpRequest: Expected HTTP request (GET http://localhost:3000/v0/item/38144400.json) to have been made and still be pending, but no such requests were made.
        No requests were made.


> MainTests
> module Main
> Main.update handles config update message
> The ConfigChange message is sent when the "Posts to show" select is changed

    ensureHttpRequest: Expected HTTP request (GET http://localhost:3000/v0/item/38144400.json) to have been made and still be pending, but no such requests were made.
        No requests were made.


> MainTests
> module Main
> Main.update handles config update message
> The ConfigChange message is sent when the "Sort by" select is changed

    ensureHttpRequest: Expected HTTP request (GET http://localhost:3000/v0/item/38144400.json) to have been made and still be pending, but no such requests were made.
        No requests were made.


> PostsConfigTests
> module Model.PostsConfig
> sortBy
> The final list is sorted by title when sortBy is Title

    { by = "kizunajp", id = 38146856, score = 57, time = Posix 1699145556000, title = "The First App Store", type_ = "story", url = Just "https://one-from-nippon.ghost.io/worlds-first-app-store/" }, { by = "pranay01", id = 38148992, score = 1, time = Posix 1699167669000, title = "SigNoz (YC W21), open source observability platform, hiring SREs (Remote)", type_ = "job", url = Just "https://signoz.io/careers/site-reliability-engineer/" }, { by = "dlock17", id = 38146154, score = 83, time = Posix 1699139194000, title = "Show HN: Gogosseract, a Go Lib for CGo-Free Tesseract OCR via Wazero", type_ = "story", url = Just "https://github.com/Danlock/gogosseract" }, { by = "willswire", id = 38147438, score = 26, time = Posix 1699151020000, title = "Shadows Edge Software", type_ = "story", url = Just "https://www.shadowsedge.mil/What-We-Do/" }, { by = "luu", id = 38144772, score = 37, time = Posix 1699129495000, title = "Representations / strategies for noncooperative games with imperfect information [pdf]", type_ = "story", url = Just "https://www2.cs.sfu.ca/~bbart/personal/masters-thesis.pdf" }, { by = "sohkamyung", id = 38146382, score = 51, time = Posix 1699140957000, title = "Planes, Spheres and Pseudospheres", type_ = "story", url = Just "https://www.gregegan.net/SCIENCE/PSP/PSP.html" }, { by = "Tepix", id = 38141366, score = 557, time = Posix 1699108556000, title = "Othello Is Solved?", type_ = "story", url = Just "https://arxiv.org/abs/2310.19387" }, { by = "vyrotek", id = 38144400, score = 512, time = Posix 1699126731000, title = "NewPipe ÔÇô Lightweight YouTube experience for Android", type_ = "story", url = Just "https://newpipe.net/" }, { by = "sillysaurusx", id = 38149093, score = 75, time = Posix 1699169400000, title = "LLM companies to access largest Chinese non-fiction book collection", type_ = "story", url = Just "https://annas-blog.org/duxiu-exclusive.html" }, { by = "scrlk", id = 38114943, score = 182, time = Posix 1698939114000, title = "Intel Itanium IA-64 Support Removed with the Linux 6.7 Kernel", type_ = "story", url = Just "https://www.phoronix.com/news/Intel-IA-64-Removed-Linux-6.7" }
    ÔĽĚ
    Ôöé Expect.equalLists
    ÔĽÁ
    { by = "scrlk", id = 38114943, score = 182, time = Posix 1698939114000, title = "Intel Itanium IA-64 Support Removed with the Linux 6.7 Kernel", type_ = "story", url = Just "https://www.phoronix.com/news/Intel-IA-64-Removed-Linux-6.7" }, { by = "sillysaurusx", id = 38149093, score = 75, time = Posix 1699169400000, title = "LLM companies to access largest Chinese non-fiction book collection", type_ = "story", url = Just "https://annas-blog.org/duxiu-exclusive.html" }, { by = "vyrotek", id = 38144400, score = 512, time = Posix 1699126731000, title = "NewPipe ÔÇô Lightweight YouTube experience for Android", type_ = "story", url = Just "https://newpipe.net/" }, { by = "Tepix", id = 38141366, score = 557, time = Posix 1699108556000, title = "Othello Is Solved?", type_ = "story", url = Just "https://arxiv.org/abs/2310.19387" }, { by = "sohkamyung", id = 38146382, score = 51, time = Posix 1699140957000, title = "Planes, Spheres and Pseudospheres", type_ = "story", url = Just "https://www.gregegan.net/SCIENCE/PSP/PSP.html" }, { by = "luu", id = 38144772, score = 37, time = Posix 1699129495000, title = "Representations / strategies for noncooperative games with imperfect information [pdf]", type_ = "story", url = Just "https://www2.cs.sfu.ca/~bbart/personal/masters-thesis.pdf" }, { by = "willswire", id = 38147438, score = 26, time = Posix 1699151020000, title = "Shadows Edge Software", type_ = "story", url = Just "https://www.shadowsedge.mil/What-We-Do/" }, { by = "dlock17", id = 38146154, score = 83, time = Posix 1699139194000, title = "Show HN: Gogosseract, a Go Lib for CGo-Free Tesseract OCR via Wazero", type_ = "story", url = Just "https://github.com/Danlock/gogosseract" }, { by = "pranay01", id = 38148992, score = 1, time = Posix 1699167669000, title = "SigNoz (YC W21), open source observability platform, hiring SREs (Remote)", type_ = "job", url = Just "https://signoz.io/careers/site-reliability-engineer/" }, { by = "kizunajp", id = 38146856, score = 57, time = Posix 1699145556000, title = "The First App Store", type_ = "story", url = Just "https://one-from-nippon.ghost.io/worlds-first-app-store/" }
    
    The first diff is at index 0: it was `{ by = "kizunajp", id = 38146856, score = 57, time = Posix 1699145556000, title = "The First App Store", type_ = "story", url = Just "https://one-from-nippon.ghost.io/worlds-first-app-store/" }`, but `{ by = "scrlk", id = 38114943, score = 182, time = Posix 1698939114000, title = "Intel Itanium IA-64 Support Removed with the Linux 6.7 Kernel", type_ = "story", url = Just "https://www.phoronix.com/news/Intel-IA-64-Removed-Linux-6.7" }` was expected.


> PostsConfigTests
> module Model.PostsConfig
> applyChanges
> The ConfigChange message is sent when the "Posts to show" select is changed

    Invalid message


> PostsConfigTests
> module Model.PostsConfig
> applyChanges
> The ConfigChange message is sent when the "Sort by" select is changed

    Invalid message


> PostsViewTests
> module View.Posts
> "Show job posts" checkbox
> postsConfigView has a checkbox for "Show job posts"

    Ôľ╝ Query.fromHtml
    
        <div>
            <select id="select-posts-per-page">
                <option value="10" selected>
                    10
                </option>
                <option value="25">
                    25
                </option>
                <option value="50">
                    50
                </option>
            </select>
            <div>
                <select id="select-sort-by">
                    <option value="score">
                        score
                    </option>
                    <option value="title">
                        title
                    </option>
                    <option value="date">
                        date
                    </option>
                    <option value="unsorted">
                        unsorted
                    </option>
                </select>
            </div>
            <div>
                <input id="checkbox-show-job-posts" type="checkbox">
            </div>
            <div>
                <input id="checkbox-show-text-only-posts" type="checkbox" checked>
            </div>
        </div>
    
    
    Ôľ╝ Query.findAll [ containing [ tag "input" attribute "type" "checkbox" attribute "id" "checkbox-show-job-posts" ] , containing [ text "Show", text "job" ]  ]
    
    0 matches found for this query.
    
    
    Ôľ╝ Query.count
    
    Expect.equal


> PostsViewTests
> module View.Posts
> "Show text only posts" checkbox
> postsConfigView has a checkbox for "Show text only posts"

    Ôľ╝ Query.fromHtml
    
        <div>
            <select id="select-posts-per-page">
                <option value="10" selected>
                    10
                </option>
                <option value="25">
                    25
                </option>
                <option value="50">
                    50
                </option>
            </select>
            <div>
                <select id="select-sort-by">
                    <option value="score">
                        score
                    </option>
                    <option value="title">
                        title
                    </option>
                    <option value="date">
                        date
                    </option>
                    <option value="unsorted">
                        unsorted
                    </option>
                </select>
            </div>
            <div>
                <input id="checkbox-show-job-posts" type="checkbox">
            </div>
            <div>
                <input id="checkbox-show-text-only-posts" type="checkbox" checked>
            </div>
        </div>
    
    
    Ôľ╝ Query.findAll [ containing [ tag "input" attribute "type" "checkbox" attribute "id" "checkbox-show-text-only-posts" ] , containing [ text "Show", text "text" ]  ]
    
    0 matches found for this query.
    
    
    Ôľ╝ Query.count
    
    Expect.equal


> PostsViewTests
> module View.Posts
> "sort by" select
> The options for "sort by" select input are Score, Title, Posted, None

    Ôľ╝ Query.fromHtml
    
        <div>
            <select id="select-posts-per-page">
                <option value="10" selected>
                    10
                </option>
                <option value="25">
                    25
                </option>
                <option value="50">
                    50
                </option>
            </select>
            <div>
                <select id="select-sort-by">
                    <option value="score">
                        score
                    </option>
                    <option value="title">
                        title
                    </option>
                    <option value="date">
                        date
                    </option>
                    <option value="unsorted">
                        unsorted
                    </option>
                </select>
            </div>
            <div>
                <input id="checkbox-show-job-posts" type="checkbox">
            </div>
            <div>
                <input id="checkbox-show-text-only-posts" type="checkbox" checked>
            </div>
        </div>
    
    
    Ôľ╝ Query.find [ tag "select", attribute "id" "select-sort-by" ]
    
        1)  <select id="select-sort-by">
                <option value="score">
                    score
                </option>
                <option value="title">
                    title
                </option>
                <option value="date">
                    date
                </option>
                <option value="unsorted">
                    unsorted
                </option>
            </select>
    
    
    Ôľ╝ Query.has [ containing [ text "Score" ]  ]
    
    > has containing [ text "Score" ] 


> PostsViewTests
> module View.Posts
> postsConfigView update
> The ConfigChange message is sent when the "Posts to show" select is changed

    Err "Event.expectEvent: I found a node, but it does not listen for \"input\" events like I expected it would.\n\n<select id=\"select-posts-per-page\">\n    <option value=\"10\" selected>\n        10\n    </option>\n    <option value=\"25\">\n        25\n    </option>\n    <option value=\"50\">\n        50\n    </option>\n</select>"
    ÔĽĚ
    Ôöé Expect.ok
    ÔĽÁ
    Ok _


> PostsViewTests
> module View.Posts
> postsConfigView update
> The ConfigChange message is sent when the "Sort by" select is changed

    Err "Event.expectEvent: I found a node, but it does not listen for \"input\" events like I expected it would.\n\n<select id=\"select-sort-by\">\n    <option value=\"score\">\n        score\n    </option>\n    <option value=\"title\">\n        title\n    </option>\n    <option value=\"date\">\n        date\n    </option>\n    <option value=\"unsorted\">\n        unsorted\n    </option>\n</select>"
    ÔĽĚ
    Ôöé Expect.ok
    ÔĽÁ
    Ok _


> PostsViewTests
> module View.Posts
> first row
> The first row of the table contains the field names

    Ôľ╝ Query.fromHtml
    
        <table>
            <tr>
                <th class="post-score">
                    score
                </th>
                <th class="post-title">
                    title
                </th>
                <th class="post-url">
                    url
                </th>
                <th class="post-type">
                    type
                </th>
                <th class="post-time">
                    time
                </th>
            </tr>
            <div>
                <tr>
                    <td class="post-score">
                        512
                    </td>
                    <td class="post-title">
                        NewPipe ÔÇô Lightweight YouTube experience for Android
                    </td>
                    <td class="post-type">
                        story
                    </td>
                    <td class="post-time">
                        2023 Nov 04 19:38
                    </td>
                    <td class="post-url">
                        <a href="https://newpipe.net/">
                            Link
                        </a>
                    </td>
                </tr>
                <tr>
                    <td class="post-score">
                        75
                    </td>
                    <td class="post-title">
                        LLM companies to access largest Chinese non-fiction book collection
                    </td>
                    <td class="post-type">
                        story
                    </td>
                    <td class="post-time">
                        2023 Nov 05 07:30
                    </td>
                    <td class="post-url">
                        <a href="https://annas-blog.org/duxiu-exclusive.html">
                            Link
                        </a>
                    </td>
                </tr>
                <tr>
                    <td class="post-score">
                        182
                    </td>
                    <td class="post-title">
                        Intel Itanium IA-64 Support Removed with the Linux 6.7 Kernel
                    </td>
                    <td class="post-type">
                        story
                    </td>
                    <td class="post-time">
                        2023 Nov 02 15:31
                    </td>
                    <td class="post-url">
                        <a href="https://www.phoronix.com/news/Intel-IA-64-Removed-Linux-6.7">
                            Link
                        </a>
                    </td>
                </tr>
                <tr>
                    <td class="post-score">
                        37
                    </td>
                    <td class="post-title">
                        Representations / strategies for noncooperative games with imperfect information [pdf]
                    </td>
                    <td class="post-type">
                        story
                    </td>
                    <td class="post-time">
                        2023 Nov 04 20:24
                    </td>
                    <td class="post-url">
                        <a href="https://www2.cs.sfu.ca/~bbart/personal/masters-thesis.pdf">
                            Link
                        </a>
                    </td>
                </tr>
                <tr>
                    <td class="post-score">
                        57
                    </td>
                    <td class="post-title">
                        The First App Store
                    </td>
                    <td class="post-type">
                        story
                    </td>
                    <td class="post-time">
                        2023 Nov 05 00:52
                    </td>
                    <td class="post-url">
                        <a href="https://one-from-nippon.ghost.io/worlds-first-app-store/">
                            Link
                        </a>
                    </td>
                </tr>
                <tr>
                    <td class="post-score">
                        83
                    </td>
                    <td class="post-title">
                        Show HN: Gogosseract, a Go Lib for CGo-Free Tesseract OCR via Wazero
                    </td>
                    <td class="post-type">
                        story
                    </td>
                    <td class="post-time">
                        2023 Nov 04 23:06
                    </td>
                    <td class="post-url">
                        <a href="https://github.com/Danlock/gogosseract">
                            Link
                        </a>
                    </td>
                </tr>
                <tr>
                    <td class="post-score">
                        51
                    </td>
                    <td class="post-title">
                        Planes, Spheres and Pseudospheres
                    </td>
                    <td class="post-type">
                        story
                    </td>
                    <td class="post-time">
                        2023 Nov 04 23:35
                    </td>
                    <td class="post-url">
                        <a href="https://www.gregegan.net/SCIENCE/PSP/PSP.html">
                            Link
                        </a>
                    </td>
                </tr>
                <tr>
                    <td class="post-score">
                        557
                    </td>
                    <td class="post-title">
                        Othello Is Solved?
                    </td>
                    <td class="post-type">
                        story
                    </td>
                    <td class="post-time">
                        2023 Nov 04 14:35
                    </td>
                    <td class="post-url">
                        <a href="https://arxiv.org/abs/2310.19387">
                            Link
                        </a>
                    </td>
                </tr>
                <tr>
                    <td class="post-score">
                        1
                    </td>
                    <td class="post-title">
                        SigNoz (YC W21), open source observability platform, hiring SREs (Remote)
                    </td>
                    <td class="post-type">
                        job
                    </td>
                    <td class="post-time">
                        2023 Nov 05 07:01
                    </td>
                    <td class="post-url">
                        <a href="https://signoz.io/careers/site-reliability-engineer/">
                            Link
                        </a>
                    </td>
                </tr>
                <tr>
                    <td class="post-score">
                        26
                    </td>
                    <td class="post-title">
                        Shadows Edge Software
                    </td>
                    <td class="post-type">
                        story
                    </td>
                    <td class="post-time">
                        2023 Nov 05 02:23
                    </td>
                    <td class="post-url">
                        <a href="https://www.shadowsedge.mil/What-We-Do/">
                            Link
                        </a>
                    </td>
                </tr>
                <tr>
                    <td class="post-score">
                        58
                    </td>
                    <td class="post-title">
                        Quadratic Reciprocity: The connection that changed number theory
                    </td>
                    <td class="post-type">
                        story
                    </td>
                    <td class="post-time">
                        2023 Nov 02 15:43
                    </td>
                    <td class="post-url">
                        <a href="https://www.quantamagazine.org/the-hidden-connection-that-changed-number-theory-20231101/">
                            Link
                        </a>
                    </td>
                </tr>
                <tr>
                    <td class="post-score">
                        65
                    </td>
                    <td class="post-title">
                        How to Do a TypeScript Conversion: an opinionated take on gradual conversions
                    </td>
                    <td class="post-type">
                        story
                    </td>
                    <td class="post-time">
                        2023 Nov 04 21:15
                    </td>
                    <td class="post-url">
                        <a href="https://v5.chriskrycho.com/journal/how-to-do-a-typescript-conversion/">
                            Link
                        </a>
                    </td>
                </tr>
                <tr>
                    <td class="post-score">
                        83
                    </td>
                    <td class="post-title">
                        FTC Chair Lina Khan looks for allies and leads in Silicon Valley charm offensive
                    </td>
                    <td class="post-type">
                        story
                    </td>
                    <td class="post-time">
                        2023 Nov 04 19:24
                    </td>
                    <td class="post-url">
                        <a href="https://www.reuters.com/business/ftc-chair-lina-khan-looks-allies-leads-silicon-valley-charm-offensive-2023-11-03/">
                            Link
                        </a>
                    </td>
                </tr>
                <tr>
                    <td class="post-score">
                        96
                    </td>
                    <td class="post-title">
                        Topic: Discord Stealer
                    </td>
                    <td class="post-type">
                        story
                    </td>
                    <td class="post-time">
                        2023 Nov 05 02:26
                    </td>
                    <td class="post-url">
                        <a href="https://github.com/topics/discord-stealer">
                            Link
                        </a>
                    </td>
                </tr>
                <tr>
                    <td class="post-score">
                        132
                    </td>
                    <td class="post-title">
                        SARS-CoV-2 Infection Affects Energy Stores in the Body, Causing Organ Failure
                    </td>
                    <td class="post-type">
                        story
                    </td>
                    <td class="post-time">
                        2023 Nov 04 23:02
                    </td>
                    <td class="post-url">
                        <a href="https://news.unchealthcare.org/2023/10/researchers-show-sars-cov-2-infection-affects-energy-stores-in-the-body-causing-organ-failure/">
                            Link
                        </a>
                    </td>
                </tr>
                <tr>
                    <td class="post-score">
                        102
                    </td>
                    <td class="post-title">
                        Soda additive linked to thyroid toxicity may finally get banned by FDA
                    </td>
                    <td class="post-type">
                        story
                    </td>
                    <td class="post-time">
                        2023 Nov 05 00:26
                    </td>
                    <td class="post-url">
                        <a href="https://arstechnica.com/health/2023/11/50-years-later-fda-proposes-banning-a-food-additive-it-said-is-not-safe/">
                            Link
                        </a>
                    </td>
                </tr>
                <tr>
                    <td class="post-score">
                        56
                    </td>
                    <td class="post-title">
                        BeeWare Toga v0.4.0 ÔÇô A Python native, OS native GUI toolkit
                    </td>
                    <td class="post-type">
                        story
                    </td>
                    <td class="post-time">
                        2023 Nov 05 01:24
                    </td>
                    <td class="post-url">
                        <a href="https://github.com/beeware/toga/releases/tag/v0.4.0">
                            Link
                        </a>
                    </td>
                </tr>
                <tr>
                    <td class="post-score">
                        105
                    </td>
                    <td class="post-title">
                        The cottage industry of YouTube obituary pirates
                    </td>
                    <td class="post-type">
                        story
                    </td>
                    <td class="post-time">
                        2023 Nov 04 20:58
                    </td>
                    <td class="post-url">
                        <a href="https://www.wired.com/story/youtube-obituary-pirates/">
                            Link
                        </a>
                    </td>
                </tr>
                <tr>
                    <td class="post-score">
                        44
                    </td>
                    <td class="post-title">
                        Chemists, engineers craft adjustable arrays of microscopic lenses
                    </td>
                    <td class="post-type">
                        story
                    </td>
                    <td class="post-time">
                        2023 Nov 02 15:48
                    </td>
                    <td class="post-url">
                        <a href="https://phys.org/news/2023-10-chemists-craft-adjustable-arrays-microscopic.html">
                            Link
                        </a>
                    </td>
                </tr>
                <tr>
                    <td class="post-score">
                        62
                    </td>
                    <td class="post-title">
                        Disturbed Lands (National Park Service)
                    </td>
                    <td class="post-type">
                        story
                    </td>
                    <td class="post-time">
                        2023 Nov 04 23:29
                    </td>
                    <td class="post-url">
                        <a href="https://www.nps.gov/shen/learn/nature/disturbedlands.htm">
                            Link
                        </a>
                    </td>
                </tr>
                <tr>
                    <td class="post-score">
                        84
                    </td>
                    <td class="post-title">
                        The world nearly adopted a calendar with 13 months of 28 days
                    </td>
                    <td class="post-type">
                        story
                    </td>
                    <td class="post-time">
                        2023 Nov 05 03:53
                    </td>
                    <td class="post-url">
                        <a href="https://www.washingtonpost.com/history/2023/11/04/battle-sabbath-13-month-calendar/">
                            Link
                        </a>
                    </td>
                </tr>
                <tr>
                    <td class="post-score">
                        106
                    </td>
                    <td class="post-title">
                        AI and Open Source in 2023
                    </td>
                    <td class="post-type">
                        story
                    </td>
                    <td class="post-time">
                        2023 Nov 04 18:50
                    </td>
                    <td class="post-url">
                        <a href="https://magazine.sebastianraschka.com/p/ai-and-open-source-in-2023">
                            Link
                        </a>
                    </td>
                </tr>
                <tr>
                    <td class="post-score">
                        1114
                    </td>
                    <td class="post-title">
                        As I retire, my goal now is to release 40+ years of source code
                    </td>
                    <td class="post-type">
                        story
                    </td>
                    <td class="post-time">
                        2023 Nov 03 17:26
                    </td>
                    <td class="post-url">
                        <a href="https://dunfield.themindfactory.com/dnldsrc.htm">
                            Link
                        </a>
                    </td>
                </tr>
                <tr>
                    <td class="post-score">
                        122
                    </td>
                    <td class="post-title">
                        New Microsoft Exchange zero-days allow RCE, data theft attacks
                    </td>
                    <td class="post-type">
                        story
                    </td>
                    <td class="post-time">
                        2023 Nov 04 21:43
                    </td>
                    <td class="post-url">
                        <a href="https://www.bleepingcomputer.com/news/microsoft/new-microsoft-exchange-zero-days-allow-rce-data-theft-attacks/">
                            Link
                        </a>
                    </td>
                </tr>
                <tr>
                    <td class="post-score">
                        125
                    </td>
                    <td class="post-title">
                        Grok
                    </td>
                    <td class="post-type">
                        story
                    </td>
                    <td class="post-time">
                        2023 Nov 05 05:02
                    </td>
                    <td class="post-url">
                        <a href="https://twitter.com/xai/status/1721027348970238035">
                            Link
                        </a>
                    </td>
                </tr>
                <tr>
                    <td class="post-score">
                        220
                    </td>
                    <td class="post-title">
                        A 6 channel GPS receiver from 1993
                    </td>
                    <td class="post-type">
                        story
                    </td>
                    <td class="post-time">
                        2023 Nov 04 10:27
                    </td>
                    <td class="post-url">
                        <a href="https://mastodon.sdf.org/@keelan/111349948124943603">
                            Link
                        </a>
                    </td>
                </tr>
                <tr>
                    <td class="post-score">
                        313
                    </td>
                    <td class="post-title">
                        AMD MicroBlaze V Processor: A Flexible and Efficient RISC-V Processor
                    </td>
                    <td class="post-type">
                        story
                    </td>
                    <td class="post-time">
                        2023 Nov 04 02:01
                    </td>
                    <td class="post-url">
                        <a href="https://www.xilinx.com/products/design-tools/microblaze-v.html">
                            Link
                        </a>
                    </td>
                </tr>
                <tr>
                    <td class="post-score">
                        112
                    </td>
                    <td class="post-title">
                        Lahaina Noon
                    </td>
                    <td class="post-type">
                        story
                    </td>
                    <td class="post-time">
                        2023 Nov 02 15:27
                    </td>
                    <td class="post-url">
                        <a href="https://en.wikipedia.org/wiki/Lahaina_Noon">
                            Link
                        </a>
                    </td>
                </tr>
                <tr>
                    <td class="post-score">
                        157
                    </td>
                    <td class="post-title">
                        Spin 2.0 ÔÇô open-source tool for building and running WASM apps
                    </td>
                    <td class="post-type">
                        story
                    </td>
                    <td class="post-time">
                        2023 Nov 04 12:01
                    </td>
                    <td class="post-url">
                        <a href="https://www.fermyon.com/blog/introducing-spin-v2">
                            Link
                        </a>
                    </td>
                </tr>
                <tr>
                    <td class="post-score">
                        411
                    </td>
                    <td class="post-title">
                        Tell HN: Submit comments to IRS re tax treatment of software dev expenses
                    </td>
                    <td class="post-type">
                        story
                    </td>
                    <td class="post-time">
                        2023 Nov 02 21:26
                    </td>
                    <td class="post-url">
                        N/A
                    </td>
                </tr>
                <tr>
                    <td class="post-score">
                        11
                    </td>
                    <td class="post-title">
                        Show HN: A tiny and platform-agnostic true random number generator for FPGA/ASIC
                    </td>
                    <td class="post-type">
                        story
                    </td>
                    <td class="post-time">
                        2023 Nov 04 21:34
                    </td>
                    <td class="post-url">
                        <a href="https://github.com/stnolting/neoTRNG">
                            Link
                        </a>
                    </td>
                </tr>
                <tr>
                    <td class="post-score">
                        99
                    </td>
                    <td class="post-title">
                        Daylight saving time can seriously affect your health
                    </td>
                    <td class="post-type">
                        story
                    </td>
                    <td class="post-time">
                        2023 Nov 05 00:47
                    </td>
                    <td class="post-url">
                        <a href="https://apnews.com/article/daylight-saving-2023-fall-back-a3738d5c74301b8068825927c49fc6b4">
                            Link
                        </a>
                    </td>
                </tr>
                <tr>
                    <td class="post-score">
                        46
                    </td>
                    <td class="post-title">
                        Delhi air pollution spikes to 100 times WHO health limit
                    </td>
                    <td class="post-type">
                        story
                    </td>
                    <td class="post-time">
                        2023 Nov 04 23:14
                    </td>
                    <td class="post-url">
                        <a href="https://www.theguardian.com/world/2023/nov/03/delhi-india-air-quality-pollution-spike-world-health-organization-limit">
                            Link
                        </a>
                    </td>
                </tr>
                <tr>
                    <td class="post-score">
                        5
                    </td>
                    <td class="post-title">
                        A game. The only winning move is not to play
                    </td>
                    <td class="post-type">
                        story
                    </td>
                    <td class="post-time">
                        2023 Nov 05 04:15
                    </td>
                    <td class="post-url">
                        N/A
                    </td>
                </tr>
                <tr>
                    <td class="post-score">
                        83
                    </td>
                    <td class="post-title">
                        Max is taking 4K away from its legacy ad-free subscribers
                    </td>
                    <td class="post-type">
                        story
                    </td>
                    <td class="post-time">
                        2023 Nov 05 02:54
                    </td>
                    <td class="post-url">
                        <a href="https://www.theverge.com/2023/11/2/23943859/max-4k-hbo-max-ad-free-subscribers">
                            Link
                        </a>
                    </td>
                </tr>
                <tr>
                    <td class="post-score">
                        132
                    </td>
                    <td class="post-title">
                        Classes vs. structs in .NET: how not to teach about performance
                    </td>
                    <td class="post-type">
                        story
                    </td>
                    <td class="post-time">
                        2023 Nov 04 03:28
                    </td>
                    <td class="post-url">
                        <a href="https://sergeyteplyakov.github.io/Blog/benchmarking/2023/11/02/Performance_Comparison_For_Classes_vs_Structs.html">
                            Link
                        </a>
                    </td>
                </tr>
                <tr>
                    <td class="post-score">
                        68
                    </td>
                    <td class="post-title">
                        How ÔÇťblueÔÇŁ and ÔÇťgreenÔÇŁ appeared in a language that didnÔÇÖt have words for them
                    </td>
                    <td class="post-type">
                        story
                    </td>
                    <td class="post-time">
                        2023 Nov 02 15:54
                    </td>
                    <td class="post-url">
                        <a href="https://news.mit.edu/2023/how-blue-and-green-appeared-language-1102">
                            Link
                        </a>
                    </td>
                </tr>
                <tr>
                    <td class="post-score">
                        17
                    </td>
                    <td class="post-title">
                        Oracle Cloud Outage
                    </td>
                    <td class="post-type">
                        story
                    </td>
                    <td class="post-time">
                        2023 Nov 05 00:33
                    </td>
                    <td class="post-url">
                        N/A
                    </td>
                </tr>
                <tr>
                    <td class="post-score">
                        15
                    </td>
                    <td class="post-title">
                        Exim 4.97.0 ÔÇô SMTP Mail Server ÔÇô Message Transfer Agent (MTA)
                    </td>
                    <td class="post-type">
                        story
                    </td>
                    <td class="post-time">
                        2023 Nov 05 00:29
                    </td>
                    <td class="post-url">
                        <a href="https://www.exim.org/">
                            Link
                        </a>
                    </td>
                </tr>
                <tr>
                    <td class="post-score">
                        82
                    </td>
                    <td class="post-title">
                        You're Gonna Need a Bigger Browser
                    </td>
                    <td class="post-type">
                        story
                    </td>
                    <td class="post-time">
                        2023 Nov 04 19:55
                    </td>
                    <td class="post-url">
                        <a href="https://berjon.com/bigger-browser/">
                            Link
                        </a>
                    </td>
                </tr>
                <tr>
                    <td class="post-score">
                        157
                    </td>
                    <td class="post-title">
                        Making "LCD, Please"
                    </td>
                    <td class="post-type">
                        story
                    </td>
                    <td class="post-time">
                        2023 Nov 04 04:16
                    </td>
                    <td class="post-url">
                        <a href="https://dukope.com/devlogs/papers-please/lcdplease/">
                            Link
                        </a>
                    </td>
                </tr>
                <tr>
                    <td class="post-score">
                        17
                    </td>
                    <td class="post-title">
                        Interview with a Gladiatrix
                    </td>
                    <td class="post-type">
                        story
                    </td>
                    <td class="post-time">
                        2023 Nov 04 21:04
                    </td>
                    <td class="post-url">
                        <a href="https://antigonejournal.com/2023/10/modern-roman-gladiatrix/">
                            Link
                        </a>
                    </td>
                </tr>
                <tr>
                    <td class="post-score">
                        6
                    </td>
                    <td class="post-title">
                        Towards Modern Development of Cloud Applications [pdf]
                    </td>
                    <td class="post-type">
                        story
                    </td>
                    <td class="post-time">
                        2023 Nov 05 00:44
                    </td>
                    <td class="post-url">
                        <a href="https://sigops.org/s/conferences/hotos/2023/papers/ghemawat.pdf">
                            Link
                        </a>
                    </td>
                </tr>
                <tr>
                    <td class="post-score">
                        224
                    </td>
                    <td class="post-title">
                        A blog post is a long and complex search query to find people (2022)
                    </td>
                    <td class="post-type">
                        story
                    </td>
                    <td class="post-time">
                        2023 Nov 04 02:02
                    </td>
                    <td class="post-url">
                        <a href="https://www.henrikkarlsson.xyz/p/search-query">
                            Link
                        </a>
                    </td>
                </tr>
                <tr>
                    <td class="post-score">
                        68
                    </td>
                    <td class="post-title">
                        After decades of dreams, a commercial spaceplane is almost ready to fly
                    </td>
                    <td class="post-type">
                        story
                    </td>
                    <td class="post-time">
                        2023 Nov 04 17:45
                    </td>
                    <td class="post-url">
                        <a href="https://arstechnica.com/space/2023/11/after-decades-of-dreams-a-commercial-spaceplane-is-almost-ready-to-fly/">
                            Link
                        </a>
                    </td>
                </tr>
                <tr>
                    <td class="post-score">
                        110
                    </td>
                    <td class="post-title">
                        Scrcpy 2.2 adds Android camera mirroring
                    </td>
                    <td class="post-type">
                        story
                    </td>
                    <td class="post-time">
                        2023 Nov 04 18:30
                    </td>
                    <td class="post-url">
                        <a href="https://github.com/Genymobile/scrcpy/releases/tag/v2.2">
                            Link
                        </a>
                    </td>
                </tr>
                <tr>
                    <td class="post-score">
                        52
                    </td>
                    <td class="post-title">
                        SpaceX poised for 'mid-November' launch of second Starship test flight
                    </td>
                    <td class="post-type">
                        story
                    </td>
                    <td class="post-time">
                        2023 Nov 05 04:23
                    </td>
                    <td class="post-url">
                        <a href="https://spaceflightnow.com/2023/11/04/spacex-poised-for-mid-november-of-second-starship-test-launch/">
                            Link
                        </a>
                    </td>
                </tr>
                <tr>
                    <td class="post-score">
                        160
                    </td>
                    <td class="post-title">
                        I need more USB power
                    </td>
                    <td class="post-type">
                        story
                    </td>
                    <td class="post-time">
                        2023 Nov 04 16:36
                    </td>
                    <td class="post-url">
                        <a href="https://atomic14.substack.com/p/i-need-more-usb-power">
                            Link
                        </a>
                    </td>
                </tr>
                <tr>
                    <td class="post-score">
                        8
                    </td>
                    <td class="post-title">
                        Ancient coins have been found off Sardinia, probably from shipwreck
                    </td>
                    <td class="post-type">
                        story
                    </td>
                    <td class="post-time">
                        2023 Nov 05 03:31
                    </td>
                    <td class="post-url">
                        <a href="https://apnews.com/article/italy-ancient-coins-sardinia-divers-cabdfa070d37a8020f874dd90c0a2433">
                            Link
                        </a>
                    </td>
                </tr>
                <tr>
                    <td class="post-score">
                        65
                    </td>
                    <td class="post-title">
                        C++ Sudoku Solver by Singapore PM Lee Hsien Loong
                    </td>
                    <td class="post-type">
                        story
                    </td>
                    <td class="post-time">
                        2023 Nov 04 19:07
                    </td>
                    <td class="post-url">
                        <a href="https://twitter.com/adad8m/status/1720822885496049863">
                            Link
                        </a>
                    </td>
                </tr>
                <tr>
                    <td class="post-score">
                        91
                    </td>
                    <td class="post-title">
                        Lapham's Quarterly Is on Hiatus
                    </td>
                    <td class="post-type">
                        story
                    </td>
                    <td class="post-time">
                        2023 Nov 04 20:00
                    </td>
                    <td class="post-url">
                        <a href="https://www.laphamsquarterly.org/roundtable/hiatus">
                            Link
                        </a>
                    </td>
                </tr>
                <tr>
                    <td class="post-score">
                        6
                    </td>
                    <td class="post-title">
                        X.ai Grok
                    </td>
                    <td class="post-type">
                        story
                    </td>
                    <td class="post-time">
                        2023 Nov 05 05:57
                    </td>
                    <td class="post-url">
                        <a href="https://grok.x.ai/">
                            Link
                        </a>
                    </td>
                </tr>
                <tr>
                    <td class="post-score">
                        219
                    </td>
                    <td class="post-title">
                        Asciinema: Record and share your terminal sessions, the simple way
                    </td>
                    <td class="post-type">
                        story
                    </td>
                    <td class="post-time">
                        2023 Nov 03 20:53
                    </td>
                    <td class="post-url">
                        <a href="https://asciinema.org/">
                            Link
                        </a>
                    </td>
                </tr>
                <tr>
                    <td class="post-score">
                        605
                    </td>
                    <td class="post-title">
                        In 1886, the US commissioned watercolor paintings of every known fruit (2019)
                    </td>
                    <td class="post-type">
                        story
                    </td>
                    <td class="post-time">
                        2023 Nov 02 22:30
                    </td>
                    <td class="post-url">
                        <a href="https://www.openculture.com/2019/06/the-us-government-commissioned-7500-watercolor-paintings.html">
                            Link
                        </a>
                    </td>
                </tr>
                <tr>
                    <td class="post-score">
                        467
                    </td>
                    <td class="post-title">
                        No dogs were harmed in the making of this app
                    </td>
                    <td class="post-type">
                        story
                    </td>
                    <td class="post-time">
                        2023 Nov 03 13:47
                    </td>
                    <td class="post-url">
                        <a href="https://shmck.substack.com/p/no-dogs-were-harmed-in-the-making">
                            Link
                        </a>
                    </td>
                </tr>
                <tr>
                    <td class="post-score">
                        417
                    </td>
                    <td class="post-title">
                        Bringing garbage collected programming languages efficiently to WebAssembly
                    </td>
                    <td class="post-type">
                        story
                    </td>
                    <td class="post-time">
                        2023 Nov 03 06:50
                    </td>
                    <td class="post-url">
                        <a href="https://v8.dev/blog/wasm-gc-porting">
                            Link
                        </a>
                    </td>
                </tr>
                <tr>
                    <td class="post-score">
                        225
                    </td>
                    <td class="post-title">
                        Wooden Game Boy
                    </td>
                    <td class="post-type">
                        story
                    </td>
                    <td class="post-time">
                        2023 Nov 03 21:32
                    </td>
                    <td class="post-url">
                        <a href="https://there.oughta.be/a/wooden-game-boy">
                            Link
                        </a>
                    </td>
                </tr>
                <tr>
                    <td class="post-score">
                        80
                    </td>
                    <td class="post-title">
                        The Apple II Circuit Description (1983)
                    </td>
                    <td class="post-type">
                        story
                    </td>
                    <td class="post-time">
                        2023 Nov 02 14:58
                    </td>
                    <td class="post-url">
                        <a href="https://archive.org/details/taiicd">
                            Link
                        </a>
                    </td>
                </tr>
                <tr>
                    <td class="post-score">
                        304
                    </td>
                    <td class="post-title">
                        Bevy 0.12
                    </td>
                    <td class="post-type">
                        story
                    </td>
                    <td class="post-time">
                        2023 Nov 04 19:39
                    </td>
                    <td class="post-url">
                        <a href="https://bevyengine.org/news/bevy-0-12/">
                            Link
                        </a>
                    </td>
                </tr>
                <tr>
                    <td class="post-score">
                        203
                    </td>
                    <td class="post-title">
                        Telling GPT-4 you're scared or under pressure improves performance
                    </td>
                    <td class="post-type">
                        story
                    </td>
                    <td class="post-time">
                        2023 Nov 04 00:40
                    </td>
                    <td class="post-url">
                        <a href="https://aimodels.substack.com/p/telling-gpt-4-youre-scared-or-under">
                            Link
                        </a>
                    </td>
                </tr>
                <tr>
                    <td class="post-score">
                        1952
                    </td>
                    <td class="post-title">
                        Sam Bankman-Fried Convicted
                    </td>
                    <td class="post-type">
                        story
                    </td>
                    <td class="post-time">
                        2023 Nov 02 23:49
                    </td>
                    <td class="post-url">
                        <a href="https://www.nytimes.com/live/2023/11/02/business/sam-bankman-fried-trial">
                            Link
                        </a>
                    </td>
                </tr>
                <tr>
                    <td class="post-score">
                        188
                    </td>
                    <td class="post-title">
                        Surround sound test files for every audio format
                    </td>
                    <td class="post-type">
                        story
                    </td>
                    <td class="post-time">
                        2023 Nov 03 22:21
                    </td>
                    <td class="post-url">
                        <a href="https://drive.google.com/drive/folders/1JxmeedtAtgmoafXv9rroiDOS2vEX7N4b">
                            Link
                        </a>
                    </td>
                </tr>
                <tr>
                    <td class="post-score">
                        128
                    </td>
                    <td class="post-title">
                        Tesla strike widens as Swedish union expands blockade
                    </td>
                    <td class="post-type">
                        story
                    </td>
                    <td class="post-time">
                        2023 Nov 04 23:30
                    </td>
                    <td class="post-url">
                        <a href="https://www.thelocal.se/20231103/tesla-strike-widens-as-swedish-union-expands-blockade">
                            Link
                        </a>
                    </td>
                </tr>
                <tr>
                    <td class="post-score">
                        15
                    </td>
                    <td class="post-title">
                        R─ühui and the Art of Marine Conservation
                    </td>
                    <td class="post-type">
                        story
                    </td>
                    <td class="post-time">
                        2023 Nov 04 03:03
                    </td>
                    <td class="post-url">
                        <a href="https://hakaimagazine.com/features/rahui-and-the-art-of-marine-conservation/">
                            Link
                        </a>
                    </td>
                </tr>
                <tr>
                    <td class="post-score">
                        81
                    </td>
                    <td class="post-title">
                        Large-scale violence in Late Neolithic Western Europe based on skeletal evidence
                    </td>
                    <td class="post-type">
                        story
                    </td>
                    <td class="post-time">
                        2023 Nov 04 02:56
                    </td>
                    <td class="post-url">
                        <a href="https://www.nature.com/articles/s41598-023-43026-9">
                            Link
                        </a>
                    </td>
                </tr>
                <tr>
                    <td class="post-score">
                        224
                    </td>
                    <td class="post-title">
                        First observation of a virus attaching to another virus
                    </td>
                    <td class="post-type">
                        story
                    </td>
                    <td class="post-time">
                        2023 Nov 03 12:47
                    </td>
                    <td class="post-url">
                        <a href="https://umbc.edu/stories/first-observed-virus-attaching-to-another/">
                            Link
                        </a>
                    </td>
                </tr>
                <tr>
                    <td class="post-score">
                        185
                    </td>
                    <td class="post-title">
                        KDE desktop cube effect returns
                    </td>
                    <td class="post-type">
                        story
                    </td>
                    <td class="post-time">
                        2023 Nov 04 14:13
                    </td>
                    <td class="post-url">
                        <a href="https://www.phoronix.com/news/KDE-Wayland-Color-Mgmt">
                            Link
                        </a>
                    </td>
                </tr>
                <tr>
                    <td class="post-score">
                        49
                    </td>
                    <td class="post-title">
                        Searching for hidden silicon art on a microchip
                    </td>
                    <td class="post-type">
                        story
                    </td>
                    <td class="post-time">
                        2023 Nov 04 16:48
                    </td>
                    <td class="post-url">
                        <a href="https://twitter.com/microscopicture/status/1720837951238636018">
                            Link
                        </a>
                    </td>
                </tr>
                <tr>
                    <td class="post-score">
                        19
                    </td>
                    <td class="post-title">
                        U.S. cities consider banning "right on red" laws amid rise in pedestrian deaths
                    </td>
                    <td class="post-type">
                        story
                    </td>
                    <td class="post-time">
                        2023 Nov 04 23:45
                    </td>
                    <td class="post-url">
                        <a href="https://www.cbsnews.com/news/pedestrian-deaths-right-on-red-ban/">
                            Link
                        </a>
                    </td>
                </tr>
                <tr>
                    <td class="post-score">
                        195
                    </td>
                    <td class="post-title">
                        Paste without formatting on macOS
                    </td>
                    <td class="post-type">
                        story
                    </td>
                    <td class="post-time">
                        2023 Nov 04 14:31
                    </td>
                    <td class="post-url">
                        <a href="https://scottswezey.com/always-paste-without-formatting-macos/">
                            Link
                        </a>
                    </td>
                </tr>
                <tr>
                    <td class="post-score">
                        1187
                    </td>
                    <td class="post-title">
                        Cosmopolitan Third Edition
                    </td>
                    <td class="post-type">
                        story
                    </td>
                    <td class="post-time">
                        2023 Nov 01 17:25
                    </td>
                    <td class="post-url">
                        <a href="https://justine.lol/cosmo3/">
                            Link
                        </a>
                    </td>
                </tr>
                <tr>
                    <td class="post-score">
                        126
                    </td>
                    <td class="post-title">
                        Bibi-binary
                    </td>
                    <td class="post-type">
                        story
                    </td>
                    <td class="post-time">
                        2023 Nov 02 08:55
                    </td>
                    <td class="post-url">
                        <a href="https://en.wikipedia.org/wiki/Bibi-binary">
                            Link
                        </a>
                    </td>
                </tr>
                <tr>
                    <td class="post-score">
                        57
                    </td>
                    <td class="post-title">
                        UK plans to redefine extremism to include undermining the country
                    </td>
                    <td class="post-type">
                        story
                    </td>
                    <td class="post-time">
                        2023 Nov 04 18:57
                    </td>
                    <td class="post-url">
                        <a href="https://www.theguardian.com/uk-news/2023/nov/04/plans-to-redefine-extremism-would-include-undermining-uk-values">
                            Link
                        </a>
                    </td>
                </tr>
                <tr>
                    <td class="post-score">
                        453
                    </td>
                    <td class="post-title">
                        Light can make water evaporate without heat
                    </td>
                    <td class="post-type">
                        story
                    </td>
                    <td class="post-time">
                        2023 Nov 02 17:59
                    </td>
                    <td class="post-url">
                        <a href="https://news.mit.edu/2023/surprising-finding-light-makes-water-evaporate-without-heat-1031">
                            Link
                        </a>
                    </td>
                </tr>
                <tr>
                    <td class="post-score">
                        13
                    </td>
                    <td class="post-title">
                        The Trust Principles
                    </td>
                    <td class="post-type">
                        story
                    </td>
                    <td class="post-time">
                        2023 Nov 04 14:32
                    </td>
                    <td class="post-url">
                        <a href="https://www.thomsonreuters.com/en/about-us/trust-principles.html">
                            Link
                        </a>
                    </td>
                </tr>
                <tr>
                    <td class="post-score">
                        15
                    </td>
                    <td class="post-title">
                        Coding in Public: Help Battle Imposter Syndrome and Inspire Others
                    </td>
                    <td class="post-type">
                        story
                    </td>
                    <td class="post-time">
                        2023 Nov 04 11:58
                    </td>
                    <td class="post-url">
                        <a href="https://www.codingtemple.com/blog/coding-in-public-help-battle-imposter-syndrome-and-inspire-others/">
                            Link
                        </a>
                    </td>
                </tr>
                <tr>
                    <td class="post-score">
                        257
                    </td>
                    <td class="post-title">
                        Software that supports your body should always respect your freedom
                    </td>
                    <td class="post-type">
                        story
                    </td>
                    <td class="post-time">
                        2023 Nov 04 17:26
                    </td>
                    <td class="post-url">
                        <a href="https://www.fsf.org/blogs/community/software-that-supports-your-body-should-always-respect-your-freedom">
                            Link
                        </a>
                    </td>
                </tr>
                <tr>
                    <td class="post-score">
                        117
                    </td>
                    <td class="post-title">
                        Show HN: MicroLua ÔÇô Lua for the RP2040 Microcontroller
                    </td>
                    <td class="post-type">
                        story
                    </td>
                    <td class="post-time">
                        2023 Nov 03 18:45
                    </td>
                    <td class="post-url">
                        <a href="https://github.com/MicroLua/MicroLua">
                            Link
                        </a>
                    </td>
                </tr>
                <tr>
                    <td class="post-score">
                        451
                    </td>
                    <td class="post-title">
                        Post Mortem on Cloudflare Control Plane and Analytics Outage
                    </td>
                    <td class="post-type">
                        story
                    </td>
                    <td class="post-time">
                        2023 Nov 04 06:20
                    </td>
                    <td class="post-url">
                        <a href="https://blog.cloudflare.com/post-mortem-on-cloudflare-control-plane-and-analytics-outage/">
                            Link
                        </a>
                    </td>
                </tr>
                <tr>
                    <td class="post-score">
                        543
                    </td>
                    <td class="post-title">
                        Portugal. The Man ÔÇô Official Website Is a Google Sheets Document
                    </td>
                    <td class="post-type">
                        story
                    </td>
                    <td class="post-time">
                        2023 Nov 03 23:59
                    </td>
                    <td class="post-url">
                        <a href="https://www.portugaltheman.com/?frontpage=true">
                            Link
                        </a>
                    </td>
                </tr>
                <tr>
                    <td class="post-score">
                        212
                    </td>
                    <td class="post-title">
                        M3 Macs: there's more to performance than counting cores
                    </td>
                    <td class="post-type">
                        story
                    </td>
                    <td class="post-time">
                        2023 Nov 03 07:59
                    </td>
                    <td class="post-url">
                        <a href="https://eclecticlight.co/2023/11/03/m3-macs-theres-more-to-performance-than-counting-cores/">
                            Link
                        </a>
                    </td>
                </tr>
                <tr>
                    <td class="post-score">
                        43
                    </td>
                    <td class="post-title">
                        What is a Teddy Roosevelt presidential library doing in North Dakota?
                    </td>
                    <td class="post-type">
                        story
                    </td>
                    <td class="post-time">
                        2023 Nov 03 19:14
                    </td>
                    <td class="post-url">
                        <a href="https://www.nytimes.com/2023/10/27/arts/theodore-roosevelt-presidential-library.html">
                            Link
                        </a>
                    </td>
                </tr>
                <tr>
                    <td class="post-score">
                        5
                    </td>
                    <td class="post-title">
                        You Are Not Late (2014)
                    </td>
                    <td class="post-type">
                        story
                    </td>
                    <td class="post-time">
                        2023 Nov 04 15:26
                    </td>
                    <td class="post-url">
                        <a href="https://kk.org/thetechnium/you-are-not-late/">
                            Link
                        </a>
                    </td>
                </tr>
                <tr>
                    <td class="post-score">
                        156
                    </td>
                    <td class="post-title">
                        Shinzo Abe's Assassination
                    </td>
                    <td class="post-type">
                        story
                    </td>
                    <td class="post-time">
                        2023 Nov 04 13:07
                    </td>
                    <td class="post-url">
                        <a href="https://www.theatlantic.com/magazine/archive/2023/10/shinzo-abe-assassination-japan-unification-church-moonies/675114/">
                            Link
                        </a>
                    </td>
                </tr>
                <tr>
                    <td class="post-score">
                        101
                    </td>
                    <td class="post-title">
                        Sometimes, it is a compiler bug (2022)
                    </td>
                    <td class="post-type">
                        story
                    </td>
                    <td class="post-time">
                        2023 Nov 04 03:46
                    </td>
                    <td class="post-url">
                        <a href="https://quick-lint-js.com/blog/bug-journey/">
                            Link
                        </a>
                    </td>
                </tr>
                <tr>
                    <td class="post-score">
                        154
                    </td>
                    <td class="post-title">
                        Guide to Adopting AV1 Encoding
                    </td>
                    <td class="post-type">
                        story
                    </td>
                    <td class="post-time">
                        2023 Nov 03 15:17
                    </td>
                    <td class="post-url">
                        <a href="https://bitmovin.com/av1/av1-encoding-guide/">
                            Link
                        </a>
                    </td>
                </tr>
                <tr>
                    <td class="post-score">
                        7
                    </td>
                    <td class="post-title">
                        Ask HN: Where do you get your health news?
                    </td>
                    <td class="post-type">
                        story
                    </td>
                    <td class="post-time">
                        2023 Nov 05 00:57
                    </td>
                    <td class="post-url">
                        N/A
                    </td>
                </tr>
                <tr>
                    <td class="post-score">
                        37
                    </td>
                    <td class="post-title">
                        Mass producing the most expensive rice cooker [video]
                    </td>
                    <td class="post-type">
                        story
                    </td>
                    <td class="post-time">
                        2023 Nov 04 16:33
                    </td>
                    <td class="post-url">
                        <a href="https://www.youtube.com/watch?v=xLCwr8qG1p4">
                            Link
                        </a>
                    </td>
                </tr>
                <tr>
                    <td class="post-score">
                        32
                    </td>
                    <td class="post-title">
                        Codec Royalties on Content and the Jaws Moment
                    </td>
                    <td class="post-type">
                        story
                    </td>
                    <td class="post-time">
                        2023 Nov 03 21:07
                    </td>
                    <td class="post-url">
                        <a href="https://streaminglearningcenter.com/codecs/codec-royalties-on-content.html">
                            Link
                        </a>
                    </td>
                </tr>
                <tr>
                    <td class="post-score">
                        139
                    </td>
                    <td class="post-title">
                        Louis Armstrong's Last Word
                    </td>
                    <td class="post-type">
                        story
                    </td>
                    <td class="post-time">
                        2023 Nov 02 20:16
                    </td>
                    <td class="post-url">
                        <a href="https://www.thenation.com/article/culture/louis-armstrong-archive/">
                            Link
                        </a>
                    </td>
                </tr>
                <tr>
                    <td class="post-score">
                        111
                    </td>
                    <td class="post-title">
                        The Sega Hitachi HiSaturn Navi Console
                    </td>
                    <td class="post-type">
                        story
                    </td>
                    <td class="post-time">
                        2023 Nov 03 22:43
                    </td>
                    <td class="post-url">
                        <a href="https://nfggames.com/games/hisaturn/">
                            Link
                        </a>
                    </td>
                </tr>
                <tr>
                    <td class="post-score">
                        124
                    </td>
                    <td class="post-title">
                        My experience taking Tesla to court about FSD
                    </td>
                    <td class="post-type">
                        story
                    </td>
                    <td class="post-time">
                        2023 Nov 05 00:23
                    </td>
                    <td class="post-url">
                        <a href="https://teslamotorsclub.com/tmc/threads/my-experience-taking-tesla-to-court-about-fsd.315086/">
                            Link
                        </a>
                    </td>
                </tr>
                <tr>
                    <td class="post-score">
                        179
                    </td>
                    <td class="post-title">
                        Pix2tex: Using a ViT to convert images of equations into LaTeX code
                    </td>
                    <td class="post-type">
                        story
                    </td>
                    <td class="post-time">
                        2023 Nov 03 10:17
                    </td>
                    <td class="post-url">
                        <a href="https://github.com/lukas-blecher/LaTeX-OCR">
                            Link
                        </a>
                    </td>
                </tr>
                <tr>
                    <td class="post-score">
                        470
                    </td>
                    <td class="post-title">
                        Talk-Llama
                    </td>
                    <td class="post-type">
                        story
                    </td>
                    <td class="post-time">
                        2023 Nov 02 07:32
                    </td>
                    <td class="post-url">
                        <a href="https://github.com/ggerganov/whisper.cpp/tree/master/examples/talk-llama">
                            Link
                        </a>
                    </td>
                </tr>
                <tr>
                    <td class="post-score">
                        145
                    </td>
                    <td class="post-title">
                        Cooperative C++ Evolution ÔÇô Toward a TypeScript for C++
                    </td>
                    <td class="post-type">
                        story
                    </td>
                    <td class="post-time">
                        2023 Nov 04 13:30
                    </td>
                    <td class="post-url">
                        <a href="https://herbsutter.com/2023/10/09/my-new-cppcon-talk-is-on-youtube-cooperative-c-evolution-toward-a-typescript-for-c/">
                            Link
                        </a>
                    </td>
                </tr>
                <tr>
                    <td class="post-score">
                        35
                    </td>
                    <td class="post-title">
                        The StahlDream
                    </td>
                    <td class="post-type">
                        story
                    </td>
                    <td class="post-time">
                        2023 Nov 04 01:18
                    </td>
                    <td class="post-url">
                        <a href="https://remexre.com/stahl/dream">
                            Link
                        </a>
                    </td>
                </tr>
                <tr>
                    <td class="post-score">
                        112
                    </td>
                    <td class="post-title">
                        Frink is a programming language designed to make physical calculations simple
                    </td>
                    <td class="post-type">
                        story
                    </td>
                    <td class="post-time">
                        2023 Nov 03 06:36
                    </td>
                    <td class="post-url">
                        <a href="https://frinklang.org/">
                            Link
                        </a>
                    </td>
                </tr>
                <tr>
                    <td class="post-score">
                        38
                    </td>
                    <td class="post-title">
                        SBF Is Headed to Prison but FTX Will Haunt the Crypto Community for Years
                    </td>
                    <td class="post-type">
                        story
                    </td>
                    <td class="post-time">
                        2023 Nov 05 01:59
                    </td>
                    <td class="post-url">
                        <a href="https://gizmodo.com/ftx-fbi-sam-bankman-fried-cryptocurrency-data-1850990825">
                            Link
                        </a>
                    </td>
                </tr>
                <tr>
                    <td class="post-score">
                        59
                    </td>
                    <td class="post-title">
                        Yorick is an interpreted programming language for scientific simulations
                    </td>
                    <td class="post-type">
                        story
                    </td>
                    <td class="post-time">
                        2023 Nov 03 21:00
                    </td>
                    <td class="post-url">
                        <a href="https://yorick.sourceforge.net/">
                            Link
                        </a>
                    </td>
                </tr>
                <tr>
                    <td class="post-score">
                        149
                    </td>
                    <td class="post-title">
                        Starfish bodies arenÔÇÖt bodies at all, study finds
                    </td>
                    <td class="post-type">
                        story
                    </td>
                    <td class="post-time">
                        2023 Nov 04 13:54
                    </td>
                    <td class="post-url">
                        <a href="https://www.cnn.com/2023/11/02/world/starfish-head-body-plan-scn/index.html">
                            Link
                        </a>
                    </td>
                </tr>
                <tr>
                    <td class="post-score">
                        7
                    </td>
                    <td class="post-title">
                        SFML 2.6.1
                    </td>
                    <td class="post-type">
                        story
                    </td>
                    <td class="post-time">
                        2023 Nov 04 21:24
                    </td>
                    <td class="post-url">
                        <a href="https://github.com/SFML/SFML/releases/tag/2.6.1">
                            Link
                        </a>
                    </td>
                </tr>
                <tr>
                    <td class="post-score">
                        21
                    </td>
                    <td class="post-title">
                        Running Mod_Perl with Mojolicious in Docker
                    </td>
                    <td class="post-type">
                        story
                    </td>
                    <td class="post-time">
                        2023 Nov 03 23:02
                    </td>
                    <td class="post-url">
                        <a href="https://rawley.xyz/docker-mod-perl.html">
                            Link
                        </a>
                    </td>
                </tr>
                <tr>
                    <td class="post-score">
                        67
                    </td>
                    <td class="post-title">
                        The Great Inflation
                    </td>
                    <td class="post-type">
                        story
                    </td>
                    <td class="post-time">
                        2023 Nov 04 14:42
                    </td>
                    <td class="post-url">
                        <a href="https://www.federalreservehistory.org/essays/great-inflation">
                            Link
                        </a>
                    </td>
                </tr>
                <tr>
                    <td class="post-score">
                        174
                    </td>
                    <td class="post-title">
                        MetNet-3: A state-of-the-art neural weather model
                    </td>
                    <td class="post-type">
                        story
                    </td>
                    <td class="post-time">
                        2023 Nov 03 00:34
                    </td>
                    <td class="post-url">
                        <a href="https://blog.research.google/2023/11/metnet-3-state-of-art-neural-weather.html?m=1">
                            Link
                        </a>
                    </td>
                </tr>
                <tr>
                    <td class="post-score">
                        264
                    </td>
                    <td class="post-title">
                        From S3 to R2: An economic opportunity
                    </td>
                    <td class="post-type">
                        story
                    </td>
                    <td class="post-time">
                        2023 Nov 02 19:15
                    </td>
                    <td class="post-url">
                        <a href="https://dansdatathoughts.substack.com/p/from-s3-to-r2-an-economic-opportunity">
                            Link
                        </a>
                    </td>
                </tr>
                <tr>
                    <td class="post-score">
                        481
                    </td>
                    <td class="post-title">
                        Ask HN: Who is hiring? (November 2023)
                    </td>
                    <td class="post-type">
                        story
                    </td>
                    <td class="post-time">
                        2023 Nov 01 15:00
                    </td>
                    <td class="post-url">
                        N/A
                    </td>
                </tr>
                <tr>
                    <td class="post-score">
                        208
                    </td>
                    <td class="post-title">
                        Course using F#: Write your own tiny programming system(s)
                    </td>
                    <td class="post-type">
                        story
                    </td>
                    <td class="post-time">
                        2023 Nov 02 21:41
                    </td>
                    <td class="post-url">
                        <a href="https://d3s.mff.cuni.cz/teaching/nprg077/">
                            Link
                        </a>
                    </td>
                </tr>
                <tr>
                    <td class="post-score">
                        11
                    </td>
                    <td class="post-title">
                        Astra, low on cash, defaults on loan
                    </td>
                    <td class="post-type">
                        story
                    </td>
                    <td class="post-time">
                        2023 Nov 04 20:16
                    </td>
                    <td class="post-url">
                        <a href="https://spacenews.com/astra-low-on-cash-defaults-on-loan/">
                            Link
                        </a>
                    </td>
                </tr>
                <tr>
                    <td class="post-score">
                        204
                    </td>
                    <td class="post-title">
                        Maersk to cut 10k jobs as shipping demand drops
                    </td>
                    <td class="post-type">
                        story
                    </td>
                    <td class="post-time">
                        2023 Nov 04 04:39
                    </td>
                    <td class="post-url">
                        <a href="https://www.reuters.com/business/shipping-giant-maersk-q3-above-expectation-sees-fy-lower-end-range-2023-11-03/">
                            Link
                        </a>
                    </td>
                </tr>
                <tr>
                    <td class="post-score">
                        52
                    </td>
                    <td class="post-title">
                        Welcome to the New GamersNexus Website v5.0: A Message
                    </td>
                    <td class="post-type">
                        story
                    </td>
                    <td class="post-time">
                        2023 Nov 04 21:16
                    </td>
                    <td class="post-url">
                        <a href="https://gamersnexus.net/gn-extras/welcome-new-gamersnexus-website-v50-message">
                            Link
                        </a>
                    </td>
                </tr>
                <tr>
                    <td class="post-score">
                        252
                    </td>
                    <td class="post-title">
                        How to stop adulterated turmeric from killing people
                    </td>
                    <td class="post-type">
                        story
                    </td>
                    <td class="post-time">
                        2023 Nov 04 07:59
                    </td>
                    <td class="post-url">
                        <a href="https://www.economist.com/leaders/2023/11/02/how-to-stop-turmeric-from-killing-people">
                            Link
                        </a>
                    </td>
                </tr>
                <tr>
                    <td class="post-score">
                        38
                    </td>
                    <td class="post-title">
                        The Miracle of Photography
                    </td>
                    <td class="post-type">
                        story
                    </td>
                    <td class="post-time">
                        2023 Nov 03 17:46
                    </td>
                    <td class="post-url">
                        <a href="https://themillions.com/2023/11/the-miracle-of-photography.html">
                            Link
                        </a>
                    </td>
                </tr>
                <tr>
                    <td class="post-score">
                        71
                    </td>
                    <td class="post-title">
                        Edison Bulb Night Mode
                    </td>
                    <td class="post-type">
                        story
                    </td>
                    <td class="post-time">
                        2023 Nov 03 22:29
                    </td>
                    <td class="post-url">
                        <a href="https://www.petemillspaugh.com/edison-bulb">
                            Link
                        </a>
                    </td>
                </tr>
                <tr>
                    <td class="post-score">
                        155
                    </td>
                    <td class="post-title">
                        RegEx Crossword (2013)
                    </td>
                    <td class="post-type">
                        story
                    </td>
                    <td class="post-time">
                        2023 Nov 02 10:30
                    </td>
                    <td class="post-url">
                        <a href="https://jimbly.github.io/regex-crossword/">
                            Link
                        </a>
                    </td>
                </tr>
                <tr>
                    <td class="post-score">
                        65
                    </td>
                    <td class="post-title">
                        CPU-Z's Inadequate Benchmark
                    </td>
                    <td class="post-type">
                        story
                    </td>
                    <td class="post-time">
                        2023 Nov 04 00:27
                    </td>
                    <td class="post-url">
                        <a href="https://chipsandcheese.com/2023/11/03/cpu-zs-inadequate-benchmark/">
                            Link
                        </a>
                    </td>
                </tr>
                <tr>
                    <td class="post-score">
                        29
                    </td>
                    <td class="post-title">
                        DEA Launches Crack Down on San Francisco Fentanyl Dealing
                    </td>
                    <td class="post-type">
                        story
                    </td>
                    <td class="post-time">
                        2023 Nov 04 23:44
                    </td>
                    <td class="post-url">
                        <a href="https://abc7news.com/sf-fentanyl-drug-dealers-all-hands-of-deck-operation-sfpd/14006658/">
                            Link
                        </a>
                    </td>
                </tr>
                <tr>
                    <td class="post-score">
                        205
                    </td>
                    <td class="post-title">
                        Uranium demand hits decade high as nuclear renaissance gains traction
                    </td>
                    <td class="post-type">
                        story
                    </td>
                    <td class="post-time">
                        2023 Nov 04 00:11
                    </td>
                    <td class="post-url">
                        <a href="https://oilprice.com/The-Environment/Global-Warming/Uranium-Demand-Hits-Decade-High-As-Nuclear-Renaissance-Gains-Traction.html">
                            Link
                        </a>
                    </td>
                </tr>
                <tr>
                    <td class="post-score">
                        56
                    </td>
                    <td class="post-title">
                        Accelerating digital block design with Google's open source Mid-Level Synthesis
                    </td>
                    <td class="post-type">
                        story
                    </td>
                    <td class="post-time">
                        2023 Nov 03 19:53
                    </td>
                    <td class="post-url">
                        <a href="https://antmicro.com/blog/2023/09/accelerating-digital-block-design-with-googles-xls/">
                            Link
                        </a>
                    </td>
                </tr>
                <tr>
                    <td class="post-score">
                        26
                    </td>
                    <td class="post-title">
                        Show HN: Cami.js ÔÇô A No Build, Web Component Based Reactive Framework
                    </td>
                    <td class="post-type">
                        story
                    </td>
                    <td class="post-time">
                        2023 Nov 04 18:33
                    </td>
                    <td class="post-url">
                        <a href="https://github.com/kennyfrc/cami.js">
                            Link
                        </a>
                    </td>
                </tr>
                <tr>
                    <td class="post-score">
                        177
                    </td>
                    <td class="post-title">
                        Why You Should Write Your Own Static Site Generator
                    </td>
                    <td class="post-type">
                        story
                    </td>
                    <td class="post-time">
                        2023 Nov 03 09:10
                    </td>
                    <td class="post-url">
                        <a href="https://arne.me/articles/write-your-own-ssg">
                            Link
                        </a>
                    </td>
                </tr>
                <tr>
                    <td class="post-score">
                        12
                    </td>
                    <td class="post-title">
                        GiNaC: Open framework for symbolic computation within C++ programming language
                    </td>
                    <td class="post-type">
                        story
                    </td>
                    <td class="post-time">
                        2023 Nov 04 03:25
                    </td>
                    <td class="post-url">
                        <a href="https://www.ginac.de/tutorial/">
                            Link
                        </a>
                    </td>
                </tr>
                <tr>
                    <td class="post-score">
                        39
                    </td>
                    <td class="post-title">
                        Liblinux ÔÇô architecture-independent access to Linux system calls
                    </td>
                    <td class="post-type">
                        story
                    </td>
                    <td class="post-time">
                        2023 Nov 03 08:47
                    </td>
                    <td class="post-url">
                        <a href="https://github.com/matheusmoreira/liblinux">
                            Link
                        </a>
                    </td>
                </tr>
                <tr>
                    <td class="post-score">
                        111
                    </td>
                    <td class="post-title">
                        Enable ARMv9 Memory Tagging Extension (MTE) on Pixel 8
                    </td>
                    <td class="post-type">
                        story
                    </td>
                    <td class="post-time">
                        2023 Nov 03 06:55
                    </td>
                    <td class="post-url">
                        <a href="https://outflux.net/blog/archives/2023/10/26/enable-mte-on-pixel-8/">
                            Link
                        </a>
                    </td>
                </tr>
                <tr>
                    <td class="post-score">
                        56
                    </td>
                    <td class="post-title">
                        Why is RC Cola popular in Tajikistan?
                    </td>
                    <td class="post-type">
                        story
                    </td>
                    <td class="post-time">
                        2023 Nov 03 20:07
                    </td>
                    <td class="post-url">
                        <a href="https://www.snackstack.net/p/why-is-rc-cola-popular-in-tajikistan">
                            Link
                        </a>
                    </td>
                </tr>
                <tr>
                    <td class="post-score">
                        7
                    </td>
                    <td class="post-title">
                        Show HN: I started building yet another CSS framework
                    </td>
                    <td class="post-type">
                        story
                    </td>
                    <td class="post-time">
                        2023 Nov 04 08:55
                    </td>
                    <td class="post-url">
                        <a href="https://eternityforest.github.io/barrel.css/">
                            Link
                        </a>
                    </td>
                </tr>
                <tr>
                    <td class="post-score">
                        85
                    </td>
                    <td class="post-title">
                        How to help someone use a computer (1996)
                    </td>
                    <td class="post-type">
                        story
                    </td>
                    <td class="post-time">
                        2023 Nov 03 08:46
                    </td>
                    <td class="post-url">
                        <a href="https://pages.gseis.ucla.edu/faculty/agre/how-to-help.html">
                            Link
                        </a>
                    </td>
                </tr>
                <tr>
                    <td class="post-score">
                        193
                    </td>
                    <td class="post-title">
                        Is there anywhere in the world someone can just live for free?
                    </td>
                    <td class="post-type">
                        story
                    </td>
                    <td class="post-time">
                        2023 Nov 04 08:57
                    </td>
                    <td class="post-url">
                        <a href="https://reddit.com/r/NoStupidQuestions/comments/17mvukd/is_there_anywhere_in_the_world_someone_can_just/">
                            Link
                        </a>
                    </td>
                </tr>
                <tr>
                    <td class="post-score">
                        84
                    </td>
                    <td class="post-title">
                        First Handset with MTE on the Market
                    </td>
                    <td class="post-type">
                        story
                    </td>
                    <td class="post-time">
                        2023 Nov 03 22:03
                    </td>
                    <td class="post-url">
                        <a href="https://googleprojectzero.blogspot.com/2023/11/first-handset-with-mte-on-market.html">
                            Link
                        </a>
                    </td>
                </tr>
                <tr>
                    <td class="post-score">
                        59
                    </td>
                    <td class="post-title">
                        Cats Make Nearly 300 Different Facial Expressions
                    </td>
                    <td class="post-type">
                        story
                    </td>
                    <td class="post-time">
                        2023 Nov 04 21:38
                    </td>
                    <td class="post-url">
                        <a href="https://www.smithsonianmag.com/smart-news/cats-make-nearly-300-different-facial-expressions-180983185/">
                            Link
                        </a>
                    </td>
                </tr>
                <tr>
                    <td class="post-score">
                        147
                    </td>
                    <td class="post-title">
                        Email.radio ÔÇô Free Email Domain for Licensed Ham Radio Operators
                    </td>
                    <td class="post-type">
                        story
                    </td>
                    <td class="post-time">
                        2023 Nov 03 02:10
                    </td>
                    <td class="post-url">
                        <a href="https://email.radio/">
                            Link
                        </a>
                    </td>
                </tr>
                <tr>
                    <td class="post-score">
                        666
                    </td>
                    <td class="post-title">
                        macOS Sonoma Boot Failures
                    </td>
                    <td class="post-type">
                        story
                    </td>
                    <td class="post-time">
                        2023 Oct 31 18:33
                    </td>
                    <td class="post-url">
                        <a href="https://github.com/AsahiLinux/docs/wiki/macOS-Sonoma-Boot-Failures">
                            Link
                        </a>
                    </td>
                </tr>
                <tr>
                    <td class="post-score">
                        98
                    </td>
                    <td class="post-title">
                        Telnet BBS Guide
                    </td>
                    <td class="post-type">
                        story
                    </td>
                    <td class="post-time">
                        2023 Nov 03 23:29
                    </td>
                    <td class="post-url">
                        <a href="https://www.telnetbbsguide.com/">
                            Link
                        </a>
                    </td>
                </tr>
                <tr>
                    <td class="post-score">
                        69
                    </td>
                    <td class="post-title">
                        Discord will switch to temporary file links to block malware delivery
                    </td>
                    <td class="post-type">
                        story
                    </td>
                    <td class="post-time">
                        2023 Nov 04 19:11
                    </td>
                    <td class="post-url">
                        <a href="https://www.bleepingcomputer.com/news/security/discord-will-switch-to-temporary-file-links-to-block-malware-delivery/">
                            Link
                        </a>
                    </td>
                </tr>
                <tr>
                    <td class="post-score">
                        201
                    </td>
                    <td class="post-title">
                        Podman Desktop v1.5 with Compose onboarding and enhanced Kubernetes pod data
                    </td>
                    <td class="post-type">
                        story
                    </td>
                    <td class="post-time">
                        2023 Nov 03 19:39
                    </td>
                    <td class="post-url">
                        <a href="https://podman-desktop.io/blog/podman-desktop-release-1.5">
                            Link
                        </a>
                    </td>
                </tr>
                <tr>
                    <td class="post-score">
                        199
                    </td>
                    <td class="post-title">
                        Okta hit by third-party breach, stealing employee data
                    </td>
                    <td class="post-type">
                        story
                    </td>
                    <td class="post-time">
                        2023 Nov 03 16:15
                    </td>
                    <td class="post-url">
                        <a href="https://arstechnica.com/security/2023/11/okta-hit-by-another-breach-this-one-stealing-employee-data-from-3rd-party-vendor/">
                            Link
                        </a>
                    </td>
                </tr>
                <tr>
                    <td class="post-score">
                        124
                    </td>
                    <td class="post-title">
                        If you plant milkweed, they will come
                    </td>
                    <td class="post-type">
                        story
                    </td>
                    <td class="post-time">
                        2023 Nov 03 00:21
                    </td>
                    <td class="post-url">
                        <a href="https://www.nytimes.com/2023/10/25/realestate/gardening-milkweed-plants-butterflies.html">
                            Link
                        </a>
                    </td>
                </tr>
                <tr>
                    <td class="post-score">
                        31
                    </td>
                    <td class="post-title">
                        Things I like about Zig as a Go Programmer
                    </td>
                    <td class="post-type">
                        story
                    </td>
                    <td class="post-time">
                        2023 Nov 04 16:38
                    </td>
                    <td class="post-url">
                        <a href="https://medium.com/@vladimirvivien/things-i-like-about-zig-as-a-go-programmer-75eb02aab00f">
                            Link
                        </a>
                    </td>
                </tr>
                <tr>
                    <td class="post-score">
                        9
                    </td>
                    <td class="post-title">
                        Upgrading my Chumby 8 kernel part 7: touchscreen
                    </td>
                    <td class="post-type">
                        story
                    </td>
                    <td class="post-time">
                        2023 Nov 03 23:57
                    </td>
                    <td class="post-url">
                        <a href="https://www.downtowndougbrown.com/2023/11/upgrading-my-chumby-8-kernel-part-7-touchscreen/">
                            Link
                        </a>
                    </td>
                </tr>
                <tr>
                    <td class="post-score">
                        114
                    </td>
                    <td class="post-title">
                        Embracing community helps us live longer, and be happier (2017)
                    </td>
                    <td class="post-type">
                        story
                    </td>
                    <td class="post-time">
                        2023 Nov 03 19:58
                    </td>
                    <td class="post-url">
                        <a href="https://news.harvard.edu/gazette/story/2017/04/over-nearly-80-years-harvard-study-has-been-showing-how-to-live-a-healthy-and-happy-life/">
                            Link
                        </a>
                    </td>
                </tr>
                <tr>
                    <td class="post-score">
                        221
                    </td>
                    <td class="post-title">
                        Joint statement of scientists and NGOs on the EUÔÇÖs proposed eIDAS reform
                    </td>
                    <td class="post-type">
                        story
                    </td>
                    <td class="post-time">
                        2023 Nov 03 11:08
                    </td>
                    <td class="post-url">
                        <a href="https://eidas-open-letter.org/">
                            Link
                        </a>
                    </td>
                </tr>
                <tr>
                    <td class="post-score">
                        3
                    </td>
                    <td class="post-title">
                        A guide to home row mods with QMK
                    </td>
                    <td class="post-type">
                        story
                    </td>
                    <td class="post-time">
                        2023 Nov 04 11:21
                    </td>
                    <td class="post-url">
                        <a href="https://precondition.github.io/home-row-mods">
                            Link
                        </a>
                    </td>
                </tr>
                <tr>
                    <td class="post-score">
                        14
                    </td>
                    <td class="post-title">
                        Geospatial Technology Radar 2023
                    </td>
                    <td class="post-type">
                        story
                    </td>
                    <td class="post-time">
                        2023 Nov 03 20:03
                    </td>
                    <td class="post-url">
                        <a href="https://element84.com/geospatial-tech-radar-23">
                            Link
                        </a>
                    </td>
                </tr>
                <tr>
                    <td class="post-score">
                        49
                    </td>
                    <td class="post-title">
                        HBO CEO Confesses to Trolling Critics with Fake Tweets: Rolling Stone
                    </td>
                    <td class="post-type">
                        story
                    </td>
                    <td class="post-time">
                        2023 Nov 04 06:19
                    </td>
                    <td class="post-url">
                        <a href="https://www.rollingstone.com/tv-movies/tv-movie-news/hbo-ceo-casey-bloys-confesses-trolling-critics-fake-twitter-accounts-dumb-idea-1234868710/">
                            Link
                        </a>
                    </td>
                </tr>
                <tr>
                    <td class="post-score">
                        124
                    </td>
                    <td class="post-title">
                        Ken Mattingly, astronaut scrubbed from Apollo 13, has died
                    </td>
                    <td class="post-type">
                        story
                    </td>
                    <td class="post-time">
                        2023 Nov 03 05:48
                    </td>
                    <td class="post-url">
                        <a href="https://www.nytimes.com/2023/11/02/science/space/ken-mattingly-dead.html">
                            Link
                        </a>
                    </td>
                </tr>
                <tr>
                    <td class="post-score">
                        146
                    </td>
                    <td class="post-title">
                        How big data carried graph theory into new dimensions
                    </td>
                    <td class="post-type">
                        story
                    </td>
                    <td class="post-time">
                        2023 Nov 02 21:33
                    </td>
                    <td class="post-url">
                        <a href="https://www.quantamagazine.org/how-big-data-carried-graph-theory-into-new-dimensions-20210819/">
                            Link
                        </a>
                    </td>
                </tr>
                <tr>
                    <td class="post-score">
                        235
                    </td>
                    <td class="post-title">
                        Lemming Suicide Myth: Disney Film Faked Bogus Behavior
                    </td>
                    <td class="post-type">
                        story
                    </td>
                    <td class="post-time">
                        2023 Nov 01 22:47
                    </td>
                    <td class="post-url">
                        <a href="https://www.adfg.alaska.gov/index.cfm?adfg=wildlifenews.view_article&articles_id=56">
                            Link
                        </a>
                    </td>
                </tr>
                <tr>
                    <td class="post-score">
                        22
                    </td>
                    <td class="post-title">
                        The Future of RSS Is Textcasting
                    </td>
                    <td class="post-type">
                        story
                    </td>
                    <td class="post-time">
                        2023 Nov 03 19:11
                    </td>
                    <td class="post-url">
                        <a href="https://kottke.org/23/11/the-future-of-rss-is-textcasting-1">
                            Link
                        </a>
                    </td>
                </tr>
                <tr>
                    <td class="post-score">
                        113
                    </td>
                    <td class="post-title">
                        Auto industry executives admit electric vehicle plans are in jeopardy
                    </td>
                    <td class="post-type">
                        story
                    </td>
                    <td class="post-time">
                        2023 Nov 02 22:26
                    </td>
                    <td class="post-url">
                        <a href="https://www.businessinsider.com/auto-executives-coming-clean-evs-arent-working-2023-10">
                            Link
                        </a>
                    </td>
                </tr>
                <tr>
                    <td class="post-score">
                        591
                    </td>
                    <td class="post-title">
                        Confusing Git Terminology
                    </td>
                    <td class="post-type">
                        story
                    </td>
                    <td class="post-time">
                        2023 Nov 02 13:05
                    </td>
                    <td class="post-url">
                        <a href="https://jvns.ca/blog/2023/11/01/confusing-git-terminology/">
                            Link
                        </a>
                    </td>
                </tr>
                <tr>
                    <td class="post-score">
                        645
                    </td>
                    <td class="post-title">
                        Copying Angry Birds with nothing but AI
                    </td>
                    <td class="post-type">
                        story
                    </td>
                    <td class="post-time">
                        2023 Oct 31 18:27
                    </td>
                    <td class="post-url">
                        <a href="https://twitter.com/javilopen/status/1719363262179938401">
                            Link
                        </a>
                    </td>
                </tr>
                <tr>
                    <td class="post-score">
                        146
                    </td>
                    <td class="post-title">
                        Hyphens, minus, and dashes in Debian man pages
                    </td>
                    <td class="post-type">
                        story
                    </td>
                    <td class="post-time">
                        2023 Nov 02 23:13
                    </td>
                    <td class="post-url">
                        <a href="https://lwn.net/Articles/947941/">
                            Link
                        </a>
                    </td>
                </tr>
                <tr>
                    <td class="post-score">
                        91
                    </td>
                    <td class="post-title">
                        The Anthropogenic Salt Cycle
                    </td>
                    <td class="post-type">
                        story
                    </td>
                    <td class="post-time">
                        2023 Nov 03 12:21
                    </td>
                    <td class="post-url">
                        <a href="https://www.nature.com/articles/s43017-023-00485-y">
                            Link
                        </a>
                    </td>
                </tr>
                <tr>
                    <td class="post-score">
                        117
                    </td>
                    <td class="post-title">
                        When to Shut Up: A Visual Guide (With Included Algorithm)
                    </td>
                    <td class="post-type">
                        story
                    </td>
                    <td class="post-time">
                        2023 Nov 04 12:24
                    </td>
                    <td class="post-url">
                        <a href="https://shaungallagher.pressbin.com/blog/shut-up.html">
                            Link
                        </a>
                    </td>
                </tr>
                <tr>
                    <td class="post-score">
                        297
                    </td>
                    <td class="post-title">
                        macOS Sonoma Broke Grep
                    </td>
                    <td class="post-type">
                        story
                    </td>
                    <td class="post-time">
                        2023 Nov 01 20:24
                    </td>
                    <td class="post-url">
                        <a href="https://developer.apple.com/forums/thread/738862">
                            Link
                        </a>
                    </td>
                </tr>
                <tr>
                    <td class="post-score">
                        335
                    </td>
                    <td class="post-title">
                        How Bear does analytics with CSS
                    </td>
                    <td class="post-type">
                        story
                    </td>
                    <td class="post-time">
                        2023 Nov 01 08:08
                    </td>
                    <td class="post-url">
                        <a href="https://herman.bearblog.dev/how-bear-does-analytics-with-css/">
                            Link
                        </a>
                    </td>
                </tr>
                <tr>
                    <td class="post-score">
                        87
                    </td>
                    <td class="post-title">
                        Everything We Know About 1970s Mainframe RPGs We Can No Longer Play
                    </td>
                    <td class="post-type">
                        story
                    </td>
                    <td class="post-time">
                        2023 Nov 02 22:31
                    </td>
                    <td class="post-url">
                        <a href="http://crpgaddict.blogspot.com/2021/06/brief-everything-we-know-about-1970s.html">
                            Link
                        </a>
                    </td>
                </tr>
                <tr>
                    <td class="post-score">
                        200
                    </td>
                    <td class="post-title">
                        The business of extracting knowledge from academic publications
                    </td>
                    <td class="post-type">
                        story
                    </td>
                    <td class="post-time">
                        2023 Nov 01 21:52
                    </td>
                    <td class="post-url">
                        <a href="https://www.theseedsofscience.pub/p/the-business-of-extracting-knowledge">
                            Link
                        </a>
                    </td>
                </tr>
                <tr>
                    <td class="post-score">
                        244
                    </td>
                    <td class="post-title">
                        Window-swap ÔÇô open a new window somewhere in the world
                    </td>
                    <td class="post-type">
                        story
                    </td>
                    <td class="post-time">
                        2023 Nov 02 01:16
                    </td>
                    <td class="post-url">
                        <a href="https://www.window-swap.com/">
                            Link
                        </a>
                    </td>
                </tr>
                <tr>
                    <td class="post-score">
                        80
                    </td>
                    <td class="post-title">
                        AMD Unveils Ryzen Mobile 7040U Series with Zen 4c Efficiency Cores
                    </td>
                    <td class="post-type">
                        story
                    </td>
                    <td class="post-time">
                        2023 Nov 03 10:52
                    </td>
                    <td class="post-url">
                        <a href="https://www.anandtech.com/show/21111/amd-unveils-ryzen-7040u-series-with-zen-4c-smaller-cores-bigger-efficiency">
                            Link
                        </a>
                    </td>
                </tr>
                <tr>
                    <td class="post-score">
                        231
                    </td>
                    <td class="post-title">
                        YouTube's plan backfires, people are installing better ad blockers
                    </td>
                    <td class="post-type">
                        story
                    </td>
                    <td class="post-time">
                        2023 Nov 04 03:34
                    </td>
                    <td class="post-url">
                        <a href="https://www.androidauthority.com/youtube-ad-block-installs-3382289/">
                            Link
                        </a>
                    </td>
                </tr>
                <tr>
                    <td class="post-score">
                        56
                    </td>
                    <td class="post-title">
                        A carbohydrate revolution is speeding up pro cycling
                    </td>
                    <td class="post-type">
                        story
                    </td>
                    <td class="post-time">
                        2023 Nov 04 15:56
                    </td>
                    <td class="post-url">
                        <a href="https://velo.outsideonline.com/road/road-training/a-massive-change-how-a-carbohydrate-revolution-is-speeding-up-pro-cycling/">
                            Link
                        </a>
                    </td>
                </tr>
                <tr>
                    <td class="post-score">
                        30
                    </td>
                    <td class="post-title">
                        Intel's CEO Admits to and Details the Company's Three Biggest Mistakes
                    </td>
                    <td class="post-type">
                        story
                    </td>
                    <td class="post-time">
                        2023 Nov 04 07:28
                    </td>
                    <td class="post-url">
                        <a href="https://www.tomshardware.com/pc-components/gpus/intels-ceo-admits-to-and-details-companies-three-biggest-mistakes">
                            Link
                        </a>
                    </td>
                </tr>
                <tr>
                    <td class="post-score">
                        89
                    </td>
                    <td class="post-title">
                        GM's Cruise alleged to rely on human operators to achieve "autonomous" driving
                    </td>
                    <td class="post-type">
                        story
                    </td>
                    <td class="post-time">
                        2023 Nov 04 20:59
                    </td>
                    <td class="post-url">
                        <a href="https://www.nytimes.com/2023/11/03/technology/cruise-general-motors-self-driving-cars.html">
                            Link
                        </a>
                    </td>
                </tr>
                <tr>
                    <td class="post-score">
                        674
                    </td>
                    <td class="post-title">
                        I trapped scammers in an impossible maze [video]
                    </td>
                    <td class="post-type">
                        story
                    </td>
                    <td class="post-time">
                        2023 Nov 03 15:38
                    </td>
                    <td class="post-url">
                        <a href="https://www.youtube.com/watch?v=dWzz3NeDz3E">
                            Link
                        </a>
                    </td>
                </tr>
                <tr>
                    <td class="post-score">
                        64
                    </td>
                    <td class="post-title">
                        999 Request Denied
                    </td>
                    <td class="post-type">
                        story
                    </td>
                    <td class="post-time">
                        2023 Nov 03 11:25
                    </td>
                    <td class="post-url">
                        <a href="https://http.dev/999">
                            Link
                        </a>
                    </td>
                </tr>
                <tr>
                    <td class="post-score">
                        537
                    </td>
                    <td class="post-title">
                        Last Chance to fix eIDAS: Secret EU law threatens Internet security
                    </td>
                    <td class="post-type">
                        story
                    </td>
                    <td class="post-time">
                        2023 Nov 02 05:57
                    </td>
                    <td class="post-url">
                        <a href="https://last-chance-for-eidas.org/">
                            Link
                        </a>
                    </td>
                </tr>
                <tr>
                    <td class="post-score">
                        148
                    </td>
                    <td class="post-title">
                        Microsoft is retiring Visual Studio for Mac in 2024
                    </td>
                    <td class="post-type">
                        story
                    </td>
                    <td class="post-time">
                        2023 Nov 03 20:14
                    </td>
                    <td class="post-url">
                        <a href="https://visualstudio.microsoft.com/vs/mac/">
                            Link
                        </a>
                    </td>
                </tr>
                <tr>
                    <td class="post-score">
                        83
                    </td>
                    <td class="post-title">
                        Translations of Russ Cox's Thompson NFA C Program to Rust
                    </td>
                    <td class="post-type">
                        story
                    </td>
                    <td class="post-time">
                        2023 Nov 03 03:27
                    </td>
                    <td class="post-url">
                        <a href="https://github.com/BurntSushi/rsc-regexp">
                            Link
                        </a>
                    </td>
                </tr>
                <tr>
                    <td class="post-score">
                        74
                    </td>
                    <td class="post-title">
                        How to pronounce the trickiest English words
                    </td>
                    <td class="post-type">
                        story
                    </td>
                    <td class="post-time">
                        2023 Nov 02 15:56
                    </td>
                    <td class="post-url">
                        <a href="https://www.wsj.com/business/media/how-to-pronounce-english-words-julien-miquel-58581065">
                            Link
                        </a>
                    </td>
                </tr>
                <tr>
                    <td class="post-score">
                        262
                    </td>
                    <td class="post-title">
                        Why ACPI?
                    </td>
                    <td class="post-type">
                        story
                    </td>
                    <td class="post-time">
                        2023 Nov 01 06:46
                    </td>
                    <td class="post-url">
                        <a href="https://mjg59.dreamwidth.org/68350.html">
                            Link
                        </a>
                    </td>
                </tr>
                <tr>
                    <td class="post-score">
                        49
                    </td>
                    <td class="post-title">
                        Show HN: GitInsights ÔÇô a weekly summary email of your team's GitHub activity
                    </td>
                    <td class="post-type">
                        story
                    </td>
                    <td class="post-time">
                        2023 Nov 03 20:15
                    </td>
                    <td class="post-url">
                        <a href="https://gitinsights.io/">
                            Link
                        </a>
                    </td>
                </tr>
                <tr>
                    <td class="post-score">
                        96
                    </td>
                    <td class="post-title">
                        Jevons paradox
                    </td>
                    <td class="post-type">
                        story
                    </td>
                    <td class="post-time">
                        2023 Nov 03 15:16
                    </td>
                    <td class="post-url">
                        <a href="https://en.wikipedia.org/wiki/Jevons_paradox">
                            Link
                        </a>
                    </td>
                </tr>
                <tr>
                    <td class="post-score">
                        142
                    </td>
                    <td class="post-title">
                        WasmGC ÔÇô Run GC languages such as Kotlin, Java in Chrome browser
                    </td>
                    <td class="post-type">
                        story
                    </td>
                    <td class="post-time">
                        2023 Nov 02 04:32
                    </td>
                    <td class="post-url">
                        <a href="https://developer.chrome.com/blog/wasmgc/">
                            Link
                        </a>
                    </td>
                </tr>
                <tr>
                    <td class="post-score">
                        34
                    </td>
                    <td class="post-title">
                        China's TikTok users are being told that Aristotle did not exist
                    </td>
                    <td class="post-type">
                        story
                    </td>
                    <td class="post-time">
                        2023 Nov 04 19:20
                    </td>
                    <td class="post-url">
                        <a href="https://www.scmp.com/news/china/science/article/3240339/aristotle-becomes-latest-casualty-chinas-narrative-war-west-scholar-questions-philosophers-existence">
                            Link
                        </a>
                    </td>
                </tr>
                <tr>
                    <td class="post-score">
                        227
                    </td>
                    <td class="post-title">
                        Audacity 3.4
                    </td>
                    <td class="post-type">
                        story
                    </td>
                    <td class="post-time">
                        2023 Nov 03 00:14
                    </td>
                    <td class="post-url">
                        <a href="https://www.audacityteam.org/blog/audacity-3-4/">
                            Link
                        </a>
                    </td>
                </tr>
                <tr>
                    <td class="post-score">
                        318
                    </td>
                    <td class="post-title">
                        Why doctors in America earn so much
                    </td>
                    <td class="post-type">
                        story
                    </td>
                    <td class="post-time">
                        2023 Nov 01 14:38
                    </td>
                    <td class="post-url">
                        <a href="https://www.economist.com/united-states/2023/10/31/why-doctors-in-america-earn-so-much">
                            Link
                        </a>
                    </td>
                </tr>
                <tr>
                    <td class="post-score">
                        274
                    </td>
                    <td class="post-title">
                        Distil-Whisper: distilled version of Whisper that is 6 times faster, 49% smaller
                    </td>
                    <td class="post-type">
                        story
                    </td>
                    <td class="post-time">
                        2023 Nov 01 00:55
                    </td>
                    <td class="post-url">
                        <a href="https://github.com/huggingface/distil-whisper">
                            Link
                        </a>
                    </td>
                </tr>
                <tr>
                    <td class="post-score">
                        11
                    </td>
                    <td class="post-title">
                        Pessimists Archive
                    </td>
                    <td class="post-type">
                        story
                    </td>
                    <td class="post-time">
                        2023 Nov 04 23:05
                    </td>
                    <td class="post-url">
                        <a href="https://pessimistsarchive.org/">
                            Link
                        </a>
                    </td>
                </tr>
                <tr>
                    <td class="post-score">
                        202
                    </td>
                    <td class="post-title">
                        GPT-4 Update: 32K Context Window Now for All Users
                    </td>
                    <td class="post-type">
                        story
                    </td>
                    <td class="post-time">
                        2023 Nov 03 15:30
                    </td>
                    <td class="post-url">
                        <a href="https://github.com/spdustin/ChatGPT-AutoExpert/blob/main/_system-prompts/all_tools.md">
                            Link
                        </a>
                    </td>
                </tr>
                <tr>
                    <td class="post-score">
                        108
                    </td>
                    <td class="post-title">
                        ML Experiments Management with Git
                    </td>
                    <td class="post-type">
                        story
                    </td>
                    <td class="post-time">
                        2023 Nov 02 21:33
                    </td>
                    <td class="post-url">
                        <a href="https://github.com/iterative/dvc">
                            Link
                        </a>
                    </td>
                </tr>
                <tr>
                    <td class="post-score">
                        35
                    </td>
                    <td class="post-title">
                        You don't need a terminal emulator ┬Ě Andrey Listopadov
                    </td>
                    <td class="post-type">
                        story
                    </td>
                    <td class="post-time">
                        2023 Nov 03 22:55
                    </td>
                    <td class="post-url">
                        <a href="https://andreyor.st/posts/2023-10-27-you-dont-need-a-terminal-emulator/">
                            Link
                        </a>
                    </td>
                </tr>
                <tr>
                    <td class="post-score">
                        250
                    </td>
                    <td class="post-title">
                        Bayer hit with $332M judgement in Roundup cancer trial
                    </td>
                    <td class="post-type">
                        story
                    </td>
                    <td class="post-time">
                        2023 Nov 03 23:16
                    </td>
                    <td class="post-url">
                        <a href="https://fortune.com/2023/11/03/bayer-332-million-judgement-trial-man-cancer-decades-monsanto-roundup-weedkiller/">
                            Link
                        </a>
                    </td>
                </tr>
                <tr>
                    <td class="post-score">
                        58
                    </td>
                    <td class="post-title">
                        Openela releases Red Hat source code on GitHub
                    </td>
                    <td class="post-type">
                        story
                    </td>
                    <td class="post-time">
                        2023 Nov 04 18:16
                    </td>
                    <td class="post-url">
                        <a href="https://github.com/orgs/openela-main/repositories">
                            Link
                        </a>
                    </td>
                </tr>
                <tr>
                    <td class="post-score">
                        12
                    </td>
                    <td class="post-title">
                        Deno 1.38: HTML doc generator and HMR
                    </td>
                    <td class="post-type">
                        story
                    </td>
                    <td class="post-time">
                        2023 Nov 03 10:05
                    </td>
                    <td class="post-url">
                        <a href="https://deno.com/blog/v1.38">
                            Link
                        </a>
                    </td>
                </tr>
                <tr>
                    <td class="post-score">
                        8
                    </td>
                    <td class="post-title">
                        Ask HN: Infra people in small companies, what does your infra look like?
                    </td>
                    <td class="post-type">
                        story
                    </td>
                    <td class="post-time">
                        2023 Nov 04 13:27
                    </td>
                    <td class="post-url">
                        N/A
                    </td>
                </tr>
                <tr>
                    <td class="post-score">
                        137
                    </td>
                    <td class="post-title">
                        Nuclear Conversion for Starship
                    </td>
                    <td class="post-type">
                        story
                    </td>
                    <td class="post-time">
                        2023 Nov 03 16:52
                    </td>
                    <td class="post-url">
                        <a href="http://toughsf.blogspot.com/2021/10/nuclear-conversion-for-starship.html">
                            Link
                        </a>
                    </td>
                </tr>
                <tr>
                    <td class="post-score">
                        206
                    </td>
                    <td class="post-title">
                        Now you're thinking with relays
                    </td>
                    <td class="post-type">
                        story
                    </td>
                    <td class="post-time">
                        2023 Nov 01 19:30
                    </td>
                    <td class="post-url">
                        <a href="https://lcamtuf.substack.com/p/now-youre-thinking-with-relays">
                            Link
                        </a>
                    </td>
                </tr>
                <tr>
                    <td class="post-score">
                        158
                    </td>
                    <td class="post-title">
                        Bank financing and bad urban planning make the retail apocalypse worse
                    </td>
                    <td class="post-type">
                        story
                    </td>
                    <td class="post-time">
                        2023 Nov 01 16:21
                    </td>
                    <td class="post-url">
                        <a href="https://www.businessinsider.com/bank-financing-urban-planning-pandemic-retail-apocalypse-vacant-storefront-2023-10">
                            Link
                        </a>
                    </td>
                </tr>
                <tr>
                    <td class="post-score">
                        31
                    </td>
                    <td class="post-title">
                        How much it costs Apple to increase RAM size in Macs?
                    </td>
                    <td class="post-type">
                        story
                    </td>
                    <td class="post-time">
                        2023 Nov 04 02:15
                    </td>
                    <td class="post-url">
                        <a href="https://old.reddit.com/r/macbookpro/comments/17lwl0b/how_much_does_ram_cost_anyways/">
                            Link
                        </a>
                    </td>
                </tr>
                <tr>
                    <td class="post-score">
                        30
                    </td>
                    <td class="post-title">
                        Cup Noodles are now microwave-safe
                    </td>
                    <td class="post-type">
                        story
                    </td>
                    <td class="post-time">
                        2023 Nov 04 18:04
                    </td>
                    <td class="post-url">
                        <a href="https://www.washingtonpost.com/food/2023/11/03/cup-noodles-are-now-microwave-safe-so-they-werent-already/">
                            Link
                        </a>
                    </td>
                </tr>
                <tr>
                    <td class="post-score">
                        30
                    </td>
                    <td class="post-title">
                        What's the difference between LangChain, llama indexand others like autollm?
                    </td>
                    <td class="post-type">
                        story
                    </td>
                    <td class="post-time">
                        2023 Nov 03 10:41
                    </td>
                    <td class="post-url">
                        N/A
                    </td>
                </tr>
                <tr>
                    <td class="post-score">
                        235
                    </td>
                    <td class="post-title">
                        Sally Ignore Previous Instructions
                    </td>
                    <td class="post-type">
                        story
                    </td>
                    <td class="post-time">
                        2023 Nov 02 21:02
                    </td>
                    <td class="post-url">
                        <a href="https://www.haihai.ai/pen15/">
                            Link
                        </a>
                    </td>
                </tr>
                <tr>
                    <td class="post-score">
                        81
                    </td>
                    <td class="post-title">
                        Enterprise-Fu
                    </td>
                    <td class="post-type">
                        story
                    </td>
                    <td class="post-time">
                        2023 Nov 02 23:31
                    </td>
                    <td class="post-url">
                        <a href="http://mike.daless.io/prez/enterprise-asbury-2013-10/slides.html">
                            Link
                        </a>
                    </td>
                </tr>
                <tr>
                    <td class="post-score">
                        251
                    </td>
                    <td class="post-title">
                        Rwanda joins Kenya to initiate visa-free travel for all Africans
                    </td>
                    <td class="post-type">
                        story
                    </td>
                    <td class="post-time">
                        2023 Nov 03 12:15
                    </td>
                    <td class="post-url">
                        <a href="https://africa.businessinsider.com/local/leaders/from-barriers-to-unity-rwanda-joins-kenya-to-initiate-visa-free-travel-for-all/hhqe29q">
                            Link
                        </a>
                    </td>
                </tr>
                <tr>
                    <td class="post-score">
                        792
                    </td>
                    <td class="post-title">
                        Yann LeCun: AI one-percenters seizing power forever is real doomsday scenario
                    </td>
                    <td class="post-type">
                        story
                    </td>
                    <td class="post-time">
                        2023 Nov 02 04:05
                    </td>
                    <td class="post-url">
                        <a href="https://www.businessinsider.com/sam-altman-and-demis-hassabis-just-want-to-control-ai-2023-10">
                            Link
                        </a>
                    </td>
                </tr>
                <tr>
                    <td class="post-score">
                        161
                    </td>
                    <td class="post-title">
                        Show HN: DoltgreSQL ÔÇô Version-Controlled DB, Like Git and PostgreSQL had a baby
                    </td>
                    <td class="post-type">
                        story
                    </td>
                    <td class="post-time">
                        2023 Nov 02 01:59
                    </td>
                    <td class="post-url">
                        <a href="https://github.com/dolthub/doltgresql">
                            Link
                        </a>
                    </td>
                </tr>
                <tr>
                    <td class="post-score">
                        74
                    </td>
                    <td class="post-title">
                        Clash, a tool to break China's Great Fire Wall, is Deleted in GitHub
                    </td>
                    <td class="post-type">
                        story
                    </td>
                    <td class="post-time">
                        2023 Nov 03 09:01
                    </td>
                    <td class="post-url">
                        <a href="https://github.com/Dreamacro/clash">
                            Link
                        </a>
                    </td>
                </tr>
                <tr>
                    <td class="post-score">
                        40
                    </td>
                    <td class="post-title">
                        Vivo Unveils BlueOS, Based on Rust Language
                    </td>
                    <td class="post-type">
                        story
                    </td>
                    <td class="post-time">
                        2023 Nov 02 03:14
                    </td>
                    <td class="post-url">
                        <a href="https://sparrowsnews.com/2023/11/01/vivo-unveils-blueos-operating-system/">
                            Link
                        </a>
                    </td>
                </tr>
                <tr>
                    <td class="post-score">
                        66
                    </td>
                    <td class="post-title">
                        Formalizing 100 Theorems
                    </td>
                    <td class="post-type">
                        story
                    </td>
                    <td class="post-time">
                        2023 Nov 02 05:27
                    </td>
                    <td class="post-url">
                        <a href="https://www.cs.ru.nl/~freek/100/">
                            Link
                        </a>
                    </td>
                </tr>
                <tr>
                    <td class="post-score">
                        184
                    </td>
                    <td class="post-title">
                        The Binder Linux driver is being rewritten in Rust
                    </td>
                    <td class="post-type">
                        story
                    </td>
                    <td class="post-time">
                        2023 Nov 03 06:53
                    </td>
                    <td class="post-url">
                        <a href="https://lore.kernel.org/rust-for-linux/20231101-rust-binder-v1-0-08ba9197f637@google.com/">
                            Link
                        </a>
                    </td>
                </tr>
            </div>
        </table>
    
    
    Ôľ╝ Query.findAll [ tag "tr" ]
    
        1)    <tr>
                  <th class="post-score">
                      score
                  </th>
                  <th class="post-title">
                      title
                  </th>
                  <th class="post-url">
                      url
                  </th>
                  <th class="post-type">
                      type
                  </th>
                  <th class="post-time">
                      time
                  </th>
              </tr>
    
        2)    <tr>
                  <td class="post-score">
                      512
                  </td>
                  <td class="post-title">
                      NewPipe ÔÇô Lightweight YouTube experience for Android
                  </td>
                  <td class="post-type">
                      story
                  </td>
                  <td class="post-time">
                      2023 Nov 04 19:38
                  </td>
                  <td class="post-url">
                      <a href="https://newpipe.net/">
                          Link
                      </a>
                  </td>
              </tr>
    
        3)    <tr>
                  <td class="post-score">
                      75
                  </td>
                  <td class="post-title">
                      LLM companies to access largest Chinese non-fiction book collection
                  </td>
                  <td class="post-type">
                      story
                  </td>
                  <td class="post-time">
                      2023 Nov 05 07:30
                  </td>
                  <td class="post-url">
                      <a href="https://annas-blog.org/duxiu-exclusive.html">
                          Link
                      </a>
                  </td>
              </tr>
    
        4)    <tr>
                  <td class="post-score">
                      182
                  </td>
                  <td class="post-title">
                      Intel Itanium IA-64 Support Removed with the Linux 6.7 Kernel
                  </td>
                  <td class="post-type">
                      story
                  </td>
                  <td class="post-time">
                      2023 Nov 02 15:31
                  </td>
                  <td class="post-url">
                      <a href="https://www.phoronix.com/news/Intel-IA-64-Removed-Linux-6.7">
                          Link
                      </a>
                  </td>
              </tr>
    
        5)    <tr>
                  <td class="post-score">
                      37
                  </td>
                  <td class="post-title">
                      Representations / strategies for noncooperative games with imperfect information [pdf]
                  </td>
                  <td class="post-type">
                      story
                  </td>
                  <td class="post-time">
                      2023 Nov 04 20:24
                  </td>
                  <td class="post-url">
                      <a href="https://www2.cs.sfu.ca/~bbart/personal/masters-thesis.pdf">
                          Link
                      </a>
                  </td>
              </tr>
    
        6)    <tr>
                  <td class="post-score">
                      57
                  </td>
                  <td class="post-title">
                      The First App Store
                  </td>
                  <td class="post-type">
                      story
                  </td>
                  <td class="post-time">
                      2023 Nov 05 00:52
                  </td>
                  <td class="post-url">
                      <a href="https://one-from-nippon.ghost.io/worlds-first-app-store/">
                          Link
                      </a>
                  </td>
              </tr>
    
        7)    <tr>
                  <td class="post-score">
                      83
                  </td>
                  <td class="post-title">
                      Show HN: Gogosseract, a Go Lib for CGo-Free Tesseract OCR via Wazero
                  </td>
                  <td class="post-type">
                      story
                  </td>
                  <td class="post-time">
                      2023 Nov 04 23:06
                  </td>
                  <td class="post-url">
                      <a href="https://github.com/Danlock/gogosseract">
                          Link
                      </a>
                  </td>
              </tr>
    
        8)    <tr>
                  <td class="post-score">
                      51
                  </td>
                  <td class="post-title">
                      Planes, Spheres and Pseudospheres
                  </td>
                  <td class="post-type">
                      story
                  </td>
                  <td class="post-time">
                      2023 Nov 04 23:35
                  </td>
                  <td class="post-url">
                      <a href="https://www.gregegan.net/SCIENCE/PSP/PSP.html">
                          Link
                      </a>
                  </td>
              </tr>
    
        9)    <tr>
                  <td class="post-score">
                      557
                  </td>
                  <td class="post-title">
                      Othello Is Solved?
                  </td>
                  <td class="post-type">
                      story
                  </td>
                  <td class="post-time">
                      2023 Nov 04 14:35
                  </td>
                  <td class="post-url">
                      <a href="https://arxiv.org/abs/2310.19387">
                          Link
                      </a>
                  </td>
              </tr>
    
        10)   <tr>
                  <td class="post-score">
                      1
                  </td>
                  <td class="post-title">
                      SigNoz (YC W21), open source observability platform, hiring SREs (Remote)
                  </td>
                  <td class="post-type">
                      job
                  </td>
                  <td class="post-time">
                      2023 Nov 05 07:01
                  </td>
                  <td class="post-url">
                      <a href="https://signoz.io/careers/site-reliability-engineer/">
                          Link
                      </a>
                  </td>
              </tr>
    
        11)   <tr>
                  <td class="post-score">
                      26
                  </td>
                  <td class="post-title">
                      Shadows Edge Software
                  </td>
                  <td class="post-type">
                      story
                  </td>
                  <td class="post-time">
                      2023 Nov 05 02:23
                  </td>
                  <td class="post-url">
                      <a href="https://www.shadowsedge.mil/What-We-Do/">
                          Link
                      </a>
                  </td>
              </tr>
    
        12)   <tr>
                  <td class="post-score">
                      58
                  </td>
                  <td class="post-title">
                      Quadratic Reciprocity: The connection that changed number theory
                  </td>
                  <td class="post-type">
                      story
                  </td>
                  <td class="post-time">
                      2023 Nov 02 15:43
                  </td>
                  <td class="post-url">
                      <a href="https://www.quantamagazine.org/the-hidden-connection-that-changed-number-theory-20231101/">
                          Link
                      </a>
                  </td>
              </tr>
    
        13)   <tr>
                  <td class="post-score">
                      65
                  </td>
                  <td class="post-title">
                      How to Do a TypeScript Conversion: an opinionated take on gradual conversions
                  </td>
                  <td class="post-type">
                      story
                  </td>
                  <td class="post-time">
                      2023 Nov 04 21:15
                  </td>
                  <td class="post-url">
                      <a href="https://v5.chriskrycho.com/journal/how-to-do-a-typescript-conversion/">
                          Link
                      </a>
                  </td>
              </tr>
    
        14)   <tr>
                  <td class="post-score">
                      83
                  </td>
                  <td class="post-title">
                      FTC Chair Lina Khan looks for allies and leads in Silicon Valley charm offensive
                  </td>
                  <td class="post-type">
                      story
                  </td>
                  <td class="post-time">
                      2023 Nov 04 19:24
                  </td>
                  <td class="post-url">
                      <a href="https://www.reuters.com/business/ftc-chair-lina-khan-looks-allies-leads-silicon-valley-charm-offensive-2023-11-03/">
                          Link
                      </a>
                  </td>
              </tr>
    
        15)   <tr>
                  <td class="post-score">
                      96
                  </td>
                  <td class="post-title">
                      Topic: Discord Stealer
                  </td>
                  <td class="post-type">
                      story
                  </td>
                  <td class="post-time">
                      2023 Nov 05 02:26
                  </td>
                  <td class="post-url">
                      <a href="https://github.com/topics/discord-stealer">
                          Link
                      </a>
                  </td>
              </tr>
    
        16)   <tr>
                  <td class="post-score">
                      132
                  </td>
                  <td class="post-title">
                      SARS-CoV-2 Infection Affects Energy Stores in the Body, Causing Organ Failure
                  </td>
                  <td class="post-type">
                      story
                  </td>
                  <td class="post-time">
                      2023 Nov 04 23:02
                  </td>
                  <td class="post-url">
                      <a href="https://news.unchealthcare.org/2023/10/researchers-show-sars-cov-2-infection-affects-energy-stores-in-the-body-causing-organ-failure/">
                          Link
                      </a>
                  </td>
              </tr>
    
        17)   <tr>
                  <td class="post-score">
                      102
                  </td>
                  <td class="post-title">
                      Soda additive linked to thyroid toxicity may finally get banned by FDA
                  </td>
                  <td class="post-type">
                      story
                  </td>
                  <td class="post-time">
                      2023 Nov 05 00:26
                  </td>
                  <td class="post-url">
                      <a href="https://arstechnica.com/health/2023/11/50-years-later-fda-proposes-banning-a-food-additive-it-said-is-not-safe/">
                          Link
                      </a>
                  </td>
              </tr>
    
        18)   <tr>
                  <td class="post-score">
                      56
                  </td>
                  <td class="post-title">
                      BeeWare Toga v0.4.0 ÔÇô A Python native, OS native GUI toolkit
                  </td>
                  <td class="post-type">
                      story
                  </td>
                  <td class="post-time">
                      2023 Nov 05 01:24
                  </td>
                  <td class="post-url">
                      <a href="https://github.com/beeware/toga/releases/tag/v0.4.0">
                          Link
                      </a>
                  </td>
              </tr>
    
        19)   <tr>
                  <td class="post-score">
                      105
                  </td>
                  <td class="post-title">
                      The cottage industry of YouTube obituary pirates
                  </td>
                  <td class="post-type">
                      story
                  </td>
                  <td class="post-time">
                      2023 Nov 04 20:58
                  </td>
                  <td class="post-url">
                      <a href="https://www.wired.com/story/youtube-obituary-pirates/">
                          Link
                      </a>
                  </td>
              </tr>
    
        20)   <tr>
                  <td class="post-score">
                      44
                  </td>
                  <td class="post-title">
                      Chemists, engineers craft adjustable arrays of microscopic lenses
                  </td>
                  <td class="post-type">
                      story
                  </td>
                  <td class="post-time">
                      2023 Nov 02 15:48
                  </td>
                  <td class="post-url">
                      <a href="https://phys.org/news/2023-10-chemists-craft-adjustable-arrays-microscopic.html">
                          Link
                      </a>
                  </td>
              </tr>
    
        21)   <tr>
                  <td class="post-score">
                      62
                  </td>
                  <td class="post-title">
                      Disturbed Lands (National Park Service)
                  </td>
                  <td class="post-type">
                      story
                  </td>
                  <td class="post-time">
                      2023 Nov 04 23:29
                  </td>
                  <td class="post-url">
                      <a href="https://www.nps.gov/shen/learn/nature/disturbedlands.htm">
                          Link
                      </a>
                  </td>
              </tr>
    
        22)   <tr>
                  <td class="post-score">
                      84
                  </td>
                  <td class="post-title">
                      The world nearly adopted a calendar with 13 months of 28 days
                  </td>
                  <td class="post-type">
                      story
                  </td>
                  <td class="post-time">
                      2023 Nov 05 03:53
                  </td>
                  <td class="post-url">
                      <a href="https://www.washingtonpost.com/history/2023/11/04/battle-sabbath-13-month-calendar/">
                          Link
                      </a>
                  </td>
              </tr>
    
        23)   <tr>
                  <td class="post-score">
                      106
                  </td>
                  <td class="post-title">
                      AI and Open Source in 2023
                  </td>
                  <td class="post-type">
                      story
                  </td>
                  <td class="post-time">
                      2023 Nov 04 18:50
                  </td>
                  <td class="post-url">
                      <a href="https://magazine.sebastianraschka.com/p/ai-and-open-source-in-2023">
                          Link
                      </a>
                  </td>
              </tr>
    
        24)   <tr>
                  <td class="post-score">
                      1114
                  </td>
                  <td class="post-title">
                      As I retire, my goal now is to release 40+ years of source code
                  </td>
                  <td class="post-type">
                      story
                  </td>
                  <td class="post-time">
                      2023 Nov 03 17:26
                  </td>
                  <td class="post-url">
                      <a href="https://dunfield.themindfactory.com/dnldsrc.htm">
                          Link
                      </a>
                  </td>
              </tr>
    
        25)   <tr>
                  <td class="post-score">
                      122
                  </td>
                  <td class="post-title">
                      New Microsoft Exchange zero-days allow RCE, data theft attacks
                  </td>
                  <td class="post-type">
                      story
                  </td>
                  <td class="post-time">
                      2023 Nov 04 21:43
                  </td>
                  <td class="post-url">
                      <a href="https://www.bleepingcomputer.com/news/microsoft/new-microsoft-exchange-zero-days-allow-rce-data-theft-attacks/">
                          Link
                      </a>
                  </td>
              </tr>
    
        26)   <tr>
                  <td class="post-score">
                      125
                  </td>
                  <td class="post-title">
                      Grok
                  </td>
                  <td class="post-type">
                      story
                  </td>
                  <td class="post-time">
                      2023 Nov 05 05:02
                  </td>
                  <td class="post-url">
                      <a href="https://twitter.com/xai/status/1721027348970238035">
                          Link
                      </a>
                  </td>
              </tr>
    
        27)   <tr>
                  <td class="post-score">
                      220
                  </td>
                  <td class="post-title">
                      A 6 channel GPS receiver from 1993
                  </td>
                  <td class="post-type">
                      story
                  </td>
                  <td class="post-time">
                      2023 Nov 04 10:27
                  </td>
                  <td class="post-url">
                      <a href="https://mastodon.sdf.org/@keelan/111349948124943603">
                          Link
                      </a>
                  </td>
              </tr>
    
        28)   <tr>
                  <td class="post-score">
                      313
                  </td>
                  <td class="post-title">
                      AMD MicroBlaze V Processor: A Flexible and Efficient RISC-V Processor
                  </td>
                  <td class="post-type">
                      story
                  </td>
                  <td class="post-time">
                      2023 Nov 04 02:01
                  </td>
                  <td class="post-url">
                      <a href="https://www.xilinx.com/products/design-tools/microblaze-v.html">
                          Link
                      </a>
                  </td>
              </tr>
    
        29)   <tr>
                  <td class="post-score">
                      112
                  </td>
                  <td class="post-title">
                      Lahaina Noon
                  </td>
                  <td class="post-type">
                      story
                  </td>
                  <td class="post-time">
                      2023 Nov 02 15:27
                  </td>
                  <td class="post-url">
                      <a href="https://en.wikipedia.org/wiki/Lahaina_Noon">
                          Link
                      </a>
                  </td>
              </tr>
    
        30)   <tr>
                  <td class="post-score">
                      157
                  </td>
                  <td class="post-title">
                      Spin 2.0 ÔÇô open-source tool for building and running WASM apps
                  </td>
                  <td class="post-type">
                      story
                  </td>
                  <td class="post-time">
                      2023 Nov 04 12:01
                  </td>
                  <td class="post-url">
                      <a href="https://www.fermyon.com/blog/introducing-spin-v2">
                          Link
                      </a>
                  </td>
              </tr>
    
        31)   <tr>
                  <td class="post-score">
                      411
                  </td>
                  <td class="post-title">
                      Tell HN: Submit comments to IRS re tax treatment of software dev expenses
                  </td>
                  <td class="post-type">
                      story
                  </td>
                  <td class="post-time">
                      2023 Nov 02 21:26
                  </td>
                  <td class="post-url">
                      N/A
                  </td>
              </tr>
    
        32)   <tr>
                  <td class="post-score">
                      11
                  </td>
                  <td class="post-title">
                      Show HN: A tiny and platform-agnostic true random number generator for FPGA/ASIC
                  </td>
                  <td class="post-type">
                      story
                  </td>
                  <td class="post-time">
                      2023 Nov 04 21:34
                  </td>
                  <td class="post-url">
                      <a href="https://github.com/stnolting/neoTRNG">
                          Link
                      </a>
                  </td>
              </tr>
    
        33)   <tr>
                  <td class="post-score">
                      99
                  </td>
                  <td class="post-title">
                      Daylight saving time can seriously affect your health
                  </td>
                  <td class="post-type">
                      story
                  </td>
                  <td class="post-time">
                      2023 Nov 05 00:47
                  </td>
                  <td class="post-url">
                      <a href="https://apnews.com/article/daylight-saving-2023-fall-back-a3738d5c74301b8068825927c49fc6b4">
                          Link
                      </a>
                  </td>
              </tr>
    
        34)   <tr>
                  <td class="post-score">
                      46
                  </td>
                  <td class="post-title">
                      Delhi air pollution spikes to 100 times WHO health limit
                  </td>
                  <td class="post-type">
                      story
                  </td>
                  <td class="post-time">
                      2023 Nov 04 23:14
                  </td>
                  <td class="post-url">
                      <a href="https://www.theguardian.com/world/2023/nov/03/delhi-india-air-quality-pollution-spike-world-health-organization-limit">
                          Link
                      </a>
                  </td>
              </tr>
    
        35)   <tr>
                  <td class="post-score">
                      5
                  </td>
                  <td class="post-title">
                      A game. The only winning move is not to play
                  </td>
                  <td class="post-type">
                      story
                  </td>
                  <td class="post-time">
                      2023 Nov 05 04:15
                  </td>
                  <td class="post-url">
                      N/A
                  </td>
              </tr>
    
        36)   <tr>
                  <td class="post-score">
                      83
                  </td>
                  <td class="post-title">
                      Max is taking 4K away from its legacy ad-free subscribers
                  </td>
                  <td class="post-type">
                      story
                  </td>
                  <td class="post-time">
                      2023 Nov 05 02:54
                  </td>
                  <td class="post-url">
                      <a href="https://www.theverge.com/2023/11/2/23943859/max-4k-hbo-max-ad-free-subscribers">
                          Link
                      </a>
                  </td>
              </tr>
    
        37)   <tr>
                  <td class="post-score">
                      132
                  </td>
                  <td class="post-title">
                      Classes vs. structs in .NET: how not to teach about performance
                  </td>
                  <td class="post-type">
                      story
                  </td>
                  <td class="post-time">
                      2023 Nov 04 03:28
                  </td>
                  <td class="post-url">
                      <a href="https://sergeyteplyakov.github.io/Blog/benchmarking/2023/11/02/Performance_Comparison_For_Classes_vs_Structs.html">
                          Link
                      </a>
                  </td>
              </tr>
    
        38)   <tr>
                  <td class="post-score">
                      68
                  </td>
                  <td class="post-title">
                      How ÔÇťblueÔÇŁ and ÔÇťgreenÔÇŁ appeared in a language that didnÔÇÖt have words for them
                  </td>
                  <td class="post-type">
                      story
                  </td>
                  <td class="post-time">
                      2023 Nov 02 15:54
                  </td>
                  <td class="post-url">
                      <a href="https://news.mit.edu/2023/how-blue-and-green-appeared-language-1102">
                          Link
                      </a>
                  </td>
              </tr>
    
        39)   <tr>
                  <td class="post-score">
                      17
                  </td>
                  <td class="post-title">
                      Oracle Cloud Outage
                  </td>
                  <td class="post-type">
                      story
                  </td>
                  <td class="post-time">
                      2023 Nov 05 00:33
                  </td>
                  <td class="post-url">
                      N/A
                  </td>
              </tr>
    
        40)   <tr>
                  <td class="post-score">
                      15
                  </td>
                  <td class="post-title">
                      Exim 4.97.0 ÔÇô SMTP Mail Server ÔÇô Message Transfer Agent (MTA)
                  </td>
                  <td class="post-type">
                      story
                  </td>
                  <td class="post-time">
                      2023 Nov 05 00:29
                  </td>
                  <td class="post-url">
                      <a href="https://www.exim.org/">
                          Link
                      </a>
                  </td>
              </tr>
    
        41)   <tr>
                  <td class="post-score">
                      82
                  </td>
                  <td class="post-title">
                      You're Gonna Need a Bigger Browser
                  </td>
                  <td class="post-type">
                      story
                  </td>
                  <td class="post-time">
                      2023 Nov 04 19:55
                  </td>
                  <td class="post-url">
                      <a href="https://berjon.com/bigger-browser/">
                          Link
                      </a>
                  </td>
              </tr>
    
        42)   <tr>
                  <td class="post-score">
                      157
                  </td>
                  <td class="post-title">
                      Making "LCD, Please"
                  </td>
                  <td class="post-type">
                      story
                  </td>
                  <td class="post-time">
                      2023 Nov 04 04:16
                  </td>
                  <td class="post-url">
                      <a href="https://dukope.com/devlogs/papers-please/lcdplease/">
                          Link
                      </a>
                  </td>
              </tr>
    
        43)   <tr>
                  <td class="post-score">
                      17
                  </td>
                  <td class="post-title">
                      Interview with a Gladiatrix
                  </td>
                  <td class="post-type">
                      story
                  </td>
                  <td class="post-time">
                      2023 Nov 04 21:04
                  </td>
                  <td class="post-url">
                      <a href="https://antigonejournal.com/2023/10/modern-roman-gladiatrix/">
                          Link
                      </a>
                  </td>
              </tr>
    
        44)   <tr>
                  <td class="post-score">
                      6
                  </td>
                  <td class="post-title">
                      Towards Modern Development of Cloud Applications [pdf]
                  </td>
                  <td class="post-type">
                      story
                  </td>
                  <td class="post-time">
                      2023 Nov 05 00:44
                  </td>
                  <td class="post-url">
                      <a href="https://sigops.org/s/conferences/hotos/2023/papers/ghemawat.pdf">
                          Link
                      </a>
                  </td>
              </tr>
    
        45)   <tr>
                  <td class="post-score">
                      224
                  </td>
                  <td class="post-title">
                      A blog post is a long and complex search query to find people (2022)
                  </td>
                  <td class="post-type">
                      story
                  </td>
                  <td class="post-time">
                      2023 Nov 04 02:02
                  </td>
                  <td class="post-url">
                      <a href="https://www.henrikkarlsson.xyz/p/search-query">
                          Link
                      </a>
                  </td>
              </tr>
    
        46)   <tr>
                  <td class="post-score">
                      68
                  </td>
                  <td class="post-title">
                      After decades of dreams, a commercial spaceplane is almost ready to fly
                  </td>
                  <td class="post-type">
                      story
                  </td>
                  <td class="post-time">
                      2023 Nov 04 17:45
                  </td>
                  <td class="post-url">
                      <a href="https://arstechnica.com/space/2023/11/after-decades-of-dreams-a-commercial-spaceplane-is-almost-ready-to-fly/">
                          Link
                      </a>
                  </td>
              </tr>
    
        47)   <tr>
                  <td class="post-score">
                      110
                  </td>
                  <td class="post-title">
                      Scrcpy 2.2 adds Android camera mirroring
                  </td>
                  <td class="post-type">
                      story
                  </td>
                  <td class="post-time">
                      2023 Nov 04 18:30
                  </td>
                  <td class="post-url">
                      <a href="https://github.com/Genymobile/scrcpy/releases/tag/v2.2">
                          Link
                      </a>
                  </td>
              </tr>
    
        48)   <tr>
                  <td class="post-score">
                      52
                  </td>
                  <td class="post-title">
                      SpaceX poised for 'mid-November' launch of second Starship test flight
                  </td>
                  <td class="post-type">
                      story
                  </td>
                  <td class="post-time">
                      2023 Nov 05 04:23
                  </td>
                  <td class="post-url">
                      <a href="https://spaceflightnow.com/2023/11/04/spacex-poised-for-mid-november-of-second-starship-test-launch/">
                          Link
                      </a>
                  </td>
              </tr>
    
        49)   <tr>
                  <td class="post-score">
                      160
                  </td>
                  <td class="post-title">
                      I need more USB power
                  </td>
                  <td class="post-type">
                      story
                  </td>
                  <td class="post-time">
                      2023 Nov 04 16:36
                  </td>
                  <td class="post-url">
                      <a href="https://atomic14.substack.com/p/i-need-more-usb-power">
                          Link
                      </a>
                  </td>
              </tr>
    
        50)   <tr>
                  <td class="post-score">
                      8
                  </td>
                  <td class="post-title">
                      Ancient coins have been found off Sardinia, probably from shipwreck
                  </td>
                  <td class="post-type">
                      story
                  </td>
                  <td class="post-time">
                      2023 Nov 05 03:31
                  </td>
                  <td class="post-url">
                      <a href="https://apnews.com/article/italy-ancient-coins-sardinia-divers-cabdfa070d37a8020f874dd90c0a2433">
                          Link
                      </a>
                  </td>
              </tr>
    
        51)   <tr>
                  <td class="post-score">
                      65
                  </td>
                  <td class="post-title">
                      C++ Sudoku Solver by Singapore PM Lee Hsien Loong
                  </td>
                  <td class="post-type">
                      story
                  </td>
                  <td class="post-time">
                      2023 Nov 04 19:07
                  </td>
                  <td class="post-url">
                      <a href="https://twitter.com/adad8m/status/1720822885496049863">
                          Link
                      </a>
                  </td>
              </tr>
    
        52)   <tr>
                  <td class="post-score">
                      91
                  </td>
                  <td class="post-title">
                      Lapham's Quarterly Is on Hiatus
                  </td>
                  <td class="post-type">
                      story
                  </td>
                  <td class="post-time">
                      2023 Nov 04 20:00
                  </td>
                  <td class="post-url">
                      <a href="https://www.laphamsquarterly.org/roundtable/hiatus">
                          Link
                      </a>
                  </td>
              </tr>
    
        53)   <tr>
                  <td class="post-score">
                      6
                  </td>
                  <td class="post-title">
                      X.ai Grok
                  </td>
                  <td class="post-type">
                      story
                  </td>
                  <td class="post-time">
                      2023 Nov 05 05:57
                  </td>
                  <td class="post-url">
                      <a href="https://grok.x.ai/">
                          Link
                      </a>
                  </td>
              </tr>
    
        54)   <tr>
                  <td class="post-score">
                      219
                  </td>
                  <td class="post-title">
                      Asciinema: Record and share your terminal sessions, the simple way
                  </td>
                  <td class="post-type">
                      story
                  </td>
                  <td class="post-time">
                      2023 Nov 03 20:53
                  </td>
                  <td class="post-url">
                      <a href="https://asciinema.org/">
                          Link
                      </a>
                  </td>
              </tr>
    
        55)   <tr>
                  <td class="post-score">
                      605
                  </td>
                  <td class="post-title">
                      In 1886, the US commissioned watercolor paintings of every known fruit (2019)
                  </td>
                  <td class="post-type">
                      story
                  </td>
                  <td class="post-time">
                      2023 Nov 02 22:30
                  </td>
                  <td class="post-url">
                      <a href="https://www.openculture.com/2019/06/the-us-government-commissioned-7500-watercolor-paintings.html">
                          Link
                      </a>
                  </td>
              </tr>
    
        56)   <tr>
                  <td class="post-score">
                      467
                  </td>
                  <td class="post-title">
                      No dogs were harmed in the making of this app
                  </td>
                  <td class="post-type">
                      story
                  </td>
                  <td class="post-time">
                      2023 Nov 03 13:47
                  </td>
                  <td class="post-url">
                      <a href="https://shmck.substack.com/p/no-dogs-were-harmed-in-the-making">
                          Link
                      </a>
                  </td>
              </tr>
    
        57)   <tr>
                  <td class="post-score">
                      417
                  </td>
                  <td class="post-title">
                      Bringing garbage collected programming languages efficiently to WebAssembly
                  </td>
                  <td class="post-type">
                      story
                  </td>
                  <td class="post-time">
                      2023 Nov 03 06:50
                  </td>
                  <td class="post-url">
                      <a href="https://v8.dev/blog/wasm-gc-porting">
                          Link
                      </a>
                  </td>
              </tr>
    
        58)   <tr>
                  <td class="post-score">
                      225
                  </td>
                  <td class="post-title">
                      Wooden Game Boy
                  </td>
                  <td class="post-type">
                      story
                  </td>
                  <td class="post-time">
                      2023 Nov 03 21:32
                  </td>
                  <td class="post-url">
                      <a href="https://there.oughta.be/a/wooden-game-boy">
                          Link
                      </a>
                  </td>
              </tr>
    
        59)   <tr>
                  <td class="post-score">
                      80
                  </td>
                  <td class="post-title">
                      The Apple II Circuit Description (1983)
                  </td>
                  <td class="post-type">
                      story
                  </td>
                  <td class="post-time">
                      2023 Nov 02 14:58
                  </td>
                  <td class="post-url">
                      <a href="https://archive.org/details/taiicd">
                          Link
                      </a>
                  </td>
              </tr>
    
        60)   <tr>
                  <td class="post-score">
                      304
                  </td>
                  <td class="post-title">
                      Bevy 0.12
                  </td>
                  <td class="post-type">
                      story
                  </td>
                  <td class="post-time">
                      2023 Nov 04 19:39
                  </td>
                  <td class="post-url">
                      <a href="https://bevyengine.org/news/bevy-0-12/">
                          Link
                      </a>
                  </td>
              </tr>
    
        61)   <tr>
                  <td class="post-score">
                      203
                  </td>
                  <td class="post-title">
                      Telling GPT-4 you're scared or under pressure improves performance
                  </td>
                  <td class="post-type">
                      story
                  </td>
                  <td class="post-time">
                      2023 Nov 04 00:40
                  </td>
                  <td class="post-url">
                      <a href="https://aimodels.substack.com/p/telling-gpt-4-youre-scared-or-under">
                          Link
                      </a>
                  </td>
              </tr>
    
        62)   <tr>
                  <td class="post-score">
                      1952
                  </td>
                  <td class="post-title">
                      Sam Bankman-Fried Convicted
                  </td>
                  <td class="post-type">
                      story
                  </td>
                  <td class="post-time">
                      2023 Nov 02 23:49
                  </td>
                  <td class="post-url">
                      <a href="https://www.nytimes.com/live/2023/11/02/business/sam-bankman-fried-trial">
                          Link
                      </a>
                  </td>
              </tr>
    
        63)   <tr>
                  <td class="post-score">
                      188
                  </td>
                  <td class="post-title">
                      Surround sound test files for every audio format
                  </td>
                  <td class="post-type">
                      story
                  </td>
                  <td class="post-time">
                      2023 Nov 03 22:21
                  </td>
                  <td class="post-url">
                      <a href="https://drive.google.com/drive/folders/1JxmeedtAtgmoafXv9rroiDOS2vEX7N4b">
                          Link
                      </a>
                  </td>
              </tr>
    
        64)   <tr>
                  <td class="post-score">
                      128
                  </td>
                  <td class="post-title">
                      Tesla strike widens as Swedish union expands blockade
                  </td>
                  <td class="post-type">
                      story
                  </td>
                  <td class="post-time">
                      2023 Nov 04 23:30
                  </td>
                  <td class="post-url">
                      <a href="https://www.thelocal.se/20231103/tesla-strike-widens-as-swedish-union-expands-blockade">
                          Link
                      </a>
                  </td>
              </tr>
    
        65)   <tr>
                  <td class="post-score">
                      15
                  </td>
                  <td class="post-title">
                      R─ühui and the Art of Marine Conservation
                  </td>
                  <td class="post-type">
                      story
                  </td>
                  <td class="post-time">
                      2023 Nov 04 03:03
                  </td>
                  <td class="post-url">
                      <a href="https://hakaimagazine.com/features/rahui-and-the-art-of-marine-conservation/">
                          Link
                      </a>
                  </td>
              </tr>
    
        66)   <tr>
                  <td class="post-score">
                      81
                  </td>
                  <td class="post-title">
                      Large-scale violence in Late Neolithic Western Europe based on skeletal evidence
                  </td>
                  <td class="post-type">
                      story
                  </td>
                  <td class="post-time">
                      2023 Nov 04 02:56
                  </td>
                  <td class="post-url">
                      <a href="https://www.nature.com/articles/s41598-023-43026-9">
                          Link
                      </a>
                  </td>
              </tr>
    
        67)   <tr>
                  <td class="post-score">
                      224
                  </td>
                  <td class="post-title">
                      First observation of a virus attaching to another virus
                  </td>
                  <td class="post-type">
                      story
                  </td>
                  <td class="post-time">
                      2023 Nov 03 12:47
                  </td>
                  <td class="post-url">
                      <a href="https://umbc.edu/stories/first-observed-virus-attaching-to-another/">
                          Link
                      </a>
                  </td>
              </tr>
    
        68)   <tr>
                  <td class="post-score">
                      185
                  </td>
                  <td class="post-title">
                      KDE desktop cube effect returns
                  </td>
                  <td class="post-type">
                      story
                  </td>
                  <td class="post-time">
                      2023 Nov 04 14:13
                  </td>
                  <td class="post-url">
                      <a href="https://www.phoronix.com/news/KDE-Wayland-Color-Mgmt">
                          Link
                      </a>
                  </td>
              </tr>
    
        69)   <tr>
                  <td class="post-score">
                      49
                  </td>
                  <td class="post-title">
                      Searching for hidden silicon art on a microchip
                  </td>
                  <td class="post-type">
                      story
                  </td>
                  <td class="post-time">
                      2023 Nov 04 16:48
                  </td>
                  <td class="post-url">
                      <a href="https://twitter.com/microscopicture/status/1720837951238636018">
                          Link
                      </a>
                  </td>
              </tr>
    
        70)   <tr>
                  <td class="post-score">
                      19
                  </td>
                  <td class="post-title">
                      U.S. cities consider banning "right on red" laws amid rise in pedestrian deaths
                  </td>
                  <td class="post-type">
                      story
                  </td>
                  <td class="post-time">
                      2023 Nov 04 23:45
                  </td>
                  <td class="post-url">
                      <a href="https://www.cbsnews.com/news/pedestrian-deaths-right-on-red-ban/">
                          Link
                      </a>
                  </td>
              </tr>
    
        71)   <tr>
                  <td class="post-score">
                      195
                  </td>
                  <td class="post-title">
                      Paste without formatting on macOS
                  </td>
                  <td class="post-type">
                      story
                  </td>
                  <td class="post-time">
                      2023 Nov 04 14:31
                  </td>
                  <td class="post-url">
                      <a href="https://scottswezey.com/always-paste-without-formatting-macos/">
                          Link
                      </a>
                  </td>
              </tr>
    
        72)   <tr>
                  <td class="post-score">
                      1187
                  </td>
                  <td class="post-title">
                      Cosmopolitan Third Edition
                  </td>
                  <td class="post-type">
                      story
                  </td>
                  <td class="post-time">
                      2023 Nov 01 17:25
                  </td>
                  <td class="post-url">
                      <a href="https://justine.lol/cosmo3/">
                          Link
                      </a>
                  </td>
              </tr>
    
        73)   <tr>
                  <td class="post-score">
                      126
                  </td>
                  <td class="post-title">
                      Bibi-binary
                  </td>
                  <td class="post-type">
                      story
                  </td>
                  <td class="post-time">
                      2023 Nov 02 08:55
                  </td>
                  <td class="post-url">
                      <a href="https://en.wikipedia.org/wiki/Bibi-binary">
                          Link
                      </a>
                  </td>
              </tr>
    
        74)   <tr>
                  <td class="post-score">
                      57
                  </td>
                  <td class="post-title">
                      UK plans to redefine extremism to include undermining the country
                  </td>
                  <td class="post-type">
                      story
                  </td>
                  <td class="post-time">
                      2023 Nov 04 18:57
                  </td>
                  <td class="post-url">
                      <a href="https://www.theguardian.com/uk-news/2023/nov/04/plans-to-redefine-extremism-would-include-undermining-uk-values">
                          Link
                      </a>
                  </td>
              </tr>
    
        75)   <tr>
                  <td class="post-score">
                      453
                  </td>
                  <td class="post-title">
                      Light can make water evaporate without heat
                  </td>
                  <td class="post-type">
                      story
                  </td>
                  <td class="post-time">
                      2023 Nov 02 17:59
                  </td>
                  <td class="post-url">
                      <a href="https://news.mit.edu/2023/surprising-finding-light-makes-water-evaporate-without-heat-1031">
                          Link
                      </a>
                  </td>
              </tr>
    
        76)   <tr>
                  <td class="post-score">
                      13
                  </td>
                  <td class="post-title">
                      The Trust Principles
                  </td>
                  <td class="post-type">
                      story
                  </td>
                  <td class="post-time">
                      2023 Nov 04 14:32
                  </td>
                  <td class="post-url">
                      <a href="https://www.thomsonreuters.com/en/about-us/trust-principles.html">
                          Link
                      </a>
                  </td>
              </tr>
    
        77)   <tr>
                  <td class="post-score">
                      15
                  </td>
                  <td class="post-title">
                      Coding in Public: Help Battle Imposter Syndrome and Inspire Others
                  </td>
                  <td class="post-type">
                      story
                  </td>
                  <td class="post-time">
                      2023 Nov 04 11:58
                  </td>
                  <td class="post-url">
                      <a href="https://www.codingtemple.com/blog/coding-in-public-help-battle-imposter-syndrome-and-inspire-others/">
                          Link
                      </a>
                  </td>
              </tr>
    
        78)   <tr>
                  <td class="post-score">
                      257
                  </td>
                  <td class="post-title">
                      Software that supports your body should always respect your freedom
                  </td>
                  <td class="post-type">
                      story
                  </td>
                  <td class="post-time">
                      2023 Nov 04 17:26
                  </td>
                  <td class="post-url">
                      <a href="https://www.fsf.org/blogs/community/software-that-supports-your-body-should-always-respect-your-freedom">
                          Link
                      </a>
                  </td>
              </tr>
    
        79)   <tr>
                  <td class="post-score">
                      117
                  </td>
                  <td class="post-title">
                      Show HN: MicroLua ÔÇô Lua for the RP2040 Microcontroller
                  </td>
                  <td class="post-type">
                      story
                  </td>
                  <td class="post-time">
                      2023 Nov 03 18:45
                  </td>
                  <td class="post-url">
                      <a href="https://github.com/MicroLua/MicroLua">
                          Link
                      </a>
                  </td>
              </tr>
    
        80)   <tr>
                  <td class="post-score">
                      451
                  </td>
                  <td class="post-title">
                      Post Mortem on Cloudflare Control Plane and Analytics Outage
                  </td>
                  <td class="post-type">
                      story
                  </td>
                  <td class="post-time">
                      2023 Nov 04 06:20
                  </td>
                  <td class="post-url">
                      <a href="https://blog.cloudflare.com/post-mortem-on-cloudflare-control-plane-and-analytics-outage/">
                          Link
                      </a>
                  </td>
              </tr>
    
        81)   <tr>
                  <td class="post-score">
                      543
                  </td>
                  <td class="post-title">
                      Portugal. The Man ÔÇô Official Website Is a Google Sheets Document
                  </td>
                  <td class="post-type">
                      story
                  </td>
                  <td class="post-time">
                      2023 Nov 03 23:59
                  </td>
                  <td class="post-url">
                      <a href="https://www.portugaltheman.com/?frontpage=true">
                          Link
                      </a>
                  </td>
              </tr>
    
        82)   <tr>
                  <td class="post-score">
                      212
                  </td>
                  <td class="post-title">
                      M3 Macs: there's more to performance than counting cores
                  </td>
                  <td class="post-type">
                      story
                  </td>
                  <td class="post-time">
                      2023 Nov 03 07:59
                  </td>
                  <td class="post-url">
                      <a href="https://eclecticlight.co/2023/11/03/m3-macs-theres-more-to-performance-than-counting-cores/">
                          Link
                      </a>
                  </td>
              </tr>
    
        83)   <tr>
                  <td class="post-score">
                      43
                  </td>
                  <td class="post-title">
                      What is a Teddy Roosevelt presidential library doing in North Dakota?
                  </td>
                  <td class="post-type">
                      story
                  </td>
                  <td class="post-time">
                      2023 Nov 03 19:14
                  </td>
                  <td class="post-url">
                      <a href="https://www.nytimes.com/2023/10/27/arts/theodore-roosevelt-presidential-library.html">
                          Link
                      </a>
                  </td>
              </tr>
    
        84)   <tr>
                  <td class="post-score">
                      5
                  </td>
                  <td class="post-title">
                      You Are Not Late (2014)
                  </td>
                  <td class="post-type">
                      story
                  </td>
                  <td class="post-time">
                      2023 Nov 04 15:26
                  </td>
                  <td class="post-url">
                      <a href="https://kk.org/thetechnium/you-are-not-late/">
                          Link
                      </a>
                  </td>
              </tr>
    
        85)   <tr>
                  <td class="post-score">
                      156
                  </td>
                  <td class="post-title">
                      Shinzo Abe's Assassination
                  </td>
                  <td class="post-type">
                      story
                  </td>
                  <td class="post-time">
                      2023 Nov 04 13:07
                  </td>
                  <td class="post-url">
                      <a href="https://www.theatlantic.com/magazine/archive/2023/10/shinzo-abe-assassination-japan-unification-church-moonies/675114/">
                          Link
                      </a>
                  </td>
              </tr>
    
        86)   <tr>
                  <td class="post-score">
                      101
                  </td>
                  <td class="post-title">
                      Sometimes, it is a compiler bug (2022)
                  </td>
                  <td class="post-type">
                      story
                  </td>
                  <td class="post-time">
                      2023 Nov 04 03:46
                  </td>
                  <td class="post-url">
                      <a href="https://quick-lint-js.com/blog/bug-journey/">
                          Link
                      </a>
                  </td>
              </tr>
    
        87)   <tr>
                  <td class="post-score">
                      154
                  </td>
                  <td class="post-title">
                      Guide to Adopting AV1 Encoding
                  </td>
                  <td class="post-type">
                      story
                  </td>
                  <td class="post-time">
                      2023 Nov 03 15:17
                  </td>
                  <td class="post-url">
                      <a href="https://bitmovin.com/av1/av1-encoding-guide/">
                          Link
                      </a>
                  </td>
              </tr>
    
        88)   <tr>
                  <td class="post-score">
                      7
                  </td>
                  <td class="post-title">
                      Ask HN: Where do you get your health news?
                  </td>
                  <td class="post-type">
                      story
                  </td>
                  <td class="post-time">
                      2023 Nov 05 00:57
                  </td>
                  <td class="post-url">
                      N/A
                  </td>
              </tr>
    
        89)   <tr>
                  <td class="post-score">
                      37
                  </td>
                  <td class="post-title">
                      Mass producing the most expensive rice cooker [video]
                  </td>
                  <td class="post-type">
                      story
                  </td>
                  <td class="post-time">
                      2023 Nov 04 16:33
                  </td>
                  <td class="post-url">
                      <a href="https://www.youtube.com/watch?v=xLCwr8qG1p4">
                          Link
                      </a>
                  </td>
              </tr>
    
        90)   <tr>
                  <td class="post-score">
                      32
                  </td>
                  <td class="post-title">
                      Codec Royalties on Content and the Jaws Moment
                  </td>
                  <td class="post-type">
                      story
                  </td>
                  <td class="post-time">
                      2023 Nov 03 21:07
                  </td>
                  <td class="post-url">
                      <a href="https://streaminglearningcenter.com/codecs/codec-royalties-on-content.html">
                          Link
                      </a>
                  </td>
              </tr>
    
        91)   <tr>
                  <td class="post-score">
                      139
                  </td>
                  <td class="post-title">
                      Louis Armstrong's Last Word
                  </td>
                  <td class="post-type">
                      story
                  </td>
                  <td class="post-time">
                      2023 Nov 02 20:16
                  </td>
                  <td class="post-url">
                      <a href="https://www.thenation.com/article/culture/louis-armstrong-archive/">
                          Link
                      </a>
                  </td>
              </tr>
    
        92)   <tr>
                  <td class="post-score">
                      111
                  </td>
                  <td class="post-title">
                      The Sega Hitachi HiSaturn Navi Console
                  </td>
                  <td class="post-type">
                      story
                  </td>
                  <td class="post-time">
                      2023 Nov 03 22:43
                  </td>
                  <td class="post-url">
                      <a href="https://nfggames.com/games/hisaturn/">
                          Link
                      </a>
                  </td>
              </tr>
    
        93)   <tr>
                  <td class="post-score">
                      124
                  </td>
                  <td class="post-title">
                      My experience taking Tesla to court about FSD
                  </td>
                  <td class="post-type">
                      story
                  </td>
                  <td class="post-time">
                      2023 Nov 05 00:23
                  </td>
                  <td class="post-url">
                      <a href="https://teslamotorsclub.com/tmc/threads/my-experience-taking-tesla-to-court-about-fsd.315086/">
                          Link
                      </a>
                  </td>
              </tr>
    
        94)   <tr>
                  <td class="post-score">
                      179
                  </td>
                  <td class="post-title">
                      Pix2tex: Using a ViT to convert images of equations into LaTeX code
                  </td>
                  <td class="post-type">
                      story
                  </td>
                  <td class="post-time">
                      2023 Nov 03 10:17
                  </td>
                  <td class="post-url">
                      <a href="https://github.com/lukas-blecher/LaTeX-OCR">
                          Link
                      </a>
                  </td>
              </tr>
    
        95)   <tr>
                  <td class="post-score">
                      470
                  </td>
                  <td class="post-title">
                      Talk-Llama
                  </td>
                  <td class="post-type">
                      story
                  </td>
                  <td class="post-time">
                      2023 Nov 02 07:32
                  </td>
                  <td class="post-url">
                      <a href="https://github.com/ggerganov/whisper.cpp/tree/master/examples/talk-llama">
                          Link
                      </a>
                  </td>
              </tr>
    
        96)   <tr>
                  <td class="post-score">
                      145
                  </td>
                  <td class="post-title">
                      Cooperative C++ Evolution ÔÇô Toward a TypeScript for C++
                  </td>
                  <td class="post-type">
                      story
                  </td>
                  <td class="post-time">
                      2023 Nov 04 13:30
                  </td>
                  <td class="post-url">
                      <a href="https://herbsutter.com/2023/10/09/my-new-cppcon-talk-is-on-youtube-cooperative-c-evolution-toward-a-typescript-for-c/">
                          Link
                      </a>
                  </td>
              </tr>
    
        97)   <tr>
                  <td class="post-score">
                      35
                  </td>
                  <td class="post-title">
                      The StahlDream
                  </td>
                  <td class="post-type">
                      story
                  </td>
                  <td class="post-time">
                      2023 Nov 04 01:18
                  </td>
                  <td class="post-url">
                      <a href="https://remexre.com/stahl/dream">
                          Link
                      </a>
                  </td>
              </tr>
    
        98)   <tr>
                  <td class="post-score">
                      112
                  </td>
                  <td class="post-title">
                      Frink is a programming language designed to make physical calculations simple
                  </td>
                  <td class="post-type">
                      story
                  </td>
                  <td class="post-time">
                      2023 Nov 03 06:36
                  </td>
                  <td class="post-url">
                      <a href="https://frinklang.org/">
                          Link
                      </a>
                  </td>
              </tr>
    
        99)   <tr>
                  <td class="post-score">
                      38
                  </td>
                  <td class="post-title">
                      SBF Is Headed to Prison but FTX Will Haunt the Crypto Community for Years
                  </td>
                  <td class="post-type">
                      story
                  </td>
                  <td class="post-time">
                      2023 Nov 05 01:59
                  </td>
                  <td class="post-url">
                      <a href="https://gizmodo.com/ftx-fbi-sam-bankman-fried-cryptocurrency-data-1850990825">
                          Link
                      </a>
                  </td>
              </tr>
    
        100)  <tr>
                  <td class="post-score">
                      59
                  </td>
                  <td class="post-title">
                      Yorick is an interpreted programming language for scientific simulations
                  </td>
                  <td class="post-type">
                      story
                  </td>
                  <td class="post-time">
                      2023 Nov 03 21:00
                  </td>
                  <td class="post-url">
                      <a href="https://yorick.sourceforge.net/">
                          Link
                      </a>
                  </td>
              </tr>
    
        101)  <tr>
                  <td class="post-score">
                      149
                  </td>
                  <td class="post-title">
                      Starfish bodies arenÔÇÖt bodies at all, study finds
                  </td>
                  <td class="post-type">
                      story
                  </td>
                  <td class="post-time">
                      2023 Nov 04 13:54
                  </td>
                  <td class="post-url">
                      <a href="https://www.cnn.com/2023/11/02/world/starfish-head-body-plan-scn/index.html">
                          Link
                      </a>
                  </td>
              </tr>
    
        102)  <tr>
                  <td class="post-score">
                      7
                  </td>
                  <td class="post-title">
                      SFML 2.6.1
                  </td>
                  <td class="post-type">
                      story
                  </td>
                  <td class="post-time">
                      2023 Nov 04 21:24
                  </td>
                  <td class="post-url">
                      <a href="https://github.com/SFML/SFML/releases/tag/2.6.1">
                          Link
                      </a>
                  </td>
              </tr>
    
        103)  <tr>
                  <td class="post-score">
                      21
                  </td>
                  <td class="post-title">
                      Running Mod_Perl with Mojolicious in Docker
                  </td>
                  <td class="post-type">
                      story
                  </td>
                  <td class="post-time">
                      2023 Nov 03 23:02
                  </td>
                  <td class="post-url">
                      <a href="https://rawley.xyz/docker-mod-perl.html">
                          Link
                      </a>
                  </td>
              </tr>
    
        104)  <tr>
                  <td class="post-score">
                      67
                  </td>
                  <td class="post-title">
                      The Great Inflation
                  </td>
                  <td class="post-type">
                      story
                  </td>
                  <td class="post-time">
                      2023 Nov 04 14:42
                  </td>
                  <td class="post-url">
                      <a href="https://www.federalreservehistory.org/essays/great-inflation">
                          Link
                      </a>
                  </td>
              </tr>
    
        105)  <tr>
                  <td class="post-score">
                      174
                  </td>
                  <td class="post-title">
                      MetNet-3: A state-of-the-art neural weather model
                  </td>
                  <td class="post-type">
                      story
                  </td>
                  <td class="post-time">
                      2023 Nov 03 00:34
                  </td>
                  <td class="post-url">
                      <a href="https://blog.research.google/2023/11/metnet-3-state-of-art-neural-weather.html?m=1">
                          Link
                      </a>
                  </td>
              </tr>
    
        106)  <tr>
                  <td class="post-score">
                      264
                  </td>
                  <td class="post-title">
                      From S3 to R2: An economic opportunity
                  </td>
                  <td class="post-type">
                      story
                  </td>
                  <td class="post-time">
                      2023 Nov 02 19:15
                  </td>
                  <td class="post-url">
                      <a href="https://dansdatathoughts.substack.com/p/from-s3-to-r2-an-economic-opportunity">
                          Link
                      </a>
                  </td>
              </tr>
    
        107)  <tr>
                  <td class="post-score">
                      481
                  </td>
                  <td class="post-title">
                      Ask HN: Who is hiring? (November 2023)
                  </td>
                  <td class="post-type">
                      story
                  </td>
                  <td class="post-time">
                      2023 Nov 01 15:00
                  </td>
                  <td class="post-url">
                      N/A
                  </td>
              </tr>
    
        108)  <tr>
                  <td class="post-score">
                      208
                  </td>
                  <td class="post-title">
                      Course using F#: Write your own tiny programming system(s)
                  </td>
                  <td class="post-type">
                      story
                  </td>
                  <td class="post-time">
                      2023 Nov 02 21:41
                  </td>
                  <td class="post-url">
                      <a href="https://d3s.mff.cuni.cz/teaching/nprg077/">
                          Link
                      </a>
                  </td>
              </tr>
    
        109)  <tr>
                  <td class="post-score">
                      11
                  </td>
                  <td class="post-title">
                      Astra, low on cash, defaults on loan
                  </td>
                  <td class="post-type">
                      story
                  </td>
                  <td class="post-time">
                      2023 Nov 04 20:16
                  </td>
                  <td class="post-url">
                      <a href="https://spacenews.com/astra-low-on-cash-defaults-on-loan/">
                          Link
                      </a>
                  </td>
              </tr>
    
        110)  <tr>
                  <td class="post-score">
                      204
                  </td>
                  <td class="post-title">
                      Maersk to cut 10k jobs as shipping demand drops
                  </td>
                  <td class="post-type">
                      story
                  </td>
                  <td class="post-time">
                      2023 Nov 04 04:39
                  </td>
                  <td class="post-url">
                      <a href="https://www.reuters.com/business/shipping-giant-maersk-q3-above-expectation-sees-fy-lower-end-range-2023-11-03/">
                          Link
                      </a>
                  </td>
              </tr>
    
        111)  <tr>
                  <td class="post-score">
                      52
                  </td>
                  <td class="post-title">
                      Welcome to the New GamersNexus Website v5.0: A Message
                  </td>
                  <td class="post-type">
                      story
                  </td>
                  <td class="post-time">
                      2023 Nov 04 21:16
                  </td>
                  <td class="post-url">
                      <a href="https://gamersnexus.net/gn-extras/welcome-new-gamersnexus-website-v50-message">
                          Link
                      </a>
                  </td>
              </tr>
    
        112)  <tr>
                  <td class="post-score">
                      252
                  </td>
                  <td class="post-title">
                      How to stop adulterated turmeric from killing people
                  </td>
                  <td class="post-type">
                      story
                  </td>
                  <td class="post-time">
                      2023 Nov 04 07:59
                  </td>
                  <td class="post-url">
                      <a href="https://www.economist.com/leaders/2023/11/02/how-to-stop-turmeric-from-killing-people">
                          Link
                      </a>
                  </td>
              </tr>
    
        113)  <tr>
                  <td class="post-score">
                      38
                  </td>
                  <td class="post-title">
                      The Miracle of Photography
                  </td>
                  <td class="post-type">
                      story
                  </td>
                  <td class="post-time">
                      2023 Nov 03 17:46
                  </td>
                  <td class="post-url">
                      <a href="https://themillions.com/2023/11/the-miracle-of-photography.html">
                          Link
                      </a>
                  </td>
              </tr>
    
        114)  <tr>
                  <td class="post-score">
                      71
                  </td>
                  <td class="post-title">
                      Edison Bulb Night Mode
                  </td>
                  <td class="post-type">
                      story
                  </td>
                  <td class="post-time">
                      2023 Nov 03 22:29
                  </td>
                  <td class="post-url">
                      <a href="https://www.petemillspaugh.com/edison-bulb">
                          Link
                      </a>
                  </td>
              </tr>
    
        115)  <tr>
                  <td class="post-score">
                      155
                  </td>
                  <td class="post-title">
                      RegEx Crossword (2013)
                  </td>
                  <td class="post-type">
                      story
                  </td>
                  <td class="post-time">
                      2023 Nov 02 10:30
                  </td>
                  <td class="post-url">
                      <a href="https://jimbly.github.io/regex-crossword/">
                          Link
                      </a>
                  </td>
              </tr>
    
        116)  <tr>
                  <td class="post-score">
                      65
                  </td>
                  <td class="post-title">
                      CPU-Z's Inadequate Benchmark
                  </td>
                  <td class="post-type">
                      story
                  </td>
                  <td class="post-time">
                      2023 Nov 04 00:27
                  </td>
                  <td class="post-url">
                      <a href="https://chipsandcheese.com/2023/11/03/cpu-zs-inadequate-benchmark/">
                          Link
                      </a>
                  </td>
              </tr>
    
        117)  <tr>
                  <td class="post-score">
                      29
                  </td>
                  <td class="post-title">
                      DEA Launches Crack Down on San Francisco Fentanyl Dealing
                  </td>
                  <td class="post-type">
                      story
                  </td>
                  <td class="post-time">
                      2023 Nov 04 23:44
                  </td>
                  <td class="post-url">
                      <a href="https://abc7news.com/sf-fentanyl-drug-dealers-all-hands-of-deck-operation-sfpd/14006658/">
                          Link
                      </a>
                  </td>
              </tr>
    
        118)  <tr>
                  <td class="post-score">
                      205
                  </td>
                  <td class="post-title">
                      Uranium demand hits decade high as nuclear renaissance gains traction
                  </td>
                  <td class="post-type">
                      story
                  </td>
                  <td class="post-time">
                      2023 Nov 04 00:11
                  </td>
                  <td class="post-url">
                      <a href="https://oilprice.com/The-Environment/Global-Warming/Uranium-Demand-Hits-Decade-High-As-Nuclear-Renaissance-Gains-Traction.html">
                          Link
                      </a>
                  </td>
              </tr>
    
        119)  <tr>
                  <td class="post-score">
                      56
                  </td>
                  <td class="post-title">
                      Accelerating digital block design with Google's open source Mid-Level Synthesis
                  </td>
                  <td class="post-type">
                      story
                  </td>
                  <td class="post-time">
                      2023 Nov 03 19:53
                  </td>
                  <td class="post-url">
                      <a href="https://antmicro.com/blog/2023/09/accelerating-digital-block-design-with-googles-xls/">
                          Link
                      </a>
                  </td>
              </tr>
    
        120)  <tr>
                  <td class="post-score">
                      26
                  </td>
                  <td class="post-title">
                      Show HN: Cami.js ÔÇô A No Build, Web Component Based Reactive Framework
                  </td>
                  <td class="post-type">
                      story
                  </td>
                  <td class="post-time">
                      2023 Nov 04 18:33
                  </td>
                  <td class="post-url">
                      <a href="https://github.com/kennyfrc/cami.js">
                          Link
                      </a>
                  </td>
              </tr>
    
        121)  <tr>
                  <td class="post-score">
                      177
                  </td>
                  <td class="post-title">
                      Why You Should Write Your Own Static Site Generator
                  </td>
                  <td class="post-type">
                      story
                  </td>
                  <td class="post-time">
                      2023 Nov 03 09:10
                  </td>
                  <td class="post-url">
                      <a href="https://arne.me/articles/write-your-own-ssg">
                          Link
                      </a>
                  </td>
              </tr>
    
        122)  <tr>
                  <td class="post-score">
                      12
                  </td>
                  <td class="post-title">
                      GiNaC: Open framework for symbolic computation within C++ programming language
                  </td>
                  <td class="post-type">
                      story
                  </td>
                  <td class="post-time">
                      2023 Nov 04 03:25
                  </td>
                  <td class="post-url">
                      <a href="https://www.ginac.de/tutorial/">
                          Link
                      </a>
                  </td>
              </tr>
    
        123)  <tr>
                  <td class="post-score">
                      39
                  </td>
                  <td class="post-title">
                      Liblinux ÔÇô architecture-independent access to Linux system calls
                  </td>
                  <td class="post-type">
                      story
                  </td>
                  <td class="post-time">
                      2023 Nov 03 08:47
                  </td>
                  <td class="post-url">
                      <a href="https://github.com/matheusmoreira/liblinux">
                          Link
                      </a>
                  </td>
              </tr>
    
        124)  <tr>
                  <td class="post-score">
                      111
                  </td>
                  <td class="post-title">
                      Enable ARMv9 Memory Tagging Extension (MTE) on Pixel 8
                  </td>
                  <td class="post-type">
                      story
                  </td>
                  <td class="post-time">
                      2023 Nov 03 06:55
                  </td>
                  <td class="post-url">
                      <a href="https://outflux.net/blog/archives/2023/10/26/enable-mte-on-pixel-8/">
                          Link
                      </a>
                  </td>
              </tr>
    
        125)  <tr>
                  <td class="post-score">
                      56
                  </td>
                  <td class="post-title">
                      Why is RC Cola popular in Tajikistan?
                  </td>
                  <td class="post-type">
                      story
                  </td>
                  <td class="post-time">
                      2023 Nov 03 20:07
                  </td>
                  <td class="post-url">
                      <a href="https://www.snackstack.net/p/why-is-rc-cola-popular-in-tajikistan">
                          Link
                      </a>
                  </td>
              </tr>
    
        126)  <tr>
                  <td class="post-score">
                      7
                  </td>
                  <td class="post-title">
                      Show HN: I started building yet another CSS framework
                  </td>
                  <td class="post-type">
                      story
                  </td>
                  <td class="post-time">
                      2023 Nov 04 08:55
                  </td>
                  <td class="post-url">
                      <a href="https://eternityforest.github.io/barrel.css/">
                          Link
                      </a>
                  </td>
              </tr>
    
        127)  <tr>
                  <td class="post-score">
                      85
                  </td>
                  <td class="post-title">
                      How to help someone use a computer (1996)
                  </td>
                  <td class="post-type">
                      story
                  </td>
                  <td class="post-time">
                      2023 Nov 03 08:46
                  </td>
                  <td class="post-url">
                      <a href="https://pages.gseis.ucla.edu/faculty/agre/how-to-help.html">
                          Link
                      </a>
                  </td>
              </tr>
    
        128)  <tr>
                  <td class="post-score">
                      193
                  </td>
                  <td class="post-title">
                      Is there anywhere in the world someone can just live for free?
                  </td>
                  <td class="post-type">
                      story
                  </td>
                  <td class="post-time">
                      2023 Nov 04 08:57
                  </td>
                  <td class="post-url">
                      <a href="https://reddit.com/r/NoStupidQuestions/comments/17mvukd/is_there_anywhere_in_the_world_someone_can_just/">
                          Link
                      </a>
                  </td>
              </tr>
    
        129)  <tr>
                  <td class="post-score">
                      84
                  </td>
                  <td class="post-title">
                      First Handset with MTE on the Market
                  </td>
                  <td class="post-type">
                      story
                  </td>
                  <td class="post-time">
                      2023 Nov 03 22:03
                  </td>
                  <td class="post-url">
                      <a href="https://googleprojectzero.blogspot.com/2023/11/first-handset-with-mte-on-market.html">
                          Link
                      </a>
                  </td>
              </tr>
    
        130)  <tr>
                  <td class="post-score">
                      59
                  </td>
                  <td class="post-title">
                      Cats Make Nearly 300 Different Facial Expressions
                  </td>
                  <td class="post-type">
                      story
                  </td>
                  <td class="post-time">
                      2023 Nov 04 21:38
                  </td>
                  <td class="post-url">
                      <a href="https://www.smithsonianmag.com/smart-news/cats-make-nearly-300-different-facial-expressions-180983185/">
                          Link
                      </a>
                  </td>
              </tr>
    
        131)  <tr>
                  <td class="post-score">
                      147
                  </td>
                  <td class="post-title">
                      Email.radio ÔÇô Free Email Domain for Licensed Ham Radio Operators
                  </td>
                  <td class="post-type">
                      story
                  </td>
                  <td class="post-time">
                      2023 Nov 03 02:10
                  </td>
                  <td class="post-url">
                      <a href="https://email.radio/">
                          Link
                      </a>
                  </td>
              </tr>
    
        132)  <tr>
                  <td class="post-score">
                      666
                  </td>
                  <td class="post-title">
                      macOS Sonoma Boot Failures
                  </td>
                  <td class="post-type">
                      story
                  </td>
                  <td class="post-time">
                      2023 Oct 31 18:33
                  </td>
                  <td class="post-url">
                      <a href="https://github.com/AsahiLinux/docs/wiki/macOS-Sonoma-Boot-Failures">
                          Link
                      </a>
                  </td>
              </tr>
    
        133)  <tr>
                  <td class="post-score">
                      98
                  </td>
                  <td class="post-title">
                      Telnet BBS Guide
                  </td>
                  <td class="post-type">
                      story
                  </td>
                  <td class="post-time">
                      2023 Nov 03 23:29
                  </td>
                  <td class="post-url">
                      <a href="https://www.telnetbbsguide.com/">
                          Link
                      </a>
                  </td>
              </tr>
    
        134)  <tr>
                  <td class="post-score">
                      69
                  </td>
                  <td class="post-title">
                      Discord will switch to temporary file links to block malware delivery
                  </td>
                  <td class="post-type">
                      story
                  </td>
                  <td class="post-time">
                      2023 Nov 04 19:11
                  </td>
                  <td class="post-url">
                      <a href="https://www.bleepingcomputer.com/news/security/discord-will-switch-to-temporary-file-links-to-block-malware-delivery/">
                          Link
                      </a>
                  </td>
              </tr>
    
        135)  <tr>
                  <td class="post-score">
                      201
                  </td>
                  <td class="post-title">
                      Podman Desktop v1.5 with Compose onboarding and enhanced Kubernetes pod data
                  </td>
                  <td class="post-type">
                      story
                  </td>
                  <td class="post-time">
                      2023 Nov 03 19:39
                  </td>
                  <td class="post-url">
                      <a href="https://podman-desktop.io/blog/podman-desktop-release-1.5">
                          Link
                      </a>
                  </td>
              </tr>
    
        136)  <tr>
                  <td class="post-score">
                      199
                  </td>
                  <td class="post-title">
                      Okta hit by third-party breach, stealing employee data
                  </td>
                  <td class="post-type">
                      story
                  </td>
                  <td class="post-time">
                      2023 Nov 03 16:15
                  </td>
                  <td class="post-url">
                      <a href="https://arstechnica.com/security/2023/11/okta-hit-by-another-breach-this-one-stealing-employee-data-from-3rd-party-vendor/">
                          Link
                      </a>
                  </td>
              </tr>
    
        137)  <tr>
                  <td class="post-score">
                      124
                  </td>
                  <td class="post-title">
                      If you plant milkweed, they will come
                  </td>
                  <td class="post-type">
                      story
                  </td>
                  <td class="post-time">
                      2023 Nov 03 00:21
                  </td>
                  <td class="post-url">
                      <a href="https://www.nytimes.com/2023/10/25/realestate/gardening-milkweed-plants-butterflies.html">
                          Link
                      </a>
                  </td>
              </tr>
    
        138)  <tr>
                  <td class="post-score">
                      31
                  </td>
                  <td class="post-title">
                      Things I like about Zig as a Go Programmer
                  </td>
                  <td class="post-type">
                      story
                  </td>
                  <td class="post-time">
                      2023 Nov 04 16:38
                  </td>
                  <td class="post-url">
                      <a href="https://medium.com/@vladimirvivien/things-i-like-about-zig-as-a-go-programmer-75eb02aab00f">
                          Link
                      </a>
                  </td>
              </tr>
    
        139)  <tr>
                  <td class="post-score">
                      9
                  </td>
                  <td class="post-title">
                      Upgrading my Chumby 8 kernel part 7: touchscreen
                  </td>
                  <td class="post-type">
                      story
                  </td>
                  <td class="post-time">
                      2023 Nov 03 23:57
                  </td>
                  <td class="post-url">
                      <a href="https://www.downtowndougbrown.com/2023/11/upgrading-my-chumby-8-kernel-part-7-touchscreen/">
                          Link
                      </a>
                  </td>
              </tr>
    
        140)  <tr>
                  <td class="post-score">
                      114
                  </td>
                  <td class="post-title">
                      Embracing community helps us live longer, and be happier (2017)
                  </td>
                  <td class="post-type">
                      story
                  </td>
                  <td class="post-time">
                      2023 Nov 03 19:58
                  </td>
                  <td class="post-url">
                      <a href="https://news.harvard.edu/gazette/story/2017/04/over-nearly-80-years-harvard-study-has-been-showing-how-to-live-a-healthy-and-happy-life/">
                          Link
                      </a>
                  </td>
              </tr>
    
        141)  <tr>
                  <td class="post-score">
                      221
                  </td>
                  <td class="post-title">
                      Joint statement of scientists and NGOs on the EUÔÇÖs proposed eIDAS reform
                  </td>
                  <td class="post-type">
                      story
                  </td>
                  <td class="post-time">
                      2023 Nov 03 11:08
                  </td>
                  <td class="post-url">
                      <a href="https://eidas-open-letter.org/">
                          Link
                      </a>
                  </td>
              </tr>
    
        142)  <tr>
                  <td class="post-score">
                      3
                  </td>
                  <td class="post-title">
                      A guide to home row mods with QMK
                  </td>
                  <td class="post-type">
                      story
                  </td>
                  <td class="post-time">
                      2023 Nov 04 11:21
                  </td>
                  <td class="post-url">
                      <a href="https://precondition.github.io/home-row-mods">
                          Link
                      </a>
                  </td>
              </tr>
    
        143)  <tr>
                  <td class="post-score">
                      14
                  </td>
                  <td class="post-title">
                      Geospatial Technology Radar 2023
                  </td>
                  <td class="post-type">
                      story
                  </td>
                  <td class="post-time">
                      2023 Nov 03 20:03
                  </td>
                  <td class="post-url">
                      <a href="https://element84.com/geospatial-tech-radar-23">
                          Link
                      </a>
                  </td>
              </tr>
    
        144)  <tr>
                  <td class="post-score">
                      49
                  </td>
                  <td class="post-title">
                      HBO CEO Confesses to Trolling Critics with Fake Tweets: Rolling Stone
                  </td>
                  <td class="post-type">
                      story
                  </td>
                  <td class="post-time">
                      2023 Nov 04 06:19
                  </td>
                  <td class="post-url">
                      <a href="https://www.rollingstone.com/tv-movies/tv-movie-news/hbo-ceo-casey-bloys-confesses-trolling-critics-fake-twitter-accounts-dumb-idea-1234868710/">
                          Link
                      </a>
                  </td>
              </tr>
    
        145)  <tr>
                  <td class="post-score">
                      124
                  </td>
                  <td class="post-title">
                      Ken Mattingly, astronaut scrubbed from Apollo 13, has died
                  </td>
                  <td class="post-type">
                      story
                  </td>
                  <td class="post-time">
                      2023 Nov 03 05:48
                  </td>
                  <td class="post-url">
                      <a href="https://www.nytimes.com/2023/11/02/science/space/ken-mattingly-dead.html">
                          Link
                      </a>
                  </td>
              </tr>
    
        146)  <tr>
                  <td class="post-score">
                      146
                  </td>
                  <td class="post-title">
                      How big data carried graph theory into new dimensions
                  </td>
                  <td class="post-type">
                      story
                  </td>
                  <td class="post-time">
                      2023 Nov 02 21:33
                  </td>
                  <td class="post-url">
                      <a href="https://www.quantamagazine.org/how-big-data-carried-graph-theory-into-new-dimensions-20210819/">
                          Link
                      </a>
                  </td>
              </tr>
    
        147)  <tr>
                  <td class="post-score">
                      235
                  </td>
                  <td class="post-title">
                      Lemming Suicide Myth: Disney Film Faked Bogus Behavior
                  </td>
                  <td class="post-type">
                      story
                  </td>
                  <td class="post-time">
                      2023 Nov 01 22:47
                  </td>
                  <td class="post-url">
                      <a href="https://www.adfg.alaska.gov/index.cfm?adfg=wildlifenews.view_article&articles_id=56">
                          Link
                      </a>
                  </td>
              </tr>
    
        148)  <tr>
                  <td class="post-score">
                      22
                  </td>
                  <td class="post-title">
                      The Future of RSS Is Textcasting
                  </td>
                  <td class="post-type">
                      story
                  </td>
                  <td class="post-time">
                      2023 Nov 03 19:11
                  </td>
                  <td class="post-url">
                      <a href="https://kottke.org/23/11/the-future-of-rss-is-textcasting-1">
                          Link
                      </a>
                  </td>
              </tr>
    
        149)  <tr>
                  <td class="post-score">
                      113
                  </td>
                  <td class="post-title">
                      Auto industry executives admit electric vehicle plans are in jeopardy
                  </td>
                  <td class="post-type">
                      story
                  </td>
                  <td class="post-time">
                      2023 Nov 02 22:26
                  </td>
                  <td class="post-url">
                      <a href="https://www.businessinsider.com/auto-executives-coming-clean-evs-arent-working-2023-10">
                          Link
                      </a>
                  </td>
              </tr>
    
        150)  <tr>
                  <td class="post-score">
                      591
                  </td>
                  <td class="post-title">
                      Confusing Git Terminology
                  </td>
                  <td class="post-type">
                      story
                  </td>
                  <td class="post-time">
                      2023 Nov 02 13:05
                  </td>
                  <td class="post-url">
                      <a href="https://jvns.ca/blog/2023/11/01/confusing-git-terminology/">
                          Link
                      </a>
                  </td>
              </tr>
    
        151)  <tr>
                  <td class="post-score">
                      645
                  </td>
                  <td class="post-title">
                      Copying Angry Birds with nothing but AI
                  </td>
                  <td class="post-type">
                      story
                  </td>
                  <td class="post-time">
                      2023 Oct 31 18:27
                  </td>
                  <td class="post-url">
                      <a href="https://twitter.com/javilopen/status/1719363262179938401">
                          Link
                      </a>
                  </td>
              </tr>
    
        152)  <tr>
                  <td class="post-score">
                      146
                  </td>
                  <td class="post-title">
                      Hyphens, minus, and dashes in Debian man pages
                  </td>
                  <td class="post-type">
                      story
                  </td>
                  <td class="post-time">
                      2023 Nov 02 23:13
                  </td>
                  <td class="post-url">
                      <a href="https://lwn.net/Articles/947941/">
                          Link
                      </a>
                  </td>
              </tr>
    
        153)  <tr>
                  <td class="post-score">
                      91
                  </td>
                  <td class="post-title">
                      The Anthropogenic Salt Cycle
                  </td>
                  <td class="post-type">
                      story
                  </td>
                  <td class="post-time">
                      2023 Nov 03 12:21
                  </td>
                  <td class="post-url">
                      <a href="https://www.nature.com/articles/s43017-023-00485-y">
                          Link
                      </a>
                  </td>
              </tr>
    
        154)  <tr>
                  <td class="post-score">
                      117
                  </td>
                  <td class="post-title">
                      When to Shut Up: A Visual Guide (With Included Algorithm)
                  </td>
                  <td class="post-type">
                      story
                  </td>
                  <td class="post-time">
                      2023 Nov 04 12:24
                  </td>
                  <td class="post-url">
                      <a href="https://shaungallagher.pressbin.com/blog/shut-up.html">
                          Link
                      </a>
                  </td>
              </tr>
    
        155)  <tr>
                  <td class="post-score">
                      297
                  </td>
                  <td class="post-title">
                      macOS Sonoma Broke Grep
                  </td>
                  <td class="post-type">
                      story
                  </td>
                  <td class="post-time">
                      2023 Nov 01 20:24
                  </td>
                  <td class="post-url">
                      <a href="https://developer.apple.com/forums/thread/738862">
                          Link
                      </a>
                  </td>
              </tr>
    
        156)  <tr>
                  <td class="post-score">
                      335
                  </td>
                  <td class="post-title">
                      How Bear does analytics with CSS
                  </td>
                  <td class="post-type">
                      story
                  </td>
                  <td class="post-time">
                      2023 Nov 01 08:08
                  </td>
                  <td class="post-url">
                      <a href="https://herman.bearblog.dev/how-bear-does-analytics-with-css/">
                          Link
                      </a>
                  </td>
              </tr>
    
        157)  <tr>
                  <td class="post-score">
                      87
                  </td>
                  <td class="post-title">
                      Everything We Know About 1970s Mainframe RPGs We Can No Longer Play
                  </td>
                  <td class="post-type">
                      story
                  </td>
                  <td class="post-time">
                      2023 Nov 02 22:31
                  </td>
                  <td class="post-url">
                      <a href="http://crpgaddict.blogspot.com/2021/06/brief-everything-we-know-about-1970s.html">
                          Link
                      </a>
                  </td>
              </tr>
    
        158)  <tr>
                  <td class="post-score">
                      200
                  </td>
                  <td class="post-title">
                      The business of extracting knowledge from academic publications
                  </td>
                  <td class="post-type">
                      story
                  </td>
                  <td class="post-time">
                      2023 Nov 01 21:52
                  </td>
                  <td class="post-url">
                      <a href="https://www.theseedsofscience.pub/p/the-business-of-extracting-knowledge">
                          Link
                      </a>
                  </td>
              </tr>
    
        159)  <tr>
                  <td class="post-score">
                      244
                  </td>
                  <td class="post-title">
                      Window-swap ÔÇô open a new window somewhere in the world
                  </td>
                  <td class="post-type">
                      story
                  </td>
                  <td class="post-time">
                      2023 Nov 02 01:16
                  </td>
                  <td class="post-url">
                      <a href="https://www.window-swap.com/">
                          Link
                      </a>
                  </td>
              </tr>
    
        160)  <tr>
                  <td class="post-score">
                      80
                  </td>
                  <td class="post-title">
                      AMD Unveils Ryzen Mobile 7040U Series with Zen 4c Efficiency Cores
                  </td>
                  <td class="post-type">
                      story
                  </td>
                  <td class="post-time">
                      2023 Nov 03 10:52
                  </td>
                  <td class="post-url">
                      <a href="https://www.anandtech.com/show/21111/amd-unveils-ryzen-7040u-series-with-zen-4c-smaller-cores-bigger-efficiency">
                          Link
                      </a>
                  </td>
              </tr>
    
        161)  <tr>
                  <td class="post-score">
                      231
                  </td>
                  <td class="post-title">
                      YouTube's plan backfires, people are installing better ad blockers
                  </td>
                  <td class="post-type">
                      story
                  </td>
                  <td class="post-time">
                      2023 Nov 04 03:34
                  </td>
                  <td class="post-url">
                      <a href="https://www.androidauthority.com/youtube-ad-block-installs-3382289/">
                          Link
                      </a>
                  </td>
              </tr>
    
        162)  <tr>
                  <td class="post-score">
                      56
                  </td>
                  <td class="post-title">
                      A carbohydrate revolution is speeding up pro cycling
                  </td>
                  <td class="post-type">
                      story
                  </td>
                  <td class="post-time">
                      2023 Nov 04 15:56
                  </td>
                  <td class="post-url">
                      <a href="https://velo.outsideonline.com/road/road-training/a-massive-change-how-a-carbohydrate-revolution-is-speeding-up-pro-cycling/">
                          Link
                      </a>
                  </td>
              </tr>
    
        163)  <tr>
                  <td class="post-score">
                      30
                  </td>
                  <td class="post-title">
                      Intel's CEO Admits to and Details the Company's Three Biggest Mistakes
                  </td>
                  <td class="post-type">
                      story
                  </td>
                  <td class="post-time">
                      2023 Nov 04 07:28
                  </td>
                  <td class="post-url">
                      <a href="https://www.tomshardware.com/pc-components/gpus/intels-ceo-admits-to-and-details-companies-three-biggest-mistakes">
                          Link
                      </a>
                  </td>
              </tr>
    
        164)  <tr>
                  <td class="post-score">
                      89
                  </td>
                  <td class="post-title">
                      GM's Cruise alleged to rely on human operators to achieve "autonomous" driving
                  </td>
                  <td class="post-type">
                      story
                  </td>
                  <td class="post-time">
                      2023 Nov 04 20:59
                  </td>
                  <td class="post-url">
                      <a href="https://www.nytimes.com/2023/11/03/technology/cruise-general-motors-self-driving-cars.html">
                          Link
                      </a>
                  </td>
              </tr>
    
        165)  <tr>
                  <td class="post-score">
                      674
                  </td>
                  <td class="post-title">
                      I trapped scammers in an impossible maze [video]
                  </td>
                  <td class="post-type">
                      story
                  </td>
                  <td class="post-time">
                      2023 Nov 03 15:38
                  </td>
                  <td class="post-url">
                      <a href="https://www.youtube.com/watch?v=dWzz3NeDz3E">
                          Link
                      </a>
                  </td>
              </tr>
    
        166)  <tr>
                  <td class="post-score">
                      64
                  </td>
                  <td class="post-title">
                      999 Request Denied
                  </td>
                  <td class="post-type">
                      story
                  </td>
                  <td class="post-time">
                      2023 Nov 03 11:25
                  </td>
                  <td class="post-url">
                      <a href="https://http.dev/999">
                          Link
                      </a>
                  </td>
              </tr>
    
        167)  <tr>
                  <td class="post-score">
                      537
                  </td>
                  <td class="post-title">
                      Last Chance to fix eIDAS: Secret EU law threatens Internet security
                  </td>
                  <td class="post-type">
                      story
                  </td>
                  <td class="post-time">
                      2023 Nov 02 05:57
                  </td>
                  <td class="post-url">
                      <a href="https://last-chance-for-eidas.org/">
                          Link
                      </a>
                  </td>
              </tr>
    
        168)  <tr>
                  <td class="post-score">
                      148
                  </td>
                  <td class="post-title">
                      Microsoft is retiring Visual Studio for Mac in 2024
                  </td>
                  <td class="post-type">
                      story
                  </td>
                  <td class="post-time">
                      2023 Nov 03 20:14
                  </td>
                  <td class="post-url">
                      <a href="https://visualstudio.microsoft.com/vs/mac/">
                          Link
                      </a>
                  </td>
              </tr>
    
        169)  <tr>
                  <td class="post-score">
                      83
                  </td>
                  <td class="post-title">
                      Translations of Russ Cox's Thompson NFA C Program to Rust
                  </td>
                  <td class="post-type">
                      story
                  </td>
                  <td class="post-time">
                      2023 Nov 03 03:27
                  </td>
                  <td class="post-url">
                      <a href="https://github.com/BurntSushi/rsc-regexp">
                          Link
                      </a>
                  </td>
              </tr>
    
        170)  <tr>
                  <td class="post-score">
                      74
                  </td>
                  <td class="post-title">
                      How to pronounce the trickiest English words
                  </td>
                  <td class="post-type">
                      story
                  </td>
                  <td class="post-time">
                      2023 Nov 02 15:56
                  </td>
                  <td class="post-url">
                      <a href="https://www.wsj.com/business/media/how-to-pronounce-english-words-julien-miquel-58581065">
                          Link
                      </a>
                  </td>
              </tr>
    
        171)  <tr>
                  <td class="post-score">
                      262
                  </td>
                  <td class="post-title">
                      Why ACPI?
                  </td>
                  <td class="post-type">
                      story
                  </td>
                  <td class="post-time">
                      2023 Nov 01 06:46
                  </td>
                  <td class="post-url">
                      <a href="https://mjg59.dreamwidth.org/68350.html">
                          Link
                      </a>
                  </td>
              </tr>
    
        172)  <tr>
                  <td class="post-score">
                      49
                  </td>
                  <td class="post-title">
                      Show HN: GitInsights ÔÇô a weekly summary email of your team's GitHub activity
                  </td>
                  <td class="post-type">
                      story
                  </td>
                  <td class="post-time">
                      2023 Nov 03 20:15
                  </td>
                  <td class="post-url">
                      <a href="https://gitinsights.io/">
                          Link
                      </a>
                  </td>
              </tr>
    
        173)  <tr>
                  <td class="post-score">
                      96
                  </td>
                  <td class="post-title">
                      Jevons paradox
                  </td>
                  <td class="post-type">
                      story
                  </td>
                  <td class="post-time">
                      2023 Nov 03 15:16
                  </td>
                  <td class="post-url">
                      <a href="https://en.wikipedia.org/wiki/Jevons_paradox">
                          Link
                      </a>
                  </td>
              </tr>
    
        174)  <tr>
                  <td class="post-score">
                      142
                  </td>
                  <td class="post-title">
                      WasmGC ÔÇô Run GC languages such as Kotlin, Java in Chrome browser
                  </td>
                  <td class="post-type">
                      story
                  </td>
                  <td class="post-time">
                      2023 Nov 02 04:32
                  </td>
                  <td class="post-url">
                      <a href="https://developer.chrome.com/blog/wasmgc/">
                          Link
                      </a>
                  </td>
              </tr>
    
        175)  <tr>
                  <td class="post-score">
                      34
                  </td>
                  <td class="post-title">
                      China's TikTok users are being told that Aristotle did not exist
                  </td>
                  <td class="post-type">
                      story
                  </td>
                  <td class="post-time">
                      2023 Nov 04 19:20
                  </td>
                  <td class="post-url">
                      <a href="https://www.scmp.com/news/china/science/article/3240339/aristotle-becomes-latest-casualty-chinas-narrative-war-west-scholar-questions-philosophers-existence">
                          Link
                      </a>
                  </td>
              </tr>
    
        176)  <tr>
                  <td class="post-score">
                      227
                  </td>
                  <td class="post-title">
                      Audacity 3.4
                  </td>
                  <td class="post-type">
                      story
                  </td>
                  <td class="post-time">
                      2023 Nov 03 00:14
                  </td>
                  <td class="post-url">
                      <a href="https://www.audacityteam.org/blog/audacity-3-4/">
                          Link
                      </a>
                  </td>
              </tr>
    
        177)  <tr>
                  <td class="post-score">
                      318
                  </td>
                  <td class="post-title">
                      Why doctors in America earn so much
                  </td>
                  <td class="post-type">
                      story
                  </td>
                  <td class="post-time">
                      2023 Nov 01 14:38
                  </td>
                  <td class="post-url">
                      <a href="https://www.economist.com/united-states/2023/10/31/why-doctors-in-america-earn-so-much">
                          Link
                      </a>
                  </td>
              </tr>
    
        178)  <tr>
                  <td class="post-score">
                      274
                  </td>
                  <td class="post-title">
                      Distil-Whisper: distilled version of Whisper that is 6 times faster, 49% smaller
                  </td>
                  <td class="post-type">
                      story
                  </td>
                  <td class="post-time">
                      2023 Nov 01 00:55
                  </td>
                  <td class="post-url">
                      <a href="https://github.com/huggingface/distil-whisper">
                          Link
                      </a>
                  </td>
              </tr>
    
        179)  <tr>
                  <td class="post-score">
                      11
                  </td>
                  <td class="post-title">
                      Pessimists Archive
                  </td>
                  <td class="post-type">
                      story
                  </td>
                  <td class="post-time">
                      2023 Nov 04 23:05
                  </td>
                  <td class="post-url">
                      <a href="https://pessimistsarchive.org/">
                          Link
                      </a>
                  </td>
              </tr>
    
        180)  <tr>
                  <td class="post-score">
                      202
                  </td>
                  <td class="post-title">
                      GPT-4 Update: 32K Context Window Now for All Users
                  </td>
                  <td class="post-type">
                      story
                  </td>
                  <td class="post-time">
                      2023 Nov 03 15:30
                  </td>
                  <td class="post-url">
                      <a href="https://github.com/spdustin/ChatGPT-AutoExpert/blob/main/_system-prompts/all_tools.md">
                          Link
                      </a>
                  </td>
              </tr>
    
        181)  <tr>
                  <td class="post-score">
                      108
                  </td>
                  <td class="post-title">
                      ML Experiments Management with Git
                  </td>
                  <td class="post-type">
                      story
                  </td>
                  <td class="post-time">
                      2023 Nov 02 21:33
                  </td>
                  <td class="post-url">
                      <a href="https://github.com/iterative/dvc">
                          Link
                      </a>
                  </td>
              </tr>
    
        182)  <tr>
                  <td class="post-score">
                      35
                  </td>
                  <td class="post-title">
                      You don't need a terminal emulator ┬Ě Andrey Listopadov
                  </td>
                  <td class="post-type">
                      story
                  </td>
                  <td class="post-time">
                      2023 Nov 03 22:55
                  </td>
                  <td class="post-url">
                      <a href="https://andreyor.st/posts/2023-10-27-you-dont-need-a-terminal-emulator/">
                          Link
                      </a>
                  </td>
              </tr>
    
        183)  <tr>
                  <td class="post-score">
                      250
                  </td>
                  <td class="post-title">
                      Bayer hit with $332M judgement in Roundup cancer trial
                  </td>
                  <td class="post-type">
                      story
                  </td>
                  <td class="post-time">
                      2023 Nov 03 23:16
                  </td>
                  <td class="post-url">
                      <a href="https://fortune.com/2023/11/03/bayer-332-million-judgement-trial-man-cancer-decades-monsanto-roundup-weedkiller/">
                          Link
                      </a>
                  </td>
              </tr>
    
        184)  <tr>
                  <td class="post-score">
                      58
                  </td>
                  <td class="post-title">
                      Openela releases Red Hat source code on GitHub
                  </td>
                  <td class="post-type">
                      story
                  </td>
                  <td class="post-time">
                      2023 Nov 04 18:16
                  </td>
                  <td class="post-url">
                      <a href="https://github.com/orgs/openela-main/repositories">
                          Link
                      </a>
                  </td>
              </tr>
    
        185)  <tr>
                  <td class="post-score">
                      12
                  </td>
                  <td class="post-title">
                      Deno 1.38: HTML doc generator and HMR
                  </td>
                  <td class="post-type">
                      story
                  </td>
                  <td class="post-time">
                      2023 Nov 03 10:05
                  </td>
                  <td class="post-url">
                      <a href="https://deno.com/blog/v1.38">
                          Link
                      </a>
                  </td>
              </tr>
    
        186)  <tr>
                  <td class="post-score">
                      8
                  </td>
                  <td class="post-title">
                      Ask HN: Infra people in small companies, what does your infra look like?
                  </td>
                  <td class="post-type">
                      story
                  </td>
                  <td class="post-time">
                      2023 Nov 04 13:27
                  </td>
                  <td class="post-url">
                      N/A
                  </td>
              </tr>
    
        187)  <tr>
                  <td class="post-score">
                      137
                  </td>
                  <td class="post-title">
                      Nuclear Conversion for Starship
                  </td>
                  <td class="post-type">
                      story
                  </td>
                  <td class="post-time">
                      2023 Nov 03 16:52
                  </td>
                  <td class="post-url">
                      <a href="http://toughsf.blogspot.com/2021/10/nuclear-conversion-for-starship.html">
                          Link
                      </a>
                  </td>
              </tr>
    
        188)  <tr>
                  <td class="post-score">
                      206
                  </td>
                  <td class="post-title">
                      Now you're thinking with relays
                  </td>
                  <td class="post-type">
                      story
                  </td>
                  <td class="post-time">
                      2023 Nov 01 19:30
                  </td>
                  <td class="post-url">
                      <a href="https://lcamtuf.substack.com/p/now-youre-thinking-with-relays">
                          Link
                      </a>
                  </td>
              </tr>
    
        189)  <tr>
                  <td class="post-score">
                      158
                  </td>
                  <td class="post-title">
                      Bank financing and bad urban planning make the retail apocalypse worse
                  </td>
                  <td class="post-type">
                      story
                  </td>
                  <td class="post-time">
                      2023 Nov 01 16:21
                  </td>
                  <td class="post-url">
                      <a href="https://www.businessinsider.com/bank-financing-urban-planning-pandemic-retail-apocalypse-vacant-storefront-2023-10">
                          Link
                      </a>
                  </td>
              </tr>
    
        190)  <tr>
                  <td class="post-score">
                      31
                  </td>
                  <td class="post-title">
                      How much it costs Apple to increase RAM size in Macs?
                  </td>
                  <td class="post-type">
                      story
                  </td>
                  <td class="post-time">
                      2023 Nov 04 02:15
                  </td>
                  <td class="post-url">
                      <a href="https://old.reddit.com/r/macbookpro/comments/17lwl0b/how_much_does_ram_cost_anyways/">
                          Link
                      </a>
                  </td>
              </tr>
    
        191)  <tr>
                  <td class="post-score">
                      30
                  </td>
                  <td class="post-title">
                      Cup Noodles are now microwave-safe
                  </td>
                  <td class="post-type">
                      story
                  </td>
                  <td class="post-time">
                      2023 Nov 04 18:04
                  </td>
                  <td class="post-url">
                      <a href="https://www.washingtonpost.com/food/2023/11/03/cup-noodles-are-now-microwave-safe-so-they-werent-already/">
                          Link
                      </a>
                  </td>
              </tr>
    
        192)  <tr>
                  <td class="post-score">
                      30
                  </td>
                  <td class="post-title">
                      What's the difference between LangChain, llama indexand others like autollm?
                  </td>
                  <td class="post-type">
                      story
                  </td>
                  <td class="post-time">
                      2023 Nov 03 10:41
                  </td>
                  <td class="post-url">
                      N/A
                  </td>
              </tr>
    
        193)  <tr>
                  <td class="post-score">
                      235
                  </td>
                  <td class="post-title">
                      Sally Ignore Previous Instructions
                  </td>
                  <td class="post-type">
                      story
                  </td>
                  <td class="post-time">
                      2023 Nov 02 21:02
                  </td>
                  <td class="post-url">
                      <a href="https://www.haihai.ai/pen15/">
                          Link
                      </a>
                  </td>
              </tr>
    
        194)  <tr>
                  <td class="post-score">
                      81
                  </td>
                  <td class="post-title">
                      Enterprise-Fu
                  </td>
                  <td class="post-type">
                      story
                  </td>
                  <td class="post-time">
                      2023 Nov 02 23:31
                  </td>
                  <td class="post-url">
                      <a href="http://mike.daless.io/prez/enterprise-asbury-2013-10/slides.html">
                          Link
                      </a>
                  </td>
              </tr>
    
        195)  <tr>
                  <td class="post-score">
                      251
                  </td>
                  <td class="post-title">
                      Rwanda joins Kenya to initiate visa-free travel for all Africans
                  </td>
                  <td class="post-type">
                      story
                  </td>
                  <td class="post-time">
                      2023 Nov 03 12:15
                  </td>
                  <td class="post-url">
                      <a href="https://africa.businessinsider.com/local/leaders/from-barriers-to-unity-rwanda-joins-kenya-to-initiate-visa-free-travel-for-all/hhqe29q">
                          Link
                      </a>
                  </td>
              </tr>
    
        196)  <tr>
                  <td class="post-score">
                      792
                  </td>
                  <td class="post-title">
                      Yann LeCun: AI one-percenters seizing power forever is real doomsday scenario
                  </td>
                  <td class="post-type">
                      story
                  </td>
                  <td class="post-time">
                      2023 Nov 02 04:05
                  </td>
                  <td class="post-url">
                      <a href="https://www.businessinsider.com/sam-altman-and-demis-hassabis-just-want-to-control-ai-2023-10">
                          Link
                      </a>
                  </td>
              </tr>
    
        197)  <tr>
                  <td class="post-score">
                      161
                  </td>
                  <td class="post-title">
                      Show HN: DoltgreSQL ÔÇô Version-Controlled DB, Like Git and PostgreSQL had a baby
                  </td>
                  <td class="post-type">
                      story
                  </td>
                  <td class="post-time">
                      2023 Nov 02 01:59
                  </td>
                  <td class="post-url">
                      <a href="https://github.com/dolthub/doltgresql">
                          Link
                      </a>
                  </td>
              </tr>
    
        198)  <tr>
                  <td class="post-score">
                      74
                  </td>
                  <td class="post-title">
                      Clash, a tool to break China's Great Fire Wall, is Deleted in GitHub
                  </td>
                  <td class="post-type">
                      story
                  </td>
                  <td class="post-time">
                      2023 Nov 03 09:01
                  </td>
                  <td class="post-url">
                      <a href="https://github.com/Dreamacro/clash">
                          Link
                      </a>
                  </td>
              </tr>
    
        199)  <tr>
                  <td class="post-score">
                      40
                  </td>
                  <td class="post-title">
                      Vivo Unveils BlueOS, Based on Rust Language
                  </td>
                  <td class="post-type">
                      story
                  </td>
                  <td class="post-time">
                      2023 Nov 02 03:14
                  </td>
                  <td class="post-url">
                      <a href="https://sparrowsnews.com/2023/11/01/vivo-unveils-blueos-operating-system/">
                          Link
                      </a>
                  </td>
              </tr>
    
        200)  <tr>
                  <td class="post-score">
                      66
                  </td>
                  <td class="post-title">
                      Formalizing 100 Theorems
                  </td>
                  <td class="post-type">
                      story
                  </td>
                  <td class="post-time">
                      2023 Nov 02 05:27
                  </td>
                  <td class="post-url">
                      <a href="https://www.cs.ru.nl/~freek/100/">
                          Link
                      </a>
                  </td>
              </tr>
    
        201)  <tr>
                  <td class="post-score">
                      184
                  </td>
                  <td class="post-title">
                      The Binder Linux driver is being rewritten in Rust
                  </td>
                  <td class="post-type">
                      story
                  </td>
                  <td class="post-time">
                      2023 Nov 03 06:53
                  </td>
                  <td class="post-url">
                      <a href="https://lore.kernel.org/rust-for-linux/20231101-rust-binder-v1-0-08ba9197f637@google.com/">
                          Link
                      </a>
                  </td>
              </tr>
    
    
    Ôľ╝ Query.first
    
        1)  <tr>
                <th class="post-score">
                    score
                </th>
                <th class="post-title">
                    title
                </th>
                <th class="post-url">
                    url
                </th>
                <th class="post-type">
                    type
                </th>
                <th class="post-time">
                    time
                </th>
            </tr>
    
    
    Ôľ╝ Query.has [ containing [ tag "th", text "Score" ] , containing [ tag "th", text "Title" ] , containing [ tag "th", text "Type" ] , containing [ tag "th", text "Posted" ] , containing [ tag "th", text "Link" ]  ]
    
    > has containing [ tag "th", text "Score" ] 
    > has containing [ tag "th", text "Title" ] 
    > has containing [ tag "th", text "Type" ] 
    > has containing [ tag "th", text "Posted" ] 
    > has containing [ tag "th", text "Link" ] 


> PostsViewTests
> module View.Posts
> field values
> the number of rows is equal to the number of elements in the list

    Ôľ╝ Query.fromHtml
    
        <table>
            <tr>
                <th class="post-score">
                    score
                </th>
                <th class="post-title">
                    title
                </th>
                <th class="post-url">
                    url
                </th>
                <th class="post-type">
                    type
                </th>
                <th class="post-time">
                    time
                </th>
            </tr>
            <div>
                <tr>
                    <td class="post-score">
                        512
                    </td>
                    <td class="post-title">
                        NewPipe ÔÇô Lightweight YouTube experience for Android
                    </td>
                    <td class="post-type">
                        story
                    </td>
                    <td class="post-time">
                        2023 Nov 04 19:38
                    </td>
                    <td class="post-url">
                        <a href="https://newpipe.net/">
                            Link
                        </a>
                    </td>
                </tr>
                <tr>
                    <td class="post-score">
                        75
                    </td>
                    <td class="post-title">
                        LLM companies to access largest Chinese non-fiction book collection
                    </td>
                    <td class="post-type">
                        story
                    </td>
                    <td class="post-time">
                        2023 Nov 05 07:30
                    </td>
                    <td class="post-url">
                        <a href="https://annas-blog.org/duxiu-exclusive.html">
                            Link
                        </a>
                    </td>
                </tr>
                <tr>
                    <td class="post-score">
                        182
                    </td>
                    <td class="post-title">
                        Intel Itanium IA-64 Support Removed with the Linux 6.7 Kernel
                    </td>
                    <td class="post-type">
                        story
                    </td>
                    <td class="post-time">
                        2023 Nov 02 15:31
                    </td>
                    <td class="post-url">
                        <a href="https://www.phoronix.com/news/Intel-IA-64-Removed-Linux-6.7">
                            Link
                        </a>
                    </td>
                </tr>
                <tr>
                    <td class="post-score">
                        37
                    </td>
                    <td class="post-title">
                        Representations / strategies for noncooperative games with imperfect information [pdf]
                    </td>
                    <td class="post-type">
                        story
                    </td>
                    <td class="post-time">
                        2023 Nov 04 20:24
                    </td>
                    <td class="post-url">
                        <a href="https://www2.cs.sfu.ca/~bbart/personal/masters-thesis.pdf">
                            Link
                        </a>
                    </td>
                </tr>
                <tr>
                    <td class="post-score">
                        57
                    </td>
                    <td class="post-title">
                        The First App Store
                    </td>
                    <td class="post-type">
                        story
                    </td>
                    <td class="post-time">
                        2023 Nov 05 00:52
                    </td>
                    <td class="post-url">
                        <a href="https://one-from-nippon.ghost.io/worlds-first-app-store/">
                            Link
                        </a>
                    </td>
                </tr>
                <tr>
                    <td class="post-score">
                        83
                    </td>
                    <td class="post-title">
                        Show HN: Gogosseract, a Go Lib for CGo-Free Tesseract OCR via Wazero
                    </td>
                    <td class="post-type">
                        story
                    </td>
                    <td class="post-time">
                        2023 Nov 04 23:06
                    </td>
                    <td class="post-url">
                        <a href="https://github.com/Danlock/gogosseract">
                            Link
                        </a>
                    </td>
                </tr>
                <tr>
                    <td class="post-score">
                        51
                    </td>
                    <td class="post-title">
                        Planes, Spheres and Pseudospheres
                    </td>
                    <td class="post-type">
                        story
                    </td>
                    <td class="post-time">
                        2023 Nov 04 23:35
                    </td>
                    <td class="post-url">
                        <a href="https://www.gregegan.net/SCIENCE/PSP/PSP.html">
                            Link
                        </a>
                    </td>
                </tr>
                <tr>
                    <td class="post-score">
                        557
                    </td>
                    <td class="post-title">
                        Othello Is Solved?
                    </td>
                    <td class="post-type">
                        story
                    </td>
                    <td class="post-time">
                        2023 Nov 04 14:35
                    </td>
                    <td class="post-url">
                        <a href="https://arxiv.org/abs/2310.19387">
                            Link
                        </a>
                    </td>
                </tr>
                <tr>
                    <td class="post-score">
                        1
                    </td>
                    <td class="post-title">
                        SigNoz (YC W21), open source observability platform, hiring SREs (Remote)
                    </td>
                    <td class="post-type">
                        job
                    </td>
                    <td class="post-time">
                        2023 Nov 05 07:01
                    </td>
                    <td class="post-url">
                        <a href="https://signoz.io/careers/site-reliability-engineer/">
                            Link
                        </a>
                    </td>
                </tr>
                <tr>
                    <td class="post-score">
                        26
                    </td>
                    <td class="post-title">
                        Shadows Edge Software
                    </td>
                    <td class="post-type">
                        story
                    </td>
                    <td class="post-time">
                        2023 Nov 05 02:23
                    </td>
                    <td class="post-url">
                        <a href="https://www.shadowsedge.mil/What-We-Do/">
                            Link
                        </a>
                    </td>
                </tr>
                <tr>
                    <td class="post-score">
                        58
                    </td>
                    <td class="post-title">
                        Quadratic Reciprocity: The connection that changed number theory
                    </td>
                    <td class="post-type">
                        story
                    </td>
                    <td class="post-time">
                        2023 Nov 02 15:43
                    </td>
                    <td class="post-url">
                        <a href="https://www.quantamagazine.org/the-hidden-connection-that-changed-number-theory-20231101/">
                            Link
                        </a>
                    </td>
                </tr>
                <tr>
                    <td class="post-score">
                        65
                    </td>
                    <td class="post-title">
                        How to Do a TypeScript Conversion: an opinionated take on gradual conversions
                    </td>
                    <td class="post-type">
                        story
                    </td>
                    <td class="post-time">
                        2023 Nov 04 21:15
                    </td>
                    <td class="post-url">
                        <a href="https://v5.chriskrycho.com/journal/how-to-do-a-typescript-conversion/">
                            Link
                        </a>
                    </td>
                </tr>
                <tr>
                    <td class="post-score">
                        83
                    </td>
                    <td class="post-title">
                        FTC Chair Lina Khan looks for allies and leads in Silicon Valley charm offensive
                    </td>
                    <td class="post-type">
                        story
                    </td>
                    <td class="post-time">
                        2023 Nov 04 19:24
                    </td>
                    <td class="post-url">
                        <a href="https://www.reuters.com/business/ftc-chair-lina-khan-looks-allies-leads-silicon-valley-charm-offensive-2023-11-03/">
                            Link
                        </a>
                    </td>
                </tr>
                <tr>
                    <td class="post-score">
                        96
                    </td>
                    <td class="post-title">
                        Topic: Discord Stealer
                    </td>
                    <td class="post-type">
                        story
                    </td>
                    <td class="post-time">
                        2023 Nov 05 02:26
                    </td>
                    <td class="post-url">
                        <a href="https://github.com/topics/discord-stealer">
                            Link
                        </a>
                    </td>
                </tr>
                <tr>
                    <td class="post-score">
                        132
                    </td>
                    <td class="post-title">
                        SARS-CoV-2 Infection Affects Energy Stores in the Body, Causing Organ Failure
                    </td>
                    <td class="post-type">
                        story
                    </td>
                    <td class="post-time">
                        2023 Nov 04 23:02
                    </td>
                    <td class="post-url">
                        <a href="https://news.unchealthcare.org/2023/10/researchers-show-sars-cov-2-infection-affects-energy-stores-in-the-body-causing-organ-failure/">
                            Link
                        </a>
                    </td>
                </tr>
                <tr>
                    <td class="post-score">
                        102
                    </td>
                    <td class="post-title">
                        Soda additive linked to thyroid toxicity may finally get banned by FDA
                    </td>
                    <td class="post-type">
                        story
                    </td>
                    <td class="post-time">
                        2023 Nov 05 00:26
                    </td>
                    <td class="post-url">
                        <a href="https://arstechnica.com/health/2023/11/50-years-later-fda-proposes-banning-a-food-additive-it-said-is-not-safe/">
                            Link
                        </a>
                    </td>
                </tr>
                <tr>
                    <td class="post-score">
                        56
                    </td>
                    <td class="post-title">
                        BeeWare Toga v0.4.0 ÔÇô A Python native, OS native GUI toolkit
                    </td>
                    <td class="post-type">
                        story
                    </td>
                    <td class="post-time">
                        2023 Nov 05 01:24
                    </td>
                    <td class="post-url">
                        <a href="https://github.com/beeware/toga/releases/tag/v0.4.0">
                            Link
                        </a>
                    </td>
                </tr>
                <tr>
                    <td class="post-score">
                        105
                    </td>
                    <td class="post-title">
                        The cottage industry of YouTube obituary pirates
                    </td>
                    <td class="post-type">
                        story
                    </td>
                    <td class="post-time">
                        2023 Nov 04 20:58
                    </td>
                    <td class="post-url">
                        <a href="https://www.wired.com/story/youtube-obituary-pirates/">
                            Link
                        </a>
                    </td>
                </tr>
                <tr>
                    <td class="post-score">
                        44
                    </td>
                    <td class="post-title">
                        Chemists, engineers craft adjustable arrays of microscopic lenses
                    </td>
                    <td class="post-type">
                        story
                    </td>
                    <td class="post-time">
                        2023 Nov 02 15:48
                    </td>
                    <td class="post-url">
                        <a href="https://phys.org/news/2023-10-chemists-craft-adjustable-arrays-microscopic.html">
                            Link
                        </a>
                    </td>
                </tr>
                <tr>
                    <td class="post-score">
                        62
                    </td>
                    <td class="post-title">
                        Disturbed Lands (National Park Service)
                    </td>
                    <td class="post-type">
                        story
                    </td>
                    <td class="post-time">
                        2023 Nov 04 23:29
                    </td>
                    <td class="post-url">
                        <a href="https://www.nps.gov/shen/learn/nature/disturbedlands.htm">
                            Link
                        </a>
                    </td>
                </tr>
                <tr>
                    <td class="post-score">
                        84
                    </td>
                    <td class="post-title">
                        The world nearly adopted a calendar with 13 months of 28 days
                    </td>
                    <td class="post-type">
                        story
                    </td>
                    <td class="post-time">
                        2023 Nov 05 03:53
                    </td>
                    <td class="post-url">
                        <a href="https://www.washingtonpost.com/history/2023/11/04/battle-sabbath-13-month-calendar/">
                            Link
                        </a>
                    </td>
                </tr>
                <tr>
                    <td class="post-score">
                        106
                    </td>
                    <td class="post-title">
                        AI and Open Source in 2023
                    </td>
                    <td class="post-type">
                        story
                    </td>
                    <td class="post-time">
                        2023 Nov 04 18:50
                    </td>
                    <td class="post-url">
                        <a href="https://magazine.sebastianraschka.com/p/ai-and-open-source-in-2023">
                            Link
                        </a>
                    </td>
                </tr>
                <tr>
                    <td class="post-score">
                        1114
                    </td>
                    <td class="post-title">
                        As I retire, my goal now is to release 40+ years of source code
                    </td>
                    <td class="post-type">
                        story
                    </td>
                    <td class="post-time">
                        2023 Nov 03 17:26
                    </td>
                    <td class="post-url">
                        <a href="https://dunfield.themindfactory.com/dnldsrc.htm">
                            Link
                        </a>
                    </td>
                </tr>
                <tr>
                    <td class="post-score">
                        122
                    </td>
                    <td class="post-title">
                        New Microsoft Exchange zero-days allow RCE, data theft attacks
                    </td>
                    <td class="post-type">
                        story
                    </td>
                    <td class="post-time">
                        2023 Nov 04 21:43
                    </td>
                    <td class="post-url">
                        <a href="https://www.bleepingcomputer.com/news/microsoft/new-microsoft-exchange-zero-days-allow-rce-data-theft-attacks/">
                            Link
                        </a>
                    </td>
                </tr>
                <tr>
                    <td class="post-score">
                        125
                    </td>
                    <td class="post-title">
                        Grok
                    </td>
                    <td class="post-type">
                        story
                    </td>
                    <td class="post-time">
                        2023 Nov 05 05:02
                    </td>
                    <td class="post-url">
                        <a href="https://twitter.com/xai/status/1721027348970238035">
                            Link
                        </a>
                    </td>
                </tr>
                <tr>
                    <td class="post-score">
                        220
                    </td>
                    <td class="post-title">
                        A 6 channel GPS receiver from 1993
                    </td>
                    <td class="post-type">
                        story
                    </td>
                    <td class="post-time">
                        2023 Nov 04 10:27
                    </td>
                    <td class="post-url">
                        <a href="https://mastodon.sdf.org/@keelan/111349948124943603">
                            Link
                        </a>
                    </td>
                </tr>
                <tr>
                    <td class="post-score">
                        313
                    </td>
                    <td class="post-title">
                        AMD MicroBlaze V Processor: A Flexible and Efficient RISC-V Processor
                    </td>
                    <td class="post-type">
                        story
                    </td>
                    <td class="post-time">
                        2023 Nov 04 02:01
                    </td>
                    <td class="post-url">
                        <a href="https://www.xilinx.com/products/design-tools/microblaze-v.html">
                            Link
                        </a>
                    </td>
                </tr>
                <tr>
                    <td class="post-score">
                        112
                    </td>
                    <td class="post-title">
                        Lahaina Noon
                    </td>
                    <td class="post-type">
                        story
                    </td>
                    <td class="post-time">
                        2023 Nov 02 15:27
                    </td>
                    <td class="post-url">
                        <a href="https://en.wikipedia.org/wiki/Lahaina_Noon">
                            Link
                        </a>
                    </td>
                </tr>
                <tr>
                    <td class="post-score">
                        157
                    </td>
                    <td class="post-title">
                        Spin 2.0 ÔÇô open-source tool for building and running WASM apps
                    </td>
                    <td class="post-type">
                        story
                    </td>
                    <td class="post-time">
                        2023 Nov 04 12:01
                    </td>
                    <td class="post-url">
                        <a href="https://www.fermyon.com/blog/introducing-spin-v2">
                            Link
                        </a>
                    </td>
                </tr>
                <tr>
                    <td class="post-score">
                        411
                    </td>
                    <td class="post-title">
                        Tell HN: Submit comments to IRS re tax treatment of software dev expenses
                    </td>
                    <td class="post-type">
                        story
                    </td>
                    <td class="post-time">
                        2023 Nov 02 21:26
                    </td>
                    <td class="post-url">
                        N/A
                    </td>
                </tr>
                <tr>
                    <td class="post-score">
                        11
                    </td>
                    <td class="post-title">
                        Show HN: A tiny and platform-agnostic true random number generator for FPGA/ASIC
                    </td>
                    <td class="post-type">
                        story
                    </td>
                    <td class="post-time">
                        2023 Nov 04 21:34
                    </td>
                    <td class="post-url">
                        <a href="https://github.com/stnolting/neoTRNG">
                            Link
                        </a>
                    </td>
                </tr>
                <tr>
                    <td class="post-score">
                        99
                    </td>
                    <td class="post-title">
                        Daylight saving time can seriously affect your health
                    </td>
                    <td class="post-type">
                        story
                    </td>
                    <td class="post-time">
                        2023 Nov 05 00:47
                    </td>
                    <td class="post-url">
                        <a href="https://apnews.com/article/daylight-saving-2023-fall-back-a3738d5c74301b8068825927c49fc6b4">
                            Link
                        </a>
                    </td>
                </tr>
                <tr>
                    <td class="post-score">
                        46
                    </td>
                    <td class="post-title">
                        Delhi air pollution spikes to 100 times WHO health limit
                    </td>
                    <td class="post-type">
                        story
                    </td>
                    <td class="post-time">
                        2023 Nov 04 23:14
                    </td>
                    <td class="post-url">
                        <a href="https://www.theguardian.com/world/2023/nov/03/delhi-india-air-quality-pollution-spike-world-health-organization-limit">
                            Link
                        </a>
                    </td>
                </tr>
                <tr>
                    <td class="post-score">
                        5
                    </td>
                    <td class="post-title">
                        A game. The only winning move is not to play
                    </td>
                    <td class="post-type">
                        story
                    </td>
                    <td class="post-time">
                        2023 Nov 05 04:15
                    </td>
                    <td class="post-url">
                        N/A
                    </td>
                </tr>
                <tr>
                    <td class="post-score">
                        83
                    </td>
                    <td class="post-title">
                        Max is taking 4K away from its legacy ad-free subscribers
                    </td>
                    <td class="post-type">
                        story
                    </td>
                    <td class="post-time">
                        2023 Nov 05 02:54
                    </td>
                    <td class="post-url">
                        <a href="https://www.theverge.com/2023/11/2/23943859/max-4k-hbo-max-ad-free-subscribers">
                            Link
                        </a>
                    </td>
                </tr>
                <tr>
                    <td class="post-score">
                        132
                    </td>
                    <td class="post-title">
                        Classes vs. structs in .NET: how not to teach about performance
                    </td>
                    <td class="post-type">
                        story
                    </td>
                    <td class="post-time">
                        2023 Nov 04 03:28
                    </td>
                    <td class="post-url">
                        <a href="https://sergeyteplyakov.github.io/Blog/benchmarking/2023/11/02/Performance_Comparison_For_Classes_vs_Structs.html">
                            Link
                        </a>
                    </td>
                </tr>
                <tr>
                    <td class="post-score">
                        68
                    </td>
                    <td class="post-title">
                        How ÔÇťblueÔÇŁ and ÔÇťgreenÔÇŁ appeared in a language that didnÔÇÖt have words for them
                    </td>
                    <td class="post-type">
                        story
                    </td>
                    <td class="post-time">
                        2023 Nov 02 15:54
                    </td>
                    <td class="post-url">
                        <a href="https://news.mit.edu/2023/how-blue-and-green-appeared-language-1102">
                            Link
                        </a>
                    </td>
                </tr>
                <tr>
                    <td class="post-score">
                        17
                    </td>
                    <td class="post-title">
                        Oracle Cloud Outage
                    </td>
                    <td class="post-type">
                        story
                    </td>
                    <td class="post-time">
                        2023 Nov 05 00:33
                    </td>
                    <td class="post-url">
                        N/A
                    </td>
                </tr>
                <tr>
                    <td class="post-score">
                        15
                    </td>
                    <td class="post-title">
                        Exim 4.97.0 ÔÇô SMTP Mail Server ÔÇô Message Transfer Agent (MTA)
                    </td>
                    <td class="post-type">
                        story
                    </td>
                    <td class="post-time">
                        2023 Nov 05 00:29
                    </td>
                    <td class="post-url">
                        <a href="https://www.exim.org/">
                            Link
                        </a>
                    </td>
                </tr>
                <tr>
                    <td class="post-score">
                        82
                    </td>
                    <td class="post-title">
                        You're Gonna Need a Bigger Browser
                    </td>
                    <td class="post-type">
                        story
                    </td>
                    <td class="post-time">
                        2023 Nov 04 19:55
                    </td>
                    <td class="post-url">
                        <a href="https://berjon.com/bigger-browser/">
                            Link
                        </a>
                    </td>
                </tr>
                <tr>
                    <td class="post-score">
                        157
                    </td>
                    <td class="post-title">
                        Making "LCD, Please"
                    </td>
                    <td class="post-type">
                        story
                    </td>
                    <td class="post-time">
                        2023 Nov 04 04:16
                    </td>
                    <td class="post-url">
                        <a href="https://dukope.com/devlogs/papers-please/lcdplease/">
                            Link
                        </a>
                    </td>
                </tr>
                <tr>
                    <td class="post-score">
                        17
                    </td>
                    <td class="post-title">
                        Interview with a Gladiatrix
                    </td>
                    <td class="post-type">
                        story
                    </td>
                    <td class="post-time">
                        2023 Nov 04 21:04
                    </td>
                    <td class="post-url">
                        <a href="https://antigonejournal.com/2023/10/modern-roman-gladiatrix/">
                            Link
                        </a>
                    </td>
                </tr>
                <tr>
                    <td class="post-score">
                        6
                    </td>
                    <td class="post-title">
                        Towards Modern Development of Cloud Applications [pdf]
                    </td>
                    <td class="post-type">
                        story
                    </td>
                    <td class="post-time">
                        2023 Nov 05 00:44
                    </td>
                    <td class="post-url">
                        <a href="https://sigops.org/s/conferences/hotos/2023/papers/ghemawat.pdf">
                            Link
                        </a>
                    </td>
                </tr>
                <tr>
                    <td class="post-score">
                        224
                    </td>
                    <td class="post-title">
                        A blog post is a long and complex search query to find people (2022)
                    </td>
                    <td class="post-type">
                        story
                    </td>
                    <td class="post-time">
                        2023 Nov 04 02:02
                    </td>
                    <td class="post-url">
                        <a href="https://www.henrikkarlsson.xyz/p/search-query">
                            Link
                        </a>
                    </td>
                </tr>
                <tr>
                    <td class="post-score">
                        68
                    </td>
                    <td class="post-title">
                        After decades of dreams, a commercial spaceplane is almost ready to fly
                    </td>
                    <td class="post-type">
                        story
                    </td>
                    <td class="post-time">
                        2023 Nov 04 17:45
                    </td>
                    <td class="post-url">
                        <a href="https://arstechnica.com/space/2023/11/after-decades-of-dreams-a-commercial-spaceplane-is-almost-ready-to-fly/">
                            Link
                        </a>
                    </td>
                </tr>
                <tr>
                    <td class="post-score">
                        110
                    </td>
                    <td class="post-title">
                        Scrcpy 2.2 adds Android camera mirroring
                    </td>
                    <td class="post-type">
                        story
                    </td>
                    <td class="post-time">
                        2023 Nov 04 18:30
                    </td>
                    <td class="post-url">
                        <a href="https://github.com/Genymobile/scrcpy/releases/tag/v2.2">
                            Link
                        </a>
                    </td>
                </tr>
                <tr>
                    <td class="post-score">
                        52
                    </td>
                    <td class="post-title">
                        SpaceX poised for 'mid-November' launch of second Starship test flight
                    </td>
                    <td class="post-type">
                        story
                    </td>
                    <td class="post-time">
                        2023 Nov 05 04:23
                    </td>
                    <td class="post-url">
                        <a href="https://spaceflightnow.com/2023/11/04/spacex-poised-for-mid-november-of-second-starship-test-launch/">
                            Link
                        </a>
                    </td>
                </tr>
                <tr>
                    <td class="post-score">
                        160
                    </td>
                    <td class="post-title">
                        I need more USB power
                    </td>
                    <td class="post-type">
                        story
                    </td>
                    <td class="post-time">
                        2023 Nov 04 16:36
                    </td>
                    <td class="post-url">
                        <a href="https://atomic14.substack.com/p/i-need-more-usb-power">
                            Link
                        </a>
                    </td>
                </tr>
                <tr>
                    <td class="post-score">
                        8
                    </td>
                    <td class="post-title">
                        Ancient coins have been found off Sardinia, probably from shipwreck
                    </td>
                    <td class="post-type">
                        story
                    </td>
                    <td class="post-time">
                        2023 Nov 05 03:31
                    </td>
                    <td class="post-url">
                        <a href="https://apnews.com/article/italy-ancient-coins-sardinia-divers-cabdfa070d37a8020f874dd90c0a2433">
                            Link
                        </a>
                    </td>
                </tr>
                <tr>
                    <td class="post-score">
                        65
                    </td>
                    <td class="post-title">
                        C++ Sudoku Solver by Singapore PM Lee Hsien Loong
                    </td>
                    <td class="post-type">
                        story
                    </td>
                    <td class="post-time">
                        2023 Nov 04 19:07
                    </td>
                    <td class="post-url">
                        <a href="https://twitter.com/adad8m/status/1720822885496049863">
                            Link
                        </a>
                    </td>
                </tr>
                <tr>
                    <td class="post-score">
                        91
                    </td>
                    <td class="post-title">
                        Lapham's Quarterly Is on Hiatus
                    </td>
                    <td class="post-type">
                        story
                    </td>
                    <td class="post-time">
                        2023 Nov 04 20:00
                    </td>
                    <td class="post-url">
                        <a href="https://www.laphamsquarterly.org/roundtable/hiatus">
                            Link
                        </a>
                    </td>
                </tr>
                <tr>
                    <td class="post-score">
                        6
                    </td>
                    <td class="post-title">
                        X.ai Grok
                    </td>
                    <td class="post-type">
                        story
                    </td>
                    <td class="post-time">
                        2023 Nov 05 05:57
                    </td>
                    <td class="post-url">
                        <a href="https://grok.x.ai/">
                            Link
                        </a>
                    </td>
                </tr>
                <tr>
                    <td class="post-score">
                        219
                    </td>
                    <td class="post-title">
                        Asciinema: Record and share your terminal sessions, the simple way
                    </td>
                    <td class="post-type">
                        story
                    </td>
                    <td class="post-time">
                        2023 Nov 03 20:53
                    </td>
                    <td class="post-url">
                        <a href="https://asciinema.org/">
                            Link
                        </a>
                    </td>
                </tr>
                <tr>
                    <td class="post-score">
                        605
                    </td>
                    <td class="post-title">
                        In 1886, the US commissioned watercolor paintings of every known fruit (2019)
                    </td>
                    <td class="post-type">
                        story
                    </td>
                    <td class="post-time">
                        2023 Nov 02 22:30
                    </td>
                    <td class="post-url">
                        <a href="https://www.openculture.com/2019/06/the-us-government-commissioned-7500-watercolor-paintings.html">
                            Link
                        </a>
                    </td>
                </tr>
                <tr>
                    <td class="post-score">
                        467
                    </td>
                    <td class="post-title">
                        No dogs were harmed in the making of this app
                    </td>
                    <td class="post-type">
                        story
                    </td>
                    <td class="post-time">
                        2023 Nov 03 13:47
                    </td>
                    <td class="post-url">
                        <a href="https://shmck.substack.com/p/no-dogs-were-harmed-in-the-making">
                            Link
                        </a>
                    </td>
                </tr>
                <tr>
                    <td class="post-score">
                        417
                    </td>
                    <td class="post-title">
                        Bringing garbage collected programming languages efficiently to WebAssembly
                    </td>
                    <td class="post-type">
                        story
                    </td>
                    <td class="post-time">
                        2023 Nov 03 06:50
                    </td>
                    <td class="post-url">
                        <a href="https://v8.dev/blog/wasm-gc-porting">
                            Link
                        </a>
                    </td>
                </tr>
                <tr>
                    <td class="post-score">
                        225
                    </td>
                    <td class="post-title">
                        Wooden Game Boy
                    </td>
                    <td class="post-type">
                        story
                    </td>
                    <td class="post-time">
                        2023 Nov 03 21:32
                    </td>
                    <td class="post-url">
                        <a href="https://there.oughta.be/a/wooden-game-boy">
                            Link
                        </a>
                    </td>
                </tr>
                <tr>
                    <td class="post-score">
                        80
                    </td>
                    <td class="post-title">
                        The Apple II Circuit Description (1983)
                    </td>
                    <td class="post-type">
                        story
                    </td>
                    <td class="post-time">
                        2023 Nov 02 14:58
                    </td>
                    <td class="post-url">
                        <a href="https://archive.org/details/taiicd">
                            Link
                        </a>
                    </td>
                </tr>
                <tr>
                    <td class="post-score">
                        304
                    </td>
                    <td class="post-title">
                        Bevy 0.12
                    </td>
                    <td class="post-type">
                        story
                    </td>
                    <td class="post-time">
                        2023 Nov 04 19:39
                    </td>
                    <td class="post-url">
                        <a href="https://bevyengine.org/news/bevy-0-12/">
                            Link
                        </a>
                    </td>
                </tr>
                <tr>
                    <td class="post-score">
                        203
                    </td>
                    <td class="post-title">
                        Telling GPT-4 you're scared or under pressure improves performance
                    </td>
                    <td class="post-type">
                        story
                    </td>
                    <td class="post-time">
                        2023 Nov 04 00:40
                    </td>
                    <td class="post-url">
                        <a href="https://aimodels.substack.com/p/telling-gpt-4-youre-scared-or-under">
                            Link
                        </a>
                    </td>
                </tr>
                <tr>
                    <td class="post-score">
                        1952
                    </td>
                    <td class="post-title">
                        Sam Bankman-Fried Convicted
                    </td>
                    <td class="post-type">
                        story
                    </td>
                    <td class="post-time">
                        2023 Nov 02 23:49
                    </td>
                    <td class="post-url">
                        <a href="https://www.nytimes.com/live/2023/11/02/business/sam-bankman-fried-trial">
                            Link
                        </a>
                    </td>
                </tr>
                <tr>
                    <td class="post-score">
                        188
                    </td>
                    <td class="post-title">
                        Surround sound test files for every audio format
                    </td>
                    <td class="post-type">
                        story
                    </td>
                    <td class="post-time">
                        2023 Nov 03 22:21
                    </td>
                    <td class="post-url">
                        <a href="https://drive.google.com/drive/folders/1JxmeedtAtgmoafXv9rroiDOS2vEX7N4b">
                            Link
                        </a>
                    </td>
                </tr>
                <tr>
                    <td class="post-score">
                        128
                    </td>
                    <td class="post-title">
                        Tesla strike widens as Swedish union expands blockade
                    </td>
                    <td class="post-type">
                        story
                    </td>
                    <td class="post-time">
                        2023 Nov 04 23:30
                    </td>
                    <td class="post-url">
                        <a href="https://www.thelocal.se/20231103/tesla-strike-widens-as-swedish-union-expands-blockade">
                            Link
                        </a>
                    </td>
                </tr>
                <tr>
                    <td class="post-score">
                        15
                    </td>
                    <td class="post-title">
                        R─ühui and the Art of Marine Conservation
                    </td>
                    <td class="post-type">
                        story
                    </td>
                    <td class="post-time">
                        2023 Nov 04 03:03
                    </td>
                    <td class="post-url">
                        <a href="https://hakaimagazine.com/features/rahui-and-the-art-of-marine-conservation/">
                            Link
                        </a>
                    </td>
                </tr>
                <tr>
                    <td class="post-score">
                        81
                    </td>
                    <td class="post-title">
                        Large-scale violence in Late Neolithic Western Europe based on skeletal evidence
                    </td>
                    <td class="post-type">
                        story
                    </td>
                    <td class="post-time">
                        2023 Nov 04 02:56
                    </td>
                    <td class="post-url">
                        <a href="https://www.nature.com/articles/s41598-023-43026-9">
                            Link
                        </a>
                    </td>
                </tr>
                <tr>
                    <td class="post-score">
                        224
                    </td>
                    <td class="post-title">
                        First observation of a virus attaching to another virus
                    </td>
                    <td class="post-type">
                        story
                    </td>
                    <td class="post-time">
                        2023 Nov 03 12:47
                    </td>
                    <td class="post-url">
                        <a href="https://umbc.edu/stories/first-observed-virus-attaching-to-another/">
                            Link
                        </a>
                    </td>
                </tr>
                <tr>
                    <td class="post-score">
                        185
                    </td>
                    <td class="post-title">
                        KDE desktop cube effect returns
                    </td>
                    <td class="post-type">
                        story
                    </td>
                    <td class="post-time">
                        2023 Nov 04 14:13
                    </td>
                    <td class="post-url">
                        <a href="https://www.phoronix.com/news/KDE-Wayland-Color-Mgmt">
                            Link
                        </a>
                    </td>
                </tr>
                <tr>
                    <td class="post-score">
                        49
                    </td>
                    <td class="post-title">
                        Searching for hidden silicon art on a microchip
                    </td>
                    <td class="post-type">
                        story
                    </td>
                    <td class="post-time">
                        2023 Nov 04 16:48
                    </td>
                    <td class="post-url">
                        <a href="https://twitter.com/microscopicture/status/1720837951238636018">
                            Link
                        </a>
                    </td>
                </tr>
                <tr>
                    <td class="post-score">
                        19
                    </td>
                    <td class="post-title">
                        U.S. cities consider banning "right on red" laws amid rise in pedestrian deaths
                    </td>
                    <td class="post-type">
                        story
                    </td>
                    <td class="post-time">
                        2023 Nov 04 23:45
                    </td>
                    <td class="post-url">
                        <a href="https://www.cbsnews.com/news/pedestrian-deaths-right-on-red-ban/">
                            Link
                        </a>
                    </td>
                </tr>
                <tr>
                    <td class="post-score">
                        195
                    </td>
                    <td class="post-title">
                        Paste without formatting on macOS
                    </td>
                    <td class="post-type">
                        story
                    </td>
                    <td class="post-time">
                        2023 Nov 04 14:31
                    </td>
                    <td class="post-url">
                        <a href="https://scottswezey.com/always-paste-without-formatting-macos/">
                            Link
                        </a>
                    </td>
                </tr>
                <tr>
                    <td class="post-score">
                        1187
                    </td>
                    <td class="post-title">
                        Cosmopolitan Third Edition
                    </td>
                    <td class="post-type">
                        story
                    </td>
                    <td class="post-time">
                        2023 Nov 01 17:25
                    </td>
                    <td class="post-url">
                        <a href="https://justine.lol/cosmo3/">
                            Link
                        </a>
                    </td>
                </tr>
                <tr>
                    <td class="post-score">
                        126
                    </td>
                    <td class="post-title">
                        Bibi-binary
                    </td>
                    <td class="post-type">
                        story
                    </td>
                    <td class="post-time">
                        2023 Nov 02 08:55
                    </td>
                    <td class="post-url">
                        <a href="https://en.wikipedia.org/wiki/Bibi-binary">
                            Link
                        </a>
                    </td>
                </tr>
                <tr>
                    <td class="post-score">
                        57
                    </td>
                    <td class="post-title">
                        UK plans to redefine extremism to include undermining the country
                    </td>
                    <td class="post-type">
                        story
                    </td>
                    <td class="post-time">
                        2023 Nov 04 18:57
                    </td>
                    <td class="post-url">
                        <a href="https://www.theguardian.com/uk-news/2023/nov/04/plans-to-redefine-extremism-would-include-undermining-uk-values">
                            Link
                        </a>
                    </td>
                </tr>
                <tr>
                    <td class="post-score">
                        453
                    </td>
                    <td class="post-title">
                        Light can make water evaporate without heat
                    </td>
                    <td class="post-type">
                        story
                    </td>
                    <td class="post-time">
                        2023 Nov 02 17:59
                    </td>
                    <td class="post-url">
                        <a href="https://news.mit.edu/2023/surprising-finding-light-makes-water-evaporate-without-heat-1031">
                            Link
                        </a>
                    </td>
                </tr>
                <tr>
                    <td class="post-score">
                        13
                    </td>
                    <td class="post-title">
                        The Trust Principles
                    </td>
                    <td class="post-type">
                        story
                    </td>
                    <td class="post-time">
                        2023 Nov 04 14:32
                    </td>
                    <td class="post-url">
                        <a href="https://www.thomsonreuters.com/en/about-us/trust-principles.html">
                            Link
                        </a>
                    </td>
                </tr>
                <tr>
                    <td class="post-score">
                        15
                    </td>
                    <td class="post-title">
                        Coding in Public: Help Battle Imposter Syndrome and Inspire Others
                    </td>
                    <td class="post-type">
                        story
                    </td>
                    <td class="post-time">
                        2023 Nov 04 11:58
                    </td>
                    <td class="post-url">
                        <a href="https://www.codingtemple.com/blog/coding-in-public-help-battle-imposter-syndrome-and-inspire-others/">
                            Link
                        </a>
                    </td>
                </tr>
                <tr>
                    <td class="post-score">
                        257
                    </td>
                    <td class="post-title">
                        Software that supports your body should always respect your freedom
                    </td>
                    <td class="post-type">
                        story
                    </td>
                    <td class="post-time">
                        2023 Nov 04 17:26
                    </td>
                    <td class="post-url">
                        <a href="https://www.fsf.org/blogs/community/software-that-supports-your-body-should-always-respect-your-freedom">
                            Link
                        </a>
                    </td>
                </tr>
                <tr>
                    <td class="post-score">
                        117
                    </td>
                    <td class="post-title">
                        Show HN: MicroLua ÔÇô Lua for the RP2040 Microcontroller
                    </td>
                    <td class="post-type">
                        story
                    </td>
                    <td class="post-time">
                        2023 Nov 03 18:45
                    </td>
                    <td class="post-url">
                        <a href="https://github.com/MicroLua/MicroLua">
                            Link
                        </a>
                    </td>
                </tr>
                <tr>
                    <td class="post-score">
                        451
                    </td>
                    <td class="post-title">
                        Post Mortem on Cloudflare Control Plane and Analytics Outage
                    </td>
                    <td class="post-type">
                        story
                    </td>
                    <td class="post-time">
                        2023 Nov 04 06:20
                    </td>
                    <td class="post-url">
                        <a href="https://blog.cloudflare.com/post-mortem-on-cloudflare-control-plane-and-analytics-outage/">
                            Link
                        </a>
                    </td>
                </tr>
                <tr>
                    <td class="post-score">
                        543
                    </td>
                    <td class="post-title">
                        Portugal. The Man ÔÇô Official Website Is a Google Sheets Document
                    </td>
                    <td class="post-type">
                        story
                    </td>
                    <td class="post-time">
                        2023 Nov 03 23:59
                    </td>
                    <td class="post-url">
                        <a href="https://www.portugaltheman.com/?frontpage=true">
                            Link
                        </a>
                    </td>
                </tr>
                <tr>
                    <td class="post-score">
                        212
                    </td>
                    <td class="post-title">
                        M3 Macs: there's more to performance than counting cores
                    </td>
                    <td class="post-type">
                        story
                    </td>
                    <td class="post-time">
                        2023 Nov 03 07:59
                    </td>
                    <td class="post-url">
                        <a href="https://eclecticlight.co/2023/11/03/m3-macs-theres-more-to-performance-than-counting-cores/">
                            Link
                        </a>
                    </td>
                </tr>
                <tr>
                    <td class="post-score">
                        43
                    </td>
                    <td class="post-title">
                        What is a Teddy Roosevelt presidential library doing in North Dakota?
                    </td>
                    <td class="post-type">
                        story
                    </td>
                    <td class="post-time">
                        2023 Nov 03 19:14
                    </td>
                    <td class="post-url">
                        <a href="https://www.nytimes.com/2023/10/27/arts/theodore-roosevelt-presidential-library.html">
                            Link
                        </a>
                    </td>
                </tr>
                <tr>
                    <td class="post-score">
                        5
                    </td>
                    <td class="post-title">
                        You Are Not Late (2014)
                    </td>
                    <td class="post-type">
                        story
                    </td>
                    <td class="post-time">
                        2023 Nov 04 15:26
                    </td>
                    <td class="post-url">
                        <a href="https://kk.org/thetechnium/you-are-not-late/">
                            Link
                        </a>
                    </td>
                </tr>
                <tr>
                    <td class="post-score">
                        156
                    </td>
                    <td class="post-title">
                        Shinzo Abe's Assassination
                    </td>
                    <td class="post-type">
                        story
                    </td>
                    <td class="post-time">
                        2023 Nov 04 13:07
                    </td>
                    <td class="post-url">
                        <a href="https://www.theatlantic.com/magazine/archive/2023/10/shinzo-abe-assassination-japan-unification-church-moonies/675114/">
                            Link
                        </a>
                    </td>
                </tr>
                <tr>
                    <td class="post-score">
                        101
                    </td>
                    <td class="post-title">
                        Sometimes, it is a compiler bug (2022)
                    </td>
                    <td class="post-type">
                        story
                    </td>
                    <td class="post-time">
                        2023 Nov 04 03:46
                    </td>
                    <td class="post-url">
                        <a href="https://quick-lint-js.com/blog/bug-journey/">
                            Link
                        </a>
                    </td>
                </tr>
                <tr>
                    <td class="post-score">
                        154
                    </td>
                    <td class="post-title">
                        Guide to Adopting AV1 Encoding
                    </td>
                    <td class="post-type">
                        story
                    </td>
                    <td class="post-time">
                        2023 Nov 03 15:17
                    </td>
                    <td class="post-url">
                        <a href="https://bitmovin.com/av1/av1-encoding-guide/">
                            Link
                        </a>
                    </td>
                </tr>
                <tr>
                    <td class="post-score">
                        7
                    </td>
                    <td class="post-title">
                        Ask HN: Where do you get your health news?
                    </td>
                    <td class="post-type">
                        story
                    </td>
                    <td class="post-time">
                        2023 Nov 05 00:57
                    </td>
                    <td class="post-url">
                        N/A
                    </td>
                </tr>
                <tr>
                    <td class="post-score">
                        37
                    </td>
                    <td class="post-title">
                        Mass producing the most expensive rice cooker [video]
                    </td>
                    <td class="post-type">
                        story
                    </td>
                    <td class="post-time">
                        2023 Nov 04 16:33
                    </td>
                    <td class="post-url">
                        <a href="https://www.youtube.com/watch?v=xLCwr8qG1p4">
                            Link
                        </a>
                    </td>
                </tr>
                <tr>
                    <td class="post-score">
                        32
                    </td>
                    <td class="post-title">
                        Codec Royalties on Content and the Jaws Moment
                    </td>
                    <td class="post-type">
                        story
                    </td>
                    <td class="post-time">
                        2023 Nov 03 21:07
                    </td>
                    <td class="post-url">
                        <a href="https://streaminglearningcenter.com/codecs/codec-royalties-on-content.html">
                            Link
                        </a>
                    </td>
                </tr>
                <tr>
                    <td class="post-score">
                        139
                    </td>
                    <td class="post-title">
                        Louis Armstrong's Last Word
                    </td>
                    <td class="post-type">
                        story
                    </td>
                    <td class="post-time">
                        2023 Nov 02 20:16
                    </td>
                    <td class="post-url">
                        <a href="https://www.thenation.com/article/culture/louis-armstrong-archive/">
                            Link
                        </a>
                    </td>
                </tr>
                <tr>
                    <td class="post-score">
                        111
                    </td>
                    <td class="post-title">
                        The Sega Hitachi HiSaturn Navi Console
                    </td>
                    <td class="post-type">
                        story
                    </td>
                    <td class="post-time">
                        2023 Nov 03 22:43
                    </td>
                    <td class="post-url">
                        <a href="https://nfggames.com/games/hisaturn/">
                            Link
                        </a>
                    </td>
                </tr>
                <tr>
                    <td class="post-score">
                        124
                    </td>
                    <td class="post-title">
                        My experience taking Tesla to court about FSD
                    </td>
                    <td class="post-type">
                        story
                    </td>
                    <td class="post-time">
                        2023 Nov 05 00:23
                    </td>
                    <td class="post-url">
                        <a href="https://teslamotorsclub.com/tmc/threads/my-experience-taking-tesla-to-court-about-fsd.315086/">
                            Link
                        </a>
                    </td>
                </tr>
                <tr>
                    <td class="post-score">
                        179
                    </td>
                    <td class="post-title">
                        Pix2tex: Using a ViT to convert images of equations into LaTeX code
                    </td>
                    <td class="post-type">
                        story
                    </td>
                    <td class="post-time">
                        2023 Nov 03 10:17
                    </td>
                    <td class="post-url">
                        <a href="https://github.com/lukas-blecher/LaTeX-OCR">
                            Link
                        </a>
                    </td>
                </tr>
                <tr>
                    <td class="post-score">
                        470
                    </td>
                    <td class="post-title">
                        Talk-Llama
                    </td>
                    <td class="post-type">
                        story
                    </td>
                    <td class="post-time">
                        2023 Nov 02 07:32
                    </td>
                    <td class="post-url">
                        <a href="https://github.com/ggerganov/whisper.cpp/tree/master/examples/talk-llama">
                            Link
                        </a>
                    </td>
                </tr>
                <tr>
                    <td class="post-score">
                        145
                    </td>
                    <td class="post-title">
                        Cooperative C++ Evolution ÔÇô Toward a TypeScript for C++
                    </td>
                    <td class="post-type">
                        story
                    </td>
                    <td class="post-time">
                        2023 Nov 04 13:30
                    </td>
                    <td class="post-url">
                        <a href="https://herbsutter.com/2023/10/09/my-new-cppcon-talk-is-on-youtube-cooperative-c-evolution-toward-a-typescript-for-c/">
                            Link
                        </a>
                    </td>
                </tr>
                <tr>
                    <td class="post-score">
                        35
                    </td>
                    <td class="post-title">
                        The StahlDream
                    </td>
                    <td class="post-type">
                        story
                    </td>
                    <td class="post-time">
                        2023 Nov 04 01:18
                    </td>
                    <td class="post-url">
                        <a href="https://remexre.com/stahl/dream">
                            Link
                        </a>
                    </td>
                </tr>
                <tr>
                    <td class="post-score">
                        112
                    </td>
                    <td class="post-title">
                        Frink is a programming language designed to make physical calculations simple
                    </td>
                    <td class="post-type">
                        story
                    </td>
                    <td class="post-time">
                        2023 Nov 03 06:36
                    </td>
                    <td class="post-url">
                        <a href="https://frinklang.org/">
                            Link
                        </a>
                    </td>
                </tr>
                <tr>
                    <td class="post-score">
                        38
                    </td>
                    <td class="post-title">
                        SBF Is Headed to Prison but FTX Will Haunt the Crypto Community for Years
                    </td>
                    <td class="post-type">
                        story
                    </td>
                    <td class="post-time">
                        2023 Nov 05 01:59
                    </td>
                    <td class="post-url">
                        <a href="https://gizmodo.com/ftx-fbi-sam-bankman-fried-cryptocurrency-data-1850990825">
                            Link
                        </a>
                    </td>
                </tr>
                <tr>
                    <td class="post-score">
                        59
                    </td>
                    <td class="post-title">
                        Yorick is an interpreted programming language for scientific simulations
                    </td>
                    <td class="post-type">
                        story
                    </td>
                    <td class="post-time">
                        2023 Nov 03 21:00
                    </td>
                    <td class="post-url">
                        <a href="https://yorick.sourceforge.net/">
                            Link
                        </a>
                    </td>
                </tr>
                <tr>
                    <td class="post-score">
                        149
                    </td>
                    <td class="post-title">
                        Starfish bodies arenÔÇÖt bodies at all, study finds
                    </td>
                    <td class="post-type">
                        story
                    </td>
                    <td class="post-time">
                        2023 Nov 04 13:54
                    </td>
                    <td class="post-url">
                        <a href="https://www.cnn.com/2023/11/02/world/starfish-head-body-plan-scn/index.html">
                            Link
                        </a>
                    </td>
                </tr>
                <tr>
                    <td class="post-score">
                        7
                    </td>
                    <td class="post-title">
                        SFML 2.6.1
                    </td>
                    <td class="post-type">
                        story
                    </td>
                    <td class="post-time">
                        2023 Nov 04 21:24
                    </td>
                    <td class="post-url">
                        <a href="https://github.com/SFML/SFML/releases/tag/2.6.1">
                            Link
                        </a>
                    </td>
                </tr>
                <tr>
                    <td class="post-score">
                        21
                    </td>
                    <td class="post-title">
                        Running Mod_Perl with Mojolicious in Docker
                    </td>
                    <td class="post-type">
                        story
                    </td>
                    <td class="post-time">
                        2023 Nov 03 23:02
                    </td>
                    <td class="post-url">
                        <a href="https://rawley.xyz/docker-mod-perl.html">
                            Link
                        </a>
                    </td>
                </tr>
                <tr>
                    <td class="post-score">
                        67
                    </td>
                    <td class="post-title">
                        The Great Inflation
                    </td>
                    <td class="post-type">
                        story
                    </td>
                    <td class="post-time">
                        2023 Nov 04 14:42
                    </td>
                    <td class="post-url">
                        <a href="https://www.federalreservehistory.org/essays/great-inflation">
                            Link
                        </a>
                    </td>
                </tr>
                <tr>
                    <td class="post-score">
                        174
                    </td>
                    <td class="post-title">
                        MetNet-3: A state-of-the-art neural weather model
                    </td>
                    <td class="post-type">
                        story
                    </td>
                    <td class="post-time">
                        2023 Nov 03 00:34
                    </td>
                    <td class="post-url">
                        <a href="https://blog.research.google/2023/11/metnet-3-state-of-art-neural-weather.html?m=1">
                            Link
                        </a>
                    </td>
                </tr>
                <tr>
                    <td class="post-score">
                        264
                    </td>
                    <td class="post-title">
                        From S3 to R2: An economic opportunity
                    </td>
                    <td class="post-type">
                        story
                    </td>
                    <td class="post-time">
                        2023 Nov 02 19:15
                    </td>
                    <td class="post-url">
                        <a href="https://dansdatathoughts.substack.com/p/from-s3-to-r2-an-economic-opportunity">
                            Link
                        </a>
                    </td>
                </tr>
                <tr>
                    <td class="post-score">
                        481
                    </td>
                    <td class="post-title">
                        Ask HN: Who is hiring? (November 2023)
                    </td>
                    <td class="post-type">
                        story
                    </td>
                    <td class="post-time">
                        2023 Nov 01 15:00
                    </td>
                    <td class="post-url">
                        N/A
                    </td>
                </tr>
                <tr>
                    <td class="post-score">
                        208
                    </td>
                    <td class="post-title">
                        Course using F#: Write your own tiny programming system(s)
                    </td>
                    <td class="post-type">
                        story
                    </td>
                    <td class="post-time">
                        2023 Nov 02 21:41
                    </td>
                    <td class="post-url">
                        <a href="https://d3s.mff.cuni.cz/teaching/nprg077/">
                            Link
                        </a>
                    </td>
                </tr>
                <tr>
                    <td class="post-score">
                        11
                    </td>
                    <td class="post-title">
                        Astra, low on cash, defaults on loan
                    </td>
                    <td class="post-type">
                        story
                    </td>
                    <td class="post-time">
                        2023 Nov 04 20:16
                    </td>
                    <td class="post-url">
                        <a href="https://spacenews.com/astra-low-on-cash-defaults-on-loan/">
                            Link
                        </a>
                    </td>
                </tr>
                <tr>
                    <td class="post-score">
                        204
                    </td>
                    <td class="post-title">
                        Maersk to cut 10k jobs as shipping demand drops
                    </td>
                    <td class="post-type">
                        story
                    </td>
                    <td class="post-time">
                        2023 Nov 04 04:39
                    </td>
                    <td class="post-url">
                        <a href="https://www.reuters.com/business/shipping-giant-maersk-q3-above-expectation-sees-fy-lower-end-range-2023-11-03/">
                            Link
                        </a>
                    </td>
                </tr>
                <tr>
                    <td class="post-score">
                        52
                    </td>
                    <td class="post-title">
                        Welcome to the New GamersNexus Website v5.0: A Message
                    </td>
                    <td class="post-type">
                        story
                    </td>
                    <td class="post-time">
                        2023 Nov 04 21:16
                    </td>
                    <td class="post-url">
                        <a href="https://gamersnexus.net/gn-extras/welcome-new-gamersnexus-website-v50-message">
                            Link
                        </a>
                    </td>
                </tr>
                <tr>
                    <td class="post-score">
                        252
                    </td>
                    <td class="post-title">
                        How to stop adulterated turmeric from killing people
                    </td>
                    <td class="post-type">
                        story
                    </td>
                    <td class="post-time">
                        2023 Nov 04 07:59
                    </td>
                    <td class="post-url">
                        <a href="https://www.economist.com/leaders/2023/11/02/how-to-stop-turmeric-from-killing-people">
                            Link
                        </a>
                    </td>
                </tr>
                <tr>
                    <td class="post-score">
                        38
                    </td>
                    <td class="post-title">
                        The Miracle of Photography
                    </td>
                    <td class="post-type">
                        story
                    </td>
                    <td class="post-time">
                        2023 Nov 03 17:46
                    </td>
                    <td class="post-url">
                        <a href="https://themillions.com/2023/11/the-miracle-of-photography.html">
                            Link
                        </a>
                    </td>
                </tr>
                <tr>
                    <td class="post-score">
                        71
                    </td>
                    <td class="post-title">
                        Edison Bulb Night Mode
                    </td>
                    <td class="post-type">
                        story
                    </td>
                    <td class="post-time">
                        2023 Nov 03 22:29
                    </td>
                    <td class="post-url">
                        <a href="https://www.petemillspaugh.com/edison-bulb">
                            Link
                        </a>
                    </td>
                </tr>
                <tr>
                    <td class="post-score">
                        155
                    </td>
                    <td class="post-title">
                        RegEx Crossword (2013)
                    </td>
                    <td class="post-type">
                        story
                    </td>
                    <td class="post-time">
                        2023 Nov 02 10:30
                    </td>
                    <td class="post-url">
                        <a href="https://jimbly.github.io/regex-crossword/">
                            Link
                        </a>
                    </td>
                </tr>
                <tr>
                    <td class="post-score">
                        65
                    </td>
                    <td class="post-title">
                        CPU-Z's Inadequate Benchmark
                    </td>
                    <td class="post-type">
                        story
                    </td>
                    <td class="post-time">
                        2023 Nov 04 00:27
                    </td>
                    <td class="post-url">
                        <a href="https://chipsandcheese.com/2023/11/03/cpu-zs-inadequate-benchmark/">
                            Link
                        </a>
                    </td>
                </tr>
                <tr>
                    <td class="post-score">
                        29
                    </td>
                    <td class="post-title">
                        DEA Launches Crack Down on San Francisco Fentanyl Dealing
                    </td>
                    <td class="post-type">
                        story
                    </td>
                    <td class="post-time">
                        2023 Nov 04 23:44
                    </td>
                    <td class="post-url">
                        <a href="https://abc7news.com/sf-fentanyl-drug-dealers-all-hands-of-deck-operation-sfpd/14006658/">
                            Link
                        </a>
                    </td>
                </tr>
                <tr>
                    <td class="post-score">
                        205
                    </td>
                    <td class="post-title">
                        Uranium demand hits decade high as nuclear renaissance gains traction
                    </td>
                    <td class="post-type">
                        story
                    </td>
                    <td class="post-time">
                        2023 Nov 04 00:11
                    </td>
                    <td class="post-url">
                        <a href="https://oilprice.com/The-Environment/Global-Warming/Uranium-Demand-Hits-Decade-High-As-Nuclear-Renaissance-Gains-Traction.html">
                            Link
                        </a>
                    </td>
                </tr>
                <tr>
                    <td class="post-score">
                        56
                    </td>
                    <td class="post-title">
                        Accelerating digital block design with Google's open source Mid-Level Synthesis
                    </td>
                    <td class="post-type">
                        story
                    </td>
                    <td class="post-time">
                        2023 Nov 03 19:53
                    </td>
                    <td class="post-url">
                        <a href="https://antmicro.com/blog/2023/09/accelerating-digital-block-design-with-googles-xls/">
                            Link
                        </a>
                    </td>
                </tr>
                <tr>
                    <td class="post-score">
                        26
                    </td>
                    <td class="post-title">
                        Show HN: Cami.js ÔÇô A No Build, Web Component Based Reactive Framework
                    </td>
                    <td class="post-type">
                        story
                    </td>
                    <td class="post-time">
                        2023 Nov 04 18:33
                    </td>
                    <td class="post-url">
                        <a href="https://github.com/kennyfrc/cami.js">
                            Link
                        </a>
                    </td>
                </tr>
                <tr>
                    <td class="post-score">
                        177
                    </td>
                    <td class="post-title">
                        Why You Should Write Your Own Static Site Generator
                    </td>
                    <td class="post-type">
                        story
                    </td>
                    <td class="post-time">
                        2023 Nov 03 09:10
                    </td>
                    <td class="post-url">
                        <a href="https://arne.me/articles/write-your-own-ssg">
                            Link
                        </a>
                    </td>
                </tr>
                <tr>
                    <td class="post-score">
                        12
                    </td>
                    <td class="post-title">
                        GiNaC: Open framework for symbolic computation within C++ programming language
                    </td>
                    <td class="post-type">
                        story
                    </td>
                    <td class="post-time">
                        2023 Nov 04 03:25
                    </td>
                    <td class="post-url">
                        <a href="https://www.ginac.de/tutorial/">
                            Link
                        </a>
                    </td>
                </tr>
                <tr>
                    <td class="post-score">
                        39
                    </td>
                    <td class="post-title">
                        Liblinux ÔÇô architecture-independent access to Linux system calls
                    </td>
                    <td class="post-type">
                        story
                    </td>
                    <td class="post-time">
                        2023 Nov 03 08:47
                    </td>
                    <td class="post-url">
                        <a href="https://github.com/matheusmoreira/liblinux">
                            Link
                        </a>
                    </td>
                </tr>
                <tr>
                    <td class="post-score">
                        111
                    </td>
                    <td class="post-title">
                        Enable ARMv9 Memory Tagging Extension (MTE) on Pixel 8
                    </td>
                    <td class="post-type">
                        story
                    </td>
                    <td class="post-time">
                        2023 Nov 03 06:55
                    </td>
                    <td class="post-url">
                        <a href="https://outflux.net/blog/archives/2023/10/26/enable-mte-on-pixel-8/">
                            Link
                        </a>
                    </td>
                </tr>
                <tr>
                    <td class="post-score">
                        56
                    </td>
                    <td class="post-title">
                        Why is RC Cola popular in Tajikistan?
                    </td>
                    <td class="post-type">
                        story
                    </td>
                    <td class="post-time">
                        2023 Nov 03 20:07
                    </td>
                    <td class="post-url">
                        <a href="https://www.snackstack.net/p/why-is-rc-cola-popular-in-tajikistan">
                            Link
                        </a>
                    </td>
                </tr>
                <tr>
                    <td class="post-score">
                        7
                    </td>
                    <td class="post-title">
                        Show HN: I started building yet another CSS framework
                    </td>
                    <td class="post-type">
                        story
                    </td>
                    <td class="post-time">
                        2023 Nov 04 08:55
                    </td>
                    <td class="post-url">
                        <a href="https://eternityforest.github.io/barrel.css/">
                            Link
                        </a>
                    </td>
                </tr>
                <tr>
                    <td class="post-score">
                        85
                    </td>
                    <td class="post-title">
                        How to help someone use a computer (1996)
                    </td>
                    <td class="post-type">
                        story
                    </td>
                    <td class="post-time">
                        2023 Nov 03 08:46
                    </td>
                    <td class="post-url">
                        <a href="https://pages.gseis.ucla.edu/faculty/agre/how-to-help.html">
                            Link
                        </a>
                    </td>
                </tr>
                <tr>
                    <td class="post-score">
                        193
                    </td>
                    <td class="post-title">
                        Is there anywhere in the world someone can just live for free?
                    </td>
                    <td class="post-type">
                        story
                    </td>
                    <td class="post-time">
                        2023 Nov 04 08:57
                    </td>
                    <td class="post-url">
                        <a href="https://reddit.com/r/NoStupidQuestions/comments/17mvukd/is_there_anywhere_in_the_world_someone_can_just/">
                            Link
                        </a>
                    </td>
                </tr>
                <tr>
                    <td class="post-score">
                        84
                    </td>
                    <td class="post-title">
                        First Handset with MTE on the Market
                    </td>
                    <td class="post-type">
                        story
                    </td>
                    <td class="post-time">
                        2023 Nov 03 22:03
                    </td>
                    <td class="post-url">
                        <a href="https://googleprojectzero.blogspot.com/2023/11/first-handset-with-mte-on-market.html">
                            Link
                        </a>
                    </td>
                </tr>
                <tr>
                    <td class="post-score">
                        59
                    </td>
                    <td class="post-title">
                        Cats Make Nearly 300 Different Facial Expressions
                    </td>
                    <td class="post-type">
                        story
                    </td>
                    <td class="post-time">
                        2023 Nov 04 21:38
                    </td>
                    <td class="post-url">
                        <a href="https://www.smithsonianmag.com/smart-news/cats-make-nearly-300-different-facial-expressions-180983185/">
                            Link
                        </a>
                    </td>
                </tr>
                <tr>
                    <td class="post-score">
                        147
                    </td>
                    <td class="post-title">
                        Email.radio ÔÇô Free Email Domain for Licensed Ham Radio Operators
                    </td>
                    <td class="post-type">
                        story
                    </td>
                    <td class="post-time">
                        2023 Nov 03 02:10
                    </td>
                    <td class="post-url">
                        <a href="https://email.radio/">
                            Link
                        </a>
                    </td>
                </tr>
                <tr>
                    <td class="post-score">
                        666
                    </td>
                    <td class="post-title">
                        macOS Sonoma Boot Failures
                    </td>
                    <td class="post-type">
                        story
                    </td>
                    <td class="post-time">
                        2023 Oct 31 18:33
                    </td>
                    <td class="post-url">
                        <a href="https://github.com/AsahiLinux/docs/wiki/macOS-Sonoma-Boot-Failures">
                            Link
                        </a>
                    </td>
                </tr>
                <tr>
                    <td class="post-score">
                        98
                    </td>
                    <td class="post-title">
                        Telnet BBS Guide
                    </td>
                    <td class="post-type">
                        story
                    </td>
                    <td class="post-time">
                        2023 Nov 03 23:29
                    </td>
                    <td class="post-url">
                        <a href="https://www.telnetbbsguide.com/">
                            Link
                        </a>
                    </td>
                </tr>
                <tr>
                    <td class="post-score">
                        69
                    </td>
                    <td class="post-title">
                        Discord will switch to temporary file links to block malware delivery
                    </td>
                    <td class="post-type">
                        story
                    </td>
                    <td class="post-time">
                        2023 Nov 04 19:11
                    </td>
                    <td class="post-url">
                        <a href="https://www.bleepingcomputer.com/news/security/discord-will-switch-to-temporary-file-links-to-block-malware-delivery/">
                            Link
                        </a>
                    </td>
                </tr>
                <tr>
                    <td class="post-score">
                        201
                    </td>
                    <td class="post-title">
                        Podman Desktop v1.5 with Compose onboarding and enhanced Kubernetes pod data
                    </td>
                    <td class="post-type">
                        story
                    </td>
                    <td class="post-time">
                        2023 Nov 03 19:39
                    </td>
                    <td class="post-url">
                        <a href="https://podman-desktop.io/blog/podman-desktop-release-1.5">
                            Link
                        </a>
                    </td>
                </tr>
                <tr>
                    <td class="post-score">
                        199
                    </td>
                    <td class="post-title">
                        Okta hit by third-party breach, stealing employee data
                    </td>
                    <td class="post-type">
                        story
                    </td>
                    <td class="post-time">
                        2023 Nov 03 16:15
                    </td>
                    <td class="post-url">
                        <a href="https://arstechnica.com/security/2023/11/okta-hit-by-another-breach-this-one-stealing-employee-data-from-3rd-party-vendor/">
                            Link
                        </a>
                    </td>
                </tr>
                <tr>
                    <td class="post-score">
                        124
                    </td>
                    <td class="post-title">
                        If you plant milkweed, they will come
                    </td>
                    <td class="post-type">
                        story
                    </td>
                    <td class="post-time">
                        2023 Nov 03 00:21
                    </td>
                    <td class="post-url">
                        <a href="https://www.nytimes.com/2023/10/25/realestate/gardening-milkweed-plants-butterflies.html">
                            Link
                        </a>
                    </td>
                </tr>
                <tr>
                    <td class="post-score">
                        31
                    </td>
                    <td class="post-title">
                        Things I like about Zig as a Go Programmer
                    </td>
                    <td class="post-type">
                        story
                    </td>
                    <td class="post-time">
                        2023 Nov 04 16:38
                    </td>
                    <td class="post-url">
                        <a href="https://medium.com/@vladimirvivien/things-i-like-about-zig-as-a-go-programmer-75eb02aab00f">
                            Link
                        </a>
                    </td>
                </tr>
                <tr>
                    <td class="post-score">
                        9
                    </td>
                    <td class="post-title">
                        Upgrading my Chumby 8 kernel part 7: touchscreen
                    </td>
                    <td class="post-type">
                        story
                    </td>
                    <td class="post-time">
                        2023 Nov 03 23:57
                    </td>
                    <td class="post-url">
                        <a href="https://www.downtowndougbrown.com/2023/11/upgrading-my-chumby-8-kernel-part-7-touchscreen/">
                            Link
                        </a>
                    </td>
                </tr>
                <tr>
                    <td class="post-score">
                        114
                    </td>
                    <td class="post-title">
                        Embracing community helps us live longer, and be happier (2017)
                    </td>
                    <td class="post-type">
                        story
                    </td>
                    <td class="post-time">
                        2023 Nov 03 19:58
                    </td>
                    <td class="post-url">
                        <a href="https://news.harvard.edu/gazette/story/2017/04/over-nearly-80-years-harvard-study-has-been-showing-how-to-live-a-healthy-and-happy-life/">
                            Link
                        </a>
                    </td>
                </tr>
                <tr>
                    <td class="post-score">
                        221
                    </td>
                    <td class="post-title">
                        Joint statement of scientists and NGOs on the EUÔÇÖs proposed eIDAS reform
                    </td>
                    <td class="post-type">
                        story
                    </td>
                    <td class="post-time">
                        2023 Nov 03 11:08
                    </td>
                    <td class="post-url">
                        <a href="https://eidas-open-letter.org/">
                            Link
                        </a>
                    </td>
                </tr>
                <tr>
                    <td class="post-score">
                        3
                    </td>
                    <td class="post-title">
                        A guide to home row mods with QMK
                    </td>
                    <td class="post-type">
                        story
                    </td>
                    <td class="post-time">
                        2023 Nov 04 11:21
                    </td>
                    <td class="post-url">
                        <a href="https://precondition.github.io/home-row-mods">
                            Link
                        </a>
                    </td>
                </tr>
                <tr>
                    <td class="post-score">
                        14
                    </td>
                    <td class="post-title">
                        Geospatial Technology Radar 2023
                    </td>
                    <td class="post-type">
                        story
                    </td>
                    <td class="post-time">
                        2023 Nov 03 20:03
                    </td>
                    <td class="post-url">
                        <a href="https://element84.com/geospatial-tech-radar-23">
                            Link
                        </a>
                    </td>
                </tr>
                <tr>
                    <td class="post-score">
                        49
                    </td>
                    <td class="post-title">
                        HBO CEO Confesses to Trolling Critics with Fake Tweets: Rolling Stone
                    </td>
                    <td class="post-type">
                        story
                    </td>
                    <td class="post-time">
                        2023 Nov 04 06:19
                    </td>
                    <td class="post-url">
                        <a href="https://www.rollingstone.com/tv-movies/tv-movie-news/hbo-ceo-casey-bloys-confesses-trolling-critics-fake-twitter-accounts-dumb-idea-1234868710/">
                            Link
                        </a>
                    </td>
                </tr>
                <tr>
                    <td class="post-score">
                        124
                    </td>
                    <td class="post-title">
                        Ken Mattingly, astronaut scrubbed from Apollo 13, has died
                    </td>
                    <td class="post-type">
                        story
                    </td>
                    <td class="post-time">
                        2023 Nov 03 05:48
                    </td>
                    <td class="post-url">
                        <a href="https://www.nytimes.com/2023/11/02/science/space/ken-mattingly-dead.html">
                            Link
                        </a>
                    </td>
                </tr>
                <tr>
                    <td class="post-score">
                        146
                    </td>
                    <td class="post-title">
                        How big data carried graph theory into new dimensions
                    </td>
                    <td class="post-type">
                        story
                    </td>
                    <td class="post-time">
                        2023 Nov 02 21:33
                    </td>
                    <td class="post-url">
                        <a href="https://www.quantamagazine.org/how-big-data-carried-graph-theory-into-new-dimensions-20210819/">
                            Link
                        </a>
                    </td>
                </tr>
                <tr>
                    <td class="post-score">
                        235
                    </td>
                    <td class="post-title">
                        Lemming Suicide Myth: Disney Film Faked Bogus Behavior
                    </td>
                    <td class="post-type">
                        story
                    </td>
                    <td class="post-time">
                        2023 Nov 01 22:47
                    </td>
                    <td class="post-url">
                        <a href="https://www.adfg.alaska.gov/index.cfm?adfg=wildlifenews.view_article&articles_id=56">
                            Link
                        </a>
                    </td>
                </tr>
                <tr>
                    <td class="post-score">
                        22
                    </td>
                    <td class="post-title">
                        The Future of RSS Is Textcasting
                    </td>
                    <td class="post-type">
                        story
                    </td>
                    <td class="post-time">
                        2023 Nov 03 19:11
                    </td>
                    <td class="post-url">
                        <a href="https://kottke.org/23/11/the-future-of-rss-is-textcasting-1">
                            Link
                        </a>
                    </td>
                </tr>
                <tr>
                    <td class="post-score">
                        113
                    </td>
                    <td class="post-title">
                        Auto industry executives admit electric vehicle plans are in jeopardy
                    </td>
                    <td class="post-type">
                        story
                    </td>
                    <td class="post-time">
                        2023 Nov 02 22:26
                    </td>
                    <td class="post-url">
                        <a href="https://www.businessinsider.com/auto-executives-coming-clean-evs-arent-working-2023-10">
                            Link
                        </a>
                    </td>
                </tr>
                <tr>
                    <td class="post-score">
                        591
                    </td>
                    <td class="post-title">
                        Confusing Git Terminology
                    </td>
                    <td class="post-type">
                        story
                    </td>
                    <td class="post-time">
                        2023 Nov 02 13:05
                    </td>
                    <td class="post-url">
                        <a href="https://jvns.ca/blog/2023/11/01/confusing-git-terminology/">
                            Link
                        </a>
                    </td>
                </tr>
                <tr>
                    <td class="post-score">
                        645
                    </td>
                    <td class="post-title">
                        Copying Angry Birds with nothing but AI
                    </td>
                    <td class="post-type">
                        story
                    </td>
                    <td class="post-time">
                        2023 Oct 31 18:27
                    </td>
                    <td class="post-url">
                        <a href="https://twitter.com/javilopen/status/1719363262179938401">
                            Link
                        </a>
                    </td>
                </tr>
                <tr>
                    <td class="post-score">
                        146
                    </td>
                    <td class="post-title">
                        Hyphens, minus, and dashes in Debian man pages
                    </td>
                    <td class="post-type">
                        story
                    </td>
                    <td class="post-time">
                        2023 Nov 02 23:13
                    </td>
                    <td class="post-url">
                        <a href="https://lwn.net/Articles/947941/">
                            Link
                        </a>
                    </td>
                </tr>
                <tr>
                    <td class="post-score">
                        91
                    </td>
                    <td class="post-title">
                        The Anthropogenic Salt Cycle
                    </td>
                    <td class="post-type">
                        story
                    </td>
                    <td class="post-time">
                        2023 Nov 03 12:21
                    </td>
                    <td class="post-url">
                        <a href="https://www.nature.com/articles/s43017-023-00485-y">
                            Link
                        </a>
                    </td>
                </tr>
                <tr>
                    <td class="post-score">
                        117
                    </td>
                    <td class="post-title">
                        When to Shut Up: A Visual Guide (With Included Algorithm)
                    </td>
                    <td class="post-type">
                        story
                    </td>
                    <td class="post-time">
                        2023 Nov 04 12:24
                    </td>
                    <td class="post-url">
                        <a href="https://shaungallagher.pressbin.com/blog/shut-up.html">
                            Link
                        </a>
                    </td>
                </tr>
                <tr>
                    <td class="post-score">
                        297
                    </td>
                    <td class="post-title">
                        macOS Sonoma Broke Grep
                    </td>
                    <td class="post-type">
                        story
                    </td>
                    <td class="post-time">
                        2023 Nov 01 20:24
                    </td>
                    <td class="post-url">
                        <a href="https://developer.apple.com/forums/thread/738862">
                            Link
                        </a>
                    </td>
                </tr>
                <tr>
                    <td class="post-score">
                        335
                    </td>
                    <td class="post-title">
                        How Bear does analytics with CSS
                    </td>
                    <td class="post-type">
                        story
                    </td>
                    <td class="post-time">
                        2023 Nov 01 08:08
                    </td>
                    <td class="post-url">
                        <a href="https://herman.bearblog.dev/how-bear-does-analytics-with-css/">
                            Link
                        </a>
                    </td>
                </tr>
                <tr>
                    <td class="post-score">
                        87
                    </td>
                    <td class="post-title">
                        Everything We Know About 1970s Mainframe RPGs We Can No Longer Play
                    </td>
                    <td class="post-type">
                        story
                    </td>
                    <td class="post-time">
                        2023 Nov 02 22:31
                    </td>
                    <td class="post-url">
                        <a href="http://crpgaddict.blogspot.com/2021/06/brief-everything-we-know-about-1970s.html">
                            Link
                        </a>
                    </td>
                </tr>
                <tr>
                    <td class="post-score">
                        200
                    </td>
                    <td class="post-title">
                        The business of extracting knowledge from academic publications
                    </td>
                    <td class="post-type">
                        story
                    </td>
                    <td class="post-time">
                        2023 Nov 01 21:52
                    </td>
                    <td class="post-url">
                        <a href="https://www.theseedsofscience.pub/p/the-business-of-extracting-knowledge">
                            Link
                        </a>
                    </td>
                </tr>
                <tr>
                    <td class="post-score">
                        244
                    </td>
                    <td class="post-title">
                        Window-swap ÔÇô open a new window somewhere in the world
                    </td>
                    <td class="post-type">
                        story
                    </td>
                    <td class="post-time">
                        2023 Nov 02 01:16
                    </td>
                    <td class="post-url">
                        <a href="https://www.window-swap.com/">
                            Link
                        </a>
                    </td>
                </tr>
                <tr>
                    <td class="post-score">
                        80
                    </td>
                    <td class="post-title">
                        AMD Unveils Ryzen Mobile 7040U Series with Zen 4c Efficiency Cores
                    </td>
                    <td class="post-type">
                        story
                    </td>
                    <td class="post-time">
                        2023 Nov 03 10:52
                    </td>
                    <td class="post-url">
                        <a href="https://www.anandtech.com/show/21111/amd-unveils-ryzen-7040u-series-with-zen-4c-smaller-cores-bigger-efficiency">
                            Link
                        </a>
                    </td>
                </tr>
                <tr>
                    <td class="post-score">
                        231
                    </td>
                    <td class="post-title">
                        YouTube's plan backfires, people are installing better ad blockers
                    </td>
                    <td class="post-type">
                        story
                    </td>
                    <td class="post-time">
                        2023 Nov 04 03:34
                    </td>
                    <td class="post-url">
                        <a href="https://www.androidauthority.com/youtube-ad-block-installs-3382289/">
                            Link
                        </a>
                    </td>
                </tr>
                <tr>
                    <td class="post-score">
                        56
                    </td>
                    <td class="post-title">
                        A carbohydrate revolution is speeding up pro cycling
                    </td>
                    <td class="post-type">
                        story
                    </td>
                    <td class="post-time">
                        2023 Nov 04 15:56
                    </td>
                    <td class="post-url">
                        <a href="https://velo.outsideonline.com/road/road-training/a-massive-change-how-a-carbohydrate-revolution-is-speeding-up-pro-cycling/">
                            Link
                        </a>
                    </td>
                </tr>
                <tr>
                    <td class="post-score">
                        30
                    </td>
                    <td class="post-title">
                        Intel's CEO Admits to and Details the Company's Three Biggest Mistakes
                    </td>
                    <td class="post-type">
                        story
                    </td>
                    <td class="post-time">
                        2023 Nov 04 07:28
                    </td>
                    <td class="post-url">
                        <a href="https://www.tomshardware.com/pc-components/gpus/intels-ceo-admits-to-and-details-companies-three-biggest-mistakes">
                            Link
                        </a>
                    </td>
                </tr>
                <tr>
                    <td class="post-score">
                        89
                    </td>
                    <td class="post-title">
                        GM's Cruise alleged to rely on human operators to achieve "autonomous" driving
                    </td>
                    <td class="post-type">
                        story
                    </td>
                    <td class="post-time">
                        2023 Nov 04 20:59
                    </td>
                    <td class="post-url">
                        <a href="https://www.nytimes.com/2023/11/03/technology/cruise-general-motors-self-driving-cars.html">
                            Link
                        </a>
                    </td>
                </tr>
                <tr>
                    <td class="post-score">
                        674
                    </td>
                    <td class="post-title">
                        I trapped scammers in an impossible maze [video]
                    </td>
                    <td class="post-type">
                        story
                    </td>
                    <td class="post-time">
                        2023 Nov 03 15:38
                    </td>
                    <td class="post-url">
                        <a href="https://www.youtube.com/watch?v=dWzz3NeDz3E">
                            Link
                        </a>
                    </td>
                </tr>
                <tr>
                    <td class="post-score">
                        64
                    </td>
                    <td class="post-title">
                        999 Request Denied
                    </td>
                    <td class="post-type">
                        story
                    </td>
                    <td class="post-time">
                        2023 Nov 03 11:25
                    </td>
                    <td class="post-url">
                        <a href="https://http.dev/999">
                            Link
                        </a>
                    </td>
                </tr>
                <tr>
                    <td class="post-score">
                        537
                    </td>
                    <td class="post-title">
                        Last Chance to fix eIDAS: Secret EU law threatens Internet security
                    </td>
                    <td class="post-type">
                        story
                    </td>
                    <td class="post-time">
                        2023 Nov 02 05:57
                    </td>
                    <td class="post-url">
                        <a href="https://last-chance-for-eidas.org/">
                            Link
                        </a>
                    </td>
                </tr>
                <tr>
                    <td class="post-score">
                        148
                    </td>
                    <td class="post-title">
                        Microsoft is retiring Visual Studio for Mac in 2024
                    </td>
                    <td class="post-type">
                        story
                    </td>
                    <td class="post-time">
                        2023 Nov 03 20:14
                    </td>
                    <td class="post-url">
                        <a href="https://visualstudio.microsoft.com/vs/mac/">
                            Link
                        </a>
                    </td>
                </tr>
                <tr>
                    <td class="post-score">
                        83
                    </td>
                    <td class="post-title">
                        Translations of Russ Cox's Thompson NFA C Program to Rust
                    </td>
                    <td class="post-type">
                        story
                    </td>
                    <td class="post-time">
                        2023 Nov 03 03:27
                    </td>
                    <td class="post-url">
                        <a href="https://github.com/BurntSushi/rsc-regexp">
                            Link
                        </a>
                    </td>
                </tr>
                <tr>
                    <td class="post-score">
                        74
                    </td>
                    <td class="post-title">
                        How to pronounce the trickiest English words
                    </td>
                    <td class="post-type">
                        story
                    </td>
                    <td class="post-time">
                        2023 Nov 02 15:56
                    </td>
                    <td class="post-url">
                        <a href="https://www.wsj.com/business/media/how-to-pronounce-english-words-julien-miquel-58581065">
                            Link
                        </a>
                    </td>
                </tr>
                <tr>
                    <td class="post-score">
                        262
                    </td>
                    <td class="post-title">
                        Why ACPI?
                    </td>
                    <td class="post-type">
                        story
                    </td>
                    <td class="post-time">
                        2023 Nov 01 06:46
                    </td>
                    <td class="post-url">
                        <a href="https://mjg59.dreamwidth.org/68350.html">
                            Link
                        </a>
                    </td>
                </tr>
                <tr>
                    <td class="post-score">
                        49
                    </td>
                    <td class="post-title">
                        Show HN: GitInsights ÔÇô a weekly summary email of your team's GitHub activity
                    </td>
                    <td class="post-type">
                        story
                    </td>
                    <td class="post-time">
                        2023 Nov 03 20:15
                    </td>
                    <td class="post-url">
                        <a href="https://gitinsights.io/">
                            Link
                        </a>
                    </td>
                </tr>
                <tr>
                    <td class="post-score">
                        96
                    </td>
                    <td class="post-title">
                        Jevons paradox
                    </td>
                    <td class="post-type">
                        story
                    </td>
                    <td class="post-time">
                        2023 Nov 03 15:16
                    </td>
                    <td class="post-url">
                        <a href="https://en.wikipedia.org/wiki/Jevons_paradox">
                            Link
                        </a>
                    </td>
                </tr>
                <tr>
                    <td class="post-score">
                        142
                    </td>
                    <td class="post-title">
                        WasmGC ÔÇô Run GC languages such as Kotlin, Java in Chrome browser
                    </td>
                    <td class="post-type">
                        story
                    </td>
                    <td class="post-time">
                        2023 Nov 02 04:32
                    </td>
                    <td class="post-url">
                        <a href="https://developer.chrome.com/blog/wasmgc/">
                            Link
                        </a>
                    </td>
                </tr>
                <tr>
                    <td class="post-score">
                        34
                    </td>
                    <td class="post-title">
                        China's TikTok users are being told that Aristotle did not exist
                    </td>
                    <td class="post-type">
                        story
                    </td>
                    <td class="post-time">
                        2023 Nov 04 19:20
                    </td>
                    <td class="post-url">
                        <a href="https://www.scmp.com/news/china/science/article/3240339/aristotle-becomes-latest-casualty-chinas-narrative-war-west-scholar-questions-philosophers-existence">
                            Link
                        </a>
                    </td>
                </tr>
                <tr>
                    <td class="post-score">
                        227
                    </td>
                    <td class="post-title">
                        Audacity 3.4
                    </td>
                    <td class="post-type">
                        story
                    </td>
                    <td class="post-time">
                        2023 Nov 03 00:14
                    </td>
                    <td class="post-url">
                        <a href="https://www.audacityteam.org/blog/audacity-3-4/">
                            Link
                        </a>
                    </td>
                </tr>
                <tr>
                    <td class="post-score">
                        318
                    </td>
                    <td class="post-title">
                        Why doctors in America earn so much
                    </td>
                    <td class="post-type">
                        story
                    </td>
                    <td class="post-time">
                        2023 Nov 01 14:38
                    </td>
                    <td class="post-url">
                        <a href="https://www.economist.com/united-states/2023/10/31/why-doctors-in-america-earn-so-much">
                            Link
                        </a>
                    </td>
                </tr>
                <tr>
                    <td class="post-score">
                        274
                    </td>
                    <td class="post-title">
                        Distil-Whisper: distilled version of Whisper that is 6 times faster, 49% smaller
                    </td>
                    <td class="post-type">
                        story
                    </td>
                    <td class="post-time">
                        2023 Nov 01 00:55
                    </td>
                    <td class="post-url">
                        <a href="https://github.com/huggingface/distil-whisper">
                            Link
                        </a>
                    </td>
                </tr>
                <tr>
                    <td class="post-score">
                        11
                    </td>
                    <td class="post-title">
                        Pessimists Archive
                    </td>
                    <td class="post-type">
                        story
                    </td>
                    <td class="post-time">
                        2023 Nov 04 23:05
                    </td>
                    <td class="post-url">
                        <a href="https://pessimistsarchive.org/">
                            Link
                        </a>
                    </td>
                </tr>
                <tr>
                    <td class="post-score">
                        202
                    </td>
                    <td class="post-title">
                        GPT-4 Update: 32K Context Window Now for All Users
                    </td>
                    <td class="post-type">
                        story
                    </td>
                    <td class="post-time">
                        2023 Nov 03 15:30
                    </td>
                    <td class="post-url">
                        <a href="https://github.com/spdustin/ChatGPT-AutoExpert/blob/main/_system-prompts/all_tools.md">
                            Link
                        </a>
                    </td>
                </tr>
                <tr>
                    <td class="post-score">
                        108
                    </td>
                    <td class="post-title">
                        ML Experiments Management with Git
                    </td>
                    <td class="post-type">
                        story
                    </td>
                    <td class="post-time">
                        2023 Nov 02 21:33
                    </td>
                    <td class="post-url">
                        <a href="https://github.com/iterative/dvc">
                            Link
                        </a>
                    </td>
                </tr>
                <tr>
                    <td class="post-score">
                        35
                    </td>
                    <td class="post-title">
                        You don't need a terminal emulator ┬Ě Andrey Listopadov
                    </td>
                    <td class="post-type">
                        story
                    </td>
                    <td class="post-time">
                        2023 Nov 03 22:55
                    </td>
                    <td class="post-url">
                        <a href="https://andreyor.st/posts/2023-10-27-you-dont-need-a-terminal-emulator/">
                            Link
                        </a>
                    </td>
                </tr>
                <tr>
                    <td class="post-score">
                        250
                    </td>
                    <td class="post-title">
                        Bayer hit with $332M judgement in Roundup cancer trial
                    </td>
                    <td class="post-type">
                        story
                    </td>
                    <td class="post-time">
                        2023 Nov 03 23:16
                    </td>
                    <td class="post-url">
                        <a href="https://fortune.com/2023/11/03/bayer-332-million-judgement-trial-man-cancer-decades-monsanto-roundup-weedkiller/">
                            Link
                        </a>
                    </td>
                </tr>
                <tr>
                    <td class="post-score">
                        58
                    </td>
                    <td class="post-title">
                        Openela releases Red Hat source code on GitHub
                    </td>
                    <td class="post-type">
                        story
                    </td>
                    <td class="post-time">
                        2023 Nov 04 18:16
                    </td>
                    <td class="post-url">
                        <a href="https://github.com/orgs/openela-main/repositories">
                            Link
                        </a>
                    </td>
                </tr>
                <tr>
                    <td class="post-score">
                        12
                    </td>
                    <td class="post-title">
                        Deno 1.38: HTML doc generator and HMR
                    </td>
                    <td class="post-type">
                        story
                    </td>
                    <td class="post-time">
                        2023 Nov 03 10:05
                    </td>
                    <td class="post-url">
                        <a href="https://deno.com/blog/v1.38">
                            Link
                        </a>
                    </td>
                </tr>
                <tr>
                    <td class="post-score">
                        8
                    </td>
                    <td class="post-title">
                        Ask HN: Infra people in small companies, what does your infra look like?
                    </td>
                    <td class="post-type">
                        story
                    </td>
                    <td class="post-time">
                        2023 Nov 04 13:27
                    </td>
                    <td class="post-url">
                        N/A
                    </td>
                </tr>
                <tr>
                    <td class="post-score">
                        137
                    </td>
                    <td class="post-title">
                        Nuclear Conversion for Starship
                    </td>
                    <td class="post-type">
                        story
                    </td>
                    <td class="post-time">
                        2023 Nov 03 16:52
                    </td>
                    <td class="post-url">
                        <a href="http://toughsf.blogspot.com/2021/10/nuclear-conversion-for-starship.html">
                            Link
                        </a>
                    </td>
                </tr>
                <tr>
                    <td class="post-score">
                        206
                    </td>
                    <td class="post-title">
                        Now you're thinking with relays
                    </td>
                    <td class="post-type">
                        story
                    </td>
                    <td class="post-time">
                        2023 Nov 01 19:30
                    </td>
                    <td class="post-url">
                        <a href="https://lcamtuf.substack.com/p/now-youre-thinking-with-relays">
                            Link
                        </a>
                    </td>
                </tr>
                <tr>
                    <td class="post-score">
                        158
                    </td>
                    <td class="post-title">
                        Bank financing and bad urban planning make the retail apocalypse worse
                    </td>
                    <td class="post-type">
                        story
                    </td>
                    <td class="post-time">
                        2023 Nov 01 16:21
                    </td>
                    <td class="post-url">
                        <a href="https://www.businessinsider.com/bank-financing-urban-planning-pandemic-retail-apocalypse-vacant-storefront-2023-10">
                            Link
                        </a>
                    </td>
                </tr>
                <tr>
                    <td class="post-score">
                        31
                    </td>
                    <td class="post-title">
                        How much it costs Apple to increase RAM size in Macs?
                    </td>
                    <td class="post-type">
                        story
                    </td>
                    <td class="post-time">
                        2023 Nov 04 02:15
                    </td>
                    <td class="post-url">
                        <a href="https://old.reddit.com/r/macbookpro/comments/17lwl0b/how_much_does_ram_cost_anyways/">
                            Link
                        </a>
                    </td>
                </tr>
                <tr>
                    <td class="post-score">
                        30
                    </td>
                    <td class="post-title">
                        Cup Noodles are now microwave-safe
                    </td>
                    <td class="post-type">
                        story
                    </td>
                    <td class="post-time">
                        2023 Nov 04 18:04
                    </td>
                    <td class="post-url">
                        <a href="https://www.washingtonpost.com/food/2023/11/03/cup-noodles-are-now-microwave-safe-so-they-werent-already/">
                            Link
                        </a>
                    </td>
                </tr>
                <tr>
                    <td class="post-score">
                        30
                    </td>
                    <td class="post-title">
                        What's the difference between LangChain, llama indexand others like autollm?
                    </td>
                    <td class="post-type">
                        story
                    </td>
                    <td class="post-time">
                        2023 Nov 03 10:41
                    </td>
                    <td class="post-url">
                        N/A
                    </td>
                </tr>
                <tr>
                    <td class="post-score">
                        235
                    </td>
                    <td class="post-title">
                        Sally Ignore Previous Instructions
                    </td>
                    <td class="post-type">
                        story
                    </td>
                    <td class="post-time">
                        2023 Nov 02 21:02
                    </td>
                    <td class="post-url">
                        <a href="https://www.haihai.ai/pen15/">
                            Link
                        </a>
                    </td>
                </tr>
                <tr>
                    <td class="post-score">
                        81
                    </td>
                    <td class="post-title">
                        Enterprise-Fu
                    </td>
                    <td class="post-type">
                        story
                    </td>
                    <td class="post-time">
                        2023 Nov 02 23:31
                    </td>
                    <td class="post-url">
                        <a href="http://mike.daless.io/prez/enterprise-asbury-2013-10/slides.html">
                            Link
                        </a>
                    </td>
                </tr>
                <tr>
                    <td class="post-score">
                        251
                    </td>
                    <td class="post-title">
                        Rwanda joins Kenya to initiate visa-free travel for all Africans
                    </td>
                    <td class="post-type">
                        story
                    </td>
                    <td class="post-time">
                        2023 Nov 03 12:15
                    </td>
                    <td class="post-url">
                        <a href="https://africa.businessinsider.com/local/leaders/from-barriers-to-unity-rwanda-joins-kenya-to-initiate-visa-free-travel-for-all/hhqe29q">
                            Link
                        </a>
                    </td>
                </tr>
                <tr>
                    <td class="post-score">
                        792
                    </td>
                    <td class="post-title">
                        Yann LeCun: AI one-percenters seizing power forever is real doomsday scenario
                    </td>
                    <td class="post-type">
                        story
                    </td>
                    <td class="post-time">
                        2023 Nov 02 04:05
                    </td>
                    <td class="post-url">
                        <a href="https://www.businessinsider.com/sam-altman-and-demis-hassabis-just-want-to-control-ai-2023-10">
                            Link
                        </a>
                    </td>
                </tr>
                <tr>
                    <td class="post-score">
                        161
                    </td>
                    <td class="post-title">
                        Show HN: DoltgreSQL ÔÇô Version-Controlled DB, Like Git and PostgreSQL had a baby
                    </td>
                    <td class="post-type">
                        story
                    </td>
                    <td class="post-time">
                        2023 Nov 02 01:59
                    </td>
                    <td class="post-url">
                        <a href="https://github.com/dolthub/doltgresql">
                            Link
                        </a>
                    </td>
                </tr>
                <tr>
                    <td class="post-score">
                        74
                    </td>
                    <td class="post-title">
                        Clash, a tool to break China's Great Fire Wall, is Deleted in GitHub
                    </td>
                    <td class="post-type">
                        story
                    </td>
                    <td class="post-time">
                        2023 Nov 03 09:01
                    </td>
                    <td class="post-url">
                        <a href="https://github.com/Dreamacro/clash">
                            Link
                        </a>
                    </td>
                </tr>
                <tr>
                    <td class="post-score">
                        40
                    </td>
                    <td class="post-title">
                        Vivo Unveils BlueOS, Based on Rust Language
                    </td>
                    <td class="post-type">
                        story
                    </td>
                    <td class="post-time">
                        2023 Nov 02 03:14
                    </td>
                    <td class="post-url">
                        <a href="https://sparrowsnews.com/2023/11/01/vivo-unveils-blueos-operating-system/">
                            Link
                        </a>
                    </td>
                </tr>
                <tr>
                    <td class="post-score">
                        66
                    </td>
                    <td class="post-title">
                        Formalizing 100 Theorems
                    </td>
                    <td class="post-type">
                        story
                    </td>
                    <td class="post-time">
                        2023 Nov 02 05:27
                    </td>
                    <td class="post-url">
                        <a href="https://www.cs.ru.nl/~freek/100/">
                            Link
                        </a>
                    </td>
                </tr>
                <tr>
                    <td class="post-score">
                        184
                    </td>
                    <td class="post-title">
                        The Binder Linux driver is being rewritten in Rust
                    </td>
                    <td class="post-type">
                        story
                    </td>
                    <td class="post-time">
                        2023 Nov 03 06:53
                    </td>
                    <td class="post-url">
                        <a href="https://lore.kernel.org/rust-for-linux/20231101-rust-binder-v1-0-08ba9197f637@google.com/">
                            Link
                        </a>
                    </td>
                </tr>
            </div>
        </table>
    
    
    Ôľ╝ Query.findAll [ tag "tr", containing [ tag "td" ]  ]
    
        1)    <tr>
                  <td class="post-score">
                      512
                  </td>
                  <td class="post-title">
                      NewPipe ÔÇô Lightweight YouTube experience for Android
                  </td>
                  <td class="post-type">
                      story
                  </td>
                  <td class="post-time">
                      2023 Nov 04 19:38
                  </td>
                  <td class="post-url">
                      <a href="https://newpipe.net/">
                          Link
                      </a>
                  </td>
              </tr>
    
        2)    <tr>
                  <td class="post-score">
                      75
                  </td>
                  <td class="post-title">
                      LLM companies to access largest Chinese non-fiction book collection
                  </td>
                  <td class="post-type">
                      story
                  </td>
                  <td class="post-time">
                      2023 Nov 05 07:30
                  </td>
                  <td class="post-url">
                      <a href="https://annas-blog.org/duxiu-exclusive.html">
                          Link
                      </a>
                  </td>
              </tr>
    
        3)    <tr>
                  <td class="post-score">
                      182
                  </td>
                  <td class="post-title">
                      Intel Itanium IA-64 Support Removed with the Linux 6.7 Kernel
                  </td>
                  <td class="post-type">
                      story
                  </td>
                  <td class="post-time">
                      2023 Nov 02 15:31
                  </td>
                  <td class="post-url">
                      <a href="https://www.phoronix.com/news/Intel-IA-64-Removed-Linux-6.7">
                          Link
                      </a>
                  </td>
              </tr>
    
        4)    <tr>
                  <td class="post-score">
                      37
                  </td>
                  <td class="post-title">
                      Representations / strategies for noncooperative games with imperfect information [pdf]
                  </td>
                  <td class="post-type">
                      story
                  </td>
                  <td class="post-time">
                      2023 Nov 04 20:24
                  </td>
                  <td class="post-url">
                      <a href="https://www2.cs.sfu.ca/~bbart/personal/masters-thesis.pdf">
                          Link
                      </a>
                  </td>
              </tr>
    
        5)    <tr>
                  <td class="post-score">
                      57
                  </td>
                  <td class="post-title">
                      The First App Store
                  </td>
                  <td class="post-type">
                      story
                  </td>
                  <td class="post-time">
                      2023 Nov 05 00:52
                  </td>
                  <td class="post-url">
                      <a href="https://one-from-nippon.ghost.io/worlds-first-app-store/">
                          Link
                      </a>
                  </td>
              </tr>
    
        6)    <tr>
                  <td class="post-score">
                      83
                  </td>
                  <td class="post-title">
                      Show HN: Gogosseract, a Go Lib for CGo-Free Tesseract OCR via Wazero
                  </td>
                  <td class="post-type">
                      story
                  </td>
                  <td class="post-time">
                      2023 Nov 04 23:06
                  </td>
                  <td class="post-url">
                      <a href="https://github.com/Danlock/gogosseract">
                          Link
                      </a>
                  </td>
              </tr>
    
        7)    <tr>
                  <td class="post-score">
                      51
                  </td>
                  <td class="post-title">
                      Planes, Spheres and Pseudospheres
                  </td>
                  <td class="post-type">
                      story
                  </td>
                  <td class="post-time">
                      2023 Nov 04 23:35
                  </td>
                  <td class="post-url">
                      <a href="https://www.gregegan.net/SCIENCE/PSP/PSP.html">
                          Link
                      </a>
                  </td>
              </tr>
    
        8)    <tr>
                  <td class="post-score">
                      557
                  </td>
                  <td class="post-title">
                      Othello Is Solved?
                  </td>
                  <td class="post-type">
                      story
                  </td>
                  <td class="post-time">
                      2023 Nov 04 14:35
                  </td>
                  <td class="post-url">
                      <a href="https://arxiv.org/abs/2310.19387">
                          Link
                      </a>
                  </td>
              </tr>
    
        9)    <tr>
                  <td class="post-score">
                      1
                  </td>
                  <td class="post-title">
                      SigNoz (YC W21), open source observability platform, hiring SREs (Remote)
                  </td>
                  <td class="post-type">
                      job
                  </td>
                  <td class="post-time">
                      2023 Nov 05 07:01
                  </td>
                  <td class="post-url">
                      <a href="https://signoz.io/careers/site-reliability-engineer/">
                          Link
                      </a>
                  </td>
              </tr>
    
        10)   <tr>
                  <td class="post-score">
                      26
                  </td>
                  <td class="post-title">
                      Shadows Edge Software
                  </td>
                  <td class="post-type">
                      story
                  </td>
                  <td class="post-time">
                      2023 Nov 05 02:23
                  </td>
                  <td class="post-url">
                      <a href="https://www.shadowsedge.mil/What-We-Do/">
                          Link
                      </a>
                  </td>
              </tr>
    
        11)   <tr>
                  <td class="post-score">
                      58
                  </td>
                  <td class="post-title">
                      Quadratic Reciprocity: The connection that changed number theory
                  </td>
                  <td class="post-type">
                      story
                  </td>
                  <td class="post-time">
                      2023 Nov 02 15:43
                  </td>
                  <td class="post-url">
                      <a href="https://www.quantamagazine.org/the-hidden-connection-that-changed-number-theory-20231101/">
                          Link
                      </a>
                  </td>
              </tr>
    
        12)   <tr>
                  <td class="post-score">
                      65
                  </td>
                  <td class="post-title">
                      How to Do a TypeScript Conversion: an opinionated take on gradual conversions
                  </td>
                  <td class="post-type">
                      story
                  </td>
                  <td class="post-time">
                      2023 Nov 04 21:15
                  </td>
                  <td class="post-url">
                      <a href="https://v5.chriskrycho.com/journal/how-to-do-a-typescript-conversion/">
                          Link
                      </a>
                  </td>
              </tr>
    
        13)   <tr>
                  <td class="post-score">
                      83
                  </td>
                  <td class="post-title">
                      FTC Chair Lina Khan looks for allies and leads in Silicon Valley charm offensive
                  </td>
                  <td class="post-type">
                      story
                  </td>
                  <td class="post-time">
                      2023 Nov 04 19:24
                  </td>
                  <td class="post-url">
                      <a href="https://www.reuters.com/business/ftc-chair-lina-khan-looks-allies-leads-silicon-valley-charm-offensive-2023-11-03/">
                          Link
                      </a>
                  </td>
              </tr>
    
        14)   <tr>
                  <td class="post-score">
                      96
                  </td>
                  <td class="post-title">
                      Topic: Discord Stealer
                  </td>
                  <td class="post-type">
                      story
                  </td>
                  <td class="post-time">
                      2023 Nov 05 02:26
                  </td>
                  <td class="post-url">
                      <a href="https://github.com/topics/discord-stealer">
                          Link
                      </a>
                  </td>
              </tr>
    
        15)   <tr>
                  <td class="post-score">
                      132
                  </td>
                  <td class="post-title">
                      SARS-CoV-2 Infection Affects Energy Stores in the Body, Causing Organ Failure
                  </td>
                  <td class="post-type">
                      story
                  </td>
                  <td class="post-time">
                      2023 Nov 04 23:02
                  </td>
                  <td class="post-url">
                      <a href="https://news.unchealthcare.org/2023/10/researchers-show-sars-cov-2-infection-affects-energy-stores-in-the-body-causing-organ-failure/">
                          Link
                      </a>
                  </td>
              </tr>
    
        16)   <tr>
                  <td class="post-score">
                      102
                  </td>
                  <td class="post-title">
                      Soda additive linked to thyroid toxicity may finally get banned by FDA
                  </td>
                  <td class="post-type">
                      story
                  </td>
                  <td class="post-time">
                      2023 Nov 05 00:26
                  </td>
                  <td class="post-url">
                      <a href="https://arstechnica.com/health/2023/11/50-years-later-fda-proposes-banning-a-food-additive-it-said-is-not-safe/">
                          Link
                      </a>
                  </td>
              </tr>
    
        17)   <tr>
                  <td class="post-score">
                      56
                  </td>
                  <td class="post-title">
                      BeeWare Toga v0.4.0 ÔÇô A Python native, OS native GUI toolkit
                  </td>
                  <td class="post-type">
                      story
                  </td>
                  <td class="post-time">
                      2023 Nov 05 01:24
                  </td>
                  <td class="post-url">
                      <a href="https://github.com/beeware/toga/releases/tag/v0.4.0">
                          Link
                      </a>
                  </td>
              </tr>
    
        18)   <tr>
                  <td class="post-score">
                      105
                  </td>
                  <td class="post-title">
                      The cottage industry of YouTube obituary pirates
                  </td>
                  <td class="post-type">
                      story
                  </td>
                  <td class="post-time">
                      2023 Nov 04 20:58
                  </td>
                  <td class="post-url">
                      <a href="https://www.wired.com/story/youtube-obituary-pirates/">
                          Link
                      </a>
                  </td>
              </tr>
    
        19)   <tr>
                  <td class="post-score">
                      44
                  </td>
                  <td class="post-title">
                      Chemists, engineers craft adjustable arrays of microscopic lenses
                  </td>
                  <td class="post-type">
                      story
                  </td>
                  <td class="post-time">
                      2023 Nov 02 15:48
                  </td>
                  <td class="post-url">
                      <a href="https://phys.org/news/2023-10-chemists-craft-adjustable-arrays-microscopic.html">
                          Link
                      </a>
                  </td>
              </tr>
    
        20)   <tr>
                  <td class="post-score">
                      62
                  </td>
                  <td class="post-title">
                      Disturbed Lands (National Park Service)
                  </td>
                  <td class="post-type">
                      story
                  </td>
                  <td class="post-time">
                      2023 Nov 04 23:29
                  </td>
                  <td class="post-url">
                      <a href="https://www.nps.gov/shen/learn/nature/disturbedlands.htm">
                          Link
                      </a>
                  </td>
              </tr>
    
        21)   <tr>
                  <td class="post-score">
                      84
                  </td>
                  <td class="post-title">
                      The world nearly adopted a calendar with 13 months of 28 days
                  </td>
                  <td class="post-type">
                      story
                  </td>
                  <td class="post-time">
                      2023 Nov 05 03:53
                  </td>
                  <td class="post-url">
                      <a href="https://www.washingtonpost.com/history/2023/11/04/battle-sabbath-13-month-calendar/">
                          Link
                      </a>
                  </td>
              </tr>
    
        22)   <tr>
                  <td class="post-score">
                      106
                  </td>
                  <td class="post-title">
                      AI and Open Source in 2023
                  </td>
                  <td class="post-type">
                      story
                  </td>
                  <td class="post-time">
                      2023 Nov 04 18:50
                  </td>
                  <td class="post-url">
                      <a href="https://magazine.sebastianraschka.com/p/ai-and-open-source-in-2023">
                          Link
                      </a>
                  </td>
              </tr>
    
        23)   <tr>
                  <td class="post-score">
                      1114
                  </td>
                  <td class="post-title">
                      As I retire, my goal now is to release 40+ years of source code
                  </td>
                  <td class="post-type">
                      story
                  </td>
                  <td class="post-time">
                      2023 Nov 03 17:26
                  </td>
                  <td class="post-url">
                      <a href="https://dunfield.themindfactory.com/dnldsrc.htm">
                          Link
                      </a>
                  </td>
              </tr>
    
        24)   <tr>
                  <td class="post-score">
                      122
                  </td>
                  <td class="post-title">
                      New Microsoft Exchange zero-days allow RCE, data theft attacks
                  </td>
                  <td class="post-type">
                      story
                  </td>
                  <td class="post-time">
                      2023 Nov 04 21:43
                  </td>
                  <td class="post-url">
                      <a href="https://www.bleepingcomputer.com/news/microsoft/new-microsoft-exchange-zero-days-allow-rce-data-theft-attacks/">
                          Link
                      </a>
                  </td>
              </tr>
    
        25)   <tr>
                  <td class="post-score">
                      125
                  </td>
                  <td class="post-title">
                      Grok
                  </td>
                  <td class="post-type">
                      story
                  </td>
                  <td class="post-time">
                      2023 Nov 05 05:02
                  </td>
                  <td class="post-url">
                      <a href="https://twitter.com/xai/status/1721027348970238035">
                          Link
                      </a>
                  </td>
              </tr>
    
        26)   <tr>
                  <td class="post-score">
                      220
                  </td>
                  <td class="post-title">
                      A 6 channel GPS receiver from 1993
                  </td>
                  <td class="post-type">
                      story
                  </td>
                  <td class="post-time">
                      2023 Nov 04 10:27
                  </td>
                  <td class="post-url">
                      <a href="https://mastodon.sdf.org/@keelan/111349948124943603">
                          Link
                      </a>
                  </td>
              </tr>
    
        27)   <tr>
                  <td class="post-score">
                      313
                  </td>
                  <td class="post-title">
                      AMD MicroBlaze V Processor: A Flexible and Efficient RISC-V Processor
                  </td>
                  <td class="post-type">
                      story
                  </td>
                  <td class="post-time">
                      2023 Nov 04 02:01
                  </td>
                  <td class="post-url">
                      <a href="https://www.xilinx.com/products/design-tools/microblaze-v.html">
                          Link
                      </a>
                  </td>
              </tr>
    
        28)   <tr>
                  <td class="post-score">
                      112
                  </td>
                  <td class="post-title">
                      Lahaina Noon
                  </td>
                  <td class="post-type">
                      story
                  </td>
                  <td class="post-time">
                      2023 Nov 02 15:27
                  </td>
                  <td class="post-url">
                      <a href="https://en.wikipedia.org/wiki/Lahaina_Noon">
                          Link
                      </a>
                  </td>
              </tr>
    
        29)   <tr>
                  <td class="post-score">
                      157
                  </td>
                  <td class="post-title">
                      Spin 2.0 ÔÇô open-source tool for building and running WASM apps
                  </td>
                  <td class="post-type">
                      story
                  </td>
                  <td class="post-time">
                      2023 Nov 04 12:01
                  </td>
                  <td class="post-url">
                      <a href="https://www.fermyon.com/blog/introducing-spin-v2">
                          Link
                      </a>
                  </td>
              </tr>
    
        30)   <tr>
                  <td class="post-score">
                      411
                  </td>
                  <td class="post-title">
                      Tell HN: Submit comments to IRS re tax treatment of software dev expenses
                  </td>
                  <td class="post-type">
                      story
                  </td>
                  <td class="post-time">
                      2023 Nov 02 21:26
                  </td>
                  <td class="post-url">
                      N/A
                  </td>
              </tr>
    
        31)   <tr>
                  <td class="post-score">
                      11
                  </td>
                  <td class="post-title">
                      Show HN: A tiny and platform-agnostic true random number generator for FPGA/ASIC
                  </td>
                  <td class="post-type">
                      story
                  </td>
                  <td class="post-time">
                      2023 Nov 04 21:34
                  </td>
                  <td class="post-url">
                      <a href="https://github.com/stnolting/neoTRNG">
                          Link
                      </a>
                  </td>
              </tr>
    
        32)   <tr>
                  <td class="post-score">
                      99
                  </td>
                  <td class="post-title">
                      Daylight saving time can seriously affect your health
                  </td>
                  <td class="post-type">
                      story
                  </td>
                  <td class="post-time">
                      2023 Nov 05 00:47
                  </td>
                  <td class="post-url">
                      <a href="https://apnews.com/article/daylight-saving-2023-fall-back-a3738d5c74301b8068825927c49fc6b4">
                          Link
                      </a>
                  </td>
              </tr>
    
        33)   <tr>
                  <td class="post-score">
                      46
                  </td>
                  <td class="post-title">
                      Delhi air pollution spikes to 100 times WHO health limit
                  </td>
                  <td class="post-type">
                      story
                  </td>
                  <td class="post-time">
                      2023 Nov 04 23:14
                  </td>
                  <td class="post-url">
                      <a href="https://www.theguardian.com/world/2023/nov/03/delhi-india-air-quality-pollution-spike-world-health-organization-limit">
                          Link
                      </a>
                  </td>
              </tr>
    
        34)   <tr>
                  <td class="post-score">
                      5
                  </td>
                  <td class="post-title">
                      A game. The only winning move is not to play
                  </td>
                  <td class="post-type">
                      story
                  </td>
                  <td class="post-time">
                      2023 Nov 05 04:15
                  </td>
                  <td class="post-url">
                      N/A
                  </td>
              </tr>
    
        35)   <tr>
                  <td class="post-score">
                      83
                  </td>
                  <td class="post-title">
                      Max is taking 4K away from its legacy ad-free subscribers
                  </td>
                  <td class="post-type">
                      story
                  </td>
                  <td class="post-time">
                      2023 Nov 05 02:54
                  </td>
                  <td class="post-url">
                      <a href="https://www.theverge.com/2023/11/2/23943859/max-4k-hbo-max-ad-free-subscribers">
                          Link
                      </a>
                  </td>
              </tr>
    
        36)   <tr>
                  <td class="post-score">
                      132
                  </td>
                  <td class="post-title">
                      Classes vs. structs in .NET: how not to teach about performance
                  </td>
                  <td class="post-type">
                      story
                  </td>
                  <td class="post-time">
                      2023 Nov 04 03:28
                  </td>
                  <td class="post-url">
                      <a href="https://sergeyteplyakov.github.io/Blog/benchmarking/2023/11/02/Performance_Comparison_For_Classes_vs_Structs.html">
                          Link
                      </a>
                  </td>
              </tr>
    
        37)   <tr>
                  <td class="post-score">
                      68
                  </td>
                  <td class="post-title">
                      How ÔÇťblueÔÇŁ and ÔÇťgreenÔÇŁ appeared in a language that didnÔÇÖt have words for them
                  </td>
                  <td class="post-type">
                      story
                  </td>
                  <td class="post-time">
                      2023 Nov 02 15:54
                  </td>
                  <td class="post-url">
                      <a href="https://news.mit.edu/2023/how-blue-and-green-appeared-language-1102">
                          Link
                      </a>
                  </td>
              </tr>
    
        38)   <tr>
                  <td class="post-score">
                      17
                  </td>
                  <td class="post-title">
                      Oracle Cloud Outage
                  </td>
                  <td class="post-type">
                      story
                  </td>
                  <td class="post-time">
                      2023 Nov 05 00:33
                  </td>
                  <td class="post-url">
                      N/A
                  </td>
              </tr>
    
        39)   <tr>
                  <td class="post-score">
                      15
                  </td>
                  <td class="post-title">
                      Exim 4.97.0 ÔÇô SMTP Mail Server ÔÇô Message Transfer Agent (MTA)
                  </td>
                  <td class="post-type">
                      story
                  </td>
                  <td class="post-time">
                      2023 Nov 05 00:29
                  </td>
                  <td class="post-url">
                      <a href="https://www.exim.org/">
                          Link
                      </a>
                  </td>
              </tr>
    
        40)   <tr>
                  <td class="post-score">
                      82
                  </td>
                  <td class="post-title">
                      You're Gonna Need a Bigger Browser
                  </td>
                  <td class="post-type">
                      story
                  </td>
                  <td class="post-time">
                      2023 Nov 04 19:55
                  </td>
                  <td class="post-url">
                      <a href="https://berjon.com/bigger-browser/">
                          Link
                      </a>
                  </td>
              </tr>
    
        41)   <tr>
                  <td class="post-score">
                      157
                  </td>
                  <td class="post-title">
                      Making "LCD, Please"
                  </td>
                  <td class="post-type">
                      story
                  </td>
                  <td class="post-time">
                      2023 Nov 04 04:16
                  </td>
                  <td class="post-url">
                      <a href="https://dukope.com/devlogs/papers-please/lcdplease/">
                          Link
                      </a>
                  </td>
              </tr>
    
        42)   <tr>
                  <td class="post-score">
                      17
                  </td>
                  <td class="post-title">
                      Interview with a Gladiatrix
                  </td>
                  <td class="post-type">
                      story
                  </td>
                  <td class="post-time">
                      2023 Nov 04 21:04
                  </td>
                  <td class="post-url">
                      <a href="https://antigonejournal.com/2023/10/modern-roman-gladiatrix/">
                          Link
                      </a>
                  </td>
              </tr>
    
        43)   <tr>
                  <td class="post-score">
                      6
                  </td>
                  <td class="post-title">
                      Towards Modern Development of Cloud Applications [pdf]
                  </td>
                  <td class="post-type">
                      story
                  </td>
                  <td class="post-time">
                      2023 Nov 05 00:44
                  </td>
                  <td class="post-url">
                      <a href="https://sigops.org/s/conferences/hotos/2023/papers/ghemawat.pdf">
                          Link
                      </a>
                  </td>
              </tr>
    
        44)   <tr>
                  <td class="post-score">
                      224
                  </td>
                  <td class="post-title">
                      A blog post is a long and complex search query to find people (2022)
                  </td>
                  <td class="post-type">
                      story
                  </td>
                  <td class="post-time">
                      2023 Nov 04 02:02
                  </td>
                  <td class="post-url">
                      <a href="https://www.henrikkarlsson.xyz/p/search-query">
                          Link
                      </a>
                  </td>
              </tr>
    
        45)   <tr>
                  <td class="post-score">
                      68
                  </td>
                  <td class="post-title">
                      After decades of dreams, a commercial spaceplane is almost ready to fly
                  </td>
                  <td class="post-type">
                      story
                  </td>
                  <td class="post-time">
                      2023 Nov 04 17:45
                  </td>
                  <td class="post-url">
                      <a href="https://arstechnica.com/space/2023/11/after-decades-of-dreams-a-commercial-spaceplane-is-almost-ready-to-fly/">
                          Link
                      </a>
                  </td>
              </tr>
    
        46)   <tr>
                  <td class="post-score">
                      110
                  </td>
                  <td class="post-title">
                      Scrcpy 2.2 adds Android camera mirroring
                  </td>
                  <td class="post-type">
                      story
                  </td>
                  <td class="post-time">
                      2023 Nov 04 18:30
                  </td>
                  <td class="post-url">
                      <a href="https://github.com/Genymobile/scrcpy/releases/tag/v2.2">
                          Link
                      </a>
                  </td>
              </tr>
    
        47)   <tr>
                  <td class="post-score">
                      52
                  </td>
                  <td class="post-title">
                      SpaceX poised for 'mid-November' launch of second Starship test flight
                  </td>
                  <td class="post-type">
                      story
                  </td>
                  <td class="post-time">
                      2023 Nov 05 04:23
                  </td>
                  <td class="post-url">
                      <a href="https://spaceflightnow.com/2023/11/04/spacex-poised-for-mid-november-of-second-starship-test-launch/">
                          Link
                      </a>
                  </td>
              </tr>
    
        48)   <tr>
                  <td class="post-score">
                      160
                  </td>
                  <td class="post-title">
                      I need more USB power
                  </td>
                  <td class="post-type">
                      story
                  </td>
                  <td class="post-time">
                      2023 Nov 04 16:36
                  </td>
                  <td class="post-url">
                      <a href="https://atomic14.substack.com/p/i-need-more-usb-power">
                          Link
                      </a>
                  </td>
              </tr>
    
        49)   <tr>
                  <td class="post-score">
                      8
                  </td>
                  <td class="post-title">
                      Ancient coins have been found off Sardinia, probably from shipwreck
                  </td>
                  <td class="post-type">
                      story
                  </td>
                  <td class="post-time">
                      2023 Nov 05 03:31
                  </td>
                  <td class="post-url">
                      <a href="https://apnews.com/article/italy-ancient-coins-sardinia-divers-cabdfa070d37a8020f874dd90c0a2433">
                          Link
                      </a>
                  </td>
              </tr>
    
        50)   <tr>
                  <td class="post-score">
                      65
                  </td>
                  <td class="post-title">
                      C++ Sudoku Solver by Singapore PM Lee Hsien Loong
                  </td>
                  <td class="post-type">
                      story
                  </td>
                  <td class="post-time">
                      2023 Nov 04 19:07
                  </td>
                  <td class="post-url">
                      <a href="https://twitter.com/adad8m/status/1720822885496049863">
                          Link
                      </a>
                  </td>
              </tr>
    
        51)   <tr>
                  <td class="post-score">
                      91
                  </td>
                  <td class="post-title">
                      Lapham's Quarterly Is on Hiatus
                  </td>
                  <td class="post-type">
                      story
                  </td>
                  <td class="post-time">
                      2023 Nov 04 20:00
                  </td>
                  <td class="post-url">
                      <a href="https://www.laphamsquarterly.org/roundtable/hiatus">
                          Link
                      </a>
                  </td>
              </tr>
    
        52)   <tr>
                  <td class="post-score">
                      6
                  </td>
                  <td class="post-title">
                      X.ai Grok
                  </td>
                  <td class="post-type">
                      story
                  </td>
                  <td class="post-time">
                      2023 Nov 05 05:57
                  </td>
                  <td class="post-url">
                      <a href="https://grok.x.ai/">
                          Link
                      </a>
                  </td>
              </tr>
    
        53)   <tr>
                  <td class="post-score">
                      219
                  </td>
                  <td class="post-title">
                      Asciinema: Record and share your terminal sessions, the simple way
                  </td>
                  <td class="post-type">
                      story
                  </td>
                  <td class="post-time">
                      2023 Nov 03 20:53
                  </td>
                  <td class="post-url">
                      <a href="https://asciinema.org/">
                          Link
                      </a>
                  </td>
              </tr>
    
        54)   <tr>
                  <td class="post-score">
                      605
                  </td>
                  <td class="post-title">
                      In 1886, the US commissioned watercolor paintings of every known fruit (2019)
                  </td>
                  <td class="post-type">
                      story
                  </td>
                  <td class="post-time">
                      2023 Nov 02 22:30
                  </td>
                  <td class="post-url">
                      <a href="https://www.openculture.com/2019/06/the-us-government-commissioned-7500-watercolor-paintings.html">
                          Link
                      </a>
                  </td>
              </tr>
    
        55)   <tr>
                  <td class="post-score">
                      467
                  </td>
                  <td class="post-title">
                      No dogs were harmed in the making of this app
                  </td>
                  <td class="post-type">
                      story
                  </td>
                  <td class="post-time">
                      2023 Nov 03 13:47
                  </td>
                  <td class="post-url">
                      <a href="https://shmck.substack.com/p/no-dogs-were-harmed-in-the-making">
                          Link
                      </a>
                  </td>
              </tr>
    
        56)   <tr>
                  <td class="post-score">
                      417
                  </td>
                  <td class="post-title">
                      Bringing garbage collected programming languages efficiently to WebAssembly
                  </td>
                  <td class="post-type">
                      story
                  </td>
                  <td class="post-time">
                      2023 Nov 03 06:50
                  </td>
                  <td class="post-url">
                      <a href="https://v8.dev/blog/wasm-gc-porting">
                          Link
                      </a>
                  </td>
              </tr>
    
        57)   <tr>
                  <td class="post-score">
                      225
                  </td>
                  <td class="post-title">
                      Wooden Game Boy
                  </td>
                  <td class="post-type">
                      story
                  </td>
                  <td class="post-time">
                      2023 Nov 03 21:32
                  </td>
                  <td class="post-url">
                      <a href="https://there.oughta.be/a/wooden-game-boy">
                          Link
                      </a>
                  </td>
              </tr>
    
        58)   <tr>
                  <td class="post-score">
                      80
                  </td>
                  <td class="post-title">
                      The Apple II Circuit Description (1983)
                  </td>
                  <td class="post-type">
                      story
                  </td>
                  <td class="post-time">
                      2023 Nov 02 14:58
                  </td>
                  <td class="post-url">
                      <a href="https://archive.org/details/taiicd">
                          Link
                      </a>
                  </td>
              </tr>
    
        59)   <tr>
                  <td class="post-score">
                      304
                  </td>
                  <td class="post-title">
                      Bevy 0.12
                  </td>
                  <td class="post-type">
                      story
                  </td>
                  <td class="post-time">
                      2023 Nov 04 19:39
                  </td>
                  <td class="post-url">
                      <a href="https://bevyengine.org/news/bevy-0-12/">
                          Link
                      </a>
                  </td>
              </tr>
    
        60)   <tr>
                  <td class="post-score">
                      203
                  </td>
                  <td class="post-title">
                      Telling GPT-4 you're scared or under pressure improves performance
                  </td>
                  <td class="post-type">
                      story
                  </td>
                  <td class="post-time">
                      2023 Nov 04 00:40
                  </td>
                  <td class="post-url">
                      <a href="https://aimodels.substack.com/p/telling-gpt-4-youre-scared-or-under">
                          Link
                      </a>
                  </td>
              </tr>
    
        61)   <tr>
                  <td class="post-score">
                      1952
                  </td>
                  <td class="post-title">
                      Sam Bankman-Fried Convicted
                  </td>
                  <td class="post-type">
                      story
                  </td>
                  <td class="post-time">
                      2023 Nov 02 23:49
                  </td>
                  <td class="post-url">
                      <a href="https://www.nytimes.com/live/2023/11/02/business/sam-bankman-fried-trial">
                          Link
                      </a>
                  </td>
              </tr>
    
        62)   <tr>
                  <td class="post-score">
                      188
                  </td>
                  <td class="post-title">
                      Surround sound test files for every audio format
                  </td>
                  <td class="post-type">
                      story
                  </td>
                  <td class="post-time">
                      2023 Nov 03 22:21
                  </td>
                  <td class="post-url">
                      <a href="https://drive.google.com/drive/folders/1JxmeedtAtgmoafXv9rroiDOS2vEX7N4b">
                          Link
                      </a>
                  </td>
              </tr>
    
        63)   <tr>
                  <td class="post-score">
                      128
                  </td>
                  <td class="post-title">
                      Tesla strike widens as Swedish union expands blockade
                  </td>
                  <td class="post-type">
                      story
                  </td>
                  <td class="post-time">
                      2023 Nov 04 23:30
                  </td>
                  <td class="post-url">
                      <a href="https://www.thelocal.se/20231103/tesla-strike-widens-as-swedish-union-expands-blockade">
                          Link
                      </a>
                  </td>
              </tr>
    
        64)   <tr>
                  <td class="post-score">
                      15
                  </td>
                  <td class="post-title">
                      R─ühui and the Art of Marine Conservation
                  </td>
                  <td class="post-type">
                      story
                  </td>
                  <td class="post-time">
                      2023 Nov 04 03:03
                  </td>
                  <td class="post-url">
                      <a href="https://hakaimagazine.com/features/rahui-and-the-art-of-marine-conservation/">
                          Link
                      </a>
                  </td>
              </tr>
    
        65)   <tr>
                  <td class="post-score">
                      81
                  </td>
                  <td class="post-title">
                      Large-scale violence in Late Neolithic Western Europe based on skeletal evidence
                  </td>
                  <td class="post-type">
                      story
                  </td>
                  <td class="post-time">
                      2023 Nov 04 02:56
                  </td>
                  <td class="post-url">
                      <a href="https://www.nature.com/articles/s41598-023-43026-9">
                          Link
                      </a>
                  </td>
              </tr>
    
        66)   <tr>
                  <td class="post-score">
                      224
                  </td>
                  <td class="post-title">
                      First observation of a virus attaching to another virus
                  </td>
                  <td class="post-type">
                      story
                  </td>
                  <td class="post-time">
                      2023 Nov 03 12:47
                  </td>
                  <td class="post-url">
                      <a href="https://umbc.edu/stories/first-observed-virus-attaching-to-another/">
                          Link
                      </a>
                  </td>
              </tr>
    
        67)   <tr>
                  <td class="post-score">
                      185
                  </td>
                  <td class="post-title">
                      KDE desktop cube effect returns
                  </td>
                  <td class="post-type">
                      story
                  </td>
                  <td class="post-time">
                      2023 Nov 04 14:13
                  </td>
                  <td class="post-url">
                      <a href="https://www.phoronix.com/news/KDE-Wayland-Color-Mgmt">
                          Link
                      </a>
                  </td>
              </tr>
    
        68)   <tr>
                  <td class="post-score">
                      49
                  </td>
                  <td class="post-title">
                      Searching for hidden silicon art on a microchip
                  </td>
                  <td class="post-type">
                      story
                  </td>
                  <td class="post-time">
                      2023 Nov 04 16:48
                  </td>
                  <td class="post-url">
                      <a href="https://twitter.com/microscopicture/status/1720837951238636018">
                          Link
                      </a>
                  </td>
              </tr>
    
        69)   <tr>
                  <td class="post-score">
                      19
                  </td>
                  <td class="post-title">
                      U.S. cities consider banning "right on red" laws amid rise in pedestrian deaths
                  </td>
                  <td class="post-type">
                      story
                  </td>
                  <td class="post-time">
                      2023 Nov 04 23:45
                  </td>
                  <td class="post-url">
                      <a href="https://www.cbsnews.com/news/pedestrian-deaths-right-on-red-ban/">
                          Link
                      </a>
                  </td>
              </tr>
    
        70)   <tr>
                  <td class="post-score">
                      195
                  </td>
                  <td class="post-title">
                      Paste without formatting on macOS
                  </td>
                  <td class="post-type">
                      story
                  </td>
                  <td class="post-time">
                      2023 Nov 04 14:31
                  </td>
                  <td class="post-url">
                      <a href="https://scottswezey.com/always-paste-without-formatting-macos/">
                          Link
                      </a>
                  </td>
              </tr>
    
        71)   <tr>
                  <td class="post-score">
                      1187
                  </td>
                  <td class="post-title">
                      Cosmopolitan Third Edition
                  </td>
                  <td class="post-type">
                      story
                  </td>
                  <td class="post-time">
                      2023 Nov 01 17:25
                  </td>
                  <td class="post-url">
                      <a href="https://justine.lol/cosmo3/">
                          Link
                      </a>
                  </td>
              </tr>
    
        72)   <tr>
                  <td class="post-score">
                      126
                  </td>
                  <td class="post-title">
                      Bibi-binary
                  </td>
                  <td class="post-type">
                      story
                  </td>
                  <td class="post-time">
                      2023 Nov 02 08:55
                  </td>
                  <td class="post-url">
                      <a href="https://en.wikipedia.org/wiki/Bibi-binary">
                          Link
                      </a>
                  </td>
              </tr>
    
        73)   <tr>
                  <td class="post-score">
                      57
                  </td>
                  <td class="post-title">
                      UK plans to redefine extremism to include undermining the country
                  </td>
                  <td class="post-type">
                      story
                  </td>
                  <td class="post-time">
                      2023 Nov 04 18:57
                  </td>
                  <td class="post-url">
                      <a href="https://www.theguardian.com/uk-news/2023/nov/04/plans-to-redefine-extremism-would-include-undermining-uk-values">
                          Link
                      </a>
                  </td>
              </tr>
    
        74)   <tr>
                  <td class="post-score">
                      453
                  </td>
                  <td class="post-title">
                      Light can make water evaporate without heat
                  </td>
                  <td class="post-type">
                      story
                  </td>
                  <td class="post-time">
                      2023 Nov 02 17:59
                  </td>
                  <td class="post-url">
                      <a href="https://news.mit.edu/2023/surprising-finding-light-makes-water-evaporate-without-heat-1031">
                          Link
                      </a>
                  </td>
              </tr>
    
        75)   <tr>
                  <td class="post-score">
                      13
                  </td>
                  <td class="post-title">
                      The Trust Principles
                  </td>
                  <td class="post-type">
                      story
                  </td>
                  <td class="post-time">
                      2023 Nov 04 14:32
                  </td>
                  <td class="post-url">
                      <a href="https://www.thomsonreuters.com/en/about-us/trust-principles.html">
                          Link
                      </a>
                  </td>
              </tr>
    
        76)   <tr>
                  <td class="post-score">
                      15
                  </td>
                  <td class="post-title">
                      Coding in Public: Help Battle Imposter Syndrome and Inspire Others
                  </td>
                  <td class="post-type">
                      story
                  </td>
                  <td class="post-time">
                      2023 Nov 04 11:58
                  </td>
                  <td class="post-url">
                      <a href="https://www.codingtemple.com/blog/coding-in-public-help-battle-imposter-syndrome-and-inspire-others/">
                          Link
                      </a>
                  </td>
              </tr>
    
        77)   <tr>
                  <td class="post-score">
                      257
                  </td>
                  <td class="post-title">
                      Software that supports your body should always respect your freedom
                  </td>
                  <td class="post-type">
                      story
                  </td>
                  <td class="post-time">
                      2023 Nov 04 17:26
                  </td>
                  <td class="post-url">
                      <a href="https://www.fsf.org/blogs/community/software-that-supports-your-body-should-always-respect-your-freedom">
                          Link
                      </a>
                  </td>
              </tr>
    
        78)   <tr>
                  <td class="post-score">
                      117
                  </td>
                  <td class="post-title">
                      Show HN: MicroLua ÔÇô Lua for the RP2040 Microcontroller
                  </td>
                  <td class="post-type">
                      story
                  </td>
                  <td class="post-time">
                      2023 Nov 03 18:45
                  </td>
                  <td class="post-url">
                      <a href="https://github.com/MicroLua/MicroLua">
                          Link
                      </a>
                  </td>
              </tr>
    
        79)   <tr>
                  <td class="post-score">
                      451
                  </td>
                  <td class="post-title">
                      Post Mortem on Cloudflare Control Plane and Analytics Outage
                  </td>
                  <td class="post-type">
                      story
                  </td>
                  <td class="post-time">
                      2023 Nov 04 06:20
                  </td>
                  <td class="post-url">
                      <a href="https://blog.cloudflare.com/post-mortem-on-cloudflare-control-plane-and-analytics-outage/">
                          Link
                      </a>
                  </td>
              </tr>
    
        80)   <tr>
                  <td class="post-score">
                      543
                  </td>
                  <td class="post-title">
                      Portugal. The Man ÔÇô Official Website Is a Google Sheets Document
                  </td>
                  <td class="post-type">
                      story
                  </td>
                  <td class="post-time">
                      2023 Nov 03 23:59
                  </td>
                  <td class="post-url">
                      <a href="https://www.portugaltheman.com/?frontpage=true">
                          Link
                      </a>
                  </td>
              </tr>
    
        81)   <tr>
                  <td class="post-score">
                      212
                  </td>
                  <td class="post-title">
                      M3 Macs: there's more to performance than counting cores
                  </td>
                  <td class="post-type">
                      story
                  </td>
                  <td class="post-time">
                      2023 Nov 03 07:59
                  </td>
                  <td class="post-url">
                      <a href="https://eclecticlight.co/2023/11/03/m3-macs-theres-more-to-performance-than-counting-cores/">
                          Link
                      </a>
                  </td>
              </tr>
    
        82)   <tr>
                  <td class="post-score">
                      43
                  </td>
                  <td class="post-title">
                      What is a Teddy Roosevelt presidential library doing in North Dakota?
                  </td>
                  <td class="post-type">
                      story
                  </td>
                  <td class="post-time">
                      2023 Nov 03 19:14
                  </td>
                  <td class="post-url">
                      <a href="https://www.nytimes.com/2023/10/27/arts/theodore-roosevelt-presidential-library.html">
                          Link
                      </a>
                  </td>
              </tr>
    
        83)   <tr>
                  <td class="post-score">
                      5
                  </td>
                  <td class="post-title">
                      You Are Not Late (2014)
                  </td>
                  <td class="post-type">
                      story
                  </td>
                  <td class="post-time">
                      2023 Nov 04 15:26
                  </td>
                  <td class="post-url">
                      <a href="https://kk.org/thetechnium/you-are-not-late/">
                          Link
                      </a>
                  </td>
              </tr>
    
        84)   <tr>
                  <td class="post-score">
                      156
                  </td>
                  <td class="post-title">
                      Shinzo Abe's Assassination
                  </td>
                  <td class="post-type">
                      story
                  </td>
                  <td class="post-time">
                      2023 Nov 04 13:07
                  </td>
                  <td class="post-url">
                      <a href="https://www.theatlantic.com/magazine/archive/2023/10/shinzo-abe-assassination-japan-unification-church-moonies/675114/">
                          Link
                      </a>
                  </td>
              </tr>
    
        85)   <tr>
                  <td class="post-score">
                      101
                  </td>
                  <td class="post-title">
                      Sometimes, it is a compiler bug (2022)
                  </td>
                  <td class="post-type">
                      story
                  </td>
                  <td class="post-time">
                      2023 Nov 04 03:46
                  </td>
                  <td class="post-url">
                      <a href="https://quick-lint-js.com/blog/bug-journey/">
                          Link
                      </a>
                  </td>
              </tr>
    
        86)   <tr>
                  <td class="post-score">
                      154
                  </td>
                  <td class="post-title">
                      Guide to Adopting AV1 Encoding
                  </td>
                  <td class="post-type">
                      story
                  </td>
                  <td class="post-time">
                      2023 Nov 03 15:17
                  </td>
                  <td class="post-url">
                      <a href="https://bitmovin.com/av1/av1-encoding-guide/">
                          Link
                      </a>
                  </td>
              </tr>
    
        87)   <tr>
                  <td class="post-score">
                      7
                  </td>
                  <td class="post-title">
                      Ask HN: Where do you get your health news?
                  </td>
                  <td class="post-type">
                      story
                  </td>
                  <td class="post-time">
                      2023 Nov 05 00:57
                  </td>
                  <td class="post-url">
                      N/A
                  </td>
              </tr>
    
        88)   <tr>
                  <td class="post-score">
                      37
                  </td>
                  <td class="post-title">
                      Mass producing the most expensive rice cooker [video]
                  </td>
                  <td class="post-type">
                      story
                  </td>
                  <td class="post-time">
                      2023 Nov 04 16:33
                  </td>
                  <td class="post-url">
                      <a href="https://www.youtube.com/watch?v=xLCwr8qG1p4">
                          Link
                      </a>
                  </td>
              </tr>
    
        89)   <tr>
                  <td class="post-score">
                      32
                  </td>
                  <td class="post-title">
                      Codec Royalties on Content and the Jaws Moment
                  </td>
                  <td class="post-type">
                      story
                  </td>
                  <td class="post-time">
                      2023 Nov 03 21:07
                  </td>
                  <td class="post-url">
                      <a href="https://streaminglearningcenter.com/codecs/codec-royalties-on-content.html">
                          Link
                      </a>
                  </td>
              </tr>
    
        90)   <tr>
                  <td class="post-score">
                      139
                  </td>
                  <td class="post-title">
                      Louis Armstrong's Last Word
                  </td>
                  <td class="post-type">
                      story
                  </td>
                  <td class="post-time">
                      2023 Nov 02 20:16
                  </td>
                  <td class="post-url">
                      <a href="https://www.thenation.com/article/culture/louis-armstrong-archive/">
                          Link
                      </a>
                  </td>
              </tr>
    
        91)   <tr>
                  <td class="post-score">
                      111
                  </td>
                  <td class="post-title">
                      The Sega Hitachi HiSaturn Navi Console
                  </td>
                  <td class="post-type">
                      story
                  </td>
                  <td class="post-time">
                      2023 Nov 03 22:43
                  </td>
                  <td class="post-url">
                      <a href="https://nfggames.com/games/hisaturn/">
                          Link
                      </a>
                  </td>
              </tr>
    
        92)   <tr>
                  <td class="post-score">
                      124
                  </td>
                  <td class="post-title">
                      My experience taking Tesla to court about FSD
                  </td>
                  <td class="post-type">
                      story
                  </td>
                  <td class="post-time">
                      2023 Nov 05 00:23
                  </td>
                  <td class="post-url">
                      <a href="https://teslamotorsclub.com/tmc/threads/my-experience-taking-tesla-to-court-about-fsd.315086/">
                          Link
                      </a>
                  </td>
              </tr>
    
        93)   <tr>
                  <td class="post-score">
                      179
                  </td>
                  <td class="post-title">
                      Pix2tex: Using a ViT to convert images of equations into LaTeX code
                  </td>
                  <td class="post-type">
                      story
                  </td>
                  <td class="post-time">
                      2023 Nov 03 10:17
                  </td>
                  <td class="post-url">
                      <a href="https://github.com/lukas-blecher/LaTeX-OCR">
                          Link
                      </a>
                  </td>
              </tr>
    
        94)   <tr>
                  <td class="post-score">
                      470
                  </td>
                  <td class="post-title">
                      Talk-Llama
                  </td>
                  <td class="post-type">
                      story
                  </td>
                  <td class="post-time">
                      2023 Nov 02 07:32
                  </td>
                  <td class="post-url">
                      <a href="https://github.com/ggerganov/whisper.cpp/tree/master/examples/talk-llama">
                          Link
                      </a>
                  </td>
              </tr>
    
        95)   <tr>
                  <td class="post-score">
                      145
                  </td>
                  <td class="post-title">
                      Cooperative C++ Evolution ÔÇô Toward a TypeScript for C++
                  </td>
                  <td class="post-type">
                      story
                  </td>
                  <td class="post-time">
                      2023 Nov 04 13:30
                  </td>
                  <td class="post-url">
                      <a href="https://herbsutter.com/2023/10/09/my-new-cppcon-talk-is-on-youtube-cooperative-c-evolution-toward-a-typescript-for-c/">
                          Link
                      </a>
                  </td>
              </tr>
    
        96)   <tr>
                  <td class="post-score">
                      35
                  </td>
                  <td class="post-title">
                      The StahlDream
                  </td>
                  <td class="post-type">
                      story
                  </td>
                  <td class="post-time">
                      2023 Nov 04 01:18
                  </td>
                  <td class="post-url">
                      <a href="https://remexre.com/stahl/dream">
                          Link
                      </a>
                  </td>
              </tr>
    
        97)   <tr>
                  <td class="post-score">
                      112
                  </td>
                  <td class="post-title">
                      Frink is a programming language designed to make physical calculations simple
                  </td>
                  <td class="post-type">
                      story
                  </td>
                  <td class="post-time">
                      2023 Nov 03 06:36
                  </td>
                  <td class="post-url">
                      <a href="https://frinklang.org/">
                          Link
                      </a>
                  </td>
              </tr>
    
        98)   <tr>
                  <td class="post-score">
                      38
                  </td>
                  <td class="post-title">
                      SBF Is Headed to Prison but FTX Will Haunt the Crypto Community for Years
                  </td>
                  <td class="post-type">
                      story
                  </td>
                  <td class="post-time">
                      2023 Nov 05 01:59
                  </td>
                  <td class="post-url">
                      <a href="https://gizmodo.com/ftx-fbi-sam-bankman-fried-cryptocurrency-data-1850990825">
                          Link
                      </a>
                  </td>
              </tr>
    
        99)   <tr>
                  <td class="post-score">
                      59
                  </td>
                  <td class="post-title">
                      Yorick is an interpreted programming language for scientific simulations
                  </td>
                  <td class="post-type">
                      story
                  </td>
                  <td class="post-time">
                      2023 Nov 03 21:00
                  </td>
                  <td class="post-url">
                      <a href="https://yorick.sourceforge.net/">
                          Link
                      </a>
                  </td>
              </tr>
    
        100)  <tr>
                  <td class="post-score">
                      149
                  </td>
                  <td class="post-title">
                      Starfish bodies arenÔÇÖt bodies at all, study finds
                  </td>
                  <td class="post-type">
                      story
                  </td>
                  <td class="post-time">
                      2023 Nov 04 13:54
                  </td>
                  <td class="post-url">
                      <a href="https://www.cnn.com/2023/11/02/world/starfish-head-body-plan-scn/index.html">
                          Link
                      </a>
                  </td>
              </tr>
    
        101)  <tr>
                  <td class="post-score">
                      7
                  </td>
                  <td class="post-title">
                      SFML 2.6.1
                  </td>
                  <td class="post-type">
                      story
                  </td>
                  <td class="post-time">
                      2023 Nov 04 21:24
                  </td>
                  <td class="post-url">
                      <a href="https://github.com/SFML/SFML/releases/tag/2.6.1">
                          Link
                      </a>
                  </td>
              </tr>
    
        102)  <tr>
                  <td class="post-score">
                      21
                  </td>
                  <td class="post-title">
                      Running Mod_Perl with Mojolicious in Docker
                  </td>
                  <td class="post-type">
                      story
                  </td>
                  <td class="post-time">
                      2023 Nov 03 23:02
                  </td>
                  <td class="post-url">
                      <a href="https://rawley.xyz/docker-mod-perl.html">
                          Link
                      </a>
                  </td>
              </tr>
    
        103)  <tr>
                  <td class="post-score">
                      67
                  </td>
                  <td class="post-title">
                      The Great Inflation
                  </td>
                  <td class="post-type">
                      story
                  </td>
                  <td class="post-time">
                      2023 Nov 04 14:42
                  </td>
                  <td class="post-url">
                      <a href="https://www.federalreservehistory.org/essays/great-inflation">
                          Link
                      </a>
                  </td>
              </tr>
    
        104)  <tr>
                  <td class="post-score">
                      174
                  </td>
                  <td class="post-title">
                      MetNet-3: A state-of-the-art neural weather model
                  </td>
                  <td class="post-type">
                      story
                  </td>
                  <td class="post-time">
                      2023 Nov 03 00:34
                  </td>
                  <td class="post-url">
                      <a href="https://blog.research.google/2023/11/metnet-3-state-of-art-neural-weather.html?m=1">
                          Link
                      </a>
                  </td>
              </tr>
    
        105)  <tr>
                  <td class="post-score">
                      264
                  </td>
                  <td class="post-title">
                      From S3 to R2: An economic opportunity
                  </td>
                  <td class="post-type">
                      story
                  </td>
                  <td class="post-time">
                      2023 Nov 02 19:15
                  </td>
                  <td class="post-url">
                      <a href="https://dansdatathoughts.substack.com/p/from-s3-to-r2-an-economic-opportunity">
                          Link
                      </a>
                  </td>
              </tr>
    
        106)  <tr>
                  <td class="post-score">
                      481
                  </td>
                  <td class="post-title">
                      Ask HN: Who is hiring? (November 2023)
                  </td>
                  <td class="post-type">
                      story
                  </td>
                  <td class="post-time">
                      2023 Nov 01 15:00
                  </td>
                  <td class="post-url">
                      N/A
                  </td>
              </tr>
    
        107)  <tr>
                  <td class="post-score">
                      208
                  </td>
                  <td class="post-title">
                      Course using F#: Write your own tiny programming system(s)
                  </td>
                  <td class="post-type">
                      story
                  </td>
                  <td class="post-time">
                      2023 Nov 02 21:41
                  </td>
                  <td class="post-url">
                      <a href="https://d3s.mff.cuni.cz/teaching/nprg077/">
                          Link
                      </a>
                  </td>
              </tr>
    
        108)  <tr>
                  <td class="post-score">
                      11
                  </td>
                  <td class="post-title">
                      Astra, low on cash, defaults on loan
                  </td>
                  <td class="post-type">
                      story
                  </td>
                  <td class="post-time">
                      2023 Nov 04 20:16
                  </td>
                  <td class="post-url">
                      <a href="https://spacenews.com/astra-low-on-cash-defaults-on-loan/">
                          Link
                      </a>
                  </td>
              </tr>
    
        109)  <tr>
                  <td class="post-score">
                      204
                  </td>
                  <td class="post-title">
                      Maersk to cut 10k jobs as shipping demand drops
                  </td>
                  <td class="post-type">
                      story
                  </td>
                  <td class="post-time">
                      2023 Nov 04 04:39
                  </td>
                  <td class="post-url">
                      <a href="https://www.reuters.com/business/shipping-giant-maersk-q3-above-expectation-sees-fy-lower-end-range-2023-11-03/">
                          Link
                      </a>
                  </td>
              </tr>
    
        110)  <tr>
                  <td class="post-score">
                      52
                  </td>
                  <td class="post-title">
                      Welcome to the New GamersNexus Website v5.0: A Message
                  </td>
                  <td class="post-type">
                      story
                  </td>
                  <td class="post-time">
                      2023 Nov 04 21:16
                  </td>
                  <td class="post-url">
                      <a href="https://gamersnexus.net/gn-extras/welcome-new-gamersnexus-website-v50-message">
                          Link
                      </a>
                  </td>
              </tr>
    
        111)  <tr>
                  <td class="post-score">
                      252
                  </td>
                  <td class="post-title">
                      How to stop adulterated turmeric from killing people
                  </td>
                  <td class="post-type">
                      story
                  </td>
                  <td class="post-time">
                      2023 Nov 04 07:59
                  </td>
                  <td class="post-url">
                      <a href="https://www.economist.com/leaders/2023/11/02/how-to-stop-turmeric-from-killing-people">
                          Link
                      </a>
                  </td>
              </tr>
    
        112)  <tr>
                  <td class="post-score">
                      38
                  </td>
                  <td class="post-title">
                      The Miracle of Photography
                  </td>
                  <td class="post-type">
                      story
                  </td>
                  <td class="post-time">
                      2023 Nov 03 17:46
                  </td>
                  <td class="post-url">
                      <a href="https://themillions.com/2023/11/the-miracle-of-photography.html">
                          Link
                      </a>
                  </td>
              </tr>
    
        113)  <tr>
                  <td class="post-score">
                      71
                  </td>
                  <td class="post-title">
                      Edison Bulb Night Mode
                  </td>
                  <td class="post-type">
                      story
                  </td>
                  <td class="post-time">
                      2023 Nov 03 22:29
                  </td>
                  <td class="post-url">
                      <a href="https://www.petemillspaugh.com/edison-bulb">
                          Link
                      </a>
                  </td>
              </tr>
    
        114)  <tr>
                  <td class="post-score">
                      155
                  </td>
                  <td class="post-title">
                      RegEx Crossword (2013)
                  </td>
                  <td class="post-type">
                      story
                  </td>
                  <td class="post-time">
                      2023 Nov 02 10:30
                  </td>
                  <td class="post-url">
                      <a href="https://jimbly.github.io/regex-crossword/">
                          Link
                      </a>
                  </td>
              </tr>
    
        115)  <tr>
                  <td class="post-score">
                      65
                  </td>
                  <td class="post-title">
                      CPU-Z's Inadequate Benchmark
                  </td>
                  <td class="post-type">
                      story
                  </td>
                  <td class="post-time">
                      2023 Nov 04 00:27
                  </td>
                  <td class="post-url">
                      <a href="https://chipsandcheese.com/2023/11/03/cpu-zs-inadequate-benchmark/">
                          Link
                      </a>
                  </td>
              </tr>
    
        116)  <tr>
                  <td class="post-score">
                      29
                  </td>
                  <td class="post-title">
                      DEA Launches Crack Down on San Francisco Fentanyl Dealing
                  </td>
                  <td class="post-type">
                      story
                  </td>
                  <td class="post-time">
                      2023 Nov 04 23:44
                  </td>
                  <td class="post-url">
                      <a href="https://abc7news.com/sf-fentanyl-drug-dealers-all-hands-of-deck-operation-sfpd/14006658/">
                          Link
                      </a>
                  </td>
              </tr>
    
        117)  <tr>
                  <td class="post-score">
                      205
                  </td>
                  <td class="post-title">
                      Uranium demand hits decade high as nuclear renaissance gains traction
                  </td>
                  <td class="post-type">
                      story
                  </td>
                  <td class="post-time">
                      2023 Nov 04 00:11
                  </td>
                  <td class="post-url">
                      <a href="https://oilprice.com/The-Environment/Global-Warming/Uranium-Demand-Hits-Decade-High-As-Nuclear-Renaissance-Gains-Traction.html">
                          Link
                      </a>
                  </td>
              </tr>
    
        118)  <tr>
                  <td class="post-score">
                      56
                  </td>
                  <td class="post-title">
                      Accelerating digital block design with Google's open source Mid-Level Synthesis
                  </td>
                  <td class="post-type">
                      story
                  </td>
                  <td class="post-time">
                      2023 Nov 03 19:53
                  </td>
                  <td class="post-url">
                      <a href="https://antmicro.com/blog/2023/09/accelerating-digital-block-design-with-googles-xls/">
                          Link
                      </a>
                  </td>
              </tr>
    
        119)  <tr>
                  <td class="post-score">
                      26
                  </td>
                  <td class="post-title">
                      Show HN: Cami.js ÔÇô A No Build, Web Component Based Reactive Framework
                  </td>
                  <td class="post-type">
                      story
                  </td>
                  <td class="post-time">
                      2023 Nov 04 18:33
                  </td>
                  <td class="post-url">
                      <a href="https://github.com/kennyfrc/cami.js">
                          Link
                      </a>
                  </td>
              </tr>
    
        120)  <tr>
                  <td class="post-score">
                      177
                  </td>
                  <td class="post-title">
                      Why You Should Write Your Own Static Site Generator
                  </td>
                  <td class="post-type">
                      story
                  </td>
                  <td class="post-time">
                      2023 Nov 03 09:10
                  </td>
                  <td class="post-url">
                      <a href="https://arne.me/articles/write-your-own-ssg">
                          Link
                      </a>
                  </td>
              </tr>
    
        121)  <tr>
                  <td class="post-score">
                      12
                  </td>
                  <td class="post-title">
                      GiNaC: Open framework for symbolic computation within C++ programming language
                  </td>
                  <td class="post-type">
                      story
                  </td>
                  <td class="post-time">
                      2023 Nov 04 03:25
                  </td>
                  <td class="post-url">
                      <a href="https://www.ginac.de/tutorial/">
                          Link
                      </a>
                  </td>
              </tr>
    
        122)  <tr>
                  <td class="post-score">
                      39
                  </td>
                  <td class="post-title">
                      Liblinux ÔÇô architecture-independent access to Linux system calls
                  </td>
                  <td class="post-type">
                      story
                  </td>
                  <td class="post-time">
                      2023 Nov 03 08:47
                  </td>
                  <td class="post-url">
                      <a href="https://github.com/matheusmoreira/liblinux">
                          Link
                      </a>
                  </td>
              </tr>
    
        123)  <tr>
                  <td class="post-score">
                      111
                  </td>
                  <td class="post-title">
                      Enable ARMv9 Memory Tagging Extension (MTE) on Pixel 8
                  </td>
                  <td class="post-type">
                      story
                  </td>
                  <td class="post-time">
                      2023 Nov 03 06:55
                  </td>
                  <td class="post-url">
                      <a href="https://outflux.net/blog/archives/2023/10/26/enable-mte-on-pixel-8/">
                          Link
                      </a>
                  </td>
              </tr>
    
        124)  <tr>
                  <td class="post-score">
                      56
                  </td>
                  <td class="post-title">
                      Why is RC Cola popular in Tajikistan?
                  </td>
                  <td class="post-type">
                      story
                  </td>
                  <td class="post-time">
                      2023 Nov 03 20:07
                  </td>
                  <td class="post-url">
                      <a href="https://www.snackstack.net/p/why-is-rc-cola-popular-in-tajikistan">
                          Link
                      </a>
                  </td>
              </tr>
    
        125)  <tr>
                  <td class="post-score">
                      7
                  </td>
                  <td class="post-title">
                      Show HN: I started building yet another CSS framework
                  </td>
                  <td class="post-type">
                      story
                  </td>
                  <td class="post-time">
                      2023 Nov 04 08:55
                  </td>
                  <td class="post-url">
                      <a href="https://eternityforest.github.io/barrel.css/">
                          Link
                      </a>
                  </td>
              </tr>
    
        126)  <tr>
                  <td class="post-score">
                      85
                  </td>
                  <td class="post-title">
                      How to help someone use a computer (1996)
                  </td>
                  <td class="post-type">
                      story
                  </td>
                  <td class="post-time">
                      2023 Nov 03 08:46
                  </td>
                  <td class="post-url">
                      <a href="https://pages.gseis.ucla.edu/faculty/agre/how-to-help.html">
                          Link
                      </a>
                  </td>
              </tr>
    
        127)  <tr>
                  <td class="post-score">
                      193
                  </td>
                  <td class="post-title">
                      Is there anywhere in the world someone can just live for free?
                  </td>
                  <td class="post-type">
                      story
                  </td>
                  <td class="post-time">
                      2023 Nov 04 08:57
                  </td>
                  <td class="post-url">
                      <a href="https://reddit.com/r/NoStupidQuestions/comments/17mvukd/is_there_anywhere_in_the_world_someone_can_just/">
                          Link
                      </a>
                  </td>
              </tr>
    
        128)  <tr>
                  <td class="post-score">
                      84
                  </td>
                  <td class="post-title">
                      First Handset with MTE on the Market
                  </td>
                  <td class="post-type">
                      story
                  </td>
                  <td class="post-time">
                      2023 Nov 03 22:03
                  </td>
                  <td class="post-url">
                      <a href="https://googleprojectzero.blogspot.com/2023/11/first-handset-with-mte-on-market.html">
                          Link
                      </a>
                  </td>
              </tr>
    
        129)  <tr>
                  <td class="post-score">
                      59
                  </td>
                  <td class="post-title">
                      Cats Make Nearly 300 Different Facial Expressions
                  </td>
                  <td class="post-type">
                      story
                  </td>
                  <td class="post-time">
                      2023 Nov 04 21:38
                  </td>
                  <td class="post-url">
                      <a href="https://www.smithsonianmag.com/smart-news/cats-make-nearly-300-different-facial-expressions-180983185/">
                          Link
                      </a>
                  </td>
              </tr>
    
        130)  <tr>
                  <td class="post-score">
                      147
                  </td>
                  <td class="post-title">
                      Email.radio ÔÇô Free Email Domain for Licensed Ham Radio Operators
                  </td>
                  <td class="post-type">
                      story
                  </td>
                  <td class="post-time">
                      2023 Nov 03 02:10
                  </td>
                  <td class="post-url">
                      <a href="https://email.radio/">
                          Link
                      </a>
                  </td>
              </tr>
    
        131)  <tr>
                  <td class="post-score">
                      666
                  </td>
                  <td class="post-title">
                      macOS Sonoma Boot Failures
                  </td>
                  <td class="post-type">
                      story
                  </td>
                  <td class="post-time">
                      2023 Oct 31 18:33
                  </td>
                  <td class="post-url">
                      <a href="https://github.com/AsahiLinux/docs/wiki/macOS-Sonoma-Boot-Failures">
                          Link
                      </a>
                  </td>
              </tr>
    
        132)  <tr>
                  <td class="post-score">
                      98
                  </td>
                  <td class="post-title">
                      Telnet BBS Guide
                  </td>
                  <td class="post-type">
                      story
                  </td>
                  <td class="post-time">
                      2023 Nov 03 23:29
                  </td>
                  <td class="post-url">
                      <a href="https://www.telnetbbsguide.com/">
                          Link
                      </a>
                  </td>
              </tr>
    
        133)  <tr>
                  <td class="post-score">
                      69
                  </td>
                  <td class="post-title">
                      Discord will switch to temporary file links to block malware delivery
                  </td>
                  <td class="post-type">
                      story
                  </td>
                  <td class="post-time">
                      2023 Nov 04 19:11
                  </td>
                  <td class="post-url">
                      <a href="https://www.bleepingcomputer.com/news/security/discord-will-switch-to-temporary-file-links-to-block-malware-delivery/">
                          Link
                      </a>
                  </td>
              </tr>
    
        134)  <tr>
                  <td class="post-score">
                      201
                  </td>
                  <td class="post-title">
                      Podman Desktop v1.5 with Compose onboarding and enhanced Kubernetes pod data
                  </td>
                  <td class="post-type">
                      story
                  </td>
                  <td class="post-time">
                      2023 Nov 03 19:39
                  </td>
                  <td class="post-url">
                      <a href="https://podman-desktop.io/blog/podman-desktop-release-1.5">
                          Link
                      </a>
                  </td>
              </tr>
    
        135)  <tr>
                  <td class="post-score">
                      199
                  </td>
                  <td class="post-title">
                      Okta hit by third-party breach, stealing employee data
                  </td>
                  <td class="post-type">
                      story
                  </td>
                  <td class="post-time">
                      2023 Nov 03 16:15
                  </td>
                  <td class="post-url">
                      <a href="https://arstechnica.com/security/2023/11/okta-hit-by-another-breach-this-one-stealing-employee-data-from-3rd-party-vendor/">
                          Link
                      </a>
                  </td>
              </tr>
    
        136)  <tr>
                  <td class="post-score">
                      124
                  </td>
                  <td class="post-title">
                      If you plant milkweed, they will come
                  </td>
                  <td class="post-type">
                      story
                  </td>
                  <td class="post-time">
                      2023 Nov 03 00:21
                  </td>
                  <td class="post-url">
                      <a href="https://www.nytimes.com/2023/10/25/realestate/gardening-milkweed-plants-butterflies.html">
                          Link
                      </a>
                  </td>
              </tr>
    
        137)  <tr>
                  <td class="post-score">
                      31
                  </td>
                  <td class="post-title">
                      Things I like about Zig as a Go Programmer
                  </td>
                  <td class="post-type">
                      story
                  </td>
                  <td class="post-time">
                      2023 Nov 04 16:38
                  </td>
                  <td class="post-url">
                      <a href="https://medium.com/@vladimirvivien/things-i-like-about-zig-as-a-go-programmer-75eb02aab00f">
                          Link
                      </a>
                  </td>
              </tr>
    
        138)  <tr>
                  <td class="post-score">
                      9
                  </td>
                  <td class="post-title">
                      Upgrading my Chumby 8 kernel part 7: touchscreen
                  </td>
                  <td class="post-type">
                      story
                  </td>
                  <td class="post-time">
                      2023 Nov 03 23:57
                  </td>
                  <td class="post-url">
                      <a href="https://www.downtowndougbrown.com/2023/11/upgrading-my-chumby-8-kernel-part-7-touchscreen/">
                          Link
                      </a>
                  </td>
              </tr>
    
        139)  <tr>
                  <td class="post-score">
                      114
                  </td>
                  <td class="post-title">
                      Embracing community helps us live longer, and be happier (2017)
                  </td>
                  <td class="post-type">
                      story
                  </td>
                  <td class="post-time">
                      2023 Nov 03 19:58
                  </td>
                  <td class="post-url">
                      <a href="https://news.harvard.edu/gazette/story/2017/04/over-nearly-80-years-harvard-study-has-been-showing-how-to-live-a-healthy-and-happy-life/">
                          Link
                      </a>
                  </td>
              </tr>
    
        140)  <tr>
                  <td class="post-score">
                      221
                  </td>
                  <td class="post-title">
                      Joint statement of scientists and NGOs on the EUÔÇÖs proposed eIDAS reform
                  </td>
                  <td class="post-type">
                      story
                  </td>
                  <td class="post-time">
                      2023 Nov 03 11:08
                  </td>
                  <td class="post-url">
                      <a href="https://eidas-open-letter.org/">
                          Link
                      </a>
                  </td>
              </tr>
    
        141)  <tr>
                  <td class="post-score">
                      3
                  </td>
                  <td class="post-title">
                      A guide to home row mods with QMK
                  </td>
                  <td class="post-type">
                      story
                  </td>
                  <td class="post-time">
                      2023 Nov 04 11:21
                  </td>
                  <td class="post-url">
                      <a href="https://precondition.github.io/home-row-mods">
                          Link
                      </a>
                  </td>
              </tr>
    
        142)  <tr>
                  <td class="post-score">
                      14
                  </td>
                  <td class="post-title">
                      Geospatial Technology Radar 2023
                  </td>
                  <td class="post-type">
                      story
                  </td>
                  <td class="post-time">
                      2023 Nov 03 20:03
                  </td>
                  <td class="post-url">
                      <a href="https://element84.com/geospatial-tech-radar-23">
                          Link
                      </a>
                  </td>
              </tr>
    
        143)  <tr>
                  <td class="post-score">
                      49
                  </td>
                  <td class="post-title">
                      HBO CEO Confesses to Trolling Critics with Fake Tweets: Rolling Stone
                  </td>
                  <td class="post-type">
                      story
                  </td>
                  <td class="post-time">
                      2023 Nov 04 06:19
                  </td>
                  <td class="post-url">
                      <a href="https://www.rollingstone.com/tv-movies/tv-movie-news/hbo-ceo-casey-bloys-confesses-trolling-critics-fake-twitter-accounts-dumb-idea-1234868710/">
                          Link
                      </a>
                  </td>
              </tr>
    
        144)  <tr>
                  <td class="post-score">
                      124
                  </td>
                  <td class="post-title">
                      Ken Mattingly, astronaut scrubbed from Apollo 13, has died
                  </td>
                  <td class="post-type">
                      story
                  </td>
                  <td class="post-time">
                      2023 Nov 03 05:48
                  </td>
                  <td class="post-url">
                      <a href="https://www.nytimes.com/2023/11/02/science/space/ken-mattingly-dead.html">
                          Link
                      </a>
                  </td>
              </tr>
    
        145)  <tr>
                  <td class="post-score">
                      146
                  </td>
                  <td class="post-title">
                      How big data carried graph theory into new dimensions
                  </td>
                  <td class="post-type">
                      story
                  </td>
                  <td class="post-time">
                      2023 Nov 02 21:33
                  </td>
                  <td class="post-url">
                      <a href="https://www.quantamagazine.org/how-big-data-carried-graph-theory-into-new-dimensions-20210819/">
                          Link
                      </a>
                  </td>
              </tr>
    
        146)  <tr>
                  <td class="post-score">
                      235
                  </td>
                  <td class="post-title">
                      Lemming Suicide Myth: Disney Film Faked Bogus Behavior
                  </td>
                  <td class="post-type">
                      story
                  </td>
                  <td class="post-time">
                      2023 Nov 01 22:47
                  </td>
                  <td class="post-url">
                      <a href="https://www.adfg.alaska.gov/index.cfm?adfg=wildlifenews.view_article&articles_id=56">
                          Link
                      </a>
                  </td>
              </tr>
    
        147)  <tr>
                  <td class="post-score">
                      22
                  </td>
                  <td class="post-title">
                      The Future of RSS Is Textcasting
                  </td>
                  <td class="post-type">
                      story
                  </td>
                  <td class="post-time">
                      2023 Nov 03 19:11
                  </td>
                  <td class="post-url">
                      <a href="https://kottke.org/23/11/the-future-of-rss-is-textcasting-1">
                          Link
                      </a>
                  </td>
              </tr>
    
        148)  <tr>
                  <td class="post-score">
                      113
                  </td>
                  <td class="post-title">
                      Auto industry executives admit electric vehicle plans are in jeopardy
                  </td>
                  <td class="post-type">
                      story
                  </td>
                  <td class="post-time">
                      2023 Nov 02 22:26
                  </td>
                  <td class="post-url">
                      <a href="https://www.businessinsider.com/auto-executives-coming-clean-evs-arent-working-2023-10">
                          Link
                      </a>
                  </td>
              </tr>
    
        149)  <tr>
                  <td class="post-score">
                      591
                  </td>
                  <td class="post-title">
                      Confusing Git Terminology
                  </td>
                  <td class="post-type">
                      story
                  </td>
                  <td class="post-time">
                      2023 Nov 02 13:05
                  </td>
                  <td class="post-url">
                      <a href="https://jvns.ca/blog/2023/11/01/confusing-git-terminology/">
                          Link
                      </a>
                  </td>
              </tr>
    
        150)  <tr>
                  <td class="post-score">
                      645
                  </td>
                  <td class="post-title">
                      Copying Angry Birds with nothing but AI
                  </td>
                  <td class="post-type">
                      story
                  </td>
                  <td class="post-time">
                      2023 Oct 31 18:27
                  </td>
                  <td class="post-url">
                      <a href="https://twitter.com/javilopen/status/1719363262179938401">
                          Link
                      </a>
                  </td>
              </tr>
    
        151)  <tr>
                  <td class="post-score">
                      146
                  </td>
                  <td class="post-title">
                      Hyphens, minus, and dashes in Debian man pages
                  </td>
                  <td class="post-type">
                      story
                  </td>
                  <td class="post-time">
                      2023 Nov 02 23:13
                  </td>
                  <td class="post-url">
                      <a href="https://lwn.net/Articles/947941/">
                          Link
                      </a>
                  </td>
              </tr>
    
        152)  <tr>
                  <td class="post-score">
                      91
                  </td>
                  <td class="post-title">
                      The Anthropogenic Salt Cycle
                  </td>
                  <td class="post-type">
                      story
                  </td>
                  <td class="post-time">
                      2023 Nov 03 12:21
                  </td>
                  <td class="post-url">
                      <a href="https://www.nature.com/articles/s43017-023-00485-y">
                          Link
                      </a>
                  </td>
              </tr>
    
        153)  <tr>
                  <td class="post-score">
                      117
                  </td>
                  <td class="post-title">
                      When to Shut Up: A Visual Guide (With Included Algorithm)
                  </td>
                  <td class="post-type">
                      story
                  </td>
                  <td class="post-time">
                      2023 Nov 04 12:24
                  </td>
                  <td class="post-url">
                      <a href="https://shaungallagher.pressbin.com/blog/shut-up.html">
                          Link
                      </a>
                  </td>
              </tr>
    
        154)  <tr>
                  <td class="post-score">
                      297
                  </td>
                  <td class="post-title">
                      macOS Sonoma Broke Grep
                  </td>
                  <td class="post-type">
                      story
                  </td>
                  <td class="post-time">
                      2023 Nov 01 20:24
                  </td>
                  <td class="post-url">
                      <a href="https://developer.apple.com/forums/thread/738862">
                          Link
                      </a>
                  </td>
              </tr>
    
        155)  <tr>
                  <td class="post-score">
                      335
                  </td>
                  <td class="post-title">
                      How Bear does analytics with CSS
                  </td>
                  <td class="post-type">
                      story
                  </td>
                  <td class="post-time">
                      2023 Nov 01 08:08
                  </td>
                  <td class="post-url">
                      <a href="https://herman.bearblog.dev/how-bear-does-analytics-with-css/">
                          Link
                      </a>
                  </td>
              </tr>
    
        156)  <tr>
                  <td class="post-score">
                      87
                  </td>
                  <td class="post-title">
                      Everything We Know About 1970s Mainframe RPGs We Can No Longer Play
                  </td>
                  <td class="post-type">
                      story
                  </td>
                  <td class="post-time">
                      2023 Nov 02 22:31
                  </td>
                  <td class="post-url">
                      <a href="http://crpgaddict.blogspot.com/2021/06/brief-everything-we-know-about-1970s.html">
                          Link
                      </a>
                  </td>
              </tr>
    
        157)  <tr>
                  <td class="post-score">
                      200
                  </td>
                  <td class="post-title">
                      The business of extracting knowledge from academic publications
                  </td>
                  <td class="post-type">
                      story
                  </td>
                  <td class="post-time">
                      2023 Nov 01 21:52
                  </td>
                  <td class="post-url">
                      <a href="https://www.theseedsofscience.pub/p/the-business-of-extracting-knowledge">
                          Link
                      </a>
                  </td>
              </tr>
    
        158)  <tr>
                  <td class="post-score">
                      244
                  </td>
                  <td class="post-title">
                      Window-swap ÔÇô open a new window somewhere in the world
                  </td>
                  <td class="post-type">
                      story
                  </td>
                  <td class="post-time">
                      2023 Nov 02 01:16
                  </td>
                  <td class="post-url">
                      <a href="https://www.window-swap.com/">
                          Link
                      </a>
                  </td>
              </tr>
    
        159)  <tr>
                  <td class="post-score">
                      80
                  </td>
                  <td class="post-title">
                      AMD Unveils Ryzen Mobile 7040U Series with Zen 4c Efficiency Cores
                  </td>
                  <td class="post-type">
                      story
                  </td>
                  <td class="post-time">
                      2023 Nov 03 10:52
                  </td>
                  <td class="post-url">
                      <a href="https://www.anandtech.com/show/21111/amd-unveils-ryzen-7040u-series-with-zen-4c-smaller-cores-bigger-efficiency">
                          Link
                      </a>
                  </td>
              </tr>
    
        160)  <tr>
                  <td class="post-score">
                      231
                  </td>
                  <td class="post-title">
                      YouTube's plan backfires, people are installing better ad blockers
                  </td>
                  <td class="post-type">
                      story
                  </td>
                  <td class="post-time">
                      2023 Nov 04 03:34
                  </td>
                  <td class="post-url">
                      <a href="https://www.androidauthority.com/youtube-ad-block-installs-3382289/">
                          Link
                      </a>
                  </td>
              </tr>
    
        161)  <tr>
                  <td class="post-score">
                      56
                  </td>
                  <td class="post-title">
                      A carbohydrate revolution is speeding up pro cycling
                  </td>
                  <td class="post-type">
                      story
                  </td>
                  <td class="post-time">
                      2023 Nov 04 15:56
                  </td>
                  <td class="post-url">
                      <a href="https://velo.outsideonline.com/road/road-training/a-massive-change-how-a-carbohydrate-revolution-is-speeding-up-pro-cycling/">
                          Link
                      </a>
                  </td>
              </tr>
    
        162)  <tr>
                  <td class="post-score">
                      30
                  </td>
                  <td class="post-title">
                      Intel's CEO Admits to and Details the Company's Three Biggest Mistakes
                  </td>
                  <td class="post-type">
                      story
                  </td>
                  <td class="post-time">
                      2023 Nov 04 07:28
                  </td>
                  <td class="post-url">
                      <a href="https://www.tomshardware.com/pc-components/gpus/intels-ceo-admits-to-and-details-companies-three-biggest-mistakes">
                          Link
                      </a>
                  </td>
              </tr>
    
        163)  <tr>
                  <td class="post-score">
                      89
                  </td>
                  <td class="post-title">
                      GM's Cruise alleged to rely on human operators to achieve "autonomous" driving
                  </td>
                  <td class="post-type">
                      story
                  </td>
                  <td class="post-time">
                      2023 Nov 04 20:59
                  </td>
                  <td class="post-url">
                      <a href="https://www.nytimes.com/2023/11/03/technology/cruise-general-motors-self-driving-cars.html">
                          Link
                      </a>
                  </td>
              </tr>
    
        164)  <tr>
                  <td class="post-score">
                      674
                  </td>
                  <td class="post-title">
                      I trapped scammers in an impossible maze [video]
                  </td>
                  <td class="post-type">
                      story
                  </td>
                  <td class="post-time">
                      2023 Nov 03 15:38
                  </td>
                  <td class="post-url">
                      <a href="https://www.youtube.com/watch?v=dWzz3NeDz3E">
                          Link
                      </a>
                  </td>
              </tr>
    
        165)  <tr>
                  <td class="post-score">
                      64
                  </td>
                  <td class="post-title">
                      999 Request Denied
                  </td>
                  <td class="post-type">
                      story
                  </td>
                  <td class="post-time">
                      2023 Nov 03 11:25
                  </td>
                  <td class="post-url">
                      <a href="https://http.dev/999">
                          Link
                      </a>
                  </td>
              </tr>
    
        166)  <tr>
                  <td class="post-score">
                      537
                  </td>
                  <td class="post-title">
                      Last Chance to fix eIDAS: Secret EU law threatens Internet security
                  </td>
                  <td class="post-type">
                      story
                  </td>
                  <td class="post-time">
                      2023 Nov 02 05:57
                  </td>
                  <td class="post-url">
                      <a href="https://last-chance-for-eidas.org/">
                          Link
                      </a>
                  </td>
              </tr>
    
        167)  <tr>
                  <td class="post-score">
                      148
                  </td>
                  <td class="post-title">
                      Microsoft is retiring Visual Studio for Mac in 2024
                  </td>
                  <td class="post-type">
                      story
                  </td>
                  <td class="post-time">
                      2023 Nov 03 20:14
                  </td>
                  <td class="post-url">
                      <a href="https://visualstudio.microsoft.com/vs/mac/">
                          Link
                      </a>
                  </td>
              </tr>
    
        168)  <tr>
                  <td class="post-score">
                      83
                  </td>
                  <td class="post-title">
                      Translations of Russ Cox's Thompson NFA C Program to Rust
                  </td>
                  <td class="post-type">
                      story
                  </td>
                  <td class="post-time">
                      2023 Nov 03 03:27
                  </td>
                  <td class="post-url">
                      <a href="https://github.com/BurntSushi/rsc-regexp">
                          Link
                      </a>
                  </td>
              </tr>
    
        169)  <tr>
                  <td class="post-score">
                      74
                  </td>
                  <td class="post-title">
                      How to pronounce the trickiest English words
                  </td>
                  <td class="post-type">
                      story
                  </td>
                  <td class="post-time">
                      2023 Nov 02 15:56
                  </td>
                  <td class="post-url">
                      <a href="https://www.wsj.com/business/media/how-to-pronounce-english-words-julien-miquel-58581065">
                          Link
                      </a>
                  </td>
              </tr>
    
        170)  <tr>
                  <td class="post-score">
                      262
                  </td>
                  <td class="post-title">
                      Why ACPI?
                  </td>
                  <td class="post-type">
                      story
                  </td>
                  <td class="post-time">
                      2023 Nov 01 06:46
                  </td>
                  <td class="post-url">
                      <a href="https://mjg59.dreamwidth.org/68350.html">
                          Link
                      </a>
                  </td>
              </tr>
    
        171)  <tr>
                  <td class="post-score">
                      49
                  </td>
                  <td class="post-title">
                      Show HN: GitInsights ÔÇô a weekly summary email of your team's GitHub activity
                  </td>
                  <td class="post-type">
                      story
                  </td>
                  <td class="post-time">
                      2023 Nov 03 20:15
                  </td>
                  <td class="post-url">
                      <a href="https://gitinsights.io/">
                          Link
                      </a>
                  </td>
              </tr>
    
        172)  <tr>
                  <td class="post-score">
                      96
                  </td>
                  <td class="post-title">
                      Jevons paradox
                  </td>
                  <td class="post-type">
                      story
                  </td>
                  <td class="post-time">
                      2023 Nov 03 15:16
                  </td>
                  <td class="post-url">
                      <a href="https://en.wikipedia.org/wiki/Jevons_paradox">
                          Link
                      </a>
                  </td>
              </tr>
    
        173)  <tr>
                  <td class="post-score">
                      142
                  </td>
                  <td class="post-title">
                      WasmGC ÔÇô Run GC languages such as Kotlin, Java in Chrome browser
                  </td>
                  <td class="post-type">
                      story
                  </td>
                  <td class="post-time">
                      2023 Nov 02 04:32
                  </td>
                  <td class="post-url">
                      <a href="https://developer.chrome.com/blog/wasmgc/">
                          Link
                      </a>
                  </td>
              </tr>
    
        174)  <tr>
                  <td class="post-score">
                      34
                  </td>
                  <td class="post-title">
                      China's TikTok users are being told that Aristotle did not exist
                  </td>
                  <td class="post-type">
                      story
                  </td>
                  <td class="post-time">
                      2023 Nov 04 19:20
                  </td>
                  <td class="post-url">
                      <a href="https://www.scmp.com/news/china/science/article/3240339/aristotle-becomes-latest-casualty-chinas-narrative-war-west-scholar-questions-philosophers-existence">
                          Link
                      </a>
                  </td>
              </tr>
    
        175)  <tr>
                  <td class="post-score">
                      227
                  </td>
                  <td class="post-title">
                      Audacity 3.4
                  </td>
                  <td class="post-type">
                      story
                  </td>
                  <td class="post-time">
                      2023 Nov 03 00:14
                  </td>
                  <td class="post-url">
                      <a href="https://www.audacityteam.org/blog/audacity-3-4/">
                          Link
                      </a>
                  </td>
              </tr>
    
        176)  <tr>
                  <td class="post-score">
                      318
                  </td>
                  <td class="post-title">
                      Why doctors in America earn so much
                  </td>
                  <td class="post-type">
                      story
                  </td>
                  <td class="post-time">
                      2023 Nov 01 14:38
                  </td>
                  <td class="post-url">
                      <a href="https://www.economist.com/united-states/2023/10/31/why-doctors-in-america-earn-so-much">
                          Link
                      </a>
                  </td>
              </tr>
    
        177)  <tr>
                  <td class="post-score">
                      274
                  </td>
                  <td class="post-title">
                      Distil-Whisper: distilled version of Whisper that is 6 times faster, 49% smaller
                  </td>
                  <td class="post-type">
                      story
                  </td>
                  <td class="post-time">
                      2023 Nov 01 00:55
                  </td>
                  <td class="post-url">
                      <a href="https://github.com/huggingface/distil-whisper">
                          Link
                      </a>
                  </td>
              </tr>
    
        178)  <tr>
                  <td class="post-score">
                      11
                  </td>
                  <td class="post-title">
                      Pessimists Archive
                  </td>
                  <td class="post-type">
                      story
                  </td>
                  <td class="post-time">
                      2023 Nov 04 23:05
                  </td>
                  <td class="post-url">
                      <a href="https://pessimistsarchive.org/">
                          Link
                      </a>
                  </td>
              </tr>
    
        179)  <tr>
                  <td class="post-score">
                      202
                  </td>
                  <td class="post-title">
                      GPT-4 Update: 32K Context Window Now for All Users
                  </td>
                  <td class="post-type">
                      story
                  </td>
                  <td class="post-time">
                      2023 Nov 03 15:30
                  </td>
                  <td class="post-url">
                      <a href="https://github.com/spdustin/ChatGPT-AutoExpert/blob/main/_system-prompts/all_tools.md">
                          Link
                      </a>
                  </td>
              </tr>
    
        180)  <tr>
                  <td class="post-score">
                      108
                  </td>
                  <td class="post-title">
                      ML Experiments Management with Git
                  </td>
                  <td class="post-type">
                      story
                  </td>
                  <td class="post-time">
                      2023 Nov 02 21:33
                  </td>
                  <td class="post-url">
                      <a href="https://github.com/iterative/dvc">
                          Link
                      </a>
                  </td>
              </tr>
    
        181)  <tr>
                  <td class="post-score">
                      35
                  </td>
                  <td class="post-title">
                      You don't need a terminal emulator ┬Ě Andrey Listopadov
                  </td>
                  <td class="post-type">
                      story
                  </td>
                  <td class="post-time">
                      2023 Nov 03 22:55
                  </td>
                  <td class="post-url">
                      <a href="https://andreyor.st/posts/2023-10-27-you-dont-need-a-terminal-emulator/">
                          Link
                      </a>
                  </td>
              </tr>
    
        182)  <tr>
                  <td class="post-score">
                      250
                  </td>
                  <td class="post-title">
                      Bayer hit with $332M judgement in Roundup cancer trial
                  </td>
                  <td class="post-type">
                      story
                  </td>
                  <td class="post-time">
                      2023 Nov 03 23:16
                  </td>
                  <td class="post-url">
                      <a href="https://fortune.com/2023/11/03/bayer-332-million-judgement-trial-man-cancer-decades-monsanto-roundup-weedkiller/">
                          Link
                      </a>
                  </td>
              </tr>
    
        183)  <tr>
                  <td class="post-score">
                      58
                  </td>
                  <td class="post-title">
                      Openela releases Red Hat source code on GitHub
                  </td>
                  <td class="post-type">
                      story
                  </td>
                  <td class="post-time">
                      2023 Nov 04 18:16
                  </td>
                  <td class="post-url">
                      <a href="https://github.com/orgs/openela-main/repositories">
                          Link
                      </a>
                  </td>
              </tr>
    
        184)  <tr>
                  <td class="post-score">
                      12
                  </td>
                  <td class="post-title">
                      Deno 1.38: HTML doc generator and HMR
                  </td>
                  <td class="post-type">
                      story
                  </td>
                  <td class="post-time">
                      2023 Nov 03 10:05
                  </td>
                  <td class="post-url">
                      <a href="https://deno.com/blog/v1.38">
                          Link
                      </a>
                  </td>
              </tr>
    
        185)  <tr>
                  <td class="post-score">
                      8
                  </td>
                  <td class="post-title">
                      Ask HN: Infra people in small companies, what does your infra look like?
                  </td>
                  <td class="post-type">
                      story
                  </td>
                  <td class="post-time">
                      2023 Nov 04 13:27
                  </td>
                  <td class="post-url">
                      N/A
                  </td>
              </tr>
    
        186)  <tr>
                  <td class="post-score">
                      137
                  </td>
                  <td class="post-title">
                      Nuclear Conversion for Starship
                  </td>
                  <td class="post-type">
                      story
                  </td>
                  <td class="post-time">
                      2023 Nov 03 16:52
                  </td>
                  <td class="post-url">
                      <a href="http://toughsf.blogspot.com/2021/10/nuclear-conversion-for-starship.html">
                          Link
                      </a>
                  </td>
              </tr>
    
        187)  <tr>
                  <td class="post-score">
                      206
                  </td>
                  <td class="post-title">
                      Now you're thinking with relays
                  </td>
                  <td class="post-type">
                      story
                  </td>
                  <td class="post-time">
                      2023 Nov 01 19:30
                  </td>
                  <td class="post-url">
                      <a href="https://lcamtuf.substack.com/p/now-youre-thinking-with-relays">
                          Link
                      </a>
                  </td>
              </tr>
    
        188)  <tr>
                  <td class="post-score">
                      158
                  </td>
                  <td class="post-title">
                      Bank financing and bad urban planning make the retail apocalypse worse
                  </td>
                  <td class="post-type">
                      story
                  </td>
                  <td class="post-time">
                      2023 Nov 01 16:21
                  </td>
                  <td class="post-url">
                      <a href="https://www.businessinsider.com/bank-financing-urban-planning-pandemic-retail-apocalypse-vacant-storefront-2023-10">
                          Link
                      </a>
                  </td>
              </tr>
    
        189)  <tr>
                  <td class="post-score">
                      31
                  </td>
                  <td class="post-title">
                      How much it costs Apple to increase RAM size in Macs?
                  </td>
                  <td class="post-type">
                      story
                  </td>
                  <td class="post-time">
                      2023 Nov 04 02:15
                  </td>
                  <td class="post-url">
                      <a href="https://old.reddit.com/r/macbookpro/comments/17lwl0b/how_much_does_ram_cost_anyways/">
                          Link
                      </a>
                  </td>
              </tr>
    
        190)  <tr>
                  <td class="post-score">
                      30
                  </td>
                  <td class="post-title">
                      Cup Noodles are now microwave-safe
                  </td>
                  <td class="post-type">
                      story
                  </td>
                  <td class="post-time">
                      2023 Nov 04 18:04
                  </td>
                  <td class="post-url">
                      <a href="https://www.washingtonpost.com/food/2023/11/03/cup-noodles-are-now-microwave-safe-so-they-werent-already/">
                          Link
                      </a>
                  </td>
              </tr>
    
        191)  <tr>
                  <td class="post-score">
                      30
                  </td>
                  <td class="post-title">
                      What's the difference between LangChain, llama indexand others like autollm?
                  </td>
                  <td class="post-type">
                      story
                  </td>
                  <td class="post-time">
                      2023 Nov 03 10:41
                  </td>
                  <td class="post-url">
                      N/A
                  </td>
              </tr>
    
        192)  <tr>
                  <td class="post-score">
                      235
                  </td>
                  <td class="post-title">
                      Sally Ignore Previous Instructions
                  </td>
                  <td class="post-type">
                      story
                  </td>
                  <td class="post-time">
                      2023 Nov 02 21:02
                  </td>
                  <td class="post-url">
                      <a href="https://www.haihai.ai/pen15/">
                          Link
                      </a>
                  </td>
              </tr>
    
        193)  <tr>
                  <td class="post-score">
                      81
                  </td>
                  <td class="post-title">
                      Enterprise-Fu
                  </td>
                  <td class="post-type">
                      story
                  </td>
                  <td class="post-time">
                      2023 Nov 02 23:31
                  </td>
                  <td class="post-url">
                      <a href="http://mike.daless.io/prez/enterprise-asbury-2013-10/slides.html">
                          Link
                      </a>
                  </td>
              </tr>
    
        194)  <tr>
                  <td class="post-score">
                      251
                  </td>
                  <td class="post-title">
                      Rwanda joins Kenya to initiate visa-free travel for all Africans
                  </td>
                  <td class="post-type">
                      story
                  </td>
                  <td class="post-time">
                      2023 Nov 03 12:15
                  </td>
                  <td class="post-url">
                      <a href="https://africa.businessinsider.com/local/leaders/from-barriers-to-unity-rwanda-joins-kenya-to-initiate-visa-free-travel-for-all/hhqe29q">
                          Link
                      </a>
                  </td>
              </tr>
    
        195)  <tr>
                  <td class="post-score">
                      792
                  </td>
                  <td class="post-title">
                      Yann LeCun: AI one-percenters seizing power forever is real doomsday scenario
                  </td>
                  <td class="post-type">
                      story
                  </td>
                  <td class="post-time">
                      2023 Nov 02 04:05
                  </td>
                  <td class="post-url">
                      <a href="https://www.businessinsider.com/sam-altman-and-demis-hassabis-just-want-to-control-ai-2023-10">
                          Link
                      </a>
                  </td>
              </tr>
    
        196)  <tr>
                  <td class="post-score">
                      161
                  </td>
                  <td class="post-title">
                      Show HN: DoltgreSQL ÔÇô Version-Controlled DB, Like Git and PostgreSQL had a baby
                  </td>
                  <td class="post-type">
                      story
                  </td>
                  <td class="post-time">
                      2023 Nov 02 01:59
                  </td>
                  <td class="post-url">
                      <a href="https://github.com/dolthub/doltgresql">
                          Link
                      </a>
                  </td>
              </tr>
    
        197)  <tr>
                  <td class="post-score">
                      74
                  </td>
                  <td class="post-title">
                      Clash, a tool to break China's Great Fire Wall, is Deleted in GitHub
                  </td>
                  <td class="post-type">
                      story
                  </td>
                  <td class="post-time">
                      2023 Nov 03 09:01
                  </td>
                  <td class="post-url">
                      <a href="https://github.com/Dreamacro/clash">
                          Link
                      </a>
                  </td>
              </tr>
    
        198)  <tr>
                  <td class="post-score">
                      40
                  </td>
                  <td class="post-title">
                      Vivo Unveils BlueOS, Based on Rust Language
                  </td>
                  <td class="post-type">
                      story
                  </td>
                  <td class="post-time">
                      2023 Nov 02 03:14
                  </td>
                  <td class="post-url">
                      <a href="https://sparrowsnews.com/2023/11/01/vivo-unveils-blueos-operating-system/">
                          Link
                      </a>
                  </td>
              </tr>
    
        199)  <tr>
                  <td class="post-score">
                      66
                  </td>
                  <td class="post-title">
                      Formalizing 100 Theorems
                  </td>
                  <td class="post-type">
                      story
                  </td>
                  <td class="post-time">
                      2023 Nov 02 05:27
                  </td>
                  <td class="post-url">
                      <a href="https://www.cs.ru.nl/~freek/100/">
                          Link
                      </a>
                  </td>
              </tr>
    
        200)  <tr>
                  <td class="post-score">
                      184
                  </td>
                  <td class="post-title">
                      The Binder Linux driver is being rewritten in Rust
                  </td>
                  <td class="post-type">
                      story
                  </td>
                  <td class="post-time">
                      2023 Nov 03 06:53
                  </td>
                  <td class="post-url">
                      <a href="https://lore.kernel.org/rust-for-linux/20231101-rust-binder-v1-0-08ba9197f637@google.com/">
                          Link
                      </a>
                  </td>
              </tr>
    
    
    Ôľ╝ Query.count
    
    Expect.equal


> PostsViewTests
> module View.Posts
> field values
> each row contains all fields

    Ôľ╝ Query.fromHtml
    
        <table>
            <tr>
                <th class="post-score">
                    score
                </th>
                <th class="post-title">
                    title
                </th>
                <th class="post-url">
                    url
                </th>
                <th class="post-type">
                    type
                </th>
                <th class="post-time">
                    time
                </th>
            </tr>
            <div>
                <tr>
                    <td class="post-score">
                        512
                    </td>
                    <td class="post-title">
                        NewPipe ÔÇô Lightweight YouTube experience for Android
                    </td>
                    <td class="post-type">
                        story
                    </td>
                    <td class="post-time">
                        2023 Nov 04 19:38
                    </td>
                    <td class="post-url">
                        <a href="https://newpipe.net/">
                            Link
                        </a>
                    </td>
                </tr>
                <tr>
                    <td class="post-score">
                        75
                    </td>
                    <td class="post-title">
                        LLM companies to access largest Chinese non-fiction book collection
                    </td>
                    <td class="post-type">
                        story
                    </td>
                    <td class="post-time">
                        2023 Nov 05 07:30
                    </td>
                    <td class="post-url">
                        <a href="https://annas-blog.org/duxiu-exclusive.html">
                            Link
                        </a>
                    </td>
                </tr>
                <tr>
                    <td class="post-score">
                        182
                    </td>
                    <td class="post-title">
                        Intel Itanium IA-64 Support Removed with the Linux 6.7 Kernel
                    </td>
                    <td class="post-type">
                        story
                    </td>
                    <td class="post-time">
                        2023 Nov 02 15:31
                    </td>
                    <td class="post-url">
                        <a href="https://www.phoronix.com/news/Intel-IA-64-Removed-Linux-6.7">
                            Link
                        </a>
                    </td>
                </tr>
                <tr>
                    <td class="post-score">
                        37
                    </td>
                    <td class="post-title">
                        Representations / strategies for noncooperative games with imperfect information [pdf]
                    </td>
                    <td class="post-type">
                        story
                    </td>
                    <td class="post-time">
                        2023 Nov 04 20:24
                    </td>
                    <td class="post-url">
                        <a href="https://www2.cs.sfu.ca/~bbart/personal/masters-thesis.pdf">
                            Link
                        </a>
                    </td>
                </tr>
                <tr>
                    <td class="post-score">
                        57
                    </td>
                    <td class="post-title">
                        The First App Store
                    </td>
                    <td class="post-type">
                        story
                    </td>
                    <td class="post-time">
                        2023 Nov 05 00:52
                    </td>
                    <td class="post-url">
                        <a href="https://one-from-nippon.ghost.io/worlds-first-app-store/">
                            Link
                        </a>
                    </td>
                </tr>
                <tr>
                    <td class="post-score">
                        83
                    </td>
                    <td class="post-title">
                        Show HN: Gogosseract, a Go Lib for CGo-Free Tesseract OCR via Wazero
                    </td>
                    <td class="post-type">
                        story
                    </td>
                    <td class="post-time">
                        2023 Nov 04 23:06
                    </td>
                    <td class="post-url">
                        <a href="https://github.com/Danlock/gogosseract">
                            Link
                        </a>
                    </td>
                </tr>
                <tr>
                    <td class="post-score">
                        51
                    </td>
                    <td class="post-title">
                        Planes, Spheres and Pseudospheres
                    </td>
                    <td class="post-type">
                        story
                    </td>
                    <td class="post-time">
                        2023 Nov 04 23:35
                    </td>
                    <td class="post-url">
                        <a href="https://www.gregegan.net/SCIENCE/PSP/PSP.html">
                            Link
                        </a>
                    </td>
                </tr>
                <tr>
                    <td class="post-score">
                        557
                    </td>
                    <td class="post-title">
                        Othello Is Solved?
                    </td>
                    <td class="post-type">
                        story
                    </td>
                    <td class="post-time">
                        2023 Nov 04 14:35
                    </td>
                    <td class="post-url">
                        <a href="https://arxiv.org/abs/2310.19387">
                            Link
                        </a>
                    </td>
                </tr>
                <tr>
                    <td class="post-score">
                        1
                    </td>
                    <td class="post-title">
                        SigNoz (YC W21), open source observability platform, hiring SREs (Remote)
                    </td>
                    <td class="post-type">
                        job
                    </td>
                    <td class="post-time">
                        2023 Nov 05 07:01
                    </td>
                    <td class="post-url">
                        <a href="https://signoz.io/careers/site-reliability-engineer/">
                            Link
                        </a>
                    </td>
                </tr>
                <tr>
                    <td class="post-score">
                        26
                    </td>
                    <td class="post-title">
                        Shadows Edge Software
                    </td>
                    <td class="post-type">
                        story
                    </td>
                    <td class="post-time">
                        2023 Nov 05 02:23
                    </td>
                    <td class="post-url">
                        <a href="https://www.shadowsedge.mil/What-We-Do/">
                            Link
                        </a>
                    </td>
                </tr>
                <tr>
                    <td class="post-score">
                        58
                    </td>
                    <td class="post-title">
                        Quadratic Reciprocity: The connection that changed number theory
                    </td>
                    <td class="post-type">
                        story
                    </td>
                    <td class="post-time">
                        2023 Nov 02 15:43
                    </td>
                    <td class="post-url">
                        <a href="https://www.quantamagazine.org/the-hidden-connection-that-changed-number-theory-20231101/">
                            Link
                        </a>
                    </td>
                </tr>
                <tr>
                    <td class="post-score">
                        65
                    </td>
                    <td class="post-title">
                        How to Do a TypeScript Conversion: an opinionated take on gradual conversions
                    </td>
                    <td class="post-type">
                        story
                    </td>
                    <td class="post-time">
                        2023 Nov 04 21:15
                    </td>
                    <td class="post-url">
                        <a href="https://v5.chriskrycho.com/journal/how-to-do-a-typescript-conversion/">
                            Link
                        </a>
                    </td>
                </tr>
                <tr>
                    <td class="post-score">
                        83
                    </td>
                    <td class="post-title">
                        FTC Chair Lina Khan looks for allies and leads in Silicon Valley charm offensive
                    </td>
                    <td class="post-type">
                        story
                    </td>
                    <td class="post-time">
                        2023 Nov 04 19:24
                    </td>
                    <td class="post-url">
                        <a href="https://www.reuters.com/business/ftc-chair-lina-khan-looks-allies-leads-silicon-valley-charm-offensive-2023-11-03/">
                            Link
                        </a>
                    </td>
                </tr>
                <tr>
                    <td class="post-score">
                        96
                    </td>
                    <td class="post-title">
                        Topic: Discord Stealer
                    </td>
                    <td class="post-type">
                        story
                    </td>
                    <td class="post-time">
                        2023 Nov 05 02:26
                    </td>
                    <td class="post-url">
                        <a href="https://github.com/topics/discord-stealer">
                            Link
                        </a>
                    </td>
                </tr>
                <tr>
                    <td class="post-score">
                        132
                    </td>
                    <td class="post-title">
                        SARS-CoV-2 Infection Affects Energy Stores in the Body, Causing Organ Failure
                    </td>
                    <td class="post-type">
                        story
                    </td>
                    <td class="post-time">
                        2023 Nov 04 23:02
                    </td>
                    <td class="post-url">
                        <a href="https://news.unchealthcare.org/2023/10/researchers-show-sars-cov-2-infection-affects-energy-stores-in-the-body-causing-organ-failure/">
                            Link
                        </a>
                    </td>
                </tr>
                <tr>
                    <td class="post-score">
                        102
                    </td>
                    <td class="post-title">
                        Soda additive linked to thyroid toxicity may finally get banned by FDA
                    </td>
                    <td class="post-type">
                        story
                    </td>
                    <td class="post-time">
                        2023 Nov 05 00:26
                    </td>
                    <td class="post-url">
                        <a href="https://arstechnica.com/health/2023/11/50-years-later-fda-proposes-banning-a-food-additive-it-said-is-not-safe/">
                            Link
                        </a>
                    </td>
                </tr>
                <tr>
                    <td class="post-score">
                        56
                    </td>
                    <td class="post-title">
                        BeeWare Toga v0.4.0 ÔÇô A Python native, OS native GUI toolkit
                    </td>
                    <td class="post-type">
                        story
                    </td>
                    <td class="post-time">
                        2023 Nov 05 01:24
                    </td>
                    <td class="post-url">
                        <a href="https://github.com/beeware/toga/releases/tag/v0.4.0">
                            Link
                        </a>
                    </td>
                </tr>
                <tr>
                    <td class="post-score">
                        105
                    </td>
                    <td class="post-title">
                        The cottage industry of YouTube obituary pirates
                    </td>
                    <td class="post-type">
                        story
                    </td>
                    <td class="post-time">
                        2023 Nov 04 20:58
                    </td>
                    <td class="post-url">
                        <a href="https://www.wired.com/story/youtube-obituary-pirates/">
                            Link
                        </a>
                    </td>
                </tr>
                <tr>
                    <td class="post-score">
                        44
                    </td>
                    <td class="post-title">
                        Chemists, engineers craft adjustable arrays of microscopic lenses
                    </td>
                    <td class="post-type">
                        story
                    </td>
                    <td class="post-time">
                        2023 Nov 02 15:48
                    </td>
                    <td class="post-url">
                        <a href="https://phys.org/news/2023-10-chemists-craft-adjustable-arrays-microscopic.html">
                            Link
                        </a>
                    </td>
                </tr>
                <tr>
                    <td class="post-score">
                        62
                    </td>
                    <td class="post-title">
                        Disturbed Lands (National Park Service)
                    </td>
                    <td class="post-type">
                        story
                    </td>
                    <td class="post-time">
                        2023 Nov 04 23:29
                    </td>
                    <td class="post-url">
                        <a href="https://www.nps.gov/shen/learn/nature/disturbedlands.htm">
                            Link
                        </a>
                    </td>
                </tr>
                <tr>
                    <td class="post-score">
                        84
                    </td>
                    <td class="post-title">
                        The world nearly adopted a calendar with 13 months of 28 days
                    </td>
                    <td class="post-type">
                        story
                    </td>
                    <td class="post-time">
                        2023 Nov 05 03:53
                    </td>
                    <td class="post-url">
                        <a href="https://www.washingtonpost.com/history/2023/11/04/battle-sabbath-13-month-calendar/">
                            Link
                        </a>
                    </td>
                </tr>
                <tr>
                    <td class="post-score">
                        106
                    </td>
                    <td class="post-title">
                        AI and Open Source in 2023
                    </td>
                    <td class="post-type">
                        story
                    </td>
                    <td class="post-time">
                        2023 Nov 04 18:50
                    </td>
                    <td class="post-url">
                        <a href="https://magazine.sebastianraschka.com/p/ai-and-open-source-in-2023">
                            Link
                        </a>
                    </td>
                </tr>
                <tr>
                    <td class="post-score">
                        1114
                    </td>
                    <td class="post-title">
                        As I retire, my goal now is to release 40+ years of source code
                    </td>
                    <td class="post-type">
                        story
                    </td>
                    <td class="post-time">
                        2023 Nov 03 17:26
                    </td>
                    <td class="post-url">
                        <a href="https://dunfield.themindfactory.com/dnldsrc.htm">
                            Link
                        </a>
                    </td>
                </tr>
                <tr>
                    <td class="post-score">
                        122
                    </td>
                    <td class="post-title">
                        New Microsoft Exchange zero-days allow RCE, data theft attacks
                    </td>
                    <td class="post-type">
                        story
                    </td>
                    <td class="post-time">
                        2023 Nov 04 21:43
                    </td>
                    <td class="post-url">
                        <a href="https://www.bleepingcomputer.com/news/microsoft/new-microsoft-exchange-zero-days-allow-rce-data-theft-attacks/">
                            Link
                        </a>
                    </td>
                </tr>
                <tr>
                    <td class="post-score">
                        125
                    </td>
                    <td class="post-title">
                        Grok
                    </td>
                    <td class="post-type">
                        story
                    </td>
                    <td class="post-time">
                        2023 Nov 05 05:02
                    </td>
                    <td class="post-url">
                        <a href="https://twitter.com/xai/status/1721027348970238035">
                            Link
                        </a>
                    </td>
                </tr>
                <tr>
                    <td class="post-score">
                        220
                    </td>
                    <td class="post-title">
                        A 6 channel GPS receiver from 1993
                    </td>
                    <td class="post-type">
                        story
                    </td>
                    <td class="post-time">
                        2023 Nov 04 10:27
                    </td>
                    <td class="post-url">
                        <a href="https://mastodon.sdf.org/@keelan/111349948124943603">
                            Link
                        </a>
                    </td>
                </tr>
                <tr>
                    <td class="post-score">
                        313
                    </td>
                    <td class="post-title">
                        AMD MicroBlaze V Processor: A Flexible and Efficient RISC-V Processor
                    </td>
                    <td class="post-type">
                        story
                    </td>
                    <td class="post-time">
                        2023 Nov 04 02:01
                    </td>
                    <td class="post-url">
                        <a href="https://www.xilinx.com/products/design-tools/microblaze-v.html">
                            Link
                        </a>
                    </td>
                </tr>
                <tr>
                    <td class="post-score">
                        112
                    </td>
                    <td class="post-title">
                        Lahaina Noon
                    </td>
                    <td class="post-type">
                        story
                    </td>
                    <td class="post-time">
                        2023 Nov 02 15:27
                    </td>
                    <td class="post-url">
                        <a href="https://en.wikipedia.org/wiki/Lahaina_Noon">
                            Link
                        </a>
                    </td>
                </tr>
                <tr>
                    <td class="post-score">
                        157
                    </td>
                    <td class="post-title">
                        Spin 2.0 ÔÇô open-source tool for building and running WASM apps
                    </td>
                    <td class="post-type">
                        story
                    </td>
                    <td class="post-time">
                        2023 Nov 04 12:01
                    </td>
                    <td class="post-url">
                        <a href="https://www.fermyon.com/blog/introducing-spin-v2">
                            Link
                        </a>
                    </td>
                </tr>
                <tr>
                    <td class="post-score">
                        411
                    </td>
                    <td class="post-title">
                        Tell HN: Submit comments to IRS re tax treatment of software dev expenses
                    </td>
                    <td class="post-type">
                        story
                    </td>
                    <td class="post-time">
                        2023 Nov 02 21:26
                    </td>
                    <td class="post-url">
                        N/A
                    </td>
                </tr>
                <tr>
                    <td class="post-score">
                        11
                    </td>
                    <td class="post-title">
                        Show HN: A tiny and platform-agnostic true random number generator for FPGA/ASIC
                    </td>
                    <td class="post-type">
                        story
                    </td>
                    <td class="post-time">
                        2023 Nov 04 21:34
                    </td>
                    <td class="post-url">
                        <a href="https://github.com/stnolting/neoTRNG">
                            Link
                        </a>
                    </td>
                </tr>
                <tr>
                    <td class="post-score">
                        99
                    </td>
                    <td class="post-title">
                        Daylight saving time can seriously affect your health
                    </td>
                    <td class="post-type">
                        story
                    </td>
                    <td class="post-time">
                        2023 Nov 05 00:47
                    </td>
                    <td class="post-url">
                        <a href="https://apnews.com/article/daylight-saving-2023-fall-back-a3738d5c74301b8068825927c49fc6b4">
                            Link
                        </a>
                    </td>
                </tr>
                <tr>
                    <td class="post-score">
                        46
                    </td>
                    <td class="post-title">
                        Delhi air pollution spikes to 100 times WHO health limit
                    </td>
                    <td class="post-type">
                        story
                    </td>
                    <td class="post-time">
                        2023 Nov 04 23:14
                    </td>
                    <td class="post-url">
                        <a href="https://www.theguardian.com/world/2023/nov/03/delhi-india-air-quality-pollution-spike-world-health-organization-limit">
                            Link
                        </a>
                    </td>
                </tr>
                <tr>
                    <td class="post-score">
                        5
                    </td>
                    <td class="post-title">
                        A game. The only winning move is not to play
                    </td>
                    <td class="post-type">
                        story
                    </td>
                    <td class="post-time">
                        2023 Nov 05 04:15
                    </td>
                    <td class="post-url">
                        N/A
                    </td>
                </tr>
                <tr>
                    <td class="post-score">
                        83
                    </td>
                    <td class="post-title">
                        Max is taking 4K away from its legacy ad-free subscribers
                    </td>
                    <td class="post-type">
                        story
                    </td>
                    <td class="post-time">
                        2023 Nov 05 02:54
                    </td>
                    <td class="post-url">
                        <a href="https://www.theverge.com/2023/11/2/23943859/max-4k-hbo-max-ad-free-subscribers">
                            Link
                        </a>
                    </td>
                </tr>
                <tr>
                    <td class="post-score">
                        132
                    </td>
                    <td class="post-title">
                        Classes vs. structs in .NET: how not to teach about performance
                    </td>
                    <td class="post-type">
                        story
                    </td>
                    <td class="post-time">
                        2023 Nov 04 03:28
                    </td>
                    <td class="post-url">
                        <a href="https://sergeyteplyakov.github.io/Blog/benchmarking/2023/11/02/Performance_Comparison_For_Classes_vs_Structs.html">
                            Link
                        </a>
                    </td>
                </tr>
                <tr>
                    <td class="post-score">
                        68
                    </td>
                    <td class="post-title">
                        How ÔÇťblueÔÇŁ and ÔÇťgreenÔÇŁ appeared in a language that didnÔÇÖt have words for them
                    </td>
                    <td class="post-type">
                        story
                    </td>
                    <td class="post-time">
                        2023 Nov 02 15:54
                    </td>
                    <td class="post-url">
                        <a href="https://news.mit.edu/2023/how-blue-and-green-appeared-language-1102">
                            Link
                        </a>
                    </td>
                </tr>
                <tr>
                    <td class="post-score">
                        17
                    </td>
                    <td class="post-title">
                        Oracle Cloud Outage
                    </td>
                    <td class="post-type">
                        story
                    </td>
                    <td class="post-time">
                        2023 Nov 05 00:33
                    </td>
                    <td class="post-url">
                        N/A
                    </td>
                </tr>
                <tr>
                    <td class="post-score">
                        15
                    </td>
                    <td class="post-title">
                        Exim 4.97.0 ÔÇô SMTP Mail Server ÔÇô Message Transfer Agent (MTA)
                    </td>
                    <td class="post-type">
                        story
                    </td>
                    <td class="post-time">
                        2023 Nov 05 00:29
                    </td>
                    <td class="post-url">
                        <a href="https://www.exim.org/">
                            Link
                        </a>
                    </td>
                </tr>
                <tr>
                    <td class="post-score">
                        82
                    </td>
                    <td class="post-title">
                        You're Gonna Need a Bigger Browser
                    </td>
                    <td class="post-type">
                        story
                    </td>
                    <td class="post-time">
                        2023 Nov 04 19:55
                    </td>
                    <td class="post-url">
                        <a href="https://berjon.com/bigger-browser/">
                            Link
                        </a>
                    </td>
                </tr>
                <tr>
                    <td class="post-score">
                        157
                    </td>
                    <td class="post-title">
                        Making "LCD, Please"
                    </td>
                    <td class="post-type">
                        story
                    </td>
                    <td class="post-time">
                        2023 Nov 04 04:16
                    </td>
                    <td class="post-url">
                        <a href="https://dukope.com/devlogs/papers-please/lcdplease/">
                            Link
                        </a>
                    </td>
                </tr>
                <tr>
                    <td class="post-score">
                        17
                    </td>
                    <td class="post-title">
                        Interview with a Gladiatrix
                    </td>
                    <td class="post-type">
                        story
                    </td>
                    <td class="post-time">
                        2023 Nov 04 21:04
                    </td>
                    <td class="post-url">
                        <a href="https://antigonejournal.com/2023/10/modern-roman-gladiatrix/">
                            Link
                        </a>
                    </td>
                </tr>
                <tr>
                    <td class="post-score">
                        6
                    </td>
                    <td class="post-title">
                        Towards Modern Development of Cloud Applications [pdf]
                    </td>
                    <td class="post-type">
                        story
                    </td>
                    <td class="post-time">
                        2023 Nov 05 00:44
                    </td>
                    <td class="post-url">
                        <a href="https://sigops.org/s/conferences/hotos/2023/papers/ghemawat.pdf">
                            Link
                        </a>
                    </td>
                </tr>
                <tr>
                    <td class="post-score">
                        224
                    </td>
                    <td class="post-title">
                        A blog post is a long and complex search query to find people (2022)
                    </td>
                    <td class="post-type">
                        story
                    </td>
                    <td class="post-time">
                        2023 Nov 04 02:02
                    </td>
                    <td class="post-url">
                        <a href="https://www.henrikkarlsson.xyz/p/search-query">
                            Link
                        </a>
                    </td>
                </tr>
                <tr>
                    <td class="post-score">
                        68
                    </td>
                    <td class="post-title">
                        After decades of dreams, a commercial spaceplane is almost ready to fly
                    </td>
                    <td class="post-type">
                        story
                    </td>
                    <td class="post-time">
                        2023 Nov 04 17:45
                    </td>
                    <td class="post-url">
                        <a href="https://arstechnica.com/space/2023/11/after-decades-of-dreams-a-commercial-spaceplane-is-almost-ready-to-fly/">
                            Link
                        </a>
                    </td>
                </tr>
                <tr>
                    <td class="post-score">
                        110
                    </td>
                    <td class="post-title">
                        Scrcpy 2.2 adds Android camera mirroring
                    </td>
                    <td class="post-type">
                        story
                    </td>
                    <td class="post-time">
                        2023 Nov 04 18:30
                    </td>
                    <td class="post-url">
                        <a href="https://github.com/Genymobile/scrcpy/releases/tag/v2.2">
                            Link
                        </a>
                    </td>
                </tr>
                <tr>
                    <td class="post-score">
                        52
                    </td>
                    <td class="post-title">
                        SpaceX poised for 'mid-November' launch of second Starship test flight
                    </td>
                    <td class="post-type">
                        story
                    </td>
                    <td class="post-time">
                        2023 Nov 05 04:23
                    </td>
                    <td class="post-url">
                        <a href="https://spaceflightnow.com/2023/11/04/spacex-poised-for-mid-november-of-second-starship-test-launch/">
                            Link
                        </a>
                    </td>
                </tr>
                <tr>
                    <td class="post-score">
                        160
                    </td>
                    <td class="post-title">
                        I need more USB power
                    </td>
                    <td class="post-type">
                        story
                    </td>
                    <td class="post-time">
                        2023 Nov 04 16:36
                    </td>
                    <td class="post-url">
                        <a href="https://atomic14.substack.com/p/i-need-more-usb-power">
                            Link
                        </a>
                    </td>
                </tr>
                <tr>
                    <td class="post-score">
                        8
                    </td>
                    <td class="post-title">
                        Ancient coins have been found off Sardinia, probably from shipwreck
                    </td>
                    <td class="post-type">
                        story
                    </td>
                    <td class="post-time">
                        2023 Nov 05 03:31
                    </td>
                    <td class="post-url">
                        <a href="https://apnews.com/article/italy-ancient-coins-sardinia-divers-cabdfa070d37a8020f874dd90c0a2433">
                            Link
                        </a>
                    </td>
                </tr>
                <tr>
                    <td class="post-score">
                        65
                    </td>
                    <td class="post-title">
                        C++ Sudoku Solver by Singapore PM Lee Hsien Loong
                    </td>
                    <td class="post-type">
                        story
                    </td>
                    <td class="post-time">
                        2023 Nov 04 19:07
                    </td>
                    <td class="post-url">
                        <a href="https://twitter.com/adad8m/status/1720822885496049863">
                            Link
                        </a>
                    </td>
                </tr>
                <tr>
                    <td class="post-score">
                        91
                    </td>
                    <td class="post-title">
                        Lapham's Quarterly Is on Hiatus
                    </td>
                    <td class="post-type">
                        story
                    </td>
                    <td class="post-time">
                        2023 Nov 04 20:00
                    </td>
                    <td class="post-url">
                        <a href="https://www.laphamsquarterly.org/roundtable/hiatus">
                            Link
                        </a>
                    </td>
                </tr>
                <tr>
                    <td class="post-score">
                        6
                    </td>
                    <td class="post-title">
                        X.ai Grok
                    </td>
                    <td class="post-type">
                        story
                    </td>
                    <td class="post-time">
                        2023 Nov 05 05:57
                    </td>
                    <td class="post-url">
                        <a href="https://grok.x.ai/">
                            Link
                        </a>
                    </td>
                </tr>
                <tr>
                    <td class="post-score">
                        219
                    </td>
                    <td class="post-title">
                        Asciinema: Record and share your terminal sessions, the simple way
                    </td>
                    <td class="post-type">
                        story
                    </td>
                    <td class="post-time">
                        2023 Nov 03 20:53
                    </td>
                    <td class="post-url">
                        <a href="https://asciinema.org/">
                            Link
                        </a>
                    </td>
                </tr>
                <tr>
                    <td class="post-score">
                        605
                    </td>
                    <td class="post-title">
                        In 1886, the US commissioned watercolor paintings of every known fruit (2019)
                    </td>
                    <td class="post-type">
                        story
                    </td>
                    <td class="post-time">
                        2023 Nov 02 22:30
                    </td>
                    <td class="post-url">
                        <a href="https://www.openculture.com/2019/06/the-us-government-commissioned-7500-watercolor-paintings.html">
                            Link
                        </a>
                    </td>
                </tr>
                <tr>
                    <td class="post-score">
                        467
                    </td>
                    <td class="post-title">
                        No dogs were harmed in the making of this app
                    </td>
                    <td class="post-type">
                        story
                    </td>
                    <td class="post-time">
                        2023 Nov 03 13:47
                    </td>
                    <td class="post-url">
                        <a href="https://shmck.substack.com/p/no-dogs-were-harmed-in-the-making">
                            Link
                        </a>
                    </td>
                </tr>
                <tr>
                    <td class="post-score">
                        417
                    </td>
                    <td class="post-title">
                        Bringing garbage collected programming languages efficiently to WebAssembly
                    </td>
                    <td class="post-type">
                        story
                    </td>
                    <td class="post-time">
                        2023 Nov 03 06:50
                    </td>
                    <td class="post-url">
                        <a href="https://v8.dev/blog/wasm-gc-porting">
                            Link
                        </a>
                    </td>
                </tr>
                <tr>
                    <td class="post-score">
                        225
                    </td>
                    <td class="post-title">
                        Wooden Game Boy
                    </td>
                    <td class="post-type">
                        story
                    </td>
                    <td class="post-time">
                        2023 Nov 03 21:32
                    </td>
                    <td class="post-url">
                        <a href="https://there.oughta.be/a/wooden-game-boy">
                            Link
                        </a>
                    </td>
                </tr>
                <tr>
                    <td class="post-score">
                        80
                    </td>
                    <td class="post-title">
                        The Apple II Circuit Description (1983)
                    </td>
                    <td class="post-type">
                        story
                    </td>
                    <td class="post-time">
                        2023 Nov 02 14:58
                    </td>
                    <td class="post-url">
                        <a href="https://archive.org/details/taiicd">
                            Link
                        </a>
                    </td>
                </tr>
                <tr>
                    <td class="post-score">
                        304
                    </td>
                    <td class="post-title">
                        Bevy 0.12
                    </td>
                    <td class="post-type">
                        story
                    </td>
                    <td class="post-time">
                        2023 Nov 04 19:39
                    </td>
                    <td class="post-url">
                        <a href="https://bevyengine.org/news/bevy-0-12/">
                            Link
                        </a>
                    </td>
                </tr>
                <tr>
                    <td class="post-score">
                        203
                    </td>
                    <td class="post-title">
                        Telling GPT-4 you're scared or under pressure improves performance
                    </td>
                    <td class="post-type">
                        story
                    </td>
                    <td class="post-time">
                        2023 Nov 04 00:40
                    </td>
                    <td class="post-url">
                        <a href="https://aimodels.substack.com/p/telling-gpt-4-youre-scared-or-under">
                            Link
                        </a>
                    </td>
                </tr>
                <tr>
                    <td class="post-score">
                        1952
                    </td>
                    <td class="post-title">
                        Sam Bankman-Fried Convicted
                    </td>
                    <td class="post-type">
                        story
                    </td>
                    <td class="post-time">
                        2023 Nov 02 23:49
                    </td>
                    <td class="post-url">
                        <a href="https://www.nytimes.com/live/2023/11/02/business/sam-bankman-fried-trial">
                            Link
                        </a>
                    </td>
                </tr>
                <tr>
                    <td class="post-score">
                        188
                    </td>
                    <td class="post-title">
                        Surround sound test files for every audio format
                    </td>
                    <td class="post-type">
                        story
                    </td>
                    <td class="post-time">
                        2023 Nov 03 22:21
                    </td>
                    <td class="post-url">
                        <a href="https://drive.google.com/drive/folders/1JxmeedtAtgmoafXv9rroiDOS2vEX7N4b">
                            Link
                        </a>
                    </td>
                </tr>
                <tr>
                    <td class="post-score">
                        128
                    </td>
                    <td class="post-title">
                        Tesla strike widens as Swedish union expands blockade
                    </td>
                    <td class="post-type">
                        story
                    </td>
                    <td class="post-time">
                        2023 Nov 04 23:30
                    </td>
                    <td class="post-url">
                        <a href="https://www.thelocal.se/20231103/tesla-strike-widens-as-swedish-union-expands-blockade">
                            Link
                        </a>
                    </td>
                </tr>
                <tr>
                    <td class="post-score">
                        15
                    </td>
                    <td class="post-title">
                        R─ühui and the Art of Marine Conservation
                    </td>
                    <td class="post-type">
                        story
                    </td>
                    <td class="post-time">
                        2023 Nov 04 03:03
                    </td>
                    <td class="post-url">
                        <a href="https://hakaimagazine.com/features/rahui-and-the-art-of-marine-conservation/">
                            Link
                        </a>
                    </td>
                </tr>
                <tr>
                    <td class="post-score">
                        81
                    </td>
                    <td class="post-title">
                        Large-scale violence in Late Neolithic Western Europe based on skeletal evidence
                    </td>
                    <td class="post-type">
                        story
                    </td>
                    <td class="post-time">
                        2023 Nov 04 02:56
                    </td>
                    <td class="post-url">
                        <a href="https://www.nature.com/articles/s41598-023-43026-9">
                            Link
                        </a>
                    </td>
                </tr>
                <tr>
                    <td class="post-score">
                        224
                    </td>
                    <td class="post-title">
                        First observation of a virus attaching to another virus
                    </td>
                    <td class="post-type">
                        story
                    </td>
                    <td class="post-time">
                        2023 Nov 03 12:47
                    </td>
                    <td class="post-url">
                        <a href="https://umbc.edu/stories/first-observed-virus-attaching-to-another/">
                            Link
                        </a>
                    </td>
                </tr>
                <tr>
                    <td class="post-score">
                        185
                    </td>
                    <td class="post-title">
                        KDE desktop cube effect returns
                    </td>
                    <td class="post-type">
                        story
                    </td>
                    <td class="post-time">
                        2023 Nov 04 14:13
                    </td>
                    <td class="post-url">
                        <a href="https://www.phoronix.com/news/KDE-Wayland-Color-Mgmt">
                            Link
                        </a>
                    </td>
                </tr>
                <tr>
                    <td class="post-score">
                        49
                    </td>
                    <td class="post-title">
                        Searching for hidden silicon art on a microchip
                    </td>
                    <td class="post-type">
                        story
                    </td>
                    <td class="post-time">
                        2023 Nov 04 16:48
                    </td>
                    <td class="post-url">
                        <a href="https://twitter.com/microscopicture/status/1720837951238636018">
                            Link
                        </a>
                    </td>
                </tr>
                <tr>
                    <td class="post-score">
                        19
                    </td>
                    <td class="post-title">
                        U.S. cities consider banning "right on red" laws amid rise in pedestrian deaths
                    </td>
                    <td class="post-type">
                        story
                    </td>
                    <td class="post-time">
                        2023 Nov 04 23:45
                    </td>
                    <td class="post-url">
                        <a href="https://www.cbsnews.com/news/pedestrian-deaths-right-on-red-ban/">
                            Link
                        </a>
                    </td>
                </tr>
                <tr>
                    <td class="post-score">
                        195
                    </td>
                    <td class="post-title">
                        Paste without formatting on macOS
                    </td>
                    <td class="post-type">
                        story
                    </td>
                    <td class="post-time">
                        2023 Nov 04 14:31
                    </td>
                    <td class="post-url">
                        <a href="https://scottswezey.com/always-paste-without-formatting-macos/">
                            Link
                        </a>
                    </td>
                </tr>
                <tr>
                    <td class="post-score">
                        1187
                    </td>
                    <td class="post-title">
                        Cosmopolitan Third Edition
                    </td>
                    <td class="post-type">
                        story
                    </td>
                    <td class="post-time">
                        2023 Nov 01 17:25
                    </td>
                    <td class="post-url">
                        <a href="https://justine.lol/cosmo3/">
                            Link
                        </a>
                    </td>
                </tr>
                <tr>
                    <td class="post-score">
                        126
                    </td>
                    <td class="post-title">
                        Bibi-binary
                    </td>
                    <td class="post-type">
                        story
                    </td>
                    <td class="post-time">
                        2023 Nov 02 08:55
                    </td>
                    <td class="post-url">
                        <a href="https://en.wikipedia.org/wiki/Bibi-binary">
                            Link
                        </a>
                    </td>
                </tr>
                <tr>
                    <td class="post-score">
                        57
                    </td>
                    <td class="post-title">
                        UK plans to redefine extremism to include undermining the country
                    </td>
                    <td class="post-type">
                        story
                    </td>
                    <td class="post-time">
                        2023 Nov 04 18:57
                    </td>
                    <td class="post-url">
                        <a href="https://www.theguardian.com/uk-news/2023/nov/04/plans-to-redefine-extremism-would-include-undermining-uk-values">
                            Link
                        </a>
                    </td>
                </tr>
                <tr>
                    <td class="post-score">
                        453
                    </td>
                    <td class="post-title">
                        Light can make water evaporate without heat
                    </td>
                    <td class="post-type">
                        story
                    </td>
                    <td class="post-time">
                        2023 Nov 02 17:59
                    </td>
                    <td class="post-url">
                        <a href="https://news.mit.edu/2023/surprising-finding-light-makes-water-evaporate-without-heat-1031">
                            Link
                        </a>
                    </td>
                </tr>
                <tr>
                    <td class="post-score">
                        13
                    </td>
                    <td class="post-title">
                        The Trust Principles
                    </td>
                    <td class="post-type">
                        story
                    </td>
                    <td class="post-time">
                        2023 Nov 04 14:32
                    </td>
                    <td class="post-url">
                        <a href="https://www.thomsonreuters.com/en/about-us/trust-principles.html">
                            Link
                        </a>
                    </td>
                </tr>
                <tr>
                    <td class="post-score">
                        15
                    </td>
                    <td class="post-title">
                        Coding in Public: Help Battle Imposter Syndrome and Inspire Others
                    </td>
                    <td class="post-type">
                        story
                    </td>
                    <td class="post-time">
                        2023 Nov 04 11:58
                    </td>
                    <td class="post-url">
                        <a href="https://www.codingtemple.com/blog/coding-in-public-help-battle-imposter-syndrome-and-inspire-others/">
                            Link
                        </a>
                    </td>
                </tr>
                <tr>
                    <td class="post-score">
                        257
                    </td>
                    <td class="post-title">
                        Software that supports your body should always respect your freedom
                    </td>
                    <td class="post-type">
                        story
                    </td>
                    <td class="post-time">
                        2023 Nov 04 17:26
                    </td>
                    <td class="post-url">
                        <a href="https://www.fsf.org/blogs/community/software-that-supports-your-body-should-always-respect-your-freedom">
                            Link
                        </a>
                    </td>
                </tr>
                <tr>
                    <td class="post-score">
                        117
                    </td>
                    <td class="post-title">
                        Show HN: MicroLua ÔÇô Lua for the RP2040 Microcontroller
                    </td>
                    <td class="post-type">
                        story
                    </td>
                    <td class="post-time">
                        2023 Nov 03 18:45
                    </td>
                    <td class="post-url">
                        <a href="https://github.com/MicroLua/MicroLua">
                            Link
                        </a>
                    </td>
                </tr>
                <tr>
                    <td class="post-score">
                        451
                    </td>
                    <td class="post-title">
                        Post Mortem on Cloudflare Control Plane and Analytics Outage
                    </td>
                    <td class="post-type">
                        story
                    </td>
                    <td class="post-time">
                        2023 Nov 04 06:20
                    </td>
                    <td class="post-url">
                        <a href="https://blog.cloudflare.com/post-mortem-on-cloudflare-control-plane-and-analytics-outage/">
                            Link
                        </a>
                    </td>
                </tr>
                <tr>
                    <td class="post-score">
                        543
                    </td>
                    <td class="post-title">
                        Portugal. The Man ÔÇô Official Website Is a Google Sheets Document
                    </td>
                    <td class="post-type">
                        story
                    </td>
                    <td class="post-time">
                        2023 Nov 03 23:59
                    </td>
                    <td class="post-url">
                        <a href="https://www.portugaltheman.com/?frontpage=true">
                            Link
                        </a>
                    </td>
                </tr>
                <tr>
                    <td class="post-score">
                        212
                    </td>
                    <td class="post-title">
                        M3 Macs: there's more to performance than counting cores
                    </td>
                    <td class="post-type">
                        story
                    </td>
                    <td class="post-time">
                        2023 Nov 03 07:59
                    </td>
                    <td class="post-url">
                        <a href="https://eclecticlight.co/2023/11/03/m3-macs-theres-more-to-performance-than-counting-cores/">
                            Link
                        </a>
                    </td>
                </tr>
                <tr>
                    <td class="post-score">
                        43
                    </td>
                    <td class="post-title">
                        What is a Teddy Roosevelt presidential library doing in North Dakota?
                    </td>
                    <td class="post-type">
                        story
                    </td>
                    <td class="post-time">
                        2023 Nov 03 19:14
                    </td>
                    <td class="post-url">
                        <a href="https://www.nytimes.com/2023/10/27/arts/theodore-roosevelt-presidential-library.html">
                            Link
                        </a>
                    </td>
                </tr>
                <tr>
                    <td class="post-score">
                        5
                    </td>
                    <td class="post-title">
                        You Are Not Late (2014)
                    </td>
                    <td class="post-type">
                        story
                    </td>
                    <td class="post-time">
                        2023 Nov 04 15:26
                    </td>
                    <td class="post-url">
                        <a href="https://kk.org/thetechnium/you-are-not-late/">
                            Link
                        </a>
                    </td>
                </tr>
                <tr>
                    <td class="post-score">
                        156
                    </td>
                    <td class="post-title">
                        Shinzo Abe's Assassination
                    </td>
                    <td class="post-type">
                        story
                    </td>
                    <td class="post-time">
                        2023 Nov 04 13:07
                    </td>
                    <td class="post-url">
                        <a href="https://www.theatlantic.com/magazine/archive/2023/10/shinzo-abe-assassination-japan-unification-church-moonies/675114/">
                            Link
                        </a>
                    </td>
                </tr>
                <tr>
                    <td class="post-score">
                        101
                    </td>
                    <td class="post-title">
                        Sometimes, it is a compiler bug (2022)
                    </td>
                    <td class="post-type">
                        story
                    </td>
                    <td class="post-time">
                        2023 Nov 04 03:46
                    </td>
                    <td class="post-url">
                        <a href="https://quick-lint-js.com/blog/bug-journey/">
                            Link
                        </a>
                    </td>
                </tr>
                <tr>
                    <td class="post-score">
                        154
                    </td>
                    <td class="post-title">
                        Guide to Adopting AV1 Encoding
                    </td>
                    <td class="post-type">
                        story
                    </td>
                    <td class="post-time">
                        2023 Nov 03 15:17
                    </td>
                    <td class="post-url">
                        <a href="https://bitmovin.com/av1/av1-encoding-guide/">
                            Link
                        </a>
                    </td>
                </tr>
                <tr>
                    <td class="post-score">
                        7
                    </td>
                    <td class="post-title">
                        Ask HN: Where do you get your health news?
                    </td>
                    <td class="post-type">
                        story
                    </td>
                    <td class="post-time">
                        2023 Nov 05 00:57
                    </td>
                    <td class="post-url">
                        N/A
                    </td>
                </tr>
                <tr>
                    <td class="post-score">
                        37
                    </td>
                    <td class="post-title">
                        Mass producing the most expensive rice cooker [video]
                    </td>
                    <td class="post-type">
                        story
                    </td>
                    <td class="post-time">
                        2023 Nov 04 16:33
                    </td>
                    <td class="post-url">
                        <a href="https://www.youtube.com/watch?v=xLCwr8qG1p4">
                            Link
                        </a>
                    </td>
                </tr>
                <tr>
                    <td class="post-score">
                        32
                    </td>
                    <td class="post-title">
                        Codec Royalties on Content and the Jaws Moment
                    </td>
                    <td class="post-type">
                        story
                    </td>
                    <td class="post-time">
                        2023 Nov 03 21:07
                    </td>
                    <td class="post-url">
                        <a href="https://streaminglearningcenter.com/codecs/codec-royalties-on-content.html">
                            Link
                        </a>
                    </td>
                </tr>
                <tr>
                    <td class="post-score">
                        139
                    </td>
                    <td class="post-title">
                        Louis Armstrong's Last Word
                    </td>
                    <td class="post-type">
                        story
                    </td>
                    <td class="post-time">
                        2023 Nov 02 20:16
                    </td>
                    <td class="post-url">
                        <a href="https://www.thenation.com/article/culture/louis-armstrong-archive/">
                            Link
                        </a>
                    </td>
                </tr>
                <tr>
                    <td class="post-score">
                        111
                    </td>
                    <td class="post-title">
                        The Sega Hitachi HiSaturn Navi Console
                    </td>
                    <td class="post-type">
                        story
                    </td>
                    <td class="post-time">
                        2023 Nov 03 22:43
                    </td>
                    <td class="post-url">
                        <a href="https://nfggames.com/games/hisaturn/">
                            Link
                        </a>
                    </td>
                </tr>
                <tr>
                    <td class="post-score">
                        124
                    </td>
                    <td class="post-title">
                        My experience taking Tesla to court about FSD
                    </td>
                    <td class="post-type">
                        story
                    </td>
                    <td class="post-time">
                        2023 Nov 05 00:23
                    </td>
                    <td class="post-url">
                        <a href="https://teslamotorsclub.com/tmc/threads/my-experience-taking-tesla-to-court-about-fsd.315086/">
                            Link
                        </a>
                    </td>
                </tr>
                <tr>
                    <td class="post-score">
                        179
                    </td>
                    <td class="post-title">
                        Pix2tex: Using a ViT to convert images of equations into LaTeX code
                    </td>
                    <td class="post-type">
                        story
                    </td>
                    <td class="post-time">
                        2023 Nov 03 10:17
                    </td>
                    <td class="post-url">
                        <a href="https://github.com/lukas-blecher/LaTeX-OCR">
                            Link
                        </a>
                    </td>
                </tr>
                <tr>
                    <td class="post-score">
                        470
                    </td>
                    <td class="post-title">
                        Talk-Llama
                    </td>
                    <td class="post-type">
                        story
                    </td>
                    <td class="post-time">
                        2023 Nov 02 07:32
                    </td>
                    <td class="post-url">
                        <a href="https://github.com/ggerganov/whisper.cpp/tree/master/examples/talk-llama">
                            Link
                        </a>
                    </td>
                </tr>
                <tr>
                    <td class="post-score">
                        145
                    </td>
                    <td class="post-title">
                        Cooperative C++ Evolution ÔÇô Toward a TypeScript for C++
                    </td>
                    <td class="post-type">
                        story
                    </td>
                    <td class="post-time">
                        2023 Nov 04 13:30
                    </td>
                    <td class="post-url">
                        <a href="https://herbsutter.com/2023/10/09/my-new-cppcon-talk-is-on-youtube-cooperative-c-evolution-toward-a-typescript-for-c/">
                            Link
                        </a>
                    </td>
                </tr>
                <tr>
                    <td class="post-score">
                        35
                    </td>
                    <td class="post-title">
                        The StahlDream
                    </td>
                    <td class="post-type">
                        story
                    </td>
                    <td class="post-time">
                        2023 Nov 04 01:18
                    </td>
                    <td class="post-url">
                        <a href="https://remexre.com/stahl/dream">
                            Link
                        </a>
                    </td>
                </tr>
                <tr>
                    <td class="post-score">
                        112
                    </td>
                    <td class="post-title">
                        Frink is a programming language designed to make physical calculations simple
                    </td>
                    <td class="post-type">
                        story
                    </td>
                    <td class="post-time">
                        2023 Nov 03 06:36
                    </td>
                    <td class="post-url">
                        <a href="https://frinklang.org/">
                            Link
                        </a>
                    </td>
                </tr>
                <tr>
                    <td class="post-score">
                        38
                    </td>
                    <td class="post-title">
                        SBF Is Headed to Prison but FTX Will Haunt the Crypto Community for Years
                    </td>
                    <td class="post-type">
                        story
                    </td>
                    <td class="post-time">
                        2023 Nov 05 01:59
                    </td>
                    <td class="post-url">
                        <a href="https://gizmodo.com/ftx-fbi-sam-bankman-fried-cryptocurrency-data-1850990825">
                            Link
                        </a>
                    </td>
                </tr>
                <tr>
                    <td class="post-score">
                        59
                    </td>
                    <td class="post-title">
                        Yorick is an interpreted programming language for scientific simulations
                    </td>
                    <td class="post-type">
                        story
                    </td>
                    <td class="post-time">
                        2023 Nov 03 21:00
                    </td>
                    <td class="post-url">
                        <a href="https://yorick.sourceforge.net/">
                            Link
                        </a>
                    </td>
                </tr>
                <tr>
                    <td class="post-score">
                        149
                    </td>
                    <td class="post-title">
                        Starfish bodies arenÔÇÖt bodies at all, study finds
                    </td>
                    <td class="post-type">
                        story
                    </td>
                    <td class="post-time">
                        2023 Nov 04 13:54
                    </td>
                    <td class="post-url">
                        <a href="https://www.cnn.com/2023/11/02/world/starfish-head-body-plan-scn/index.html">
                            Link
                        </a>
                    </td>
                </tr>
                <tr>
                    <td class="post-score">
                        7
                    </td>
                    <td class="post-title">
                        SFML 2.6.1
                    </td>
                    <td class="post-type">
                        story
                    </td>
                    <td class="post-time">
                        2023 Nov 04 21:24
                    </td>
                    <td class="post-url">
                        <a href="https://github.com/SFML/SFML/releases/tag/2.6.1">
                            Link
                        </a>
                    </td>
                </tr>
                <tr>
                    <td class="post-score">
                        21
                    </td>
                    <td class="post-title">
                        Running Mod_Perl with Mojolicious in Docker
                    </td>
                    <td class="post-type">
                        story
                    </td>
                    <td class="post-time">
                        2023 Nov 03 23:02
                    </td>
                    <td class="post-url">
                        <a href="https://rawley.xyz/docker-mod-perl.html">
                            Link
                        </a>
                    </td>
                </tr>
                <tr>
                    <td class="post-score">
                        67
                    </td>
                    <td class="post-title">
                        The Great Inflation
                    </td>
                    <td class="post-type">
                        story
                    </td>
                    <td class="post-time">
                        2023 Nov 04 14:42
                    </td>
                    <td class="post-url">
                        <a href="https://www.federalreservehistory.org/essays/great-inflation">
                            Link
                        </a>
                    </td>
                </tr>
                <tr>
                    <td class="post-score">
                        174
                    </td>
                    <td class="post-title">
                        MetNet-3: A state-of-the-art neural weather model
                    </td>
                    <td class="post-type">
                        story
                    </td>
                    <td class="post-time">
                        2023 Nov 03 00:34
                    </td>
                    <td class="post-url">
                        <a href="https://blog.research.google/2023/11/metnet-3-state-of-art-neural-weather.html?m=1">
                            Link
                        </a>
                    </td>
                </tr>
                <tr>
                    <td class="post-score">
                        264
                    </td>
                    <td class="post-title">
                        From S3 to R2: An economic opportunity
                    </td>
                    <td class="post-type">
                        story
                    </td>
                    <td class="post-time">
                        2023 Nov 02 19:15
                    </td>
                    <td class="post-url">
                        <a href="https://dansdatathoughts.substack.com/p/from-s3-to-r2-an-economic-opportunity">
                            Link
                        </a>
                    </td>
                </tr>
                <tr>
                    <td class="post-score">
                        481
                    </td>
                    <td class="post-title">
                        Ask HN: Who is hiring? (November 2023)
                    </td>
                    <td class="post-type">
                        story
                    </td>
                    <td class="post-time">
                        2023 Nov 01 15:00
                    </td>
                    <td class="post-url">
                        N/A
                    </td>
                </tr>
                <tr>
                    <td class="post-score">
                        208
                    </td>
                    <td class="post-title">
                        Course using F#: Write your own tiny programming system(s)
                    </td>
                    <td class="post-type">
                        story
                    </td>
                    <td class="post-time">
                        2023 Nov 02 21:41
                    </td>
                    <td class="post-url">
                        <a href="https://d3s.mff.cuni.cz/teaching/nprg077/">
                            Link
                        </a>
                    </td>
                </tr>
                <tr>
                    <td class="post-score">
                        11
                    </td>
                    <td class="post-title">
                        Astra, low on cash, defaults on loan
                    </td>
                    <td class="post-type">
                        story
                    </td>
                    <td class="post-time">
                        2023 Nov 04 20:16
                    </td>
                    <td class="post-url">
                        <a href="https://spacenews.com/astra-low-on-cash-defaults-on-loan/">
                            Link
                        </a>
                    </td>
                </tr>
                <tr>
                    <td class="post-score">
                        204
                    </td>
                    <td class="post-title">
                        Maersk to cut 10k jobs as shipping demand drops
                    </td>
                    <td class="post-type">
                        story
                    </td>
                    <td class="post-time">
                        2023 Nov 04 04:39
                    </td>
                    <td class="post-url">
                        <a href="https://www.reuters.com/business/shipping-giant-maersk-q3-above-expectation-sees-fy-lower-end-range-2023-11-03/">
                            Link
                        </a>
                    </td>
                </tr>
                <tr>
                    <td class="post-score">
                        52
                    </td>
                    <td class="post-title">
                        Welcome to the New GamersNexus Website v5.0: A Message
                    </td>
                    <td class="post-type">
                        story
                    </td>
                    <td class="post-time">
                        2023 Nov 04 21:16
                    </td>
                    <td class="post-url">
                        <a href="https://gamersnexus.net/gn-extras/welcome-new-gamersnexus-website-v50-message">
                            Link
                        </a>
                    </td>
                </tr>
                <tr>
                    <td class="post-score">
                        252
                    </td>
                    <td class="post-title">
                        How to stop adulterated turmeric from killing people
                    </td>
                    <td class="post-type">
                        story
                    </td>
                    <td class="post-time">
                        2023 Nov 04 07:59
                    </td>
                    <td class="post-url">
                        <a href="https://www.economist.com/leaders/2023/11/02/how-to-stop-turmeric-from-killing-people">
                            Link
                        </a>
                    </td>
                </tr>
                <tr>
                    <td class="post-score">
                        38
                    </td>
                    <td class="post-title">
                        The Miracle of Photography
                    </td>
                    <td class="post-type">
                        story
                    </td>
                    <td class="post-time">
                        2023 Nov 03 17:46
                    </td>
                    <td class="post-url">
                        <a href="https://themillions.com/2023/11/the-miracle-of-photography.html">
                            Link
                        </a>
                    </td>
                </tr>
                <tr>
                    <td class="post-score">
                        71
                    </td>
                    <td class="post-title">
                        Edison Bulb Night Mode
                    </td>
                    <td class="post-type">
                        story
                    </td>
                    <td class="post-time">
                        2023 Nov 03 22:29
                    </td>
                    <td class="post-url">
                        <a href="https://www.petemillspaugh.com/edison-bulb">
                            Link
                        </a>
                    </td>
                </tr>
                <tr>
                    <td class="post-score">
                        155
                    </td>
                    <td class="post-title">
                        RegEx Crossword (2013)
                    </td>
                    <td class="post-type">
                        story
                    </td>
                    <td class="post-time">
                        2023 Nov 02 10:30
                    </td>
                    <td class="post-url">
                        <a href="https://jimbly.github.io/regex-crossword/">
                            Link
                        </a>
                    </td>
                </tr>
                <tr>
                    <td class="post-score">
                        65
                    </td>
                    <td class="post-title">
                        CPU-Z's Inadequate Benchmark
                    </td>
                    <td class="post-type">
                        story
                    </td>
                    <td class="post-time">
                        2023 Nov 04 00:27
                    </td>
                    <td class="post-url">
                        <a href="https://chipsandcheese.com/2023/11/03/cpu-zs-inadequate-benchmark/">
                            Link
                        </a>
                    </td>
                </tr>
                <tr>
                    <td class="post-score">
                        29
                    </td>
                    <td class="post-title">
                        DEA Launches Crack Down on San Francisco Fentanyl Dealing
                    </td>
                    <td class="post-type">
                        story
                    </td>
                    <td class="post-time">
                        2023 Nov 04 23:44
                    </td>
                    <td class="post-url">
                        <a href="https://abc7news.com/sf-fentanyl-drug-dealers-all-hands-of-deck-operation-sfpd/14006658/">
                            Link
                        </a>
                    </td>
                </tr>
                <tr>
                    <td class="post-score">
                        205
                    </td>
                    <td class="post-title">
                        Uranium demand hits decade high as nuclear renaissance gains traction
                    </td>
                    <td class="post-type">
                        story
                    </td>
                    <td class="post-time">
                        2023 Nov 04 00:11
                    </td>
                    <td class="post-url">
                        <a href="https://oilprice.com/The-Environment/Global-Warming/Uranium-Demand-Hits-Decade-High-As-Nuclear-Renaissance-Gains-Traction.html">
                            Link
                        </a>
                    </td>
                </tr>
                <tr>
                    <td class="post-score">
                        56
                    </td>
                    <td class="post-title">
                        Accelerating digital block design with Google's open source Mid-Level Synthesis
                    </td>
                    <td class="post-type">
                        story
                    </td>
                    <td class="post-time">
                        2023 Nov 03 19:53
                    </td>
                    <td class="post-url">
                        <a href="https://antmicro.com/blog/2023/09/accelerating-digital-block-design-with-googles-xls/">
                            Link
                        </a>
                    </td>
                </tr>
                <tr>
                    <td class="post-score">
                        26
                    </td>
                    <td class="post-title">
                        Show HN: Cami.js ÔÇô A No Build, Web Component Based Reactive Framework
                    </td>
                    <td class="post-type">
                        story
                    </td>
                    <td class="post-time">
                        2023 Nov 04 18:33
                    </td>
                    <td class="post-url">
                        <a href="https://github.com/kennyfrc/cami.js">
                            Link
                        </a>
                    </td>
                </tr>
                <tr>
                    <td class="post-score">
                        177
                    </td>
                    <td class="post-title">
                        Why You Should Write Your Own Static Site Generator
                    </td>
                    <td class="post-type">
                        story
                    </td>
                    <td class="post-time">
                        2023 Nov 03 09:10
                    </td>
                    <td class="post-url">
                        <a href="https://arne.me/articles/write-your-own-ssg">
                            Link
                        </a>
                    </td>
                </tr>
                <tr>
                    <td class="post-score">
                        12
                    </td>
                    <td class="post-title">
                        GiNaC: Open framework for symbolic computation within C++ programming language
                    </td>
                    <td class="post-type">
                        story
                    </td>
                    <td class="post-time">
                        2023 Nov 04 03:25
                    </td>
                    <td class="post-url">
                        <a href="https://www.ginac.de/tutorial/">
                            Link
                        </a>
                    </td>
                </tr>
                <tr>
                    <td class="post-score">
                        39
                    </td>
                    <td class="post-title">
                        Liblinux ÔÇô architecture-independent access to Linux system calls
                    </td>
                    <td class="post-type">
                        story
                    </td>
                    <td class="post-time">
                        2023 Nov 03 08:47
                    </td>
                    <td class="post-url">
                        <a href="https://github.com/matheusmoreira/liblinux">
                            Link
                        </a>
                    </td>
                </tr>
                <tr>
                    <td class="post-score">
                        111
                    </td>
                    <td class="post-title">
                        Enable ARMv9 Memory Tagging Extension (MTE) on Pixel 8
                    </td>
                    <td class="post-type">
                        story
                    </td>
                    <td class="post-time">
                        2023 Nov 03 06:55
                    </td>
                    <td class="post-url">
                        <a href="https://outflux.net/blog/archives/2023/10/26/enable-mte-on-pixel-8/">
                            Link
                        </a>
                    </td>
                </tr>
                <tr>
                    <td class="post-score">
                        56
                    </td>
                    <td class="post-title">
                        Why is RC Cola popular in Tajikistan?
                    </td>
                    <td class="post-type">
                        story
                    </td>
                    <td class="post-time">
                        2023 Nov 03 20:07
                    </td>
                    <td class="post-url">
                        <a href="https://www.snackstack.net/p/why-is-rc-cola-popular-in-tajikistan">
                            Link
                        </a>
                    </td>
                </tr>
                <tr>
                    <td class="post-score">
                        7
                    </td>
                    <td class="post-title">
                        Show HN: I started building yet another CSS framework
                    </td>
                    <td class="post-type">
                        story
                    </td>
                    <td class="post-time">
                        2023 Nov 04 08:55
                    </td>
                    <td class="post-url">
                        <a href="https://eternityforest.github.io/barrel.css/">
                            Link
                        </a>
                    </td>
                </tr>
                <tr>
                    <td class="post-score">
                        85
                    </td>
                    <td class="post-title">
                        How to help someone use a computer (1996)
                    </td>
                    <td class="post-type">
                        story
                    </td>
                    <td class="post-time">
                        2023 Nov 03 08:46
                    </td>
                    <td class="post-url">
                        <a href="https://pages.gseis.ucla.edu/faculty/agre/how-to-help.html">
                            Link
                        </a>
                    </td>
                </tr>
                <tr>
                    <td class="post-score">
                        193
                    </td>
                    <td class="post-title">
                        Is there anywhere in the world someone can just live for free?
                    </td>
                    <td class="post-type">
                        story
                    </td>
                    <td class="post-time">
                        2023 Nov 04 08:57
                    </td>
                    <td class="post-url">
                        <a href="https://reddit.com/r/NoStupidQuestions/comments/17mvukd/is_there_anywhere_in_the_world_someone_can_just/">
                            Link
                        </a>
                    </td>
                </tr>
                <tr>
                    <td class="post-score">
                        84
                    </td>
                    <td class="post-title">
                        First Handset with MTE on the Market
                    </td>
                    <td class="post-type">
                        story
                    </td>
                    <td class="post-time">
                        2023 Nov 03 22:03
                    </td>
                    <td class="post-url">
                        <a href="https://googleprojectzero.blogspot.com/2023/11/first-handset-with-mte-on-market.html">
                            Link
                        </a>
                    </td>
                </tr>
                <tr>
                    <td class="post-score">
                        59
                    </td>
                    <td class="post-title">
                        Cats Make Nearly 300 Different Facial Expressions
                    </td>
                    <td class="post-type">
                        story
                    </td>
                    <td class="post-time">
                        2023 Nov 04 21:38
                    </td>
                    <td class="post-url">
                        <a href="https://www.smithsonianmag.com/smart-news/cats-make-nearly-300-different-facial-expressions-180983185/">
                            Link
                        </a>
                    </td>
                </tr>
                <tr>
                    <td class="post-score">
                        147
                    </td>
                    <td class="post-title">
                        Email.radio ÔÇô Free Email Domain for Licensed Ham Radio Operators
                    </td>
                    <td class="post-type">
                        story
                    </td>
                    <td class="post-time">
                        2023 Nov 03 02:10
                    </td>
                    <td class="post-url">
                        <a href="https://email.radio/">
                            Link
                        </a>
                    </td>
                </tr>
                <tr>
                    <td class="post-score">
                        666
                    </td>
                    <td class="post-title">
                        macOS Sonoma Boot Failures
                    </td>
                    <td class="post-type">
                        story
                    </td>
                    <td class="post-time">
                        2023 Oct 31 18:33
                    </td>
                    <td class="post-url">
                        <a href="https://github.com/AsahiLinux/docs/wiki/macOS-Sonoma-Boot-Failures">
                            Link
                        </a>
                    </td>
                </tr>
                <tr>
                    <td class="post-score">
                        98
                    </td>
                    <td class="post-title">
                        Telnet BBS Guide
                    </td>
                    <td class="post-type">
                        story
                    </td>
                    <td class="post-time">
                        2023 Nov 03 23:29
                    </td>
                    <td class="post-url">
                        <a href="https://www.telnetbbsguide.com/">
                            Link
                        </a>
                    </td>
                </tr>
                <tr>
                    <td class="post-score">
                        69
                    </td>
                    <td class="post-title">
                        Discord will switch to temporary file links to block malware delivery
                    </td>
                    <td class="post-type">
                        story
                    </td>
                    <td class="post-time">
                        2023 Nov 04 19:11
                    </td>
                    <td class="post-url">
                        <a href="https://www.bleepingcomputer.com/news/security/discord-will-switch-to-temporary-file-links-to-block-malware-delivery/">
                            Link
                        </a>
                    </td>
                </tr>
                <tr>
                    <td class="post-score">
                        201
                    </td>
                    <td class="post-title">
                        Podman Desktop v1.5 with Compose onboarding and enhanced Kubernetes pod data
                    </td>
                    <td class="post-type">
                        story
                    </td>
                    <td class="post-time">
                        2023 Nov 03 19:39
                    </td>
                    <td class="post-url">
                        <a href="https://podman-desktop.io/blog/podman-desktop-release-1.5">
                            Link
                        </a>
                    </td>
                </tr>
                <tr>
                    <td class="post-score">
                        199
                    </td>
                    <td class="post-title">
                        Okta hit by third-party breach, stealing employee data
                    </td>
                    <td class="post-type">
                        story
                    </td>
                    <td class="post-time">
                        2023 Nov 03 16:15
                    </td>
                    <td class="post-url">
                        <a href="https://arstechnica.com/security/2023/11/okta-hit-by-another-breach-this-one-stealing-employee-data-from-3rd-party-vendor/">
                            Link
                        </a>
                    </td>
                </tr>
                <tr>
                    <td class="post-score">
                        124
                    </td>
                    <td class="post-title">
                        If you plant milkweed, they will come
                    </td>
                    <td class="post-type">
                        story
                    </td>
                    <td class="post-time">
                        2023 Nov 03 00:21
                    </td>
                    <td class="post-url">
                        <a href="https://www.nytimes.com/2023/10/25/realestate/gardening-milkweed-plants-butterflies.html">
                            Link
                        </a>
                    </td>
                </tr>
                <tr>
                    <td class="post-score">
                        31
                    </td>
                    <td class="post-title">
                        Things I like about Zig as a Go Programmer
                    </td>
                    <td class="post-type">
                        story
                    </td>
                    <td class="post-time">
                        2023 Nov 04 16:38
                    </td>
                    <td class="post-url">
                        <a href="https://medium.com/@vladimirvivien/things-i-like-about-zig-as-a-go-programmer-75eb02aab00f">
                            Link
                        </a>
                    </td>
                </tr>
                <tr>
                    <td class="post-score">
                        9
                    </td>
                    <td class="post-title">
                        Upgrading my Chumby 8 kernel part 7: touchscreen
                    </td>
                    <td class="post-type">
                        story
                    </td>
                    <td class="post-time">
                        2023 Nov 03 23:57
                    </td>
                    <td class="post-url">
                        <a href="https://www.downtowndougbrown.com/2023/11/upgrading-my-chumby-8-kernel-part-7-touchscreen/">
                            Link
                        </a>
                    </td>
                </tr>
                <tr>
                    <td class="post-score">
                        114
                    </td>
                    <td class="post-title">
                        Embracing community helps us live longer, and be happier (2017)
                    </td>
                    <td class="post-type">
                        story
                    </td>
                    <td class="post-time">
                        2023 Nov 03 19:58
                    </td>
                    <td class="post-url">
                        <a href="https://news.harvard.edu/gazette/story/2017/04/over-nearly-80-years-harvard-study-has-been-showing-how-to-live-a-healthy-and-happy-life/">
                            Link
                        </a>
                    </td>
                </tr>
                <tr>
                    <td class="post-score">
                        221
                    </td>
                    <td class="post-title">
                        Joint statement of scientists and NGOs on the EUÔÇÖs proposed eIDAS reform
                    </td>
                    <td class="post-type">
                        story
                    </td>
                    <td class="post-time">
                        2023 Nov 03 11:08
                    </td>
                    <td class="post-url">
                        <a href="https://eidas-open-letter.org/">
                            Link
                        </a>
                    </td>
                </tr>
                <tr>
                    <td class="post-score">
                        3
                    </td>
                    <td class="post-title">
                        A guide to home row mods with QMK
                    </td>
                    <td class="post-type">
                        story
                    </td>
                    <td class="post-time">
                        2023 Nov 04 11:21
                    </td>
                    <td class="post-url">
                        <a href="https://precondition.github.io/home-row-mods">
                            Link
                        </a>
                    </td>
                </tr>
                <tr>
                    <td class="post-score">
                        14
                    </td>
                    <td class="post-title">
                        Geospatial Technology Radar 2023
                    </td>
                    <td class="post-type">
                        story
                    </td>
                    <td class="post-time">
                        2023 Nov 03 20:03
                    </td>
                    <td class="post-url">
                        <a href="https://element84.com/geospatial-tech-radar-23">
                            Link
                        </a>
                    </td>
                </tr>
                <tr>
                    <td class="post-score">
                        49
                    </td>
                    <td class="post-title">
                        HBO CEO Confesses to Trolling Critics with Fake Tweets: Rolling Stone
                    </td>
                    <td class="post-type">
                        story
                    </td>
                    <td class="post-time">
                        2023 Nov 04 06:19
                    </td>
                    <td class="post-url">
                        <a href="https://www.rollingstone.com/tv-movies/tv-movie-news/hbo-ceo-casey-bloys-confesses-trolling-critics-fake-twitter-accounts-dumb-idea-1234868710/">
                            Link
                        </a>
                    </td>
                </tr>
                <tr>
                    <td class="post-score">
                        124
                    </td>
                    <td class="post-title">
                        Ken Mattingly, astronaut scrubbed from Apollo 13, has died
                    </td>
                    <td class="post-type">
                        story
                    </td>
                    <td class="post-time">
                        2023 Nov 03 05:48
                    </td>
                    <td class="post-url">
                        <a href="https://www.nytimes.com/2023/11/02/science/space/ken-mattingly-dead.html">
                            Link
                        </a>
                    </td>
                </tr>
                <tr>
                    <td class="post-score">
                        146
                    </td>
                    <td class="post-title">
                        How big data carried graph theory into new dimensions
                    </td>
                    <td class="post-type">
                        story
                    </td>
                    <td class="post-time">
                        2023 Nov 02 21:33
                    </td>
                    <td class="post-url">
                        <a href="https://www.quantamagazine.org/how-big-data-carried-graph-theory-into-new-dimensions-20210819/">
                            Link
                        </a>
                    </td>
                </tr>
                <tr>
                    <td class="post-score">
                        235
                    </td>
                    <td class="post-title">
                        Lemming Suicide Myth: Disney Film Faked Bogus Behavior
                    </td>
                    <td class="post-type">
                        story
                    </td>
                    <td class="post-time">
                        2023 Nov 01 22:47
                    </td>
                    <td class="post-url">
                        <a href="https://www.adfg.alaska.gov/index.cfm?adfg=wildlifenews.view_article&articles_id=56">
                            Link
                        </a>
                    </td>
                </tr>
                <tr>
                    <td class="post-score">
                        22
                    </td>
                    <td class="post-title">
                        The Future of RSS Is Textcasting
                    </td>
                    <td class="post-type">
                        story
                    </td>
                    <td class="post-time">
                        2023 Nov 03 19:11
                    </td>
                    <td class="post-url">
                        <a href="https://kottke.org/23/11/the-future-of-rss-is-textcasting-1">
                            Link
                        </a>
                    </td>
                </tr>
                <tr>
                    <td class="post-score">
                        113
                    </td>
                    <td class="post-title">
                        Auto industry executives admit electric vehicle plans are in jeopardy
                    </td>
                    <td class="post-type">
                        story
                    </td>
                    <td class="post-time">
                        2023 Nov 02 22:26
                    </td>
                    <td class="post-url">
                        <a href="https://www.businessinsider.com/auto-executives-coming-clean-evs-arent-working-2023-10">
                            Link
                        </a>
                    </td>
                </tr>
                <tr>
                    <td class="post-score">
                        591
                    </td>
                    <td class="post-title">
                        Confusing Git Terminology
                    </td>
                    <td class="post-type">
                        story
                    </td>
                    <td class="post-time">
                        2023 Nov 02 13:05
                    </td>
                    <td class="post-url">
                        <a href="https://jvns.ca/blog/2023/11/01/confusing-git-terminology/">
                            Link
                        </a>
                    </td>
                </tr>
                <tr>
                    <td class="post-score">
                        645
                    </td>
                    <td class="post-title">
                        Copying Angry Birds with nothing but AI
                    </td>
                    <td class="post-type">
                        story
                    </td>
                    <td class="post-time">
                        2023 Oct 31 18:27
                    </td>
                    <td class="post-url">
                        <a href="https://twitter.com/javilopen/status/1719363262179938401">
                            Link
                        </a>
                    </td>
                </tr>
                <tr>
                    <td class="post-score">
                        146
                    </td>
                    <td class="post-title">
                        Hyphens, minus, and dashes in Debian man pages
                    </td>
                    <td class="post-type">
                        story
                    </td>
                    <td class="post-time">
                        2023 Nov 02 23:13
                    </td>
                    <td class="post-url">
                        <a href="https://lwn.net/Articles/947941/">
                            Link
                        </a>
                    </td>
                </tr>
                <tr>
                    <td class="post-score">
                        91
                    </td>
                    <td class="post-title">
                        The Anthropogenic Salt Cycle
                    </td>
                    <td class="post-type">
                        story
                    </td>
                    <td class="post-time">
                        2023 Nov 03 12:21
                    </td>
                    <td class="post-url">
                        <a href="https://www.nature.com/articles/s43017-023-00485-y">
                            Link
                        </a>
                    </td>
                </tr>
                <tr>
                    <td class="post-score">
                        117
                    </td>
                    <td class="post-title">
                        When to Shut Up: A Visual Guide (With Included Algorithm)
                    </td>
                    <td class="post-type">
                        story
                    </td>
                    <td class="post-time">
                        2023 Nov 04 12:24
                    </td>
                    <td class="post-url">
                        <a href="https://shaungallagher.pressbin.com/blog/shut-up.html">
                            Link
                        </a>
                    </td>
                </tr>
                <tr>
                    <td class="post-score">
                        297
                    </td>
                    <td class="post-title">
                        macOS Sonoma Broke Grep
                    </td>
                    <td class="post-type">
                        story
                    </td>
                    <td class="post-time">
                        2023 Nov 01 20:24
                    </td>
                    <td class="post-url">
                        <a href="https://developer.apple.com/forums/thread/738862">
                            Link
                        </a>
                    </td>
                </tr>
                <tr>
                    <td class="post-score">
                        335
                    </td>
                    <td class="post-title">
                        How Bear does analytics with CSS
                    </td>
                    <td class="post-type">
                        story
                    </td>
                    <td class="post-time">
                        2023 Nov 01 08:08
                    </td>
                    <td class="post-url">
                        <a href="https://herman.bearblog.dev/how-bear-does-analytics-with-css/">
                            Link
                        </a>
                    </td>
                </tr>
                <tr>
                    <td class="post-score">
                        87
                    </td>
                    <td class="post-title">
                        Everything We Know About 1970s Mainframe RPGs We Can No Longer Play
                    </td>
                    <td class="post-type">
                        story
                    </td>
                    <td class="post-time">
                        2023 Nov 02 22:31
                    </td>
                    <td class="post-url">
                        <a href="http://crpgaddict.blogspot.com/2021/06/brief-everything-we-know-about-1970s.html">
                            Link
                        </a>
                    </td>
                </tr>
                <tr>
                    <td class="post-score">
                        200
                    </td>
                    <td class="post-title">
                        The business of extracting knowledge from academic publications
                    </td>
                    <td class="post-type">
                        story
                    </td>
                    <td class="post-time">
                        2023 Nov 01 21:52
                    </td>
                    <td class="post-url">
                        <a href="https://www.theseedsofscience.pub/p/the-business-of-extracting-knowledge">
                            Link
                        </a>
                    </td>
                </tr>
                <tr>
                    <td class="post-score">
                        244
                    </td>
                    <td class="post-title">
                        Window-swap ÔÇô open a new window somewhere in the world
                    </td>
                    <td class="post-type">
                        story
                    </td>
                    <td class="post-time">
                        2023 Nov 02 01:16
                    </td>
                    <td class="post-url">
                        <a href="https://www.window-swap.com/">
                            Link
                        </a>
                    </td>
                </tr>
                <tr>
                    <td class="post-score">
                        80
                    </td>
                    <td class="post-title">
                        AMD Unveils Ryzen Mobile 7040U Series with Zen 4c Efficiency Cores
                    </td>
                    <td class="post-type">
                        story
                    </td>
                    <td class="post-time">
                        2023 Nov 03 10:52
                    </td>
                    <td class="post-url">
                        <a href="https://www.anandtech.com/show/21111/amd-unveils-ryzen-7040u-series-with-zen-4c-smaller-cores-bigger-efficiency">
                            Link
                        </a>
                    </td>
                </tr>
                <tr>
                    <td class="post-score">
                        231
                    </td>
                    <td class="post-title">
                        YouTube's plan backfires, people are installing better ad blockers
                    </td>
                    <td class="post-type">
                        story
                    </td>
                    <td class="post-time">
                        2023 Nov 04 03:34
                    </td>
                    <td class="post-url">
                        <a href="https://www.androidauthority.com/youtube-ad-block-installs-3382289/">
                            Link
                        </a>
                    </td>
                </tr>
                <tr>
                    <td class="post-score">
                        56
                    </td>
                    <td class="post-title">
                        A carbohydrate revolution is speeding up pro cycling
                    </td>
                    <td class="post-type">
                        story
                    </td>
                    <td class="post-time">
                        2023 Nov 04 15:56
                    </td>
                    <td class="post-url">
                        <a href="https://velo.outsideonline.com/road/road-training/a-massive-change-how-a-carbohydrate-revolution-is-speeding-up-pro-cycling/">
                            Link
                        </a>
                    </td>
                </tr>
                <tr>
                    <td class="post-score">
                        30
                    </td>
                    <td class="post-title">
                        Intel's CEO Admits to and Details the Company's Three Biggest Mistakes
                    </td>
                    <td class="post-type">
                        story
                    </td>
                    <td class="post-time">
                        2023 Nov 04 07:28
                    </td>
                    <td class="post-url">
                        <a href="https://www.tomshardware.com/pc-components/gpus/intels-ceo-admits-to-and-details-companies-three-biggest-mistakes">
                            Link
                        </a>
                    </td>
                </tr>
                <tr>
                    <td class="post-score">
                        89
                    </td>
                    <td class="post-title">
                        GM's Cruise alleged to rely on human operators to achieve "autonomous" driving
                    </td>
                    <td class="post-type">
                        story
                    </td>
                    <td class="post-time">
                        2023 Nov 04 20:59
                    </td>
                    <td class="post-url">
                        <a href="https://www.nytimes.com/2023/11/03/technology/cruise-general-motors-self-driving-cars.html">
                            Link
                        </a>
                    </td>
                </tr>
                <tr>
                    <td class="post-score">
                        674
                    </td>
                    <td class="post-title">
                        I trapped scammers in an impossible maze [video]
                    </td>
                    <td class="post-type">
                        story
                    </td>
                    <td class="post-time">
                        2023 Nov 03 15:38
                    </td>
                    <td class="post-url">
                        <a href="https://www.youtube.com/watch?v=dWzz3NeDz3E">
                            Link
                        </a>
                    </td>
                </tr>
                <tr>
                    <td class="post-score">
                        64
                    </td>
                    <td class="post-title">
                        999 Request Denied
                    </td>
                    <td class="post-type">
                        story
                    </td>
                    <td class="post-time">
                        2023 Nov 03 11:25
                    </td>
                    <td class="post-url">
                        <a href="https://http.dev/999">
                            Link
                        </a>
                    </td>
                </tr>
                <tr>
                    <td class="post-score">
                        537
                    </td>
                    <td class="post-title">
                        Last Chance to fix eIDAS: Secret EU law threatens Internet security
                    </td>
                    <td class="post-type">
                        story
                    </td>
                    <td class="post-time">
                        2023 Nov 02 05:57
                    </td>
                    <td class="post-url">
                        <a href="https://last-chance-for-eidas.org/">
                            Link
                        </a>
                    </td>
                </tr>
                <tr>
                    <td class="post-score">
                        148
                    </td>
                    <td class="post-title">
                        Microsoft is retiring Visual Studio for Mac in 2024
                    </td>
                    <td class="post-type">
                        story
                    </td>
                    <td class="post-time">
                        2023 Nov 03 20:14
                    </td>
                    <td class="post-url">
                        <a href="https://visualstudio.microsoft.com/vs/mac/">
                            Link
                        </a>
                    </td>
                </tr>
                <tr>
                    <td class="post-score">
                        83
                    </td>
                    <td class="post-title">
                        Translations of Russ Cox's Thompson NFA C Program to Rust
                    </td>
                    <td class="post-type">
                        story
                    </td>
                    <td class="post-time">
                        2023 Nov 03 03:27
                    </td>
                    <td class="post-url">
                        <a href="https://github.com/BurntSushi/rsc-regexp">
                            Link
                        </a>
                    </td>
                </tr>
                <tr>
                    <td class="post-score">
                        74
                    </td>
                    <td class="post-title">
                        How to pronounce the trickiest English words
                    </td>
                    <td class="post-type">
                        story
                    </td>
                    <td class="post-time">
                        2023 Nov 02 15:56
                    </td>
                    <td class="post-url">
                        <a href="https://www.wsj.com/business/media/how-to-pronounce-english-words-julien-miquel-58581065">
                            Link
                        </a>
                    </td>
                </tr>
                <tr>
                    <td class="post-score">
                        262
                    </td>
                    <td class="post-title">
                        Why ACPI?
                    </td>
                    <td class="post-type">
                        story
                    </td>
                    <td class="post-time">
                        2023 Nov 01 06:46
                    </td>
                    <td class="post-url">
                        <a href="https://mjg59.dreamwidth.org/68350.html">
                            Link
                        </a>
                    </td>
                </tr>
                <tr>
                    <td class="post-score">
                        49
                    </td>
                    <td class="post-title">
                        Show HN: GitInsights ÔÇô a weekly summary email of your team's GitHub activity
                    </td>
                    <td class="post-type">
                        story
                    </td>
                    <td class="post-time">
                        2023 Nov 03 20:15
                    </td>
                    <td class="post-url">
                        <a href="https://gitinsights.io/">
                            Link
                        </a>
                    </td>
                </tr>
                <tr>
                    <td class="post-score">
                        96
                    </td>
                    <td class="post-title">
                        Jevons paradox
                    </td>
                    <td class="post-type">
                        story
                    </td>
                    <td class="post-time">
                        2023 Nov 03 15:16
                    </td>
                    <td class="post-url">
                        <a href="https://en.wikipedia.org/wiki/Jevons_paradox">
                            Link
                        </a>
                    </td>
                </tr>
                <tr>
                    <td class="post-score">
                        142
                    </td>
                    <td class="post-title">
                        WasmGC ÔÇô Run GC languages such as Kotlin, Java in Chrome browser
                    </td>
                    <td class="post-type">
                        story
                    </td>
                    <td class="post-time">
                        2023 Nov 02 04:32
                    </td>
                    <td class="post-url">
                        <a href="https://developer.chrome.com/blog/wasmgc/">
                            Link
                        </a>
                    </td>
                </tr>
                <tr>
                    <td class="post-score">
                        34
                    </td>
                    <td class="post-title">
                        China's TikTok users are being told that Aristotle did not exist
                    </td>
                    <td class="post-type">
                        story
                    </td>
                    <td class="post-time">
                        2023 Nov 04 19:20
                    </td>
                    <td class="post-url">
                        <a href="https://www.scmp.com/news/china/science/article/3240339/aristotle-becomes-latest-casualty-chinas-narrative-war-west-scholar-questions-philosophers-existence">
                            Link
                        </a>
                    </td>
                </tr>
                <tr>
                    <td class="post-score">
                        227
                    </td>
                    <td class="post-title">
                        Audacity 3.4
                    </td>
                    <td class="post-type">
                        story
                    </td>
                    <td class="post-time">
                        2023 Nov 03 00:14
                    </td>
                    <td class="post-url">
                        <a href="https://www.audacityteam.org/blog/audacity-3-4/">
                            Link
                        </a>
                    </td>
                </tr>
                <tr>
                    <td class="post-score">
                        318
                    </td>
                    <td class="post-title">
                        Why doctors in America earn so much
                    </td>
                    <td class="post-type">
                        story
                    </td>
                    <td class="post-time">
                        2023 Nov 01 14:38
                    </td>
                    <td class="post-url">
                        <a href="https://www.economist.com/united-states/2023/10/31/why-doctors-in-america-earn-so-much">
                            Link
                        </a>
                    </td>
                </tr>
                <tr>
                    <td class="post-score">
                        274
                    </td>
                    <td class="post-title">
                        Distil-Whisper: distilled version of Whisper that is 6 times faster, 49% smaller
                    </td>
                    <td class="post-type">
                        story
                    </td>
                    <td class="post-time">
                        2023 Nov 01 00:55
                    </td>
                    <td class="post-url">
                        <a href="https://github.com/huggingface/distil-whisper">
                            Link
                        </a>
                    </td>
                </tr>
                <tr>
                    <td class="post-score">
                        11
                    </td>
                    <td class="post-title">
                        Pessimists Archive
                    </td>
                    <td class="post-type">
                        story
                    </td>
                    <td class="post-time">
                        2023 Nov 04 23:05
                    </td>
                    <td class="post-url">
                        <a href="https://pessimistsarchive.org/">
                            Link
                        </a>
                    </td>
                </tr>
                <tr>
                    <td class="post-score">
                        202
                    </td>
                    <td class="post-title">
                        GPT-4 Update: 32K Context Window Now for All Users
                    </td>
                    <td class="post-type">
                        story
                    </td>
                    <td class="post-time">
                        2023 Nov 03 15:30
                    </td>
                    <td class="post-url">
                        <a href="https://github.com/spdustin/ChatGPT-AutoExpert/blob/main/_system-prompts/all_tools.md">
                            Link
                        </a>
                    </td>
                </tr>
                <tr>
                    <td class="post-score">
                        108
                    </td>
                    <td class="post-title">
                        ML Experiments Management with Git
                    </td>
                    <td class="post-type">
                        story
                    </td>
                    <td class="post-time">
                        2023 Nov 02 21:33
                    </td>
                    <td class="post-url">
                        <a href="https://github.com/iterative/dvc">
                            Link
                        </a>
                    </td>
                </tr>
                <tr>
                    <td class="post-score">
                        35
                    </td>
                    <td class="post-title">
                        You don't need a terminal emulator ┬Ě Andrey Listopadov
                    </td>
                    <td class="post-type">
                        story
                    </td>
                    <td class="post-time">
                        2023 Nov 03 22:55
                    </td>
                    <td class="post-url">
                        <a href="https://andreyor.st/posts/2023-10-27-you-dont-need-a-terminal-emulator/">
                            Link
                        </a>
                    </td>
                </tr>
                <tr>
                    <td class="post-score">
                        250
                    </td>
                    <td class="post-title">
                        Bayer hit with $332M judgement in Roundup cancer trial
                    </td>
                    <td class="post-type">
                        story
                    </td>
                    <td class="post-time">
                        2023 Nov 03 23:16
                    </td>
                    <td class="post-url">
                        <a href="https://fortune.com/2023/11/03/bayer-332-million-judgement-trial-man-cancer-decades-monsanto-roundup-weedkiller/">
                            Link
                        </a>
                    </td>
                </tr>
                <tr>
                    <td class="post-score">
                        58
                    </td>
                    <td class="post-title">
                        Openela releases Red Hat source code on GitHub
                    </td>
                    <td class="post-type">
                        story
                    </td>
                    <td class="post-time">
                        2023 Nov 04 18:16
                    </td>
                    <td class="post-url">
                        <a href="https://github.com/orgs/openela-main/repositories">
                            Link
                        </a>
                    </td>
                </tr>
                <tr>
                    <td class="post-score">
                        12
                    </td>
                    <td class="post-title">
                        Deno 1.38: HTML doc generator and HMR
                    </td>
                    <td class="post-type">
                        story
                    </td>
                    <td class="post-time">
                        2023 Nov 03 10:05
                    </td>
                    <td class="post-url">
                        <a href="https://deno.com/blog/v1.38">
                            Link
                        </a>
                    </td>
                </tr>
                <tr>
                    <td class="post-score">
                        8
                    </td>
                    <td class="post-title">
                        Ask HN: Infra people in small companies, what does your infra look like?
                    </td>
                    <td class="post-type">
                        story
                    </td>
                    <td class="post-time">
                        2023 Nov 04 13:27
                    </td>
                    <td class="post-url">
                        N/A
                    </td>
                </tr>
                <tr>
                    <td class="post-score">
                        137
                    </td>
                    <td class="post-title">
                        Nuclear Conversion for Starship
                    </td>
                    <td class="post-type">
                        story
                    </td>
                    <td class="post-time">
                        2023 Nov 03 16:52
                    </td>
                    <td class="post-url">
                        <a href="http://toughsf.blogspot.com/2021/10/nuclear-conversion-for-starship.html">
                            Link
                        </a>
                    </td>
                </tr>
                <tr>
                    <td class="post-score">
                        206
                    </td>
                    <td class="post-title">
                        Now you're thinking with relays
                    </td>
                    <td class="post-type">
                        story
                    </td>
                    <td class="post-time">
                        2023 Nov 01 19:30
                    </td>
                    <td class="post-url">
                        <a href="https://lcamtuf.substack.com/p/now-youre-thinking-with-relays">
                            Link
                        </a>
                    </td>
                </tr>
                <tr>
                    <td class="post-score">
                        158
                    </td>
                    <td class="post-title">
                        Bank financing and bad urban planning make the retail apocalypse worse
                    </td>
                    <td class="post-type">
                        story
                    </td>
                    <td class="post-time">
                        2023 Nov 01 16:21
                    </td>
                    <td class="post-url">
                        <a href="https://www.businessinsider.com/bank-financing-urban-planning-pandemic-retail-apocalypse-vacant-storefront-2023-10">
                            Link
                        </a>
                    </td>
                </tr>
                <tr>
                    <td class="post-score">
                        31
                    </td>
                    <td class="post-title">
                        How much it costs Apple to increase RAM size in Macs?
                    </td>
                    <td class="post-type">
                        story
                    </td>
                    <td class="post-time">
                        2023 Nov 04 02:15
                    </td>
                    <td class="post-url">
                        <a href="https://old.reddit.com/r/macbookpro/comments/17lwl0b/how_much_does_ram_cost_anyways/">
                            Link
                        </a>
                    </td>
                </tr>
                <tr>
                    <td class="post-score">
                        30
                    </td>
                    <td class="post-title">
                        Cup Noodles are now microwave-safe
                    </td>
                    <td class="post-type">
                        story
                    </td>
                    <td class="post-time">
                        2023 Nov 04 18:04
                    </td>
                    <td class="post-url">
                        <a href="https://www.washingtonpost.com/food/2023/11/03/cup-noodles-are-now-microwave-safe-so-they-werent-already/">
                            Link
                        </a>
                    </td>
                </tr>
                <tr>
                    <td class="post-score">
                        30
                    </td>
                    <td class="post-title">
                        What's the difference between LangChain, llama indexand others like autollm?
                    </td>
                    <td class="post-type">
                        story
                    </td>
                    <td class="post-time">
                        2023 Nov 03 10:41
                    </td>
                    <td class="post-url">
                        N/A
                    </td>
                </tr>
                <tr>
                    <td class="post-score">
                        235
                    </td>
                    <td class="post-title">
                        Sally Ignore Previous Instructions
                    </td>
                    <td class="post-type">
                        story
                    </td>
                    <td class="post-time">
                        2023 Nov 02 21:02
                    </td>
                    <td class="post-url">
                        <a href="https://www.haihai.ai/pen15/">
                            Link
                        </a>
                    </td>
                </tr>
                <tr>
                    <td class="post-score">
                        81
                    </td>
                    <td class="post-title">
                        Enterprise-Fu
                    </td>
                    <td class="post-type">
                        story
                    </td>
                    <td class="post-time">
                        2023 Nov 02 23:31
                    </td>
                    <td class="post-url">
                        <a href="http://mike.daless.io/prez/enterprise-asbury-2013-10/slides.html">
                            Link
                        </a>
                    </td>
                </tr>
                <tr>
                    <td class="post-score">
                        251
                    </td>
                    <td class="post-title">
                        Rwanda joins Kenya to initiate visa-free travel for all Africans
                    </td>
                    <td class="post-type">
                        story
                    </td>
                    <td class="post-time">
                        2023 Nov 03 12:15
                    </td>
                    <td class="post-url">
                        <a href="https://africa.businessinsider.com/local/leaders/from-barriers-to-unity-rwanda-joins-kenya-to-initiate-visa-free-travel-for-all/hhqe29q">
                            Link
                        </a>
                    </td>
                </tr>
                <tr>
                    <td class="post-score">
                        792
                    </td>
                    <td class="post-title">
                        Yann LeCun: AI one-percenters seizing power forever is real doomsday scenario
                    </td>
                    <td class="post-type">
                        story
                    </td>
                    <td class="post-time">
                        2023 Nov 02 04:05
                    </td>
                    <td class="post-url">
                        <a href="https://www.businessinsider.com/sam-altman-and-demis-hassabis-just-want-to-control-ai-2023-10">
                            Link
                        </a>
                    </td>
                </tr>
                <tr>
                    <td class="post-score">
                        161
                    </td>
                    <td class="post-title">
                        Show HN: DoltgreSQL ÔÇô Version-Controlled DB, Like Git and PostgreSQL had a baby
                    </td>
                    <td class="post-type">
                        story
                    </td>
                    <td class="post-time">
                        2023 Nov 02 01:59
                    </td>
                    <td class="post-url">
                        <a href="https://github.com/dolthub/doltgresql">
                            Link
                        </a>
                    </td>
                </tr>
                <tr>
                    <td class="post-score">
                        74
                    </td>
                    <td class="post-title">
                        Clash, a tool to break China's Great Fire Wall, is Deleted in GitHub
                    </td>
                    <td class="post-type">
                        story
                    </td>
                    <td class="post-time">
                        2023 Nov 03 09:01
                    </td>
                    <td class="post-url">
                        <a href="https://github.com/Dreamacro/clash">
                            Link
                        </a>
                    </td>
                </tr>
                <tr>
                    <td class="post-score">
                        40
                    </td>
                    <td class="post-title">
                        Vivo Unveils BlueOS, Based on Rust Language
                    </td>
                    <td class="post-type">
                        story
                    </td>
                    <td class="post-time">
                        2023 Nov 02 03:14
                    </td>
                    <td class="post-url">
                        <a href="https://sparrowsnews.com/2023/11/01/vivo-unveils-blueos-operating-system/">
                            Link
                        </a>
                    </td>
                </tr>
                <tr>
                    <td class="post-score">
                        66
                    </td>
                    <td class="post-title">
                        Formalizing 100 Theorems
                    </td>
                    <td class="post-type">
                        story
                    </td>
                    <td class="post-time">
                        2023 Nov 02 05:27
                    </td>
                    <td class="post-url">
                        <a href="https://www.cs.ru.nl/~freek/100/">
                            Link
                        </a>
                    </td>
                </tr>
                <tr>
                    <td class="post-score">
                        184
                    </td>
                    <td class="post-title">
                        The Binder Linux driver is being rewritten in Rust
                    </td>
                    <td class="post-type">
                        story
                    </td>
                    <td class="post-time">
                        2023 Nov 03 06:53
                    </td>
                    <td class="post-url">
                        <a href="https://lore.kernel.org/rust-for-linux/20231101-rust-binder-v1-0-08ba9197f637@google.com/">
                            Link
                        </a>
                    </td>
                </tr>
            </div>
        </table>
    
    
    Ôľ╝ Query.findAll [ tag "tr", containing [ tag "td" ]  ]
    
        1)    <tr>
                  <td class="post-score">
                      512
                  </td>
                  <td class="post-title">
                      NewPipe ÔÇô Lightweight YouTube experience for Android
                  </td>
                  <td class="post-type">
                      story
                  </td>
                  <td class="post-time">
                      2023 Nov 04 19:38
                  </td>
                  <td class="post-url">
                      <a href="https://newpipe.net/">
                          Link
                      </a>
                  </td>
              </tr>
    
        2)    <tr>
                  <td class="post-score">
                      75
                  </td>
                  <td class="post-title">
                      LLM companies to access largest Chinese non-fiction book collection
                  </td>
                  <td class="post-type">
                      story
                  </td>
                  <td class="post-time">
                      2023 Nov 05 07:30
                  </td>
                  <td class="post-url">
                      <a href="https://annas-blog.org/duxiu-exclusive.html">
                          Link
                      </a>
                  </td>
              </tr>
    
        3)    <tr>
                  <td class="post-score">
                      182
                  </td>
                  <td class="post-title">
                      Intel Itanium IA-64 Support Removed with the Linux 6.7 Kernel
                  </td>
                  <td class="post-type">
                      story
                  </td>
                  <td class="post-time">
                      2023 Nov 02 15:31
                  </td>
                  <td class="post-url">
                      <a href="https://www.phoronix.com/news/Intel-IA-64-Removed-Linux-6.7">
                          Link
                      </a>
                  </td>
              </tr>
    
        4)    <tr>
                  <td class="post-score">
                      37
                  </td>
                  <td class="post-title">
                      Representations / strategies for noncooperative games with imperfect information [pdf]
                  </td>
                  <td class="post-type">
                      story
                  </td>
                  <td class="post-time">
                      2023 Nov 04 20:24
                  </td>
                  <td class="post-url">
                      <a href="https://www2.cs.sfu.ca/~bbart/personal/masters-thesis.pdf">
                          Link
                      </a>
                  </td>
              </tr>
    
        5)    <tr>
                  <td class="post-score">
                      57
                  </td>
                  <td class="post-title">
                      The First App Store
                  </td>
                  <td class="post-type">
                      story
                  </td>
                  <td class="post-time">
                      2023 Nov 05 00:52
                  </td>
                  <td class="post-url">
                      <a href="https://one-from-nippon.ghost.io/worlds-first-app-store/">
                          Link
                      </a>
                  </td>
              </tr>
    
        6)    <tr>
                  <td class="post-score">
                      83
                  </td>
                  <td class="post-title">
                      Show HN: Gogosseract, a Go Lib for CGo-Free Tesseract OCR via Wazero
                  </td>
                  <td class="post-type">
                      story
                  </td>
                  <td class="post-time">
                      2023 Nov 04 23:06
                  </td>
                  <td class="post-url">
                      <a href="https://github.com/Danlock/gogosseract">
                          Link
                      </a>
                  </td>
              </tr>
    
        7)    <tr>
                  <td class="post-score">
                      51
                  </td>
                  <td class="post-title">
                      Planes, Spheres and Pseudospheres
                  </td>
                  <td class="post-type">
                      story
                  </td>
                  <td class="post-time">
                      2023 Nov 04 23:35
                  </td>
                  <td class="post-url">
                      <a href="https://www.gregegan.net/SCIENCE/PSP/PSP.html">
                          Link
                      </a>
                  </td>
              </tr>
    
        8)    <tr>
                  <td class="post-score">
                      557
                  </td>
                  <td class="post-title">
                      Othello Is Solved?
                  </td>
                  <td class="post-type">
                      story
                  </td>
                  <td class="post-time">
                      2023 Nov 04 14:35
                  </td>
                  <td class="post-url">
                      <a href="https://arxiv.org/abs/2310.19387">
                          Link
                      </a>
                  </td>
              </tr>
    
        9)    <tr>
                  <td class="post-score">
                      1
                  </td>
                  <td class="post-title">
                      SigNoz (YC W21), open source observability platform, hiring SREs (Remote)
                  </td>
                  <td class="post-type">
                      job
                  </td>
                  <td class="post-time">
                      2023 Nov 05 07:01
                  </td>
                  <td class="post-url">
                      <a href="https://signoz.io/careers/site-reliability-engineer/">
                          Link
                      </a>
                  </td>
              </tr>
    
        10)   <tr>
                  <td class="post-score">
                      26
                  </td>
                  <td class="post-title">
                      Shadows Edge Software
                  </td>
                  <td class="post-type">
                      story
                  </td>
                  <td class="post-time">
                      2023 Nov 05 02:23
                  </td>
                  <td class="post-url">
                      <a href="https://www.shadowsedge.mil/What-We-Do/">
                          Link
                      </a>
                  </td>
              </tr>
    
        11)   <tr>
                  <td class="post-score">
                      58
                  </td>
                  <td class="post-title">
                      Quadratic Reciprocity: The connection that changed number theory
                  </td>
                  <td class="post-type">
                      story
                  </td>
                  <td class="post-time">
                      2023 Nov 02 15:43
                  </td>
                  <td class="post-url">
                      <a href="https://www.quantamagazine.org/the-hidden-connection-that-changed-number-theory-20231101/">
                          Link
                      </a>
                  </td>
              </tr>
    
        12)   <tr>
                  <td class="post-score">
                      65
                  </td>
                  <td class="post-title">
                      How to Do a TypeScript Conversion: an opinionated take on gradual conversions
                  </td>
                  <td class="post-type">
                      story
                  </td>
                  <td class="post-time">
                      2023 Nov 04 21:15
                  </td>
                  <td class="post-url">
                      <a href="https://v5.chriskrycho.com/journal/how-to-do-a-typescript-conversion/">
                          Link
                      </a>
                  </td>
              </tr>
    
        13)   <tr>
                  <td class="post-score">
                      83
                  </td>
                  <td class="post-title">
                      FTC Chair Lina Khan looks for allies and leads in Silicon Valley charm offensive
                  </td>
                  <td class="post-type">
                      story
                  </td>
                  <td class="post-time">
                      2023 Nov 04 19:24
                  </td>
                  <td class="post-url">
                      <a href="https://www.reuters.com/business/ftc-chair-lina-khan-looks-allies-leads-silicon-valley-charm-offensive-2023-11-03/">
                          Link
                      </a>
                  </td>
              </tr>
    
        14)   <tr>
                  <td class="post-score">
                      96
                  </td>
                  <td class="post-title">
                      Topic: Discord Stealer
                  </td>
                  <td class="post-type">
                      story
                  </td>
                  <td class="post-time">
                      2023 Nov 05 02:26
                  </td>
                  <td class="post-url">
                      <a href="https://github.com/topics/discord-stealer">
                          Link
                      </a>
                  </td>
              </tr>
    
        15)   <tr>
                  <td class="post-score">
                      132
                  </td>
                  <td class="post-title">
                      SARS-CoV-2 Infection Affects Energy Stores in the Body, Causing Organ Failure
                  </td>
                  <td class="post-type">
                      story
                  </td>
                  <td class="post-time">
                      2023 Nov 04 23:02
                  </td>
                  <td class="post-url">
                      <a href="https://news.unchealthcare.org/2023/10/researchers-show-sars-cov-2-infection-affects-energy-stores-in-the-body-causing-organ-failure/">
                          Link
                      </a>
                  </td>
              </tr>
    
        16)   <tr>
                  <td class="post-score">
                      102
                  </td>
                  <td class="post-title">
                      Soda additive linked to thyroid toxicity may finally get banned by FDA
                  </td>
                  <td class="post-type">
                      story
                  </td>
                  <td class="post-time">
                      2023 Nov 05 00:26
                  </td>
                  <td class="post-url">
                      <a href="https://arstechnica.com/health/2023/11/50-years-later-fda-proposes-banning-a-food-additive-it-said-is-not-safe/">
                          Link
                      </a>
                  </td>
              </tr>
    
        17)   <tr>
                  <td class="post-score">
                      56
                  </td>
                  <td class="post-title">
                      BeeWare Toga v0.4.0 ÔÇô A Python native, OS native GUI toolkit
                  </td>
                  <td class="post-type">
                      story
                  </td>
                  <td class="post-time">
                      2023 Nov 05 01:24
                  </td>
                  <td class="post-url">
                      <a href="https://github.com/beeware/toga/releases/tag/v0.4.0">
                          Link
                      </a>
                  </td>
              </tr>
    
        18)   <tr>
                  <td class="post-score">
                      105
                  </td>
                  <td class="post-title">
                      The cottage industry of YouTube obituary pirates
                  </td>
                  <td class="post-type">
                      story
                  </td>
                  <td class="post-time">
                      2023 Nov 04 20:58
                  </td>
                  <td class="post-url">
                      <a href="https://www.wired.com/story/youtube-obituary-pirates/">
                          Link
                      </a>
                  </td>
              </tr>
    
        19)   <tr>
                  <td class="post-score">
                      44
                  </td>
                  <td class="post-title">
                      Chemists, engineers craft adjustable arrays of microscopic lenses
                  </td>
                  <td class="post-type">
                      story
                  </td>
                  <td class="post-time">
                      2023 Nov 02 15:48
                  </td>
                  <td class="post-url">
                      <a href="https://phys.org/news/2023-10-chemists-craft-adjustable-arrays-microscopic.html">
                          Link
                      </a>
                  </td>
              </tr>
    
        20)   <tr>
                  <td class="post-score">
                      62
                  </td>
                  <td class="post-title">
                      Disturbed Lands (National Park Service)
                  </td>
                  <td class="post-type">
                      story
                  </td>
                  <td class="post-time">
                      2023 Nov 04 23:29
                  </td>
                  <td class="post-url">
                      <a href="https://www.nps.gov/shen/learn/nature/disturbedlands.htm">
                          Link
                      </a>
                  </td>
              </tr>
    
        21)   <tr>
                  <td class="post-score">
                      84
                  </td>
                  <td class="post-title">
                      The world nearly adopted a calendar with 13 months of 28 days
                  </td>
                  <td class="post-type">
                      story
                  </td>
                  <td class="post-time">
                      2023 Nov 05 03:53
                  </td>
                  <td class="post-url">
                      <a href="https://www.washingtonpost.com/history/2023/11/04/battle-sabbath-13-month-calendar/">
                          Link
                      </a>
                  </td>
              </tr>
    
        22)   <tr>
                  <td class="post-score">
                      106
                  </td>
                  <td class="post-title">
                      AI and Open Source in 2023
                  </td>
                  <td class="post-type">
                      story
                  </td>
                  <td class="post-time">
                      2023 Nov 04 18:50
                  </td>
                  <td class="post-url">
                      <a href="https://magazine.sebastianraschka.com/p/ai-and-open-source-in-2023">
                          Link
                      </a>
                  </td>
              </tr>
    
        23)   <tr>
                  <td class="post-score">
                      1114
                  </td>
                  <td class="post-title">
                      As I retire, my goal now is to release 40+ years of source code
                  </td>
                  <td class="post-type">
                      story
                  </td>
                  <td class="post-time">
                      2023 Nov 03 17:26
                  </td>
                  <td class="post-url">
                      <a href="https://dunfield.themindfactory.com/dnldsrc.htm">
                          Link
                      </a>
                  </td>
              </tr>
    
        24)   <tr>
                  <td class="post-score">
                      122
                  </td>
                  <td class="post-title">
                      New Microsoft Exchange zero-days allow RCE, data theft attacks
                  </td>
                  <td class="post-type">
                      story
                  </td>
                  <td class="post-time">
                      2023 Nov 04 21:43
                  </td>
                  <td class="post-url">
                      <a href="https://www.bleepingcomputer.com/news/microsoft/new-microsoft-exchange-zero-days-allow-rce-data-theft-attacks/">
                          Link
                      </a>
                  </td>
              </tr>
    
        25)   <tr>
                  <td class="post-score">
                      125
                  </td>
                  <td class="post-title">
                      Grok
                  </td>
                  <td class="post-type">
                      story
                  </td>
                  <td class="post-time">
                      2023 Nov 05 05:02
                  </td>
                  <td class="post-url">
                      <a href="https://twitter.com/xai/status/1721027348970238035">
                          Link
                      </a>
                  </td>
              </tr>
    
        26)   <tr>
                  <td class="post-score">
                      220
                  </td>
                  <td class="post-title">
                      A 6 channel GPS receiver from 1993
                  </td>
                  <td class="post-type">
                      story
                  </td>
                  <td class="post-time">
                      2023 Nov 04 10:27
                  </td>
                  <td class="post-url">
                      <a href="https://mastodon.sdf.org/@keelan/111349948124943603">
                          Link
                      </a>
                  </td>
              </tr>
    
        27)   <tr>
                  <td class="post-score">
                      313
                  </td>
                  <td class="post-title">
                      AMD MicroBlaze V Processor: A Flexible and Efficient RISC-V Processor
                  </td>
                  <td class="post-type">
                      story
                  </td>
                  <td class="post-time">
                      2023 Nov 04 02:01
                  </td>
                  <td class="post-url">
                      <a href="https://www.xilinx.com/products/design-tools/microblaze-v.html">
                          Link
                      </a>
                  </td>
              </tr>
    
        28)   <tr>
                  <td class="post-score">
                      112
                  </td>
                  <td class="post-title">
                      Lahaina Noon
                  </td>
                  <td class="post-type">
                      story
                  </td>
                  <td class="post-time">
                      2023 Nov 02 15:27
                  </td>
                  <td class="post-url">
                      <a href="https://en.wikipedia.org/wiki/Lahaina_Noon">
                          Link
                      </a>
                  </td>
              </tr>
    
        29)   <tr>
                  <td class="post-score">
                      157
                  </td>
                  <td class="post-title">
                      Spin 2.0 ÔÇô open-source tool for building and running WASM apps
                  </td>
                  <td class="post-type">
                      story
                  </td>
                  <td class="post-time">
                      2023 Nov 04 12:01
                  </td>
                  <td class="post-url">
                      <a href="https://www.fermyon.com/blog/introducing-spin-v2">
                          Link
                      </a>
                  </td>
              </tr>
    
        30)   <tr>
                  <td class="post-score">
                      411
                  </td>
                  <td class="post-title">
                      Tell HN: Submit comments to IRS re tax treatment of software dev expenses
                  </td>
                  <td class="post-type">
                      story
                  </td>
                  <td class="post-time">
                      2023 Nov 02 21:26
                  </td>
                  <td class="post-url">
                      N/A
                  </td>
              </tr>
    
        31)   <tr>
                  <td class="post-score">
                      11
                  </td>
                  <td class="post-title">
                      Show HN: A tiny and platform-agnostic true random number generator for FPGA/ASIC
                  </td>
                  <td class="post-type">
                      story
                  </td>
                  <td class="post-time">
                      2023 Nov 04 21:34
                  </td>
                  <td class="post-url">
                      <a href="https://github.com/stnolting/neoTRNG">
                          Link
                      </a>
                  </td>
              </tr>
    
        32)   <tr>
                  <td class="post-score">
                      99
                  </td>
                  <td class="post-title">
                      Daylight saving time can seriously affect your health
                  </td>
                  <td class="post-type">
                      story
                  </td>
                  <td class="post-time">
                      2023 Nov 05 00:47
                  </td>
                  <td class="post-url">
                      <a href="https://apnews.com/article/daylight-saving-2023-fall-back-a3738d5c74301b8068825927c49fc6b4">
                          Link
                      </a>
                  </td>
              </tr>
    
        33)   <tr>
                  <td class="post-score">
                      46
                  </td>
                  <td class="post-title">
                      Delhi air pollution spikes to 100 times WHO health limit
                  </td>
                  <td class="post-type">
                      story
                  </td>
                  <td class="post-time">
                      2023 Nov 04 23:14
                  </td>
                  <td class="post-url">
                      <a href="https://www.theguardian.com/world/2023/nov/03/delhi-india-air-quality-pollution-spike-world-health-organization-limit">
                          Link
                      </a>
                  </td>
              </tr>
    
        34)   <tr>
                  <td class="post-score">
                      5
                  </td>
                  <td class="post-title">
                      A game. The only winning move is not to play
                  </td>
                  <td class="post-type">
                      story
                  </td>
                  <td class="post-time">
                      2023 Nov 05 04:15
                  </td>
                  <td class="post-url">
                      N/A
                  </td>
              </tr>
    
        35)   <tr>
                  <td class="post-score">
                      83
                  </td>
                  <td class="post-title">
                      Max is taking 4K away from its legacy ad-free subscribers
                  </td>
                  <td class="post-type">
                      story
                  </td>
                  <td class="post-time">
                      2023 Nov 05 02:54
                  </td>
                  <td class="post-url">
                      <a href="https://www.theverge.com/2023/11/2/23943859/max-4k-hbo-max-ad-free-subscribers">
                          Link
                      </a>
                  </td>
              </tr>
    
        36)   <tr>
                  <td class="post-score">
                      132
                  </td>
                  <td class="post-title">
                      Classes vs. structs in .NET: how not to teach about performance
                  </td>
                  <td class="post-type">
                      story
                  </td>
                  <td class="post-time">
                      2023 Nov 04 03:28
                  </td>
                  <td class="post-url">
                      <a href="https://sergeyteplyakov.github.io/Blog/benchmarking/2023/11/02/Performance_Comparison_For_Classes_vs_Structs.html">
                          Link
                      </a>
                  </td>
              </tr>
    
        37)   <tr>
                  <td class="post-score">
                      68
                  </td>
                  <td class="post-title">
                      How ÔÇťblueÔÇŁ and ÔÇťgreenÔÇŁ appeared in a language that didnÔÇÖt have words for them
                  </td>
                  <td class="post-type">
                      story
                  </td>
                  <td class="post-time">
                      2023 Nov 02 15:54
                  </td>
                  <td class="post-url">
                      <a href="https://news.mit.edu/2023/how-blue-and-green-appeared-language-1102">
                          Link
                      </a>
                  </td>
              </tr>
    
        38)   <tr>
                  <td class="post-score">
                      17
                  </td>
                  <td class="post-title">
                      Oracle Cloud Outage
                  </td>
                  <td class="post-type">
                      story
                  </td>
                  <td class="post-time">
                      2023 Nov 05 00:33
                  </td>
                  <td class="post-url">
                      N/A
                  </td>
              </tr>
    
        39)   <tr>
                  <td class="post-score">
                      15
                  </td>
                  <td class="post-title">
                      Exim 4.97.0 ÔÇô SMTP Mail Server ÔÇô Message Transfer Agent (MTA)
                  </td>
                  <td class="post-type">
                      story
                  </td>
                  <td class="post-time">
                      2023 Nov 05 00:29
                  </td>
                  <td class="post-url">
                      <a href="https://www.exim.org/">
                          Link
                      </a>
                  </td>
              </tr>
    
        40)   <tr>
                  <td class="post-score">
                      82
                  </td>
                  <td class="post-title">
                      You're Gonna Need a Bigger Browser
                  </td>
                  <td class="post-type">
                      story
                  </td>
                  <td class="post-time">
                      2023 Nov 04 19:55
                  </td>
                  <td class="post-url">
                      <a href="https://berjon.com/bigger-browser/">
                          Link
                      </a>
                  </td>
              </tr>
    
        41)   <tr>
                  <td class="post-score">
                      157
                  </td>
                  <td class="post-title">
                      Making "LCD, Please"
                  </td>
                  <td class="post-type">
                      story
                  </td>
                  <td class="post-time">
                      2023 Nov 04 04:16
                  </td>
                  <td class="post-url">
                      <a href="https://dukope.com/devlogs/papers-please/lcdplease/">
                          Link
                      </a>
                  </td>
              </tr>
    
        42)   <tr>
                  <td class="post-score">
                      17
                  </td>
                  <td class="post-title">
                      Interview with a Gladiatrix
                  </td>
                  <td class="post-type">
                      story
                  </td>
                  <td class="post-time">
                      2023 Nov 04 21:04
                  </td>
                  <td class="post-url">
                      <a href="https://antigonejournal.com/2023/10/modern-roman-gladiatrix/">
                          Link
                      </a>
                  </td>
              </tr>
    
        43)   <tr>
                  <td class="post-score">
                      6
                  </td>
                  <td class="post-title">
                      Towards Modern Development of Cloud Applications [pdf]
                  </td>
                  <td class="post-type">
                      story
                  </td>
                  <td class="post-time">
                      2023 Nov 05 00:44
                  </td>
                  <td class="post-url">
                      <a href="https://sigops.org/s/conferences/hotos/2023/papers/ghemawat.pdf">
                          Link
                      </a>
                  </td>
              </tr>
    
        44)   <tr>
                  <td class="post-score">
                      224
                  </td>
                  <td class="post-title">
                      A blog post is a long and complex search query to find people (2022)
                  </td>
                  <td class="post-type">
                      story
                  </td>
                  <td class="post-time">
                      2023 Nov 04 02:02
                  </td>
                  <td class="post-url">
                      <a href="https://www.henrikkarlsson.xyz/p/search-query">
                          Link
                      </a>
                  </td>
              </tr>
    
        45)   <tr>
                  <td class="post-score">
                      68
                  </td>
                  <td class="post-title">
                      After decades of dreams, a commercial spaceplane is almost ready to fly
                  </td>
                  <td class="post-type">
                      story
                  </td>
                  <td class="post-time">
                      2023 Nov 04 17:45
                  </td>
                  <td class="post-url">
                      <a href="https://arstechnica.com/space/2023/11/after-decades-of-dreams-a-commercial-spaceplane-is-almost-ready-to-fly/">
                          Link
                      </a>
                  </td>
              </tr>
    
        46)   <tr>
                  <td class="post-score">
                      110
                  </td>
                  <td class="post-title">
                      Scrcpy 2.2 adds Android camera mirroring
                  </td>
                  <td class="post-type">
                      story
                  </td>
                  <td class="post-time">
                      2023 Nov 04 18:30
                  </td>
                  <td class="post-url">
                      <a href="https://github.com/Genymobile/scrcpy/releases/tag/v2.2">
                          Link
                      </a>
                  </td>
              </tr>
    
        47)   <tr>
                  <td class="post-score">
                      52
                  </td>
                  <td class="post-title">
                      SpaceX poised for 'mid-November' launch of second Starship test flight
                  </td>
                  <td class="post-type">
                      story
                  </td>
                  <td class="post-time">
                      2023 Nov 05 04:23
                  </td>
                  <td class="post-url">
                      <a href="https://spaceflightnow.com/2023/11/04/spacex-poised-for-mid-november-of-second-starship-test-launch/">
                          Link
                      </a>
                  </td>
              </tr>
    
        48)   <tr>
                  <td class="post-score">
                      160
                  </td>
                  <td class="post-title">
                      I need more USB power
                  </td>
                  <td class="post-type">
                      story
                  </td>
                  <td class="post-time">
                      2023 Nov 04 16:36
                  </td>
                  <td class="post-url">
                      <a href="https://atomic14.substack.com/p/i-need-more-usb-power">
                          Link
                      </a>
                  </td>
              </tr>
    
        49)   <tr>
                  <td class="post-score">
                      8
                  </td>
                  <td class="post-title">
                      Ancient coins have been found off Sardinia, probably from shipwreck
                  </td>
                  <td class="post-type">
                      story
                  </td>
                  <td class="post-time">
                      2023 Nov 05 03:31
                  </td>
                  <td class="post-url">
                      <a href="https://apnews.com/article/italy-ancient-coins-sardinia-divers-cabdfa070d37a8020f874dd90c0a2433">
                          Link
                      </a>
                  </td>
              </tr>
    
        50)   <tr>
                  <td class="post-score">
                      65
                  </td>
                  <td class="post-title">
                      C++ Sudoku Solver by Singapore PM Lee Hsien Loong
                  </td>
                  <td class="post-type">
                      story
                  </td>
                  <td class="post-time">
                      2023 Nov 04 19:07
                  </td>
                  <td class="post-url">
                      <a href="https://twitter.com/adad8m/status/1720822885496049863">
                          Link
                      </a>
                  </td>
              </tr>
    
        51)   <tr>
                  <td class="post-score">
                      91
                  </td>
                  <td class="post-title">
                      Lapham's Quarterly Is on Hiatus
                  </td>
                  <td class="post-type">
                      story
                  </td>
                  <td class="post-time">
                      2023 Nov 04 20:00
                  </td>
                  <td class="post-url">
                      <a href="https://www.laphamsquarterly.org/roundtable/hiatus">
                          Link
                      </a>
                  </td>
              </tr>
    
        52)   <tr>
                  <td class="post-score">
                      6
                  </td>
                  <td class="post-title">
                      X.ai Grok
                  </td>
                  <td class="post-type">
                      story
                  </td>
                  <td class="post-time">
                      2023 Nov 05 05:57
                  </td>
                  <td class="post-url">
                      <a href="https://grok.x.ai/">
                          Link
                      </a>
                  </td>
              </tr>
    
        53)   <tr>
                  <td class="post-score">
                      219
                  </td>
                  <td class="post-title">
                      Asciinema: Record and share your terminal sessions, the simple way
                  </td>
                  <td class="post-type">
                      story
                  </td>
                  <td class="post-time">
                      2023 Nov 03 20:53
                  </td>
                  <td class="post-url">
                      <a href="https://asciinema.org/">
                          Link
                      </a>
                  </td>
              </tr>
    
        54)   <tr>
                  <td class="post-score">
                      605
                  </td>
                  <td class="post-title">
                      In 1886, the US commissioned watercolor paintings of every known fruit (2019)
                  </td>
                  <td class="post-type">
                      story
                  </td>
                  <td class="post-time">
                      2023 Nov 02 22:30
                  </td>
                  <td class="post-url">
                      <a href="https://www.openculture.com/2019/06/the-us-government-commissioned-7500-watercolor-paintings.html">
                          Link
                      </a>
                  </td>
              </tr>
    
        55)   <tr>
                  <td class="post-score">
                      467
                  </td>
                  <td class="post-title">
                      No dogs were harmed in the making of this app
                  </td>
                  <td class="post-type">
                      story
                  </td>
                  <td class="post-time">
                      2023 Nov 03 13:47
                  </td>
                  <td class="post-url">
                      <a href="https://shmck.substack.com/p/no-dogs-were-harmed-in-the-making">
                          Link
                      </a>
                  </td>
              </tr>
    
        56)   <tr>
                  <td class="post-score">
                      417
                  </td>
                  <td class="post-title">
                      Bringing garbage collected programming languages efficiently to WebAssembly
                  </td>
                  <td class="post-type">
                      story
                  </td>
                  <td class="post-time">
                      2023 Nov 03 06:50
                  </td>
                  <td class="post-url">
                      <a href="https://v8.dev/blog/wasm-gc-porting">
                          Link
                      </a>
                  </td>
              </tr>
    
        57)   <tr>
                  <td class="post-score">
                      225
                  </td>
                  <td class="post-title">
                      Wooden Game Boy
                  </td>
                  <td class="post-type">
                      story
                  </td>
                  <td class="post-time">
                      2023 Nov 03 21:32
                  </td>
                  <td class="post-url">
                      <a href="https://there.oughta.be/a/wooden-game-boy">
                          Link
                      </a>
                  </td>
              </tr>
    
        58)   <tr>
                  <td class="post-score">
                      80
                  </td>
                  <td class="post-title">
                      The Apple II Circuit Description (1983)
                  </td>
                  <td class="post-type">
                      story
                  </td>
                  <td class="post-time">
                      2023 Nov 02 14:58
                  </td>
                  <td class="post-url">
                      <a href="https://archive.org/details/taiicd">
                          Link
                      </a>
                  </td>
              </tr>
    
        59)   <tr>
                  <td class="post-score">
                      304
                  </td>
                  <td class="post-title">
                      Bevy 0.12
                  </td>
                  <td class="post-type">
                      story
                  </td>
                  <td class="post-time">
                      2023 Nov 04 19:39
                  </td>
                  <td class="post-url">
                      <a href="https://bevyengine.org/news/bevy-0-12/">
                          Link
                      </a>
                  </td>
              </tr>
    
        60)   <tr>
                  <td class="post-score">
                      203
                  </td>
                  <td class="post-title">
                      Telling GPT-4 you're scared or under pressure improves performance
                  </td>
                  <td class="post-type">
                      story
                  </td>
                  <td class="post-time">
                      2023 Nov 04 00:40
                  </td>
                  <td class="post-url">
                      <a href="https://aimodels.substack.com/p/telling-gpt-4-youre-scared-or-under">
                          Link
                      </a>
                  </td>
              </tr>
    
        61)   <tr>
                  <td class="post-score">
                      1952
                  </td>
                  <td class="post-title">
                      Sam Bankman-Fried Convicted
                  </td>
                  <td class="post-type">
                      story
                  </td>
                  <td class="post-time">
                      2023 Nov 02 23:49
                  </td>
                  <td class="post-url">
                      <a href="https://www.nytimes.com/live/2023/11/02/business/sam-bankman-fried-trial">
                          Link
                      </a>
                  </td>
              </tr>
    
        62)   <tr>
                  <td class="post-score">
                      188
                  </td>
                  <td class="post-title">
                      Surround sound test files for every audio format
                  </td>
                  <td class="post-type">
                      story
                  </td>
                  <td class="post-time">
                      2023 Nov 03 22:21
                  </td>
                  <td class="post-url">
                      <a href="https://drive.google.com/drive/folders/1JxmeedtAtgmoafXv9rroiDOS2vEX7N4b">
                          Link
                      </a>
                  </td>
              </tr>
    
        63)   <tr>
                  <td class="post-score">
                      128
                  </td>
                  <td class="post-title">
                      Tesla strike widens as Swedish union expands blockade
                  </td>
                  <td class="post-type">
                      story
                  </td>
                  <td class="post-time">
                      2023 Nov 04 23:30
                  </td>
                  <td class="post-url">
                      <a href="https://www.thelocal.se/20231103/tesla-strike-widens-as-swedish-union-expands-blockade">
                          Link
                      </a>
                  </td>
              </tr>
    
        64)   <tr>
                  <td class="post-score">
                      15
                  </td>
                  <td class="post-title">
                      R─ühui and the Art of Marine Conservation
                  </td>
                  <td class="post-type">
                      story
                  </td>
                  <td class="post-time">
                      2023 Nov 04 03:03
                  </td>
                  <td class="post-url">
                      <a href="https://hakaimagazine.com/features/rahui-and-the-art-of-marine-conservation/">
                          Link
                      </a>
                  </td>
              </tr>
    
        65)   <tr>
                  <td class="post-score">
                      81
                  </td>
                  <td class="post-title">
                      Large-scale violence in Late Neolithic Western Europe based on skeletal evidence
                  </td>
                  <td class="post-type">
                      story
                  </td>
                  <td class="post-time">
                      2023 Nov 04 02:56
                  </td>
                  <td class="post-url">
                      <a href="https://www.nature.com/articles/s41598-023-43026-9">
                          Link
                      </a>
                  </td>
              </tr>
    
        66)   <tr>
                  <td class="post-score">
                      224
                  </td>
                  <td class="post-title">
                      First observation of a virus attaching to another virus
                  </td>
                  <td class="post-type">
                      story
                  </td>
                  <td class="post-time">
                      2023 Nov 03 12:47
                  </td>
                  <td class="post-url">
                      <a href="https://umbc.edu/stories/first-observed-virus-attaching-to-another/">
                          Link
                      </a>
                  </td>
              </tr>
    
        67)   <tr>
                  <td class="post-score">
                      185
                  </td>
                  <td class="post-title">
                      KDE desktop cube effect returns
                  </td>
                  <td class="post-type">
                      story
                  </td>
                  <td class="post-time">
                      2023 Nov 04 14:13
                  </td>
                  <td class="post-url">
                      <a href="https://www.phoronix.com/news/KDE-Wayland-Color-Mgmt">
                          Link
                      </a>
                  </td>
              </tr>
    
        68)   <tr>
                  <td class="post-score">
                      49
                  </td>
                  <td class="post-title">
                      Searching for hidden silicon art on a microchip
                  </td>
                  <td class="post-type">
                      story
                  </td>
                  <td class="post-time">
                      2023 Nov 04 16:48
                  </td>
                  <td class="post-url">
                      <a href="https://twitter.com/microscopicture/status/1720837951238636018">
                          Link
                      </a>
                  </td>
              </tr>
    
        69)   <tr>
                  <td class="post-score">
                      19
                  </td>
                  <td class="post-title">
                      U.S. cities consider banning "right on red" laws amid rise in pedestrian deaths
                  </td>
                  <td class="post-type">
                      story
                  </td>
                  <td class="post-time">
                      2023 Nov 04 23:45
                  </td>
                  <td class="post-url">
                      <a href="https://www.cbsnews.com/news/pedestrian-deaths-right-on-red-ban/">
                          Link
                      </a>
                  </td>
              </tr>
    
        70)   <tr>
                  <td class="post-score">
                      195
                  </td>
                  <td class="post-title">
                      Paste without formatting on macOS
                  </td>
                  <td class="post-type">
                      story
                  </td>
                  <td class="post-time">
                      2023 Nov 04 14:31
                  </td>
                  <td class="post-url">
                      <a href="https://scottswezey.com/always-paste-without-formatting-macos/">
                          Link
                      </a>
                  </td>
              </tr>
    
        71)   <tr>
                  <td class="post-score">
                      1187
                  </td>
                  <td class="post-title">
                      Cosmopolitan Third Edition
                  </td>
                  <td class="post-type">
                      story
                  </td>
                  <td class="post-time">
                      2023 Nov 01 17:25
                  </td>
                  <td class="post-url">
                      <a href="https://justine.lol/cosmo3/">
                          Link
                      </a>
                  </td>
              </tr>
    
        72)   <tr>
                  <td class="post-score">
                      126
                  </td>
                  <td class="post-title">
                      Bibi-binary
                  </td>
                  <td class="post-type">
                      story
                  </td>
                  <td class="post-time">
                      2023 Nov 02 08:55
                  </td>
                  <td class="post-url">
                      <a href="https://en.wikipedia.org/wiki/Bibi-binary">
                          Link
                      </a>
                  </td>
              </tr>
    
        73)   <tr>
                  <td class="post-score">
                      57
                  </td>
                  <td class="post-title">
                      UK plans to redefine extremism to include undermining the country
                  </td>
                  <td class="post-type">
                      story
                  </td>
                  <td class="post-time">
                      2023 Nov 04 18:57
                  </td>
                  <td class="post-url">
                      <a href="https://www.theguardian.com/uk-news/2023/nov/04/plans-to-redefine-extremism-would-include-undermining-uk-values">
                          Link
                      </a>
                  </td>
              </tr>
    
        74)   <tr>
                  <td class="post-score">
                      453
                  </td>
                  <td class="post-title">
                      Light can make water evaporate without heat
                  </td>
                  <td class="post-type">
                      story
                  </td>
                  <td class="post-time">
                      2023 Nov 02 17:59
                  </td>
                  <td class="post-url">
                      <a href="https://news.mit.edu/2023/surprising-finding-light-makes-water-evaporate-without-heat-1031">
                          Link
                      </a>
                  </td>
              </tr>
    
        75)   <tr>
                  <td class="post-score">
                      13
                  </td>
                  <td class="post-title">
                      The Trust Principles
                  </td>
                  <td class="post-type">
                      story
                  </td>
                  <td class="post-time">
                      2023 Nov 04 14:32
                  </td>
                  <td class="post-url">
                      <a href="https://www.thomsonreuters.com/en/about-us/trust-principles.html">
                          Link
                      </a>
                  </td>
              </tr>
    
        76)   <tr>
                  <td class="post-score">
                      15
                  </td>
                  <td class="post-title">
                      Coding in Public: Help Battle Imposter Syndrome and Inspire Others
                  </td>
                  <td class="post-type">
                      story
                  </td>
                  <td class="post-time">
                      2023 Nov 04 11:58
                  </td>
                  <td class="post-url">
                      <a href="https://www.codingtemple.com/blog/coding-in-public-help-battle-imposter-syndrome-and-inspire-others/">
                          Link
                      </a>
                  </td>
              </tr>
    
        77)   <tr>
                  <td class="post-score">
                      257
                  </td>
                  <td class="post-title">
                      Software that supports your body should always respect your freedom
                  </td>
                  <td class="post-type">
                      story
                  </td>
                  <td class="post-time">
                      2023 Nov 04 17:26
                  </td>
                  <td class="post-url">
                      <a href="https://www.fsf.org/blogs/community/software-that-supports-your-body-should-always-respect-your-freedom">
                          Link
                      </a>
                  </td>
              </tr>
    
        78)   <tr>
                  <td class="post-score">
                      117
                  </td>
                  <td class="post-title">
                      Show HN: MicroLua ÔÇô Lua for the RP2040 Microcontroller
                  </td>
                  <td class="post-type">
                      story
                  </td>
                  <td class="post-time">
                      2023 Nov 03 18:45
                  </td>
                  <td class="post-url">
                      <a href="https://github.com/MicroLua/MicroLua">
                          Link
                      </a>
                  </td>
              </tr>
    
        79)   <tr>
                  <td class="post-score">
                      451
                  </td>
                  <td class="post-title">
                      Post Mortem on Cloudflare Control Plane and Analytics Outage
                  </td>
                  <td class="post-type">
                      story
                  </td>
                  <td class="post-time">
                      2023 Nov 04 06:20
                  </td>
                  <td class="post-url">
                      <a href="https://blog.cloudflare.com/post-mortem-on-cloudflare-control-plane-and-analytics-outage/">
                          Link
                      </a>
                  </td>
              </tr>
    
        80)   <tr>
                  <td class="post-score">
                      543
                  </td>
                  <td class="post-title">
                      Portugal. The Man ÔÇô Official Website Is a Google Sheets Document
                  </td>
                  <td class="post-type">
                      story
                  </td>
                  <td class="post-time">
                      2023 Nov 03 23:59
                  </td>
                  <td class="post-url">
                      <a href="https://www.portugaltheman.com/?frontpage=true">
                          Link
                      </a>
                  </td>
              </tr>
    
        81)   <tr>
                  <td class="post-score">
                      212
                  </td>
                  <td class="post-title">
                      M3 Macs: there's more to performance than counting cores
                  </td>
                  <td class="post-type">
                      story
                  </td>
                  <td class="post-time">
                      2023 Nov 03 07:59
                  </td>
                  <td class="post-url">
                      <a href="https://eclecticlight.co/2023/11/03/m3-macs-theres-more-to-performance-than-counting-cores/">
                          Link
                      </a>
                  </td>
              </tr>
    
        82)   <tr>
                  <td class="post-score">
                      43
                  </td>
                  <td class="post-title">
                      What is a Teddy Roosevelt presidential library doing in North Dakota?
                  </td>
                  <td class="post-type">
                      story
                  </td>
                  <td class="post-time">
                      2023 Nov 03 19:14
                  </td>
                  <td class="post-url">
                      <a href="https://www.nytimes.com/2023/10/27/arts/theodore-roosevelt-presidential-library.html">
                          Link
                      </a>
                  </td>
              </tr>
    
        83)   <tr>
                  <td class="post-score">
                      5
                  </td>
                  <td class="post-title">
                      You Are Not Late (2014)
                  </td>
                  <td class="post-type">
                      story
                  </td>
                  <td class="post-time">
                      2023 Nov 04 15:26
                  </td>
                  <td class="post-url">
                      <a href="https://kk.org/thetechnium/you-are-not-late/">
                          Link
                      </a>
                  </td>
              </tr>
    
        84)   <tr>
                  <td class="post-score">
                      156
                  </td>
                  <td class="post-title">
                      Shinzo Abe's Assassination
                  </td>
                  <td class="post-type">
                      story
                  </td>
                  <td class="post-time">
                      2023 Nov 04 13:07
                  </td>
                  <td class="post-url">
                      <a href="https://www.theatlantic.com/magazine/archive/2023/10/shinzo-abe-assassination-japan-unification-church-moonies/675114/">
                          Link
                      </a>
                  </td>
              </tr>
    
        85)   <tr>
                  <td class="post-score">
                      101
                  </td>
                  <td class="post-title">
                      Sometimes, it is a compiler bug (2022)
                  </td>
                  <td class="post-type">
                      story
                  </td>
                  <td class="post-time">
                      2023 Nov 04 03:46
                  </td>
                  <td class="post-url">
                      <a href="https://quick-lint-js.com/blog/bug-journey/">
                          Link
                      </a>
                  </td>
              </tr>
    
        86)   <tr>
                  <td class="post-score">
                      154
                  </td>
                  <td class="post-title">
                      Guide to Adopting AV1 Encoding
                  </td>
                  <td class="post-type">
                      story
                  </td>
                  <td class="post-time">
                      2023 Nov 03 15:17
                  </td>
                  <td class="post-url">
                      <a href="https://bitmovin.com/av1/av1-encoding-guide/">
                          Link
                      </a>
                  </td>
              </tr>
    
        87)   <tr>
                  <td class="post-score">
                      7
                  </td>
                  <td class="post-title">
                      Ask HN: Where do you get your health news?
                  </td>
                  <td class="post-type">
                      story
                  </td>
                  <td class="post-time">
                      2023 Nov 05 00:57
                  </td>
                  <td class="post-url">
                      N/A
                  </td>
              </tr>
    
        88)   <tr>
                  <td class="post-score">
                      37
                  </td>
                  <td class="post-title">
                      Mass producing the most expensive rice cooker [video]
                  </td>
                  <td class="post-type">
                      story
                  </td>
                  <td class="post-time">
                      2023 Nov 04 16:33
                  </td>
                  <td class="post-url">
                      <a href="https://www.youtube.com/watch?v=xLCwr8qG1p4">
                          Link
                      </a>
                  </td>
              </tr>
    
        89)   <tr>
                  <td class="post-score">
                      32
                  </td>
                  <td class="post-title">
                      Codec Royalties on Content and the Jaws Moment
                  </td>
                  <td class="post-type">
                      story
                  </td>
                  <td class="post-time">
                      2023 Nov 03 21:07
                  </td>
                  <td class="post-url">
                      <a href="https://streaminglearningcenter.com/codecs/codec-royalties-on-content.html">
                          Link
                      </a>
                  </td>
              </tr>
    
        90)   <tr>
                  <td class="post-score">
                      139
                  </td>
                  <td class="post-title">
                      Louis Armstrong's Last Word
                  </td>
                  <td class="post-type">
                      story
                  </td>
                  <td class="post-time">
                      2023 Nov 02 20:16
                  </td>
                  <td class="post-url">
                      <a href="https://www.thenation.com/article/culture/louis-armstrong-archive/">
                          Link
                      </a>
                  </td>
              </tr>
    
        91)   <tr>
                  <td class="post-score">
                      111
                  </td>
                  <td class="post-title">
                      The Sega Hitachi HiSaturn Navi Console
                  </td>
                  <td class="post-type">
                      story
                  </td>
                  <td class="post-time">
                      2023 Nov 03 22:43
                  </td>
                  <td class="post-url">
                      <a href="https://nfggames.com/games/hisaturn/">
                          Link
                      </a>
                  </td>
              </tr>
    
        92)   <tr>
                  <td class="post-score">
                      124
                  </td>
                  <td class="post-title">
                      My experience taking Tesla to court about FSD
                  </td>
                  <td class="post-type">
                      story
                  </td>
                  <td class="post-time">
                      2023 Nov 05 00:23
                  </td>
                  <td class="post-url">
                      <a href="https://teslamotorsclub.com/tmc/threads/my-experience-taking-tesla-to-court-about-fsd.315086/">
                          Link
                      </a>
                  </td>
              </tr>
    
        93)   <tr>
                  <td class="post-score">
                      179
                  </td>
                  <td class="post-title">
                      Pix2tex: Using a ViT to convert images of equations into LaTeX code
                  </td>
                  <td class="post-type">
                      story
                  </td>
                  <td class="post-time">
                      2023 Nov 03 10:17
                  </td>
                  <td class="post-url">
                      <a href="https://github.com/lukas-blecher/LaTeX-OCR">
                          Link
                      </a>
                  </td>
              </tr>
    
        94)   <tr>
                  <td class="post-score">
                      470
                  </td>
                  <td class="post-title">
                      Talk-Llama
                  </td>
                  <td class="post-type">
                      story
                  </td>
                  <td class="post-time">
                      2023 Nov 02 07:32
                  </td>
                  <td class="post-url">
                      <a href="https://github.com/ggerganov/whisper.cpp/tree/master/examples/talk-llama">
                          Link
                      </a>
                  </td>
              </tr>
    
        95)   <tr>
                  <td class="post-score">
                      145
                  </td>
                  <td class="post-title">
                      Cooperative C++ Evolution ÔÇô Toward a TypeScript for C++
                  </td>
                  <td class="post-type">
                      story
                  </td>
                  <td class="post-time">
                      2023 Nov 04 13:30
                  </td>
                  <td class="post-url">
                      <a href="https://herbsutter.com/2023/10/09/my-new-cppcon-talk-is-on-youtube-cooperative-c-evolution-toward-a-typescript-for-c/">
                          Link
                      </a>
                  </td>
              </tr>
    
        96)   <tr>
                  <td class="post-score">
                      35
                  </td>
                  <td class="post-title">
                      The StahlDream
                  </td>
                  <td class="post-type">
                      story
                  </td>
                  <td class="post-time">
                      2023 Nov 04 01:18
                  </td>
                  <td class="post-url">
                      <a href="https://remexre.com/stahl/dream">
                          Link
                      </a>
                  </td>
              </tr>
    
        97)   <tr>
                  <td class="post-score">
                      112
                  </td>
                  <td class="post-title">
                      Frink is a programming language designed to make physical calculations simple
                  </td>
                  <td class="post-type">
                      story
                  </td>
                  <td class="post-time">
                      2023 Nov 03 06:36
                  </td>
                  <td class="post-url">
                      <a href="https://frinklang.org/">
                          Link
                      </a>
                  </td>
              </tr>
    
        98)   <tr>
                  <td class="post-score">
                      38
                  </td>
                  <td class="post-title">
                      SBF Is Headed to Prison but FTX Will Haunt the Crypto Community for Years
                  </td>
                  <td class="post-type">
                      story
                  </td>
                  <td class="post-time">
                      2023 Nov 05 01:59
                  </td>
                  <td class="post-url">
                      <a href="https://gizmodo.com/ftx-fbi-sam-bankman-fried-cryptocurrency-data-1850990825">
                          Link
                      </a>
                  </td>
              </tr>
    
        99)   <tr>
                  <td class="post-score">
                      59
                  </td>
                  <td class="post-title">
                      Yorick is an interpreted programming language for scientific simulations
                  </td>
                  <td class="post-type">
                      story
                  </td>
                  <td class="post-time">
                      2023 Nov 03 21:00
                  </td>
                  <td class="post-url">
                      <a href="https://yorick.sourceforge.net/">
                          Link
                      </a>
                  </td>
              </tr>
    
        100)  <tr>
                  <td class="post-score">
                      149
                  </td>
                  <td class="post-title">
                      Starfish bodies arenÔÇÖt bodies at all, study finds
                  </td>
                  <td class="post-type">
                      story
                  </td>
                  <td class="post-time">
                      2023 Nov 04 13:54
                  </td>
                  <td class="post-url">
                      <a href="https://www.cnn.com/2023/11/02/world/starfish-head-body-plan-scn/index.html">
                          Link
                      </a>
                  </td>
              </tr>
    
        101)  <tr>
                  <td class="post-score">
                      7
                  </td>
                  <td class="post-title">
                      SFML 2.6.1
                  </td>
                  <td class="post-type">
                      story
                  </td>
                  <td class="post-time">
                      2023 Nov 04 21:24
                  </td>
                  <td class="post-url">
                      <a href="https://github.com/SFML/SFML/releases/tag/2.6.1">
                          Link
                      </a>
                  </td>
              </tr>
    
        102)  <tr>
                  <td class="post-score">
                      21
                  </td>
                  <td class="post-title">
                      Running Mod_Perl with Mojolicious in Docker
                  </td>
                  <td class="post-type">
                      story
                  </td>
                  <td class="post-time">
                      2023 Nov 03 23:02
                  </td>
                  <td class="post-url">
                      <a href="https://rawley.xyz/docker-mod-perl.html">
                          Link
                      </a>
                  </td>
              </tr>
    
        103)  <tr>
                  <td class="post-score">
                      67
                  </td>
                  <td class="post-title">
                      The Great Inflation
                  </td>
                  <td class="post-type">
                      story
                  </td>
                  <td class="post-time">
                      2023 Nov 04 14:42
                  </td>
                  <td class="post-url">
                      <a href="https://www.federalreservehistory.org/essays/great-inflation">
                          Link
                      </a>
                  </td>
              </tr>
    
        104)  <tr>
                  <td class="post-score">
                      174
                  </td>
                  <td class="post-title">
                      MetNet-3: A state-of-the-art neural weather model
                  </td>
                  <td class="post-type">
                      story
                  </td>
                  <td class="post-time">
                      2023 Nov 03 00:34
                  </td>
                  <td class="post-url">
                      <a href="https://blog.research.google/2023/11/metnet-3-state-of-art-neural-weather.html?m=1">
                          Link
                      </a>
                  </td>
              </tr>
    
        105)  <tr>
                  <td class="post-score">
                      264
                  </td>
                  <td class="post-title">
                      From S3 to R2: An economic opportunity
                  </td>
                  <td class="post-type">
                      story
                  </td>
                  <td class="post-time">
                      2023 Nov 02 19:15
                  </td>
                  <td class="post-url">
                      <a href="https://dansdatathoughts.substack.com/p/from-s3-to-r2-an-economic-opportunity">
                          Link
                      </a>
                  </td>
              </tr>
    
        106)  <tr>
                  <td class="post-score">
                      481
                  </td>
                  <td class="post-title">
                      Ask HN: Who is hiring? (November 2023)
                  </td>
                  <td class="post-type">
                      story
                  </td>
                  <td class="post-time">
                      2023 Nov 01 15:00
                  </td>
                  <td class="post-url">
                      N/A
                  </td>
              </tr>
    
        107)  <tr>
                  <td class="post-score">
                      208
                  </td>
                  <td class="post-title">
                      Course using F#: Write your own tiny programming system(s)
                  </td>
                  <td class="post-type">
                      story
                  </td>
                  <td class="post-time">
                      2023 Nov 02 21:41
                  </td>
                  <td class="post-url">
                      <a href="https://d3s.mff.cuni.cz/teaching/nprg077/">
                          Link
                      </a>
                  </td>
              </tr>
    
        108)  <tr>
                  <td class="post-score">
                      11
                  </td>
                  <td class="post-title">
                      Astra, low on cash, defaults on loan
                  </td>
                  <td class="post-type">
                      story
                  </td>
                  <td class="post-time">
                      2023 Nov 04 20:16
                  </td>
                  <td class="post-url">
                      <a href="https://spacenews.com/astra-low-on-cash-defaults-on-loan/">
                          Link
                      </a>
                  </td>
              </tr>
    
        109)  <tr>
                  <td class="post-score">
                      204
                  </td>
                  <td class="post-title">
                      Maersk to cut 10k jobs as shipping demand drops
                  </td>
                  <td class="post-type">
                      story
                  </td>
                  <td class="post-time">
                      2023 Nov 04 04:39
                  </td>
                  <td class="post-url">
                      <a href="https://www.reuters.com/business/shipping-giant-maersk-q3-above-expectation-sees-fy-lower-end-range-2023-11-03/">
                          Link
                      </a>
                  </td>
              </tr>
    
        110)  <tr>
                  <td class="post-score">
                      52
                  </td>
                  <td class="post-title">
                      Welcome to the New GamersNexus Website v5.0: A Message
                  </td>
                  <td class="post-type">
                      story
                  </td>
                  <td class="post-time">
                      2023 Nov 04 21:16
                  </td>
                  <td class="post-url">
                      <a href="https://gamersnexus.net/gn-extras/welcome-new-gamersnexus-website-v50-message">
                          Link
                      </a>
                  </td>
              </tr>
    
        111)  <tr>
                  <td class="post-score">
                      252
                  </td>
                  <td class="post-title">
                      How to stop adulterated turmeric from killing people
                  </td>
                  <td class="post-type">
                      story
                  </td>
                  <td class="post-time">
                      2023 Nov 04 07:59
                  </td>
                  <td class="post-url">
                      <a href="https://www.economist.com/leaders/2023/11/02/how-to-stop-turmeric-from-killing-people">
                          Link
                      </a>
                  </td>
              </tr>
    
        112)  <tr>
                  <td class="post-score">
                      38
                  </td>
                  <td class="post-title">
                      The Miracle of Photography
                  </td>
                  <td class="post-type">
                      story
                  </td>
                  <td class="post-time">
                      2023 Nov 03 17:46
                  </td>
                  <td class="post-url">
                      <a href="https://themillions.com/2023/11/the-miracle-of-photography.html">
                          Link
                      </a>
                  </td>
              </tr>
    
        113)  <tr>
                  <td class="post-score">
                      71
                  </td>
                  <td class="post-title">
                      Edison Bulb Night Mode
                  </td>
                  <td class="post-type">
                      story
                  </td>
                  <td class="post-time">
                      2023 Nov 03 22:29
                  </td>
                  <td class="post-url">
                      <a href="https://www.petemillspaugh.com/edison-bulb">
                          Link
                      </a>
                  </td>
              </tr>
    
        114)  <tr>
                  <td class="post-score">
                      155
                  </td>
                  <td class="post-title">
                      RegEx Crossword (2013)
                  </td>
                  <td class="post-type">
                      story
                  </td>
                  <td class="post-time">
                      2023 Nov 02 10:30
                  </td>
                  <td class="post-url">
                      <a href="https://jimbly.github.io/regex-crossword/">
                          Link
                      </a>
                  </td>
              </tr>
    
        115)  <tr>
                  <td class="post-score">
                      65
                  </td>
                  <td class="post-title">
                      CPU-Z's Inadequate Benchmark
                  </td>
                  <td class="post-type">
                      story
                  </td>
                  <td class="post-time">
                      2023 Nov 04 00:27
                  </td>
                  <td class="post-url">
                      <a href="https://chipsandcheese.com/2023/11/03/cpu-zs-inadequate-benchmark/">
                          Link
                      </a>
                  </td>
              </tr>
    
        116)  <tr>
                  <td class="post-score">
                      29
                  </td>
                  <td class="post-title">
                      DEA Launches Crack Down on San Francisco Fentanyl Dealing
                  </td>
                  <td class="post-type">
                      story
                  </td>
                  <td class="post-time">
                      2023 Nov 04 23:44
                  </td>
                  <td class="post-url">
                      <a href="https://abc7news.com/sf-fentanyl-drug-dealers-all-hands-of-deck-operation-sfpd/14006658/">
                          Link
                      </a>
                  </td>
              </tr>
    
        117)  <tr>
                  <td class="post-score">
                      205
                  </td>
                  <td class="post-title">
                      Uranium demand hits decade high as nuclear renaissance gains traction
                  </td>
                  <td class="post-type">
                      story
                  </td>
                  <td class="post-time">
                      2023 Nov 04 00:11
                  </td>
                  <td class="post-url">
                      <a href="https://oilprice.com/The-Environment/Global-Warming/Uranium-Demand-Hits-Decade-High-As-Nuclear-Renaissance-Gains-Traction.html">
                          Link
                      </a>
                  </td>
              </tr>
    
        118)  <tr>
                  <td class="post-score">
                      56
                  </td>
                  <td class="post-title">
                      Accelerating digital block design with Google's open source Mid-Level Synthesis
                  </td>
                  <td class="post-type">
                      story
                  </td>
                  <td class="post-time">
                      2023 Nov 03 19:53
                  </td>
                  <td class="post-url">
                      <a href="https://antmicro.com/blog/2023/09/accelerating-digital-block-design-with-googles-xls/">
                          Link
                      </a>
                  </td>
              </tr>
    
        119)  <tr>
                  <td class="post-score">
                      26
                  </td>
                  <td class="post-title">
                      Show HN: Cami.js ÔÇô A No Build, Web Component Based Reactive Framework
                  </td>
                  <td class="post-type">
                      story
                  </td>
                  <td class="post-time">
                      2023 Nov 04 18:33
                  </td>
                  <td class="post-url">
                      <a href="https://github.com/kennyfrc/cami.js">
                          Link
                      </a>
                  </td>
              </tr>
    
        120)  <tr>
                  <td class="post-score">
                      177
                  </td>
                  <td class="post-title">
                      Why You Should Write Your Own Static Site Generator
                  </td>
                  <td class="post-type">
                      story
                  </td>
                  <td class="post-time">
                      2023 Nov 03 09:10
                  </td>
                  <td class="post-url">
                      <a href="https://arne.me/articles/write-your-own-ssg">
                          Link
                      </a>
                  </td>
              </tr>
    
        121)  <tr>
                  <td class="post-score">
                      12
                  </td>
                  <td class="post-title">
                      GiNaC: Open framework for symbolic computation within C++ programming language
                  </td>
                  <td class="post-type">
                      story
                  </td>
                  <td class="post-time">
                      2023 Nov 04 03:25
                  </td>
                  <td class="post-url">
                      <a href="https://www.ginac.de/tutorial/">
                          Link
                      </a>
                  </td>
              </tr>
    
        122)  <tr>
                  <td class="post-score">
                      39
                  </td>
                  <td class="post-title">
                      Liblinux ÔÇô architecture-independent access to Linux system calls
                  </td>
                  <td class="post-type">
                      story
                  </td>
                  <td class="post-time">
                      2023 Nov 03 08:47
                  </td>
                  <td class="post-url">
                      <a href="https://github.com/matheusmoreira/liblinux">
                          Link
                      </a>
                  </td>
              </tr>
    
        123)  <tr>
                  <td class="post-score">
                      111
                  </td>
                  <td class="post-title">
                      Enable ARMv9 Memory Tagging Extension (MTE) on Pixel 8
                  </td>
                  <td class="post-type">
                      story
                  </td>
                  <td class="post-time">
                      2023 Nov 03 06:55
                  </td>
                  <td class="post-url">
                      <a href="https://outflux.net/blog/archives/2023/10/26/enable-mte-on-pixel-8/">
                          Link
                      </a>
                  </td>
              </tr>
    
        124)  <tr>
                  <td class="post-score">
                      56
                  </td>
                  <td class="post-title">
                      Why is RC Cola popular in Tajikistan?
                  </td>
                  <td class="post-type">
                      story
                  </td>
                  <td class="post-time">
                      2023 Nov 03 20:07
                  </td>
                  <td class="post-url">
                      <a href="https://www.snackstack.net/p/why-is-rc-cola-popular-in-tajikistan">
                          Link
                      </a>
                  </td>
              </tr>
    
        125)  <tr>
                  <td class="post-score">
                      7
                  </td>
                  <td class="post-title">
                      Show HN: I started building yet another CSS framework
                  </td>
                  <td class="post-type">
                      story
                  </td>
                  <td class="post-time">
                      2023 Nov 04 08:55
                  </td>
                  <td class="post-url">
                      <a href="https://eternityforest.github.io/barrel.css/">
                          Link
                      </a>
                  </td>
              </tr>
    
        126)  <tr>
                  <td class="post-score">
                      85
                  </td>
                  <td class="post-title">
                      How to help someone use a computer (1996)
                  </td>
                  <td class="post-type">
                      story
                  </td>
                  <td class="post-time">
                      2023 Nov 03 08:46
                  </td>
                  <td class="post-url">
                      <a href="https://pages.gseis.ucla.edu/faculty/agre/how-to-help.html">
                          Link
                      </a>
                  </td>
              </tr>
    
        127)  <tr>
                  <td class="post-score">
                      193
                  </td>
                  <td class="post-title">
                      Is there anywhere in the world someone can just live for free?
                  </td>
                  <td class="post-type">
                      story
                  </td>
                  <td class="post-time">
                      2023 Nov 04 08:57
                  </td>
                  <td class="post-url">
                      <a href="https://reddit.com/r/NoStupidQuestions/comments/17mvukd/is_there_anywhere_in_the_world_someone_can_just/">
                          Link
                      </a>
                  </td>
              </tr>
    
        128)  <tr>
                  <td class="post-score">
                      84
                  </td>
                  <td class="post-title">
                      First Handset with MTE on the Market
                  </td>
                  <td class="post-type">
                      story
                  </td>
                  <td class="post-time">
                      2023 Nov 03 22:03
                  </td>
                  <td class="post-url">
                      <a href="https://googleprojectzero.blogspot.com/2023/11/first-handset-with-mte-on-market.html">
                          Link
                      </a>
                  </td>
              </tr>
    
        129)  <tr>
                  <td class="post-score">
                      59
                  </td>
                  <td class="post-title">
                      Cats Make Nearly 300 Different Facial Expressions
                  </td>
                  <td class="post-type">
                      story
                  </td>
                  <td class="post-time">
                      2023 Nov 04 21:38
                  </td>
                  <td class="post-url">
                      <a href="https://www.smithsonianmag.com/smart-news/cats-make-nearly-300-different-facial-expressions-180983185/">
                          Link
                      </a>
                  </td>
              </tr>
    
        130)  <tr>
                  <td class="post-score">
                      147
                  </td>
                  <td class="post-title">
                      Email.radio ÔÇô Free Email Domain for Licensed Ham Radio Operators
                  </td>
                  <td class="post-type">
                      story
                  </td>
                  <td class="post-time">
                      2023 Nov 03 02:10
                  </td>
                  <td class="post-url">
                      <a href="https://email.radio/">
                          Link
                      </a>
                  </td>
              </tr>
    
        131)  <tr>
                  <td class="post-score">
                      666
                  </td>
                  <td class="post-title">
                      macOS Sonoma Boot Failures
                  </td>
                  <td class="post-type">
                      story
                  </td>
                  <td class="post-time">
                      2023 Oct 31 18:33
                  </td>
                  <td class="post-url">
                      <a href="https://github.com/AsahiLinux/docs/wiki/macOS-Sonoma-Boot-Failures">
                          Link
                      </a>
                  </td>
              </tr>
    
        132)  <tr>
                  <td class="post-score">
                      98
                  </td>
                  <td class="post-title">
                      Telnet BBS Guide
                  </td>
                  <td class="post-type">
                      story
                  </td>
                  <td class="post-time">
                      2023 Nov 03 23:29
                  </td>
                  <td class="post-url">
                      <a href="https://www.telnetbbsguide.com/">
                          Link
                      </a>
                  </td>
              </tr>
    
        133)  <tr>
                  <td class="post-score">
                      69
                  </td>
                  <td class="post-title">
                      Discord will switch to temporary file links to block malware delivery
                  </td>
                  <td class="post-type">
                      story
                  </td>
                  <td class="post-time">
                      2023 Nov 04 19:11
                  </td>
                  <td class="post-url">
                      <a href="https://www.bleepingcomputer.com/news/security/discord-will-switch-to-temporary-file-links-to-block-malware-delivery/">
                          Link
                      </a>
                  </td>
              </tr>
    
        134)  <tr>
                  <td class="post-score">
                      201
                  </td>
                  <td class="post-title">
                      Podman Desktop v1.5 with Compose onboarding and enhanced Kubernetes pod data
                  </td>
                  <td class="post-type">
                      story
                  </td>
                  <td class="post-time">
                      2023 Nov 03 19:39
                  </td>
                  <td class="post-url">
                      <a href="https://podman-desktop.io/blog/podman-desktop-release-1.5">
                          Link
                      </a>
                  </td>
              </tr>
    
        135)  <tr>
                  <td class="post-score">
                      199
                  </td>
                  <td class="post-title">
                      Okta hit by third-party breach, stealing employee data
                  </td>
                  <td class="post-type">
                      story
                  </td>
                  <td class="post-time">
                      2023 Nov 03 16:15
                  </td>
                  <td class="post-url">
                      <a href="https://arstechnica.com/security/2023/11/okta-hit-by-another-breach-this-one-stealing-employee-data-from-3rd-party-vendor/">
                          Link
                      </a>
                  </td>
              </tr>
    
        136)  <tr>
                  <td class="post-score">
                      124
                  </td>
                  <td class="post-title">
                      If you plant milkweed, they will come
                  </td>
                  <td class="post-type">
                      story
                  </td>
                  <td class="post-time">
                      2023 Nov 03 00:21
                  </td>
                  <td class="post-url">
                      <a href="https://www.nytimes.com/2023/10/25/realestate/gardening-milkweed-plants-butterflies.html">
                          Link
                      </a>
                  </td>
              </tr>
    
        137)  <tr>
                  <td class="post-score">
                      31
                  </td>
                  <td class="post-title">
                      Things I like about Zig as a Go Programmer
                  </td>
                  <td class="post-type">
                      story
                  </td>
                  <td class="post-time">
                      2023 Nov 04 16:38
                  </td>
                  <td class="post-url">
                      <a href="https://medium.com/@vladimirvivien/things-i-like-about-zig-as-a-go-programmer-75eb02aab00f">
                          Link
                      </a>
                  </td>
              </tr>
    
        138)  <tr>
                  <td class="post-score">
                      9
                  </td>
                  <td class="post-title">
                      Upgrading my Chumby 8 kernel part 7: touchscreen
                  </td>
                  <td class="post-type">
                      story
                  </td>
                  <td class="post-time">
                      2023 Nov 03 23:57
                  </td>
                  <td class="post-url">
                      <a href="https://www.downtowndougbrown.com/2023/11/upgrading-my-chumby-8-kernel-part-7-touchscreen/">
                          Link
                      </a>
                  </td>
              </tr>
    
        139)  <tr>
                  <td class="post-score">
                      114
                  </td>
                  <td class="post-title">
                      Embracing community helps us live longer, and be happier (2017)
                  </td>
                  <td class="post-type">
                      story
                  </td>
                  <td class="post-time">
                      2023 Nov 03 19:58
                  </td>
                  <td class="post-url">
                      <a href="https://news.harvard.edu/gazette/story/2017/04/over-nearly-80-years-harvard-study-has-been-showing-how-to-live-a-healthy-and-happy-life/">
                          Link
                      </a>
                  </td>
              </tr>
    
        140)  <tr>
                  <td class="post-score">
                      221
                  </td>
                  <td class="post-title">
                      Joint statement of scientists and NGOs on the EUÔÇÖs proposed eIDAS reform
                  </td>
                  <td class="post-type">
                      story
                  </td>
                  <td class="post-time">
                      2023 Nov 03 11:08
                  </td>
                  <td class="post-url">
                      <a href="https://eidas-open-letter.org/">
                          Link
                      </a>
                  </td>
              </tr>
    
        141)  <tr>
                  <td class="post-score">
                      3
                  </td>
                  <td class="post-title">
                      A guide to home row mods with QMK
                  </td>
                  <td class="post-type">
                      story
                  </td>
                  <td class="post-time">
                      2023 Nov 04 11:21
                  </td>
                  <td class="post-url">
                      <a href="https://precondition.github.io/home-row-mods">
                          Link
                      </a>
                  </td>
              </tr>
    
        142)  <tr>
                  <td class="post-score">
                      14
                  </td>
                  <td class="post-title">
                      Geospatial Technology Radar 2023
                  </td>
                  <td class="post-type">
                      story
                  </td>
                  <td class="post-time">
                      2023 Nov 03 20:03
                  </td>
                  <td class="post-url">
                      <a href="https://element84.com/geospatial-tech-radar-23">
                          Link
                      </a>
                  </td>
              </tr>
    
        143)  <tr>
                  <td class="post-score">
                      49
                  </td>
                  <td class="post-title">
                      HBO CEO Confesses to Trolling Critics with Fake Tweets: Rolling Stone
                  </td>
                  <td class="post-type">
                      story
                  </td>
                  <td class="post-time">
                      2023 Nov 04 06:19
                  </td>
                  <td class="post-url">
                      <a href="https://www.rollingstone.com/tv-movies/tv-movie-news/hbo-ceo-casey-bloys-confesses-trolling-critics-fake-twitter-accounts-dumb-idea-1234868710/">
                          Link
                      </a>
                  </td>
              </tr>
    
        144)  <tr>
                  <td class="post-score">
                      124
                  </td>
                  <td class="post-title">
                      Ken Mattingly, astronaut scrubbed from Apollo 13, has died
                  </td>
                  <td class="post-type">
                      story
                  </td>
                  <td class="post-time">
                      2023 Nov 03 05:48
                  </td>
                  <td class="post-url">
                      <a href="https://www.nytimes.com/2023/11/02/science/space/ken-mattingly-dead.html">
                          Link
                      </a>
                  </td>
              </tr>
    
        145)  <tr>
                  <td class="post-score">
                      146
                  </td>
                  <td class="post-title">
                      How big data carried graph theory into new dimensions
                  </td>
                  <td class="post-type">
                      story
                  </td>
                  <td class="post-time">
                      2023 Nov 02 21:33
                  </td>
                  <td class="post-url">
                      <a href="https://www.quantamagazine.org/how-big-data-carried-graph-theory-into-new-dimensions-20210819/">
                          Link
                      </a>
                  </td>
              </tr>
    
        146)  <tr>
                  <td class="post-score">
                      235
                  </td>
                  <td class="post-title">
                      Lemming Suicide Myth: Disney Film Faked Bogus Behavior
                  </td>
                  <td class="post-type">
                      story
                  </td>
                  <td class="post-time">
                      2023 Nov 01 22:47
                  </td>
                  <td class="post-url">
                      <a href="https://www.adfg.alaska.gov/index.cfm?adfg=wildlifenews.view_article&articles_id=56">
                          Link
                      </a>
                  </td>
              </tr>
    
        147)  <tr>
                  <td class="post-score">
                      22
                  </td>
                  <td class="post-title">
                      The Future of RSS Is Textcasting
                  </td>
                  <td class="post-type">
                      story
                  </td>
                  <td class="post-time">
                      2023 Nov 03 19:11
                  </td>
                  <td class="post-url">
                      <a href="https://kottke.org/23/11/the-future-of-rss-is-textcasting-1">
                          Link
                      </a>
                  </td>
              </tr>
    
        148)  <tr>
                  <td class="post-score">
                      113
                  </td>
                  <td class="post-title">
                      Auto industry executives admit electric vehicle plans are in jeopardy
                  </td>
                  <td class="post-type">
                      story
                  </td>
                  <td class="post-time">
                      2023 Nov 02 22:26
                  </td>
                  <td class="post-url">
                      <a href="https://www.businessinsider.com/auto-executives-coming-clean-evs-arent-working-2023-10">
                          Link
                      </a>
                  </td>
              </tr>
    
        149)  <tr>
                  <td class="post-score">
                      591
                  </td>
                  <td class="post-title">
                      Confusing Git Terminology
                  </td>
                  <td class="post-type">
                      story
                  </td>
                  <td class="post-time">
                      2023 Nov 02 13:05
                  </td>
                  <td class="post-url">
                      <a href="https://jvns.ca/blog/2023/11/01/confusing-git-terminology/">
                          Link
                      </a>
                  </td>
              </tr>
    
        150)  <tr>
                  <td class="post-score">
                      645
                  </td>
                  <td class="post-title">
                      Copying Angry Birds with nothing but AI
                  </td>
                  <td class="post-type">
                      story
                  </td>
                  <td class="post-time">
                      2023 Oct 31 18:27
                  </td>
                  <td class="post-url">
                      <a href="https://twitter.com/javilopen/status/1719363262179938401">
                          Link
                      </a>
                  </td>
              </tr>
    
        151)  <tr>
                  <td class="post-score">
                      146
                  </td>
                  <td class="post-title">
                      Hyphens, minus, and dashes in Debian man pages
                  </td>
                  <td class="post-type">
                      story
                  </td>
                  <td class="post-time">
                      2023 Nov 02 23:13
                  </td>
                  <td class="post-url">
                      <a href="https://lwn.net/Articles/947941/">
                          Link
                      </a>
                  </td>
              </tr>
    
        152)  <tr>
                  <td class="post-score">
                      91
                  </td>
                  <td class="post-title">
                      The Anthropogenic Salt Cycle
                  </td>
                  <td class="post-type">
                      story
                  </td>
                  <td class="post-time">
                      2023 Nov 03 12:21
                  </td>
                  <td class="post-url">
                      <a href="https://www.nature.com/articles/s43017-023-00485-y">
                          Link
                      </a>
                  </td>
              </tr>
    
        153)  <tr>
                  <td class="post-score">
                      117
                  </td>
                  <td class="post-title">
                      When to Shut Up: A Visual Guide (With Included Algorithm)
                  </td>
                  <td class="post-type">
                      story
                  </td>
                  <td class="post-time">
                      2023 Nov 04 12:24
                  </td>
                  <td class="post-url">
                      <a href="https://shaungallagher.pressbin.com/blog/shut-up.html">
                          Link
                      </a>
                  </td>
              </tr>
    
        154)  <tr>
                  <td class="post-score">
                      297
                  </td>
                  <td class="post-title">
                      macOS Sonoma Broke Grep
                  </td>
                  <td class="post-type">
                      story
                  </td>
                  <td class="post-time">
                      2023 Nov 01 20:24
                  </td>
                  <td class="post-url">
                      <a href="https://developer.apple.com/forums/thread/738862">
                          Link
                      </a>
                  </td>
              </tr>
    
        155)  <tr>
                  <td class="post-score">
                      335
                  </td>
                  <td class="post-title">
                      How Bear does analytics with CSS
                  </td>
                  <td class="post-type">
                      story
                  </td>
                  <td class="post-time">
                      2023 Nov 01 08:08
                  </td>
                  <td class="post-url">
                      <a href="https://herman.bearblog.dev/how-bear-does-analytics-with-css/">
                          Link
                      </a>
                  </td>
              </tr>
    
        156)  <tr>
                  <td class="post-score">
                      87
                  </td>
                  <td class="post-title">
                      Everything We Know About 1970s Mainframe RPGs We Can No Longer Play
                  </td>
                  <td class="post-type">
                      story
                  </td>
                  <td class="post-time">
                      2023 Nov 02 22:31
                  </td>
                  <td class="post-url">
                      <a href="http://crpgaddict.blogspot.com/2021/06/brief-everything-we-know-about-1970s.html">
                          Link
                      </a>
                  </td>
              </tr>
    
        157)  <tr>
                  <td class="post-score">
                      200
                  </td>
                  <td class="post-title">
                      The business of extracting knowledge from academic publications
                  </td>
                  <td class="post-type">
                      story
                  </td>
                  <td class="post-time">
                      2023 Nov 01 21:52
                  </td>
                  <td class="post-url">
                      <a href="https://www.theseedsofscience.pub/p/the-business-of-extracting-knowledge">
                          Link
                      </a>
                  </td>
              </tr>
    
        158)  <tr>
                  <td class="post-score">
                      244
                  </td>
                  <td class="post-title">
                      Window-swap ÔÇô open a new window somewhere in the world
                  </td>
                  <td class="post-type">
                      story
                  </td>
                  <td class="post-time">
                      2023 Nov 02 01:16
                  </td>
                  <td class="post-url">
                      <a href="https://www.window-swap.com/">
                          Link
                      </a>
                  </td>
              </tr>
    
        159)  <tr>
                  <td class="post-score">
                      80
                  </td>
                  <td class="post-title">
                      AMD Unveils Ryzen Mobile 7040U Series with Zen 4c Efficiency Cores
                  </td>
                  <td class="post-type">
                      story
                  </td>
                  <td class="post-time">
                      2023 Nov 03 10:52
                  </td>
                  <td class="post-url">
                      <a href="https://www.anandtech.com/show/21111/amd-unveils-ryzen-7040u-series-with-zen-4c-smaller-cores-bigger-efficiency">
                          Link
                      </a>
                  </td>
              </tr>
    
        160)  <tr>
                  <td class="post-score">
                      231
                  </td>
                  <td class="post-title">
                      YouTube's plan backfires, people are installing better ad blockers
                  </td>
                  <td class="post-type">
                      story
                  </td>
                  <td class="post-time">
                      2023 Nov 04 03:34
                  </td>
                  <td class="post-url">
                      <a href="https://www.androidauthority.com/youtube-ad-block-installs-3382289/">
                          Link
                      </a>
                  </td>
              </tr>
    
        161)  <tr>
                  <td class="post-score">
                      56
                  </td>
                  <td class="post-title">
                      A carbohydrate revolution is speeding up pro cycling
                  </td>
                  <td class="post-type">
                      story
                  </td>
                  <td class="post-time">
                      2023 Nov 04 15:56
                  </td>
                  <td class="post-url">
                      <a href="https://velo.outsideonline.com/road/road-training/a-massive-change-how-a-carbohydrate-revolution-is-speeding-up-pro-cycling/">
                          Link
                      </a>
                  </td>
              </tr>
    
        162)  <tr>
                  <td class="post-score">
                      30
                  </td>
                  <td class="post-title">
                      Intel's CEO Admits to and Details the Company's Three Biggest Mistakes
                  </td>
                  <td class="post-type">
                      story
                  </td>
                  <td class="post-time">
                      2023 Nov 04 07:28
                  </td>
                  <td class="post-url">
                      <a href="https://www.tomshardware.com/pc-components/gpus/intels-ceo-admits-to-and-details-companies-three-biggest-mistakes">
                          Link
                      </a>
                  </td>
              </tr>
    
        163)  <tr>
                  <td class="post-score">
                      89
                  </td>
                  <td class="post-title">
                      GM's Cruise alleged to rely on human operators to achieve "autonomous" driving
                  </td>
                  <td class="post-type">
                      story
                  </td>
                  <td class="post-time">
                      2023 Nov 04 20:59
                  </td>
                  <td class="post-url">
                      <a href="https://www.nytimes.com/2023/11/03/technology/cruise-general-motors-self-driving-cars.html">
                          Link
                      </a>
                  </td>
              </tr>
    
        164)  <tr>
                  <td class="post-score">
                      674
                  </td>
                  <td class="post-title">
                      I trapped scammers in an impossible maze [video]
                  </td>
                  <td class="post-type">
                      story
                  </td>
                  <td class="post-time">
                      2023 Nov 03 15:38
                  </td>
                  <td class="post-url">
                      <a href="https://www.youtube.com/watch?v=dWzz3NeDz3E">
                          Link
                      </a>
                  </td>
              </tr>
    
        165)  <tr>
                  <td class="post-score">
                      64
                  </td>
                  <td class="post-title">
                      999 Request Denied
                  </td>
                  <td class="post-type">
                      story
                  </td>
                  <td class="post-time">
                      2023 Nov 03 11:25
                  </td>
                  <td class="post-url">
                      <a href="https://http.dev/999">
                          Link
                      </a>
                  </td>
              </tr>
    
        166)  <tr>
                  <td class="post-score">
                      537
                  </td>
                  <td class="post-title">
                      Last Chance to fix eIDAS: Secret EU law threatens Internet security
                  </td>
                  <td class="post-type">
                      story
                  </td>
                  <td class="post-time">
                      2023 Nov 02 05:57
                  </td>
                  <td class="post-url">
                      <a href="https://last-chance-for-eidas.org/">
                          Link
                      </a>
                  </td>
              </tr>
    
        167)  <tr>
                  <td class="post-score">
                      148
                  </td>
                  <td class="post-title">
                      Microsoft is retiring Visual Studio for Mac in 2024
                  </td>
                  <td class="post-type">
                      story
                  </td>
                  <td class="post-time">
                      2023 Nov 03 20:14
                  </td>
                  <td class="post-url">
                      <a href="https://visualstudio.microsoft.com/vs/mac/">
                          Link
                      </a>
                  </td>
              </tr>
    
        168)  <tr>
                  <td class="post-score">
                      83
                  </td>
                  <td class="post-title">
                      Translations of Russ Cox's Thompson NFA C Program to Rust
                  </td>
                  <td class="post-type">
                      story
                  </td>
                  <td class="post-time">
                      2023 Nov 03 03:27
                  </td>
                  <td class="post-url">
                      <a href="https://github.com/BurntSushi/rsc-regexp">
                          Link
                      </a>
                  </td>
              </tr>
    
        169)  <tr>
                  <td class="post-score">
                      74
                  </td>
                  <td class="post-title">
                      How to pronounce the trickiest English words
                  </td>
                  <td class="post-type">
                      story
                  </td>
                  <td class="post-time">
                      2023 Nov 02 15:56
                  </td>
                  <td class="post-url">
                      <a href="https://www.wsj.com/business/media/how-to-pronounce-english-words-julien-miquel-58581065">
                          Link
                      </a>
                  </td>
              </tr>
    
        170)  <tr>
                  <td class="post-score">
                      262
                  </td>
                  <td class="post-title">
                      Why ACPI?
                  </td>
                  <td class="post-type">
                      story
                  </td>
                  <td class="post-time">
                      2023 Nov 01 06:46
                  </td>
                  <td class="post-url">
                      <a href="https://mjg59.dreamwidth.org/68350.html">
                          Link
                      </a>
                  </td>
              </tr>
    
        171)  <tr>
                  <td class="post-score">
                      49
                  </td>
                  <td class="post-title">
                      Show HN: GitInsights ÔÇô a weekly summary email of your team's GitHub activity
                  </td>
                  <td class="post-type">
                      story
                  </td>
                  <td class="post-time">
                      2023 Nov 03 20:15
                  </td>
                  <td class="post-url">
                      <a href="https://gitinsights.io/">
                          Link
                      </a>
                  </td>
              </tr>
    
        172)  <tr>
                  <td class="post-score">
                      96
                  </td>
                  <td class="post-title">
                      Jevons paradox
                  </td>
                  <td class="post-type">
                      story
                  </td>
                  <td class="post-time">
                      2023 Nov 03 15:16
                  </td>
                  <td class="post-url">
                      <a href="https://en.wikipedia.org/wiki/Jevons_paradox">
                          Link
                      </a>
                  </td>
              </tr>
    
        173)  <tr>
                  <td class="post-score">
                      142
                  </td>
                  <td class="post-title">
                      WasmGC ÔÇô Run GC languages such as Kotlin, Java in Chrome browser
                  </td>
                  <td class="post-type">
                      story
                  </td>
                  <td class="post-time">
                      2023 Nov 02 04:32
                  </td>
                  <td class="post-url">
                      <a href="https://developer.chrome.com/blog/wasmgc/">
                          Link
                      </a>
                  </td>
              </tr>
    
        174)  <tr>
                  <td class="post-score">
                      34
                  </td>
                  <td class="post-title">
                      China's TikTok users are being told that Aristotle did not exist
                  </td>
                  <td class="post-type">
                      story
                  </td>
                  <td class="post-time">
                      2023 Nov 04 19:20
                  </td>
                  <td class="post-url">
                      <a href="https://www.scmp.com/news/china/science/article/3240339/aristotle-becomes-latest-casualty-chinas-narrative-war-west-scholar-questions-philosophers-existence">
                          Link
                      </a>
                  </td>
              </tr>
    
        175)  <tr>
                  <td class="post-score">
                      227
                  </td>
                  <td class="post-title">
                      Audacity 3.4
                  </td>
                  <td class="post-type">
                      story
                  </td>
                  <td class="post-time">
                      2023 Nov 03 00:14
                  </td>
                  <td class="post-url">
                      <a href="https://www.audacityteam.org/blog/audacity-3-4/">
                          Link
                      </a>
                  </td>
              </tr>
    
        176)  <tr>
                  <td class="post-score">
                      318
                  </td>
                  <td class="post-title">
                      Why doctors in America earn so much
                  </td>
                  <td class="post-type">
                      story
                  </td>
                  <td class="post-time">
                      2023 Nov 01 14:38
                  </td>
                  <td class="post-url">
                      <a href="https://www.economist.com/united-states/2023/10/31/why-doctors-in-america-earn-so-much">
                          Link
                      </a>
                  </td>
              </tr>
    
        177)  <tr>
                  <td class="post-score">
                      274
                  </td>
                  <td class="post-title">
                      Distil-Whisper: distilled version of Whisper that is 6 times faster, 49% smaller
                  </td>
                  <td class="post-type">
                      story
                  </td>
                  <td class="post-time">
                      2023 Nov 01 00:55
                  </td>
                  <td class="post-url">
                      <a href="https://github.com/huggingface/distil-whisper">
                          Link
                      </a>
                  </td>
              </tr>
    
        178)  <tr>
                  <td class="post-score">
                      11
                  </td>
                  <td class="post-title">
                      Pessimists Archive
                  </td>
                  <td class="post-type">
                      story
                  </td>
                  <td class="post-time">
                      2023 Nov 04 23:05
                  </td>
                  <td class="post-url">
                      <a href="https://pessimistsarchive.org/">
                          Link
                      </a>
                  </td>
              </tr>
    
        179)  <tr>
                  <td class="post-score">
                      202
                  </td>
                  <td class="post-title">
                      GPT-4 Update: 32K Context Window Now for All Users
                  </td>
                  <td class="post-type">
                      story
                  </td>
                  <td class="post-time">
                      2023 Nov 03 15:30
                  </td>
                  <td class="post-url">
                      <a href="https://github.com/spdustin/ChatGPT-AutoExpert/blob/main/_system-prompts/all_tools.md">
                          Link
                      </a>
                  </td>
              </tr>
    
        180)  <tr>
                  <td class="post-score">
                      108
                  </td>
                  <td class="post-title">
                      ML Experiments Management with Git
                  </td>
                  <td class="post-type">
                      story
                  </td>
                  <td class="post-time">
                      2023 Nov 02 21:33
                  </td>
                  <td class="post-url">
                      <a href="https://github.com/iterative/dvc">
                          Link
                      </a>
                  </td>
              </tr>
    
        181)  <tr>
                  <td class="post-score">
                      35
                  </td>
                  <td class="post-title">
                      You don't need a terminal emulator ┬Ě Andrey Listopadov
                  </td>
                  <td class="post-type">
                      story
                  </td>
                  <td class="post-time">
                      2023 Nov 03 22:55
                  </td>
                  <td class="post-url">
                      <a href="https://andreyor.st/posts/2023-10-27-you-dont-need-a-terminal-emulator/">
                          Link
                      </a>
                  </td>
              </tr>
    
        182)  <tr>
                  <td class="post-score">
                      250
                  </td>
                  <td class="post-title">
                      Bayer hit with $332M judgement in Roundup cancer trial
                  </td>
                  <td class="post-type">
                      story
                  </td>
                  <td class="post-time">
                      2023 Nov 03 23:16
                  </td>
                  <td class="post-url">
                      <a href="https://fortune.com/2023/11/03/bayer-332-million-judgement-trial-man-cancer-decades-monsanto-roundup-weedkiller/">
                          Link
                      </a>
                  </td>
              </tr>
    
        183)  <tr>
                  <td class="post-score">
                      58
                  </td>
                  <td class="post-title">
                      Openela releases Red Hat source code on GitHub
                  </td>
                  <td class="post-type">
                      story
                  </td>
                  <td class="post-time">
                      2023 Nov 04 18:16
                  </td>
                  <td class="post-url">
                      <a href="https://github.com/orgs/openela-main/repositories">
                          Link
                      </a>
                  </td>
              </tr>
    
        184)  <tr>
                  <td class="post-score">
                      12
                  </td>
                  <td class="post-title">
                      Deno 1.38: HTML doc generator and HMR
                  </td>
                  <td class="post-type">
                      story
                  </td>
                  <td class="post-time">
                      2023 Nov 03 10:05
                  </td>
                  <td class="post-url">
                      <a href="https://deno.com/blog/v1.38">
                          Link
                      </a>
                  </td>
              </tr>
    
        185)  <tr>
                  <td class="post-score">
                      8
                  </td>
                  <td class="post-title">
                      Ask HN: Infra people in small companies, what does your infra look like?
                  </td>
                  <td class="post-type">
                      story
                  </td>
                  <td class="post-time">
                      2023 Nov 04 13:27
                  </td>
                  <td class="post-url">
                      N/A
                  </td>
              </tr>
    
        186)  <tr>
                  <td class="post-score">
                      137
                  </td>
                  <td class="post-title">
                      Nuclear Conversion for Starship
                  </td>
                  <td class="post-type">
                      story
                  </td>
                  <td class="post-time">
                      2023 Nov 03 16:52
                  </td>
                  <td class="post-url">
                      <a href="http://toughsf.blogspot.com/2021/10/nuclear-conversion-for-starship.html">
                          Link
                      </a>
                  </td>
              </tr>
    
        187)  <tr>
                  <td class="post-score">
                      206
                  </td>
                  <td class="post-title">
                      Now you're thinking with relays
                  </td>
                  <td class="post-type">
                      story
                  </td>
                  <td class="post-time">
                      2023 Nov 01 19:30
                  </td>
                  <td class="post-url">
                      <a href="https://lcamtuf.substack.com/p/now-youre-thinking-with-relays">
                          Link
                      </a>
                  </td>
              </tr>
    
        188)  <tr>
                  <td class="post-score">
                      158
                  </td>
                  <td class="post-title">
                      Bank financing and bad urban planning make the retail apocalypse worse
                  </td>
                  <td class="post-type">
                      story
                  </td>
                  <td class="post-time">
                      2023 Nov 01 16:21
                  </td>
                  <td class="post-url">
                      <a href="https://www.businessinsider.com/bank-financing-urban-planning-pandemic-retail-apocalypse-vacant-storefront-2023-10">
                          Link
                      </a>
                  </td>
              </tr>
    
        189)  <tr>
                  <td class="post-score">
                      31
                  </td>
                  <td class="post-title">
                      How much it costs Apple to increase RAM size in Macs?
                  </td>
                  <td class="post-type">
                      story
                  </td>
                  <td class="post-time">
                      2023 Nov 04 02:15
                  </td>
                  <td class="post-url">
                      <a href="https://old.reddit.com/r/macbookpro/comments/17lwl0b/how_much_does_ram_cost_anyways/">
                          Link
                      </a>
                  </td>
              </tr>
    
        190)  <tr>
                  <td class="post-score">
                      30
                  </td>
                  <td class="post-title">
                      Cup Noodles are now microwave-safe
                  </td>
                  <td class="post-type">
                      story
                  </td>
                  <td class="post-time">
                      2023 Nov 04 18:04
                  </td>
                  <td class="post-url">
                      <a href="https://www.washingtonpost.com/food/2023/11/03/cup-noodles-are-now-microwave-safe-so-they-werent-already/">
                          Link
                      </a>
                  </td>
              </tr>
    
        191)  <tr>
                  <td class="post-score">
                      30
                  </td>
                  <td class="post-title">
                      What's the difference between LangChain, llama indexand others like autollm?
                  </td>
                  <td class="post-type">
                      story
                  </td>
                  <td class="post-time">
                      2023 Nov 03 10:41
                  </td>
                  <td class="post-url">
                      N/A
                  </td>
              </tr>
    
        192)  <tr>
                  <td class="post-score">
                      235
                  </td>
                  <td class="post-title">
                      Sally Ignore Previous Instructions
                  </td>
                  <td class="post-type">
                      story
                  </td>
                  <td class="post-time">
                      2023 Nov 02 21:02
                  </td>
                  <td class="post-url">
                      <a href="https://www.haihai.ai/pen15/">
                          Link
                      </a>
                  </td>
              </tr>
    
        193)  <tr>
                  <td class="post-score">
                      81
                  </td>
                  <td class="post-title">
                      Enterprise-Fu
                  </td>
                  <td class="post-type">
                      story
                  </td>
                  <td class="post-time">
                      2023 Nov 02 23:31
                  </td>
                  <td class="post-url">
                      <a href="http://mike.daless.io/prez/enterprise-asbury-2013-10/slides.html">
                          Link
                      </a>
                  </td>
              </tr>
    
        194)  <tr>
                  <td class="post-score">
                      251
                  </td>
                  <td class="post-title">
                      Rwanda joins Kenya to initiate visa-free travel for all Africans
                  </td>
                  <td class="post-type">
                      story
                  </td>
                  <td class="post-time">
                      2023 Nov 03 12:15
                  </td>
                  <td class="post-url">
                      <a href="https://africa.businessinsider.com/local/leaders/from-barriers-to-unity-rwanda-joins-kenya-to-initiate-visa-free-travel-for-all/hhqe29q">
                          Link
                      </a>
                  </td>
              </tr>
    
        195)  <tr>
                  <td class="post-score">
                      792
                  </td>
                  <td class="post-title">
                      Yann LeCun: AI one-percenters seizing power forever is real doomsday scenario
                  </td>
                  <td class="post-type">
                      story
                  </td>
                  <td class="post-time">
                      2023 Nov 02 04:05
                  </td>
                  <td class="post-url">
                      <a href="https://www.businessinsider.com/sam-altman-and-demis-hassabis-just-want-to-control-ai-2023-10">
                          Link
                      </a>
                  </td>
              </tr>
    
        196)  <tr>
                  <td class="post-score">
                      161
                  </td>
                  <td class="post-title">
                      Show HN: DoltgreSQL ÔÇô Version-Controlled DB, Like Git and PostgreSQL had a baby
                  </td>
                  <td class="post-type">
                      story
                  </td>
                  <td class="post-time">
                      2023 Nov 02 01:59
                  </td>
                  <td class="post-url">
                      <a href="https://github.com/dolthub/doltgresql">
                          Link
                      </a>
                  </td>
              </tr>
    
        197)  <tr>
                  <td class="post-score">
                      74
                  </td>
                  <td class="post-title">
                      Clash, a tool to break China's Great Fire Wall, is Deleted in GitHub
                  </td>
                  <td class="post-type">
                      story
                  </td>
                  <td class="post-time">
                      2023 Nov 03 09:01
                  </td>
                  <td class="post-url">
                      <a href="https://github.com/Dreamacro/clash">
                          Link
                      </a>
                  </td>
              </tr>
    
        198)  <tr>
                  <td class="post-score">
                      40
                  </td>
                  <td class="post-title">
                      Vivo Unveils BlueOS, Based on Rust Language
                  </td>
                  <td class="post-type">
                      story
                  </td>
                  <td class="post-time">
                      2023 Nov 02 03:14
                  </td>
                  <td class="post-url">
                      <a href="https://sparrowsnews.com/2023/11/01/vivo-unveils-blueos-operating-system/">
                          Link
                      </a>
                  </td>
              </tr>
    
        199)  <tr>
                  <td class="post-score">
                      66
                  </td>
                  <td class="post-title">
                      Formalizing 100 Theorems
                  </td>
                  <td class="post-type">
                      story
                  </td>
                  <td class="post-time">
                      2023 Nov 02 05:27
                  </td>
                  <td class="post-url">
                      <a href="https://www.cs.ru.nl/~freek/100/">
                          Link
                      </a>
                  </td>
              </tr>
    
        200)  <tr>
                  <td class="post-score">
                      184
                  </td>
                  <td class="post-title">
                      The Binder Linux driver is being rewritten in Rust
                  </td>
                  <td class="post-type">
                      story
                  </td>
                  <td class="post-time">
                      2023 Nov 03 06:53
                  </td>
                  <td class="post-url">
                      <a href="https://lore.kernel.org/rust-for-linux/20231101-rust-binder-v1-0-08ba9197f637@google.com/">
                          Link
                      </a>
                  </td>
              </tr>
    
    
    Ôľ╝ Query.index 8
    
        1)  <tr>
                <td class="post-score">
                    1
                </td>
                <td class="post-title">
                    SigNoz (YC W21), open source observability platform, hiring SREs (Remote)
                </td>
                <td class="post-type">
                    job
                </td>
                <td class="post-time">
                    2023 Nov 05 07:01
                </td>
                <td class="post-url">
                    <a href="https://signoz.io/careers/site-reliability-engineer/">
                        Link
                    </a>
                </td>
            </tr>
    
    
    Ôľ╝ Query.has [ text "Shadows Edge Software" ]
    
    > has text "Shadows Edge Software"


> PostsViewTests
> module View.Posts
> uses relative time
> the relative time is shown using a title attribute

    Ôľ╝ Query.fromHtml
    
        <table>
            <tr>
                <th class="post-score">
                    score
                </th>
                <th class="post-title">
                    title
                </th>
                <th class="post-url">
                    url
                </th>
                <th class="post-type">
                    type
                </th>
                <th class="post-time">
                    time
                </th>
            </tr>
            <div>
                <tr>
                    <td class="post-score">
                        512
                    </td>
                    <td class="post-title">
                        NewPipe ÔÇô Lightweight YouTube experience for Android
                    </td>
                    <td class="post-type">
                        story
                    </td>
                    <td class="post-time">
                        2023 Nov 04 19:38
                    </td>
                    <td class="post-url">
                        <a href="https://newpipe.net/">
                            Link
                        </a>
                    </td>
                </tr>
                <tr>
                    <td class="post-score">
                        75
                    </td>
                    <td class="post-title">
                        LLM companies to access largest Chinese non-fiction book collection
                    </td>
                    <td class="post-type">
                        story
                    </td>
                    <td class="post-time">
                        2023 Nov 05 07:30
                    </td>
                    <td class="post-url">
                        <a href="https://annas-blog.org/duxiu-exclusive.html">
                            Link
                        </a>
                    </td>
                </tr>
                <tr>
                    <td class="post-score">
                        182
                    </td>
                    <td class="post-title">
                        Intel Itanium IA-64 Support Removed with the Linux 6.7 Kernel
                    </td>
                    <td class="post-type">
                        story
                    </td>
                    <td class="post-time">
                        2023 Nov 02 15:31
                    </td>
                    <td class="post-url">
                        <a href="https://www.phoronix.com/news/Intel-IA-64-Removed-Linux-6.7">
                            Link
                        </a>
                    </td>
                </tr>
                <tr>
                    <td class="post-score">
                        37
                    </td>
                    <td class="post-title">
                        Representations / strategies for noncooperative games with imperfect information [pdf]
                    </td>
                    <td class="post-type">
                        story
                    </td>
                    <td class="post-time">
                        2023 Nov 04 20:24
                    </td>
                    <td class="post-url">
                        <a href="https://www2.cs.sfu.ca/~bbart/personal/masters-thesis.pdf">
                            Link
                        </a>
                    </td>
                </tr>
                <tr>
                    <td class="post-score">
                        57
                    </td>
                    <td class="post-title">
                        The First App Store
                    </td>
                    <td class="post-type">
                        story
                    </td>
                    <td class="post-time">
                        2023 Nov 05 00:52
                    </td>
                    <td class="post-url">
                        <a href="https://one-from-nippon.ghost.io/worlds-first-app-store/">
                            Link
                        </a>
                    </td>
                </tr>
                <tr>
                    <td class="post-score">
                        83
                    </td>
                    <td class="post-title">
                        Show HN: Gogosseract, a Go Lib for CGo-Free Tesseract OCR via Wazero
                    </td>
                    <td class="post-type">
                        story
                    </td>
                    <td class="post-time">
                        2023 Nov 04 23:06
                    </td>
                    <td class="post-url">
                        <a href="https://github.com/Danlock/gogosseract">
                            Link
                        </a>
                    </td>
                </tr>
                <tr>
                    <td class="post-score">
                        51
                    </td>
                    <td class="post-title">
                        Planes, Spheres and Pseudospheres
                    </td>
                    <td class="post-type">
                        story
                    </td>
                    <td class="post-time">
                        2023 Nov 04 23:35
                    </td>
                    <td class="post-url">
                        <a href="https://www.gregegan.net/SCIENCE/PSP/PSP.html">
                            Link
                        </a>
                    </td>
                </tr>
                <tr>
                    <td class="post-score">
                        557
                    </td>
                    <td class="post-title">
                        Othello Is Solved?
                    </td>
                    <td class="post-type">
                        story
                    </td>
                    <td class="post-time">
                        2023 Nov 04 14:35
                    </td>
                    <td class="post-url">
                        <a href="https://arxiv.org/abs/2310.19387">
                            Link
                        </a>
                    </td>
                </tr>
                <tr>
                    <td class="post-score">
                        1
                    </td>
                    <td class="post-title">
                        SigNoz (YC W21), open source observability platform, hiring SREs (Remote)
                    </td>
                    <td class="post-type">
                        job
                    </td>
                    <td class="post-time">
                        2023 Nov 05 07:01
                    </td>
                    <td class="post-url">
                        <a href="https://signoz.io/careers/site-reliability-engineer/">
                            Link
                        </a>
                    </td>
                </tr>
                <tr>
                    <td class="post-score">
                        26
                    </td>
                    <td class="post-title">
                        Shadows Edge Software
                    </td>
                    <td class="post-type">
                        story
                    </td>
                    <td class="post-time">
                        2023 Nov 05 02:23
                    </td>
                    <td class="post-url">
                        <a href="https://www.shadowsedge.mil/What-We-Do/">
                            Link
                        </a>
                    </td>
                </tr>
                <tr>
                    <td class="post-score">
                        58
                    </td>
                    <td class="post-title">
                        Quadratic Reciprocity: The connection that changed number theory
                    </td>
                    <td class="post-type">
                        story
                    </td>
                    <td class="post-time">
                        2023 Nov 02 15:43
                    </td>
                    <td class="post-url">
                        <a href="https://www.quantamagazine.org/the-hidden-connection-that-changed-number-theory-20231101/">
                            Link
                        </a>
                    </td>
                </tr>
                <tr>
                    <td class="post-score">
                        65
                    </td>
                    <td class="post-title">
                        How to Do a TypeScript Conversion: an opinionated take on gradual conversions
                    </td>
                    <td class="post-type">
                        story
                    </td>
                    <td class="post-time">
                        2023 Nov 04 21:15
                    </td>
                    <td class="post-url">
                        <a href="https://v5.chriskrycho.com/journal/how-to-do-a-typescript-conversion/">
                            Link
                        </a>
                    </td>
                </tr>
                <tr>
                    <td class="post-score">
                        83
                    </td>
                    <td class="post-title">
                        FTC Chair Lina Khan looks for allies and leads in Silicon Valley charm offensive
                    </td>
                    <td class="post-type">
                        story
                    </td>
                    <td class="post-time">
                        2023 Nov 04 19:24
                    </td>
                    <td class="post-url">
                        <a href="https://www.reuters.com/business/ftc-chair-lina-khan-looks-allies-leads-silicon-valley-charm-offensive-2023-11-03/">
                            Link
                        </a>
                    </td>
                </tr>
                <tr>
                    <td class="post-score">
                        96
                    </td>
                    <td class="post-title">
                        Topic: Discord Stealer
                    </td>
                    <td class="post-type">
                        story
                    </td>
                    <td class="post-time">
                        2023 Nov 05 02:26
                    </td>
                    <td class="post-url">
                        <a href="https://github.com/topics/discord-stealer">
                            Link
                        </a>
                    </td>
                </tr>
                <tr>
                    <td class="post-score">
                        132
                    </td>
                    <td class="post-title">
                        SARS-CoV-2 Infection Affects Energy Stores in the Body, Causing Organ Failure
                    </td>
                    <td class="post-type">
                        story
                    </td>
                    <td class="post-time">
                        2023 Nov 04 23:02
                    </td>
                    <td class="post-url">
                        <a href="https://news.unchealthcare.org/2023/10/researchers-show-sars-cov-2-infection-affects-energy-stores-in-the-body-causing-organ-failure/">
                            Link
                        </a>
                    </td>
                </tr>
                <tr>
                    <td class="post-score">
                        102
                    </td>
                    <td class="post-title">
                        Soda additive linked to thyroid toxicity may finally get banned by FDA
                    </td>
                    <td class="post-type">
                        story
                    </td>
                    <td class="post-time">
                        2023 Nov 05 00:26
                    </td>
                    <td class="post-url">
                        <a href="https://arstechnica.com/health/2023/11/50-years-later-fda-proposes-banning-a-food-additive-it-said-is-not-safe/">
                            Link
                        </a>
                    </td>
                </tr>
                <tr>
                    <td class="post-score">
                        56
                    </td>
                    <td class="post-title">
                        BeeWare Toga v0.4.0 ÔÇô A Python native, OS native GUI toolkit
                    </td>
                    <td class="post-type">
                        story
                    </td>
                    <td class="post-time">
                        2023 Nov 05 01:24
                    </td>
                    <td class="post-url">
                        <a href="https://github.com/beeware/toga/releases/tag/v0.4.0">
                            Link
                        </a>
                    </td>
                </tr>
                <tr>
                    <td class="post-score">
                        105
                    </td>
                    <td class="post-title">
                        The cottage industry of YouTube obituary pirates
                    </td>
                    <td class="post-type">
                        story
                    </td>
                    <td class="post-time">
                        2023 Nov 04 20:58
                    </td>
                    <td class="post-url">
                        <a href="https://www.wired.com/story/youtube-obituary-pirates/">
                            Link
                        </a>
                    </td>
                </tr>
                <tr>
                    <td class="post-score">
                        44
                    </td>
                    <td class="post-title">
                        Chemists, engineers craft adjustable arrays of microscopic lenses
                    </td>
                    <td class="post-type">
                        story
                    </td>
                    <td class="post-time">
                        2023 Nov 02 15:48
                    </td>
                    <td class="post-url">
                        <a href="https://phys.org/news/2023-10-chemists-craft-adjustable-arrays-microscopic.html">
                            Link
                        </a>
                    </td>
                </tr>
                <tr>
                    <td class="post-score">
                        62
                    </td>
                    <td class="post-title">
                        Disturbed Lands (National Park Service)
                    </td>
                    <td class="post-type">
                        story
                    </td>
                    <td class="post-time">
                        2023 Nov 04 23:29
                    </td>
                    <td class="post-url">
                        <a href="https://www.nps.gov/shen/learn/nature/disturbedlands.htm">
                            Link
                        </a>
                    </td>
                </tr>
                <tr>
                    <td class="post-score">
                        84
                    </td>
                    <td class="post-title">
                        The world nearly adopted a calendar with 13 months of 28 days
                    </td>
                    <td class="post-type">
                        story
                    </td>
                    <td class="post-time">
                        2023 Nov 05 03:53
                    </td>
                    <td class="post-url">
                        <a href="https://www.washingtonpost.com/history/2023/11/04/battle-sabbath-13-month-calendar/">
                            Link
                        </a>
                    </td>
                </tr>
                <tr>
                    <td class="post-score">
                        106
                    </td>
                    <td class="post-title">
                        AI and Open Source in 2023
                    </td>
                    <td class="post-type">
                        story
                    </td>
                    <td class="post-time">
                        2023 Nov 04 18:50
                    </td>
                    <td class="post-url">
                        <a href="https://magazine.sebastianraschka.com/p/ai-and-open-source-in-2023">
                            Link
                        </a>
                    </td>
                </tr>
                <tr>
                    <td class="post-score">
                        1114
                    </td>
                    <td class="post-title">
                        As I retire, my goal now is to release 40+ years of source code
                    </td>
                    <td class="post-type">
                        story
                    </td>
                    <td class="post-time">
                        2023 Nov 03 17:26
                    </td>
                    <td class="post-url">
                        <a href="https://dunfield.themindfactory.com/dnldsrc.htm">
                            Link
                        </a>
                    </td>
                </tr>
                <tr>
                    <td class="post-score">
                        122
                    </td>
                    <td class="post-title">
                        New Microsoft Exchange zero-days allow RCE, data theft attacks
                    </td>
                    <td class="post-type">
                        story
                    </td>
                    <td class="post-time">
                        2023 Nov 04 21:43
                    </td>
                    <td class="post-url">
                        <a href="https://www.bleepingcomputer.com/news/microsoft/new-microsoft-exchange-zero-days-allow-rce-data-theft-attacks/">
                            Link
                        </a>
                    </td>
                </tr>
                <tr>
                    <td class="post-score">
                        125
                    </td>
                    <td class="post-title">
                        Grok
                    </td>
                    <td class="post-type">
                        story
                    </td>
                    <td class="post-time">
                        2023 Nov 05 05:02
                    </td>
                    <td class="post-url">
                        <a href="https://twitter.com/xai/status/1721027348970238035">
                            Link
                        </a>
                    </td>
                </tr>
                <tr>
                    <td class="post-score">
                        220
                    </td>
                    <td class="post-title">
                        A 6 channel GPS receiver from 1993
                    </td>
                    <td class="post-type">
                        story
                    </td>
                    <td class="post-time">
                        2023 Nov 04 10:27
                    </td>
                    <td class="post-url">
                        <a href="https://mastodon.sdf.org/@keelan/111349948124943603">
                            Link
                        </a>
                    </td>
                </tr>
                <tr>
                    <td class="post-score">
                        313
                    </td>
                    <td class="post-title">
                        AMD MicroBlaze V Processor: A Flexible and Efficient RISC-V Processor
                    </td>
                    <td class="post-type">
                        story
                    </td>
                    <td class="post-time">
                        2023 Nov 04 02:01
                    </td>
                    <td class="post-url">
                        <a href="https://www.xilinx.com/products/design-tools/microblaze-v.html">
                            Link
                        </a>
                    </td>
                </tr>
                <tr>
                    <td class="post-score">
                        112
                    </td>
                    <td class="post-title">
                        Lahaina Noon
                    </td>
                    <td class="post-type">
                        story
                    </td>
                    <td class="post-time">
                        2023 Nov 02 15:27
                    </td>
                    <td class="post-url">
                        <a href="https://en.wikipedia.org/wiki/Lahaina_Noon">
                            Link
                        </a>
                    </td>
                </tr>
                <tr>
                    <td class="post-score">
                        157
                    </td>
                    <td class="post-title">
                        Spin 2.0 ÔÇô open-source tool for building and running WASM apps
                    </td>
                    <td class="post-type">
                        story
                    </td>
                    <td class="post-time">
                        2023 Nov 04 12:01
                    </td>
                    <td class="post-url">
                        <a href="https://www.fermyon.com/blog/introducing-spin-v2">
                            Link
                        </a>
                    </td>
                </tr>
                <tr>
                    <td class="post-score">
                        411
                    </td>
                    <td class="post-title">
                        Tell HN: Submit comments to IRS re tax treatment of software dev expenses
                    </td>
                    <td class="post-type">
                        story
                    </td>
                    <td class="post-time">
                        2023 Nov 02 21:26
                    </td>
                    <td class="post-url">
                        N/A
                    </td>
                </tr>
                <tr>
                    <td class="post-score">
                        11
                    </td>
                    <td class="post-title">
                        Show HN: A tiny and platform-agnostic true random number generator for FPGA/ASIC
                    </td>
                    <td class="post-type">
                        story
                    </td>
                    <td class="post-time">
                        2023 Nov 04 21:34
                    </td>
                    <td class="post-url">
                        <a href="https://github.com/stnolting/neoTRNG">
                            Link
                        </a>
                    </td>
                </tr>
                <tr>
                    <td class="post-score">
                        99
                    </td>
                    <td class="post-title">
                        Daylight saving time can seriously affect your health
                    </td>
                    <td class="post-type">
                        story
                    </td>
                    <td class="post-time">
                        2023 Nov 05 00:47
                    </td>
                    <td class="post-url">
                        <a href="https://apnews.com/article/daylight-saving-2023-fall-back-a3738d5c74301b8068825927c49fc6b4">
                            Link
                        </a>
                    </td>
                </tr>
                <tr>
                    <td class="post-score">
                        46
                    </td>
                    <td class="post-title">
                        Delhi air pollution spikes to 100 times WHO health limit
                    </td>
                    <td class="post-type">
                        story
                    </td>
                    <td class="post-time">
                        2023 Nov 04 23:14
                    </td>
                    <td class="post-url">
                        <a href="https://www.theguardian.com/world/2023/nov/03/delhi-india-air-quality-pollution-spike-world-health-organization-limit">
                            Link
                        </a>
                    </td>
                </tr>
                <tr>
                    <td class="post-score">
                        5
                    </td>
                    <td class="post-title">
                        A game. The only winning move is not to play
                    </td>
                    <td class="post-type">
                        story
                    </td>
                    <td class="post-time">
                        2023 Nov 05 04:15
                    </td>
                    <td class="post-url">
                        N/A
                    </td>
                </tr>
                <tr>
                    <td class="post-score">
                        83
                    </td>
                    <td class="post-title">
                        Max is taking 4K away from its legacy ad-free subscribers
                    </td>
                    <td class="post-type">
                        story
                    </td>
                    <td class="post-time">
                        2023 Nov 05 02:54
                    </td>
                    <td class="post-url">
                        <a href="https://www.theverge.com/2023/11/2/23943859/max-4k-hbo-max-ad-free-subscribers">
                            Link
                        </a>
                    </td>
                </tr>
                <tr>
                    <td class="post-score">
                        132
                    </td>
                    <td class="post-title">
                        Classes vs. structs in .NET: how not to teach about performance
                    </td>
                    <td class="post-type">
                        story
                    </td>
                    <td class="post-time">
                        2023 Nov 04 03:28
                    </td>
                    <td class="post-url">
                        <a href="https://sergeyteplyakov.github.io/Blog/benchmarking/2023/11/02/Performance_Comparison_For_Classes_vs_Structs.html">
                            Link
                        </a>
                    </td>
                </tr>
                <tr>
                    <td class="post-score">
                        68
                    </td>
                    <td class="post-title">
                        How ÔÇťblueÔÇŁ and ÔÇťgreenÔÇŁ appeared in a language that didnÔÇÖt have words for them
                    </td>
                    <td class="post-type">
                        story
                    </td>
                    <td class="post-time">
                        2023 Nov 02 15:54
                    </td>
                    <td class="post-url">
                        <a href="https://news.mit.edu/2023/how-blue-and-green-appeared-language-1102">
                            Link
                        </a>
                    </td>
                </tr>
                <tr>
                    <td class="post-score">
                        17
                    </td>
                    <td class="post-title">
                        Oracle Cloud Outage
                    </td>
                    <td class="post-type">
                        story
                    </td>
                    <td class="post-time">
                        2023 Nov 05 00:33
                    </td>
                    <td class="post-url">
                        N/A
                    </td>
                </tr>
                <tr>
                    <td class="post-score">
                        15
                    </td>
                    <td class="post-title">
                        Exim 4.97.0 ÔÇô SMTP Mail Server ÔÇô Message Transfer Agent (MTA)
                    </td>
                    <td class="post-type">
                        story
                    </td>
                    <td class="post-time">
                        2023 Nov 05 00:29
                    </td>
                    <td class="post-url">
                        <a href="https://www.exim.org/">
                            Link
                        </a>
                    </td>
                </tr>
                <tr>
                    <td class="post-score">
                        82
                    </td>
                    <td class="post-title">
                        You're Gonna Need a Bigger Browser
                    </td>
                    <td class="post-type">
                        story
                    </td>
                    <td class="post-time">
                        2023 Nov 04 19:55
                    </td>
                    <td class="post-url">
                        <a href="https://berjon.com/bigger-browser/">
                            Link
                        </a>
                    </td>
                </tr>
                <tr>
                    <td class="post-score">
                        157
                    </td>
                    <td class="post-title">
                        Making "LCD, Please"
                    </td>
                    <td class="post-type">
                        story
                    </td>
                    <td class="post-time">
                        2023 Nov 04 04:16
                    </td>
                    <td class="post-url">
                        <a href="https://dukope.com/devlogs/papers-please/lcdplease/">
                            Link
                        </a>
                    </td>
                </tr>
                <tr>
                    <td class="post-score">
                        17
                    </td>
                    <td class="post-title">
                        Interview with a Gladiatrix
                    </td>
                    <td class="post-type">
                        story
                    </td>
                    <td class="post-time">
                        2023 Nov 04 21:04
                    </td>
                    <td class="post-url">
                        <a href="https://antigonejournal.com/2023/10/modern-roman-gladiatrix/">
                            Link
                        </a>
                    </td>
                </tr>
                <tr>
                    <td class="post-score">
                        6
                    </td>
                    <td class="post-title">
                        Towards Modern Development of Cloud Applications [pdf]
                    </td>
                    <td class="post-type">
                        story
                    </td>
                    <td class="post-time">
                        2023 Nov 05 00:44
                    </td>
                    <td class="post-url">
                        <a href="https://sigops.org/s/conferences/hotos/2023/papers/ghemawat.pdf">
                            Link
                        </a>
                    </td>
                </tr>
                <tr>
                    <td class="post-score">
                        224
                    </td>
                    <td class="post-title">
                        A blog post is a long and complex search query to find people (2022)
                    </td>
                    <td class="post-type">
                        story
                    </td>
                    <td class="post-time">
                        2023 Nov 04 02:02
                    </td>
                    <td class="post-url">
                        <a href="https://www.henrikkarlsson.xyz/p/search-query">
                            Link
                        </a>
                    </td>
                </tr>
                <tr>
                    <td class="post-score">
                        68
                    </td>
                    <td class="post-title">
                        After decades of dreams, a commercial spaceplane is almost ready to fly
                    </td>
                    <td class="post-type">
                        story
                    </td>
                    <td class="post-time">
                        2023 Nov 04 17:45
                    </td>
                    <td class="post-url">
                        <a href="https://arstechnica.com/space/2023/11/after-decades-of-dreams-a-commercial-spaceplane-is-almost-ready-to-fly/">
                            Link
                        </a>
                    </td>
                </tr>
                <tr>
                    <td class="post-score">
                        110
                    </td>
                    <td class="post-title">
                        Scrcpy 2.2 adds Android camera mirroring
                    </td>
                    <td class="post-type">
                        story
                    </td>
                    <td class="post-time">
                        2023 Nov 04 18:30
                    </td>
                    <td class="post-url">
                        <a href="https://github.com/Genymobile/scrcpy/releases/tag/v2.2">
                            Link
                        </a>
                    </td>
                </tr>
                <tr>
                    <td class="post-score">
                        52
                    </td>
                    <td class="post-title">
                        SpaceX poised for 'mid-November' launch of second Starship test flight
                    </td>
                    <td class="post-type">
                        story
                    </td>
                    <td class="post-time">
                        2023 Nov 05 04:23
                    </td>
                    <td class="post-url">
                        <a href="https://spaceflightnow.com/2023/11/04/spacex-poised-for-mid-november-of-second-starship-test-launch/">
                            Link
                        </a>
                    </td>
                </tr>
                <tr>
                    <td class="post-score">
                        160
                    </td>
                    <td class="post-title">
                        I need more USB power
                    </td>
                    <td class="post-type">
                        story
                    </td>
                    <td class="post-time">
                        2023 Nov 04 16:36
                    </td>
                    <td class="post-url">
                        <a href="https://atomic14.substack.com/p/i-need-more-usb-power">
                            Link
                        </a>
                    </td>
                </tr>
                <tr>
                    <td class="post-score">
                        8
                    </td>
                    <td class="post-title">
                        Ancient coins have been found off Sardinia, probably from shipwreck
                    </td>
                    <td class="post-type">
                        story
                    </td>
                    <td class="post-time">
                        2023 Nov 05 03:31
                    </td>
                    <td class="post-url">
                        <a href="https://apnews.com/article/italy-ancient-coins-sardinia-divers-cabdfa070d37a8020f874dd90c0a2433">
                            Link
                        </a>
                    </td>
                </tr>
                <tr>
                    <td class="post-score">
                        65
                    </td>
                    <td class="post-title">
                        C++ Sudoku Solver by Singapore PM Lee Hsien Loong
                    </td>
                    <td class="post-type">
                        story
                    </td>
                    <td class="post-time">
                        2023 Nov 04 19:07
                    </td>
                    <td class="post-url">
                        <a href="https://twitter.com/adad8m/status/1720822885496049863">
                            Link
                        </a>
                    </td>
                </tr>
                <tr>
                    <td class="post-score">
                        91
                    </td>
                    <td class="post-title">
                        Lapham's Quarterly Is on Hiatus
                    </td>
                    <td class="post-type">
                        story
                    </td>
                    <td class="post-time">
                        2023 Nov 04 20:00
                    </td>
                    <td class="post-url">
                        <a href="https://www.laphamsquarterly.org/roundtable/hiatus">
                            Link
                        </a>
                    </td>
                </tr>
                <tr>
                    <td class="post-score">
                        6
                    </td>
                    <td class="post-title">
                        X.ai Grok
                    </td>
                    <td class="post-type">
                        story
                    </td>
                    <td class="post-time">
                        2023 Nov 05 05:57
                    </td>
                    <td class="post-url">
                        <a href="https://grok.x.ai/">
                            Link
                        </a>
                    </td>
                </tr>
                <tr>
                    <td class="post-score">
                        219
                    </td>
                    <td class="post-title">
                        Asciinema: Record and share your terminal sessions, the simple way
                    </td>
                    <td class="post-type">
                        story
                    </td>
                    <td class="post-time">
                        2023 Nov 03 20:53
                    </td>
                    <td class="post-url">
                        <a href="https://asciinema.org/">
                            Link
                        </a>
                    </td>
                </tr>
                <tr>
                    <td class="post-score">
                        605
                    </td>
                    <td class="post-title">
                        In 1886, the US commissioned watercolor paintings of every known fruit (2019)
                    </td>
                    <td class="post-type">
                        story
                    </td>
                    <td class="post-time">
                        2023 Nov 02 22:30
                    </td>
                    <td class="post-url">
                        <a href="https://www.openculture.com/2019/06/the-us-government-commissioned-7500-watercolor-paintings.html">
                            Link
                        </a>
                    </td>
                </tr>
                <tr>
                    <td class="post-score">
                        467
                    </td>
                    <td class="post-title">
                        No dogs were harmed in the making of this app
                    </td>
                    <td class="post-type">
                        story
                    </td>
                    <td class="post-time">
                        2023 Nov 03 13:47
                    </td>
                    <td class="post-url">
                        <a href="https://shmck.substack.com/p/no-dogs-were-harmed-in-the-making">
                            Link
                        </a>
                    </td>
                </tr>
                <tr>
                    <td class="post-score">
                        417
                    </td>
                    <td class="post-title">
                        Bringing garbage collected programming languages efficiently to WebAssembly
                    </td>
                    <td class="post-type">
                        story
                    </td>
                    <td class="post-time">
                        2023 Nov 03 06:50
                    </td>
                    <td class="post-url">
                        <a href="https://v8.dev/blog/wasm-gc-porting">
                            Link
                        </a>
                    </td>
                </tr>
                <tr>
                    <td class="post-score">
                        225
                    </td>
                    <td class="post-title">
                        Wooden Game Boy
                    </td>
                    <td class="post-type">
                        story
                    </td>
                    <td class="post-time">
                        2023 Nov 03 21:32
                    </td>
                    <td class="post-url">
                        <a href="https://there.oughta.be/a/wooden-game-boy">
                            Link
                        </a>
                    </td>
                </tr>
                <tr>
                    <td class="post-score">
                        80
                    </td>
                    <td class="post-title">
                        The Apple II Circuit Description (1983)
                    </td>
                    <td class="post-type">
                        story
                    </td>
                    <td class="post-time">
                        2023 Nov 02 14:58
                    </td>
                    <td class="post-url">
                        <a href="https://archive.org/details/taiicd">
                            Link
                        </a>
                    </td>
                </tr>
                <tr>
                    <td class="post-score">
                        304
                    </td>
                    <td class="post-title">
                        Bevy 0.12
                    </td>
                    <td class="post-type">
                        story
                    </td>
                    <td class="post-time">
                        2023 Nov 04 19:39
                    </td>
                    <td class="post-url">
                        <a href="https://bevyengine.org/news/bevy-0-12/">
                            Link
                        </a>
                    </td>
                </tr>
                <tr>
                    <td class="post-score">
                        203
                    </td>
                    <td class="post-title">
                        Telling GPT-4 you're scared or under pressure improves performance
                    </td>
                    <td class="post-type">
                        story
                    </td>
                    <td class="post-time">
                        2023 Nov 04 00:40
                    </td>
                    <td class="post-url">
                        <a href="https://aimodels.substack.com/p/telling-gpt-4-youre-scared-or-under">
                            Link
                        </a>
                    </td>
                </tr>
                <tr>
                    <td class="post-score">
                        1952
                    </td>
                    <td class="post-title">
                        Sam Bankman-Fried Convicted
                    </td>
                    <td class="post-type">
                        story
                    </td>
                    <td class="post-time">
                        2023 Nov 02 23:49
                    </td>
                    <td class="post-url">
                        <a href="https://www.nytimes.com/live/2023/11/02/business/sam-bankman-fried-trial">
                            Link
                        </a>
                    </td>
                </tr>
                <tr>
                    <td class="post-score">
                        188
                    </td>
                    <td class="post-title">
                        Surround sound test files for every audio format
                    </td>
                    <td class="post-type">
                        story
                    </td>
                    <td class="post-time">
                        2023 Nov 03 22:21
                    </td>
                    <td class="post-url">
                        <a href="https://drive.google.com/drive/folders/1JxmeedtAtgmoafXv9rroiDOS2vEX7N4b">
                            Link
                        </a>
                    </td>
                </tr>
                <tr>
                    <td class="post-score">
                        128
                    </td>
                    <td class="post-title">
                        Tesla strike widens as Swedish union expands blockade
                    </td>
                    <td class="post-type">
                        story
                    </td>
                    <td class="post-time">
                        2023 Nov 04 23:30
                    </td>
                    <td class="post-url">
                        <a href="https://www.thelocal.se/20231103/tesla-strike-widens-as-swedish-union-expands-blockade">
                            Link
                        </a>
                    </td>
                </tr>
                <tr>
                    <td class="post-score">
                        15
                    </td>
                    <td class="post-title">
                        R─ühui and the Art of Marine Conservation
                    </td>
                    <td class="post-type">
                        story
                    </td>
                    <td class="post-time">
                        2023 Nov 04 03:03
                    </td>
                    <td class="post-url">
                        <a href="https://hakaimagazine.com/features/rahui-and-the-art-of-marine-conservation/">
                            Link
                        </a>
                    </td>
                </tr>
                <tr>
                    <td class="post-score">
                        81
                    </td>
                    <td class="post-title">
                        Large-scale violence in Late Neolithic Western Europe based on skeletal evidence
                    </td>
                    <td class="post-type">
                        story
                    </td>
                    <td class="post-time">
                        2023 Nov 04 02:56
                    </td>
                    <td class="post-url">
                        <a href="https://www.nature.com/articles/s41598-023-43026-9">
                            Link
                        </a>
                    </td>
                </tr>
                <tr>
                    <td class="post-score">
                        224
                    </td>
                    <td class="post-title">
                        First observation of a virus attaching to another virus
                    </td>
                    <td class="post-type">
                        story
                    </td>
                    <td class="post-time">
                        2023 Nov 03 12:47
                    </td>
                    <td class="post-url">
                        <a href="https://umbc.edu/stories/first-observed-virus-attaching-to-another/">
                            Link
                        </a>
                    </td>
                </tr>
                <tr>
                    <td class="post-score">
                        185
                    </td>
                    <td class="post-title">
                        KDE desktop cube effect returns
                    </td>
                    <td class="post-type">
                        story
                    </td>
                    <td class="post-time">
                        2023 Nov 04 14:13
                    </td>
                    <td class="post-url">
                        <a href="https://www.phoronix.com/news/KDE-Wayland-Color-Mgmt">
                            Link
                        </a>
                    </td>
                </tr>
                <tr>
                    <td class="post-score">
                        49
                    </td>
                    <td class="post-title">
                        Searching for hidden silicon art on a microchip
                    </td>
                    <td class="post-type">
                        story
                    </td>
                    <td class="post-time">
                        2023 Nov 04 16:48
                    </td>
                    <td class="post-url">
                        <a href="https://twitter.com/microscopicture/status/1720837951238636018">
                            Link
                        </a>
                    </td>
                </tr>
                <tr>
                    <td class="post-score">
                        19
                    </td>
                    <td class="post-title">
                        U.S. cities consider banning "right on red" laws amid rise in pedestrian deaths
                    </td>
                    <td class="post-type">
                        story
                    </td>
                    <td class="post-time">
                        2023 Nov 04 23:45
                    </td>
                    <td class="post-url">
                        <a href="https://www.cbsnews.com/news/pedestrian-deaths-right-on-red-ban/">
                            Link
                        </a>
                    </td>
                </tr>
                <tr>
                    <td class="post-score">
                        195
                    </td>
                    <td class="post-title">
                        Paste without formatting on macOS
                    </td>
                    <td class="post-type">
                        story
                    </td>
                    <td class="post-time">
                        2023 Nov 04 14:31
                    </td>
                    <td class="post-url">
                        <a href="https://scottswezey.com/always-paste-without-formatting-macos/">
                            Link
                        </a>
                    </td>
                </tr>
                <tr>
                    <td class="post-score">
                        1187
                    </td>
                    <td class="post-title">
                        Cosmopolitan Third Edition
                    </td>
                    <td class="post-type">
                        story
                    </td>
                    <td class="post-time">
                        2023 Nov 01 17:25
                    </td>
                    <td class="post-url">
                        <a href="https://justine.lol/cosmo3/">
                            Link
                        </a>
                    </td>
                </tr>
                <tr>
                    <td class="post-score">
                        126
                    </td>
                    <td class="post-title">
                        Bibi-binary
                    </td>
                    <td class="post-type">
                        story
                    </td>
                    <td class="post-time">
                        2023 Nov 02 08:55
                    </td>
                    <td class="post-url">
                        <a href="https://en.wikipedia.org/wiki/Bibi-binary">
                            Link
                        </a>
                    </td>
                </tr>
                <tr>
                    <td class="post-score">
                        57
                    </td>
                    <td class="post-title">
                        UK plans to redefine extremism to include undermining the country
                    </td>
                    <td class="post-type">
                        story
                    </td>
                    <td class="post-time">
                        2023 Nov 04 18:57
                    </td>
                    <td class="post-url">
                        <a href="https://www.theguardian.com/uk-news/2023/nov/04/plans-to-redefine-extremism-would-include-undermining-uk-values">
                            Link
                        </a>
                    </td>
                </tr>
                <tr>
                    <td class="post-score">
                        453
                    </td>
                    <td class="post-title">
                        Light can make water evaporate without heat
                    </td>
                    <td class="post-type">
                        story
                    </td>
                    <td class="post-time">
                        2023 Nov 02 17:59
                    </td>
                    <td class="post-url">
                        <a href="https://news.mit.edu/2023/surprising-finding-light-makes-water-evaporate-without-heat-1031">
                            Link
                        </a>
                    </td>
                </tr>
                <tr>
                    <td class="post-score">
                        13
                    </td>
                    <td class="post-title">
                        The Trust Principles
                    </td>
                    <td class="post-type">
                        story
                    </td>
                    <td class="post-time">
                        2023 Nov 04 14:32
                    </td>
                    <td class="post-url">
                        <a href="https://www.thomsonreuters.com/en/about-us/trust-principles.html">
                            Link
                        </a>
                    </td>
                </tr>
                <tr>
                    <td class="post-score">
                        15
                    </td>
                    <td class="post-title">
                        Coding in Public: Help Battle Imposter Syndrome and Inspire Others
                    </td>
                    <td class="post-type">
                        story
                    </td>
                    <td class="post-time">
                        2023 Nov 04 11:58
                    </td>
                    <td class="post-url">
                        <a href="https://www.codingtemple.com/blog/coding-in-public-help-battle-imposter-syndrome-and-inspire-others/">
                            Link
                        </a>
                    </td>
                </tr>
                <tr>
                    <td class="post-score">
                        257
                    </td>
                    <td class="post-title">
                        Software that supports your body should always respect your freedom
                    </td>
                    <td class="post-type">
                        story
                    </td>
                    <td class="post-time">
                        2023 Nov 04 17:26
                    </td>
                    <td class="post-url">
                        <a href="https://www.fsf.org/blogs/community/software-that-supports-your-body-should-always-respect-your-freedom">
                            Link
                        </a>
                    </td>
                </tr>
                <tr>
                    <td class="post-score">
                        117
                    </td>
                    <td class="post-title">
                        Show HN: MicroLua ÔÇô Lua for the RP2040 Microcontroller
                    </td>
                    <td class="post-type">
                        story
                    </td>
                    <td class="post-time">
                        2023 Nov 03 18:45
                    </td>
                    <td class="post-url">
                        <a href="https://github.com/MicroLua/MicroLua">
                            Link
                        </a>
                    </td>
                </tr>
                <tr>
                    <td class="post-score">
                        451
                    </td>
                    <td class="post-title">
                        Post Mortem on Cloudflare Control Plane and Analytics Outage
                    </td>
                    <td class="post-type">
                        story
                    </td>
                    <td class="post-time">
                        2023 Nov 04 06:20
                    </td>
                    <td class="post-url">
                        <a href="https://blog.cloudflare.com/post-mortem-on-cloudflare-control-plane-and-analytics-outage/">
                            Link
                        </a>
                    </td>
                </tr>
                <tr>
                    <td class="post-score">
                        543
                    </td>
                    <td class="post-title">
                        Portugal. The Man ÔÇô Official Website Is a Google Sheets Document
                    </td>
                    <td class="post-type">
                        story
                    </td>
                    <td class="post-time">
                        2023 Nov 03 23:59
                    </td>
                    <td class="post-url">
                        <a href="https://www.portugaltheman.com/?frontpage=true">
                            Link
                        </a>
                    </td>
                </tr>
                <tr>
                    <td class="post-score">
                        212
                    </td>
                    <td class="post-title">
                        M3 Macs: there's more to performance than counting cores
                    </td>
                    <td class="post-type">
                        story
                    </td>
                    <td class="post-time">
                        2023 Nov 03 07:59
                    </td>
                    <td class="post-url">
                        <a href="https://eclecticlight.co/2023/11/03/m3-macs-theres-more-to-performance-than-counting-cores/">
                            Link
                        </a>
                    </td>
                </tr>
                <tr>
                    <td class="post-score">
                        43
                    </td>
                    <td class="post-title">
                        What is a Teddy Roosevelt presidential library doing in North Dakota?
                    </td>
                    <td class="post-type">
                        story
                    </td>
                    <td class="post-time">
                        2023 Nov 03 19:14
                    </td>
                    <td class="post-url">
                        <a href="https://www.nytimes.com/2023/10/27/arts/theodore-roosevelt-presidential-library.html">
                            Link
                        </a>
                    </td>
                </tr>
                <tr>
                    <td class="post-score">
                        5
                    </td>
                    <td class="post-title">
                        You Are Not Late (2014)
                    </td>
                    <td class="post-type">
                        story
                    </td>
                    <td class="post-time">
                        2023 Nov 04 15:26
                    </td>
                    <td class="post-url">
                        <a href="https://kk.org/thetechnium/you-are-not-late/">
                            Link
                        </a>
                    </td>
                </tr>
                <tr>
                    <td class="post-score">
                        156
                    </td>
                    <td class="post-title">
                        Shinzo Abe's Assassination
                    </td>
                    <td class="post-type">
                        story
                    </td>
                    <td class="post-time">
                        2023 Nov 04 13:07
                    </td>
                    <td class="post-url">
                        <a href="https://www.theatlantic.com/magazine/archive/2023/10/shinzo-abe-assassination-japan-unification-church-moonies/675114/">
                            Link
                        </a>
                    </td>
                </tr>
                <tr>
                    <td class="post-score">
                        101
                    </td>
                    <td class="post-title">
                        Sometimes, it is a compiler bug (2022)
                    </td>
                    <td class="post-type">
                        story
                    </td>
                    <td class="post-time">
                        2023 Nov 04 03:46
                    </td>
                    <td class="post-url">
                        <a href="https://quick-lint-js.com/blog/bug-journey/">
                            Link
                        </a>
                    </td>
                </tr>
                <tr>
                    <td class="post-score">
                        154
                    </td>
                    <td class="post-title">
                        Guide to Adopting AV1 Encoding
                    </td>
                    <td class="post-type">
                        story
                    </td>
                    <td class="post-time">
                        2023 Nov 03 15:17
                    </td>
                    <td class="post-url">
                        <a href="https://bitmovin.com/av1/av1-encoding-guide/">
                            Link
                        </a>
                    </td>
                </tr>
                <tr>
                    <td class="post-score">
                        7
                    </td>
                    <td class="post-title">
                        Ask HN: Where do you get your health news?
                    </td>
                    <td class="post-type">
                        story
                    </td>
                    <td class="post-time">
                        2023 Nov 05 00:57
                    </td>
                    <td class="post-url">
                        N/A
                    </td>
                </tr>
                <tr>
                    <td class="post-score">
                        37
                    </td>
                    <td class="post-title">
                        Mass producing the most expensive rice cooker [video]
                    </td>
                    <td class="post-type">
                        story
                    </td>
                    <td class="post-time">
                        2023 Nov 04 16:33
                    </td>
                    <td class="post-url">
                        <a href="https://www.youtube.com/watch?v=xLCwr8qG1p4">
                            Link
                        </a>
                    </td>
                </tr>
                <tr>
                    <td class="post-score">
                        32
                    </td>
                    <td class="post-title">
                        Codec Royalties on Content and the Jaws Moment
                    </td>
                    <td class="post-type">
                        story
                    </td>
                    <td class="post-time">
                        2023 Nov 03 21:07
                    </td>
                    <td class="post-url">
                        <a href="https://streaminglearningcenter.com/codecs/codec-royalties-on-content.html">
                            Link
                        </a>
                    </td>
                </tr>
                <tr>
                    <td class="post-score">
                        139
                    </td>
                    <td class="post-title">
                        Louis Armstrong's Last Word
                    </td>
                    <td class="post-type">
                        story
                    </td>
                    <td class="post-time">
                        2023 Nov 02 20:16
                    </td>
                    <td class="post-url">
                        <a href="https://www.thenation.com/article/culture/louis-armstrong-archive/">
                            Link
                        </a>
                    </td>
                </tr>
                <tr>
                    <td class="post-score">
                        111
                    </td>
                    <td class="post-title">
                        The Sega Hitachi HiSaturn Navi Console
                    </td>
                    <td class="post-type">
                        story
                    </td>
                    <td class="post-time">
                        2023 Nov 03 22:43
                    </td>
                    <td class="post-url">
                        <a href="https://nfggames.com/games/hisaturn/">
                            Link
                        </a>
                    </td>
                </tr>
                <tr>
                    <td class="post-score">
                        124
                    </td>
                    <td class="post-title">
                        My experience taking Tesla to court about FSD
                    </td>
                    <td class="post-type">
                        story
                    </td>
                    <td class="post-time">
                        2023 Nov 05 00:23
                    </td>
                    <td class="post-url">
                        <a href="https://teslamotorsclub.com/tmc/threads/my-experience-taking-tesla-to-court-about-fsd.315086/">
                            Link
                        </a>
                    </td>
                </tr>
                <tr>
                    <td class="post-score">
                        179
                    </td>
                    <td class="post-title">
                        Pix2tex: Using a ViT to convert images of equations into LaTeX code
                    </td>
                    <td class="post-type">
                        story
                    </td>
                    <td class="post-time">
                        2023 Nov 03 10:17
                    </td>
                    <td class="post-url">
                        <a href="https://github.com/lukas-blecher/LaTeX-OCR">
                            Link
                        </a>
                    </td>
                </tr>
                <tr>
                    <td class="post-score">
                        470
                    </td>
                    <td class="post-title">
                        Talk-Llama
                    </td>
                    <td class="post-type">
                        story
                    </td>
                    <td class="post-time">
                        2023 Nov 02 07:32
                    </td>
                    <td class="post-url">
                        <a href="https://github.com/ggerganov/whisper.cpp/tree/master/examples/talk-llama">
                            Link
                        </a>
                    </td>
                </tr>
                <tr>
                    <td class="post-score">
                        145
                    </td>
                    <td class="post-title">
                        Cooperative C++ Evolution ÔÇô Toward a TypeScript for C++
                    </td>
                    <td class="post-type">
                        story
                    </td>
                    <td class="post-time">
                        2023 Nov 04 13:30
                    </td>
                    <td class="post-url">
                        <a href="https://herbsutter.com/2023/10/09/my-new-cppcon-talk-is-on-youtube-cooperative-c-evolution-toward-a-typescript-for-c/">
                            Link
                        </a>
                    </td>
                </tr>
                <tr>
                    <td class="post-score">
                        35
                    </td>
                    <td class="post-title">
                        The StahlDream
                    </td>
                    <td class="post-type">
                        story
                    </td>
                    <td class="post-time">
                        2023 Nov 04 01:18
                    </td>
                    <td class="post-url">
                        <a href="https://remexre.com/stahl/dream">
                            Link
                        </a>
                    </td>
                </tr>
                <tr>
                    <td class="post-score">
                        112
                    </td>
                    <td class="post-title">
                        Frink is a programming language designed to make physical calculations simple
                    </td>
                    <td class="post-type">
                        story
                    </td>
                    <td class="post-time">
                        2023 Nov 03 06:36
                    </td>
                    <td class="post-url">
                        <a href="https://frinklang.org/">
                            Link
                        </a>
                    </td>
                </tr>
                <tr>
                    <td class="post-score">
                        38
                    </td>
                    <td class="post-title">
                        SBF Is Headed to Prison but FTX Will Haunt the Crypto Community for Years
                    </td>
                    <td class="post-type">
                        story
                    </td>
                    <td class="post-time">
                        2023 Nov 05 01:59
                    </td>
                    <td class="post-url">
                        <a href="https://gizmodo.com/ftx-fbi-sam-bankman-fried-cryptocurrency-data-1850990825">
                            Link
                        </a>
                    </td>
                </tr>
                <tr>
                    <td class="post-score">
                        59
                    </td>
                    <td class="post-title">
                        Yorick is an interpreted programming language for scientific simulations
                    </td>
                    <td class="post-type">
                        story
                    </td>
                    <td class="post-time">
                        2023 Nov 03 21:00
                    </td>
                    <td class="post-url">
                        <a href="https://yorick.sourceforge.net/">
                            Link
                        </a>
                    </td>
                </tr>
                <tr>
                    <td class="post-score">
                        149
                    </td>
                    <td class="post-title">
                        Starfish bodies arenÔÇÖt bodies at all, study finds
                    </td>
                    <td class="post-type">
                        story
                    </td>
                    <td class="post-time">
                        2023 Nov 04 13:54
                    </td>
                    <td class="post-url">
                        <a href="https://www.cnn.com/2023/11/02/world/starfish-head-body-plan-scn/index.html">
                            Link
                        </a>
                    </td>
                </tr>
                <tr>
                    <td class="post-score">
                        7
                    </td>
                    <td class="post-title">
                        SFML 2.6.1
                    </td>
                    <td class="post-type">
                        story
                    </td>
                    <td class="post-time">
                        2023 Nov 04 21:24
                    </td>
                    <td class="post-url">
                        <a href="https://github.com/SFML/SFML/releases/tag/2.6.1">
                            Link
                        </a>
                    </td>
                </tr>
                <tr>
                    <td class="post-score">
                        21
                    </td>
                    <td class="post-title">
                        Running Mod_Perl with Mojolicious in Docker
                    </td>
                    <td class="post-type">
                        story
                    </td>
                    <td class="post-time">
                        2023 Nov 03 23:02
                    </td>
                    <td class="post-url">
                        <a href="https://rawley.xyz/docker-mod-perl.html">
                            Link
                        </a>
                    </td>
                </tr>
                <tr>
                    <td class="post-score">
                        67
                    </td>
                    <td class="post-title">
                        The Great Inflation
                    </td>
                    <td class="post-type">
                        story
                    </td>
                    <td class="post-time">
                        2023 Nov 04 14:42
                    </td>
                    <td class="post-url">
                        <a href="https://www.federalreservehistory.org/essays/great-inflation">
                            Link
                        </a>
                    </td>
                </tr>
                <tr>
                    <td class="post-score">
                        174
                    </td>
                    <td class="post-title">
                        MetNet-3: A state-of-the-art neural weather model
                    </td>
                    <td class="post-type">
                        story
                    </td>
                    <td class="post-time">
                        2023 Nov 03 00:34
                    </td>
                    <td class="post-url">
                        <a href="https://blog.research.google/2023/11/metnet-3-state-of-art-neural-weather.html?m=1">
                            Link
                        </a>
                    </td>
                </tr>
                <tr>
                    <td class="post-score">
                        264
                    </td>
                    <td class="post-title">
                        From S3 to R2: An economic opportunity
                    </td>
                    <td class="post-type">
                        story
                    </td>
                    <td class="post-time">
                        2023 Nov 02 19:15
                    </td>
                    <td class="post-url">
                        <a href="https://dansdatathoughts.substack.com/p/from-s3-to-r2-an-economic-opportunity">
                            Link
                        </a>
                    </td>
                </tr>
                <tr>
                    <td class="post-score">
                        481
                    </td>
                    <td class="post-title">
                        Ask HN: Who is hiring? (November 2023)
                    </td>
                    <td class="post-type">
                        story
                    </td>
                    <td class="post-time">
                        2023 Nov 01 15:00
                    </td>
                    <td class="post-url">
                        N/A
                    </td>
                </tr>
                <tr>
                    <td class="post-score">
                        208
                    </td>
                    <td class="post-title">
                        Course using F#: Write your own tiny programming system(s)
                    </td>
                    <td class="post-type">
                        story
                    </td>
                    <td class="post-time">
                        2023 Nov 02 21:41
                    </td>
                    <td class="post-url">
                        <a href="https://d3s.mff.cuni.cz/teaching/nprg077/">
                            Link
                        </a>
                    </td>
                </tr>
                <tr>
                    <td class="post-score">
                        11
                    </td>
                    <td class="post-title">
                        Astra, low on cash, defaults on loan
                    </td>
                    <td class="post-type">
                        story
                    </td>
                    <td class="post-time">
                        2023 Nov 04 20:16
                    </td>
                    <td class="post-url">
                        <a href="https://spacenews.com/astra-low-on-cash-defaults-on-loan/">
                            Link
                        </a>
                    </td>
                </tr>
                <tr>
                    <td class="post-score">
                        204
                    </td>
                    <td class="post-title">
                        Maersk to cut 10k jobs as shipping demand drops
                    </td>
                    <td class="post-type">
                        story
                    </td>
                    <td class="post-time">
                        2023 Nov 04 04:39
                    </td>
                    <td class="post-url">
                        <a href="https://www.reuters.com/business/shipping-giant-maersk-q3-above-expectation-sees-fy-lower-end-range-2023-11-03/">
                            Link
                        </a>
                    </td>
                </tr>
                <tr>
                    <td class="post-score">
                        52
                    </td>
                    <td class="post-title">
                        Welcome to the New GamersNexus Website v5.0: A Message
                    </td>
                    <td class="post-type">
                        story
                    </td>
                    <td class="post-time">
                        2023 Nov 04 21:16
                    </td>
                    <td class="post-url">
                        <a href="https://gamersnexus.net/gn-extras/welcome-new-gamersnexus-website-v50-message">
                            Link
                        </a>
                    </td>
                </tr>
                <tr>
                    <td class="post-score">
                        252
                    </td>
                    <td class="post-title">
                        How to stop adulterated turmeric from killing people
                    </td>
                    <td class="post-type">
                        story
                    </td>
                    <td class="post-time">
                        2023 Nov 04 07:59
                    </td>
                    <td class="post-url">
                        <a href="https://www.economist.com/leaders/2023/11/02/how-to-stop-turmeric-from-killing-people">
                            Link
                        </a>
                    </td>
                </tr>
                <tr>
                    <td class="post-score">
                        38
                    </td>
                    <td class="post-title">
                        The Miracle of Photography
                    </td>
                    <td class="post-type">
                        story
                    </td>
                    <td class="post-time">
                        2023 Nov 03 17:46
                    </td>
                    <td class="post-url">
                        <a href="https://themillions.com/2023/11/the-miracle-of-photography.html">
                            Link
                        </a>
                    </td>
                </tr>
                <tr>
                    <td class="post-score">
                        71
                    </td>
                    <td class="post-title">
                        Edison Bulb Night Mode
                    </td>
                    <td class="post-type">
                        story
                    </td>
                    <td class="post-time">
                        2023 Nov 03 22:29
                    </td>
                    <td class="post-url">
                        <a href="https://www.petemillspaugh.com/edison-bulb">
                            Link
                        </a>
                    </td>
                </tr>
                <tr>
                    <td class="post-score">
                        155
                    </td>
                    <td class="post-title">
                        RegEx Crossword (2013)
                    </td>
                    <td class="post-type">
                        story
                    </td>
                    <td class="post-time">
                        2023 Nov 02 10:30
                    </td>
                    <td class="post-url">
                        <a href="https://jimbly.github.io/regex-crossword/">
                            Link
                        </a>
                    </td>
                </tr>
                <tr>
                    <td class="post-score">
                        65
                    </td>
                    <td class="post-title">
                        CPU-Z's Inadequate Benchmark
                    </td>
                    <td class="post-type">
                        story
                    </td>
                    <td class="post-time">
                        2023 Nov 04 00:27
                    </td>
                    <td class="post-url">
                        <a href="https://chipsandcheese.com/2023/11/03/cpu-zs-inadequate-benchmark/">
                            Link
                        </a>
                    </td>
                </tr>
                <tr>
                    <td class="post-score">
                        29
                    </td>
                    <td class="post-title">
                        DEA Launches Crack Down on San Francisco Fentanyl Dealing
                    </td>
                    <td class="post-type">
                        story
                    </td>
                    <td class="post-time">
                        2023 Nov 04 23:44
                    </td>
                    <td class="post-url">
                        <a href="https://abc7news.com/sf-fentanyl-drug-dealers-all-hands-of-deck-operation-sfpd/14006658/">
                            Link
                        </a>
                    </td>
                </tr>
                <tr>
                    <td class="post-score">
                        205
                    </td>
                    <td class="post-title">
                        Uranium demand hits decade high as nuclear renaissance gains traction
                    </td>
                    <td class="post-type">
                        story
                    </td>
                    <td class="post-time">
                        2023 Nov 04 00:11
                    </td>
                    <td class="post-url">
                        <a href="https://oilprice.com/The-Environment/Global-Warming/Uranium-Demand-Hits-Decade-High-As-Nuclear-Renaissance-Gains-Traction.html">
                            Link
                        </a>
                    </td>
                </tr>
                <tr>
                    <td class="post-score">
                        56
                    </td>
                    <td class="post-title">
                        Accelerating digital block design with Google's open source Mid-Level Synthesis
                    </td>
                    <td class="post-type">
                        story
                    </td>
                    <td class="post-time">
                        2023 Nov 03 19:53
                    </td>
                    <td class="post-url">
                        <a href="https://antmicro.com/blog/2023/09/accelerating-digital-block-design-with-googles-xls/">
                            Link
                        </a>
                    </td>
                </tr>
                <tr>
                    <td class="post-score">
                        26
                    </td>
                    <td class="post-title">
                        Show HN: Cami.js ÔÇô A No Build, Web Component Based Reactive Framework
                    </td>
                    <td class="post-type">
                        story
                    </td>
                    <td class="post-time">
                        2023 Nov 04 18:33
                    </td>
                    <td class="post-url">
                        <a href="https://github.com/kennyfrc/cami.js">
                            Link
                        </a>
                    </td>
                </tr>
                <tr>
                    <td class="post-score">
                        177
                    </td>
                    <td class="post-title">
                        Why You Should Write Your Own Static Site Generator
                    </td>
                    <td class="post-type">
                        story
                    </td>
                    <td class="post-time">
                        2023 Nov 03 09:10
                    </td>
                    <td class="post-url">
                        <a href="https://arne.me/articles/write-your-own-ssg">
                            Link
                        </a>
                    </td>
                </tr>
                <tr>
                    <td class="post-score">
                        12
                    </td>
                    <td class="post-title">
                        GiNaC: Open framework for symbolic computation within C++ programming language
                    </td>
                    <td class="post-type">
                        story
                    </td>
                    <td class="post-time">
                        2023 Nov 04 03:25
                    </td>
                    <td class="post-url">
                        <a href="https://www.ginac.de/tutorial/">
                            Link
                        </a>
                    </td>
                </tr>
                <tr>
                    <td class="post-score">
                        39
                    </td>
                    <td class="post-title">
                        Liblinux ÔÇô architecture-independent access to Linux system calls
                    </td>
                    <td class="post-type">
                        story
                    </td>
                    <td class="post-time">
                        2023 Nov 03 08:47
                    </td>
                    <td class="post-url">
                        <a href="https://github.com/matheusmoreira/liblinux">
                            Link
                        </a>
                    </td>
                </tr>
                <tr>
                    <td class="post-score">
                        111
                    </td>
                    <td class="post-title">
                        Enable ARMv9 Memory Tagging Extension (MTE) on Pixel 8
                    </td>
                    <td class="post-type">
                        story
                    </td>
                    <td class="post-time">
                        2023 Nov 03 06:55
                    </td>
                    <td class="post-url">
                        <a href="https://outflux.net/blog/archives/2023/10/26/enable-mte-on-pixel-8/">
                            Link
                        </a>
                    </td>
                </tr>
                <tr>
                    <td class="post-score">
                        56
                    </td>
                    <td class="post-title">
                        Why is RC Cola popular in Tajikistan?
                    </td>
                    <td class="post-type">
                        story
                    </td>
                    <td class="post-time">
                        2023 Nov 03 20:07
                    </td>
                    <td class="post-url">
                        <a href="https://www.snackstack.net/p/why-is-rc-cola-popular-in-tajikistan">
                            Link
                        </a>
                    </td>
                </tr>
                <tr>
                    <td class="post-score">
                        7
                    </td>
                    <td class="post-title">
                        Show HN: I started building yet another CSS framework
                    </td>
                    <td class="post-type">
                        story
                    </td>
                    <td class="post-time">
                        2023 Nov 04 08:55
                    </td>
                    <td class="post-url">
                        <a href="https://eternityforest.github.io/barrel.css/">
                            Link
                        </a>
                    </td>
                </tr>
                <tr>
                    <td class="post-score">
                        85
                    </td>
                    <td class="post-title">
                        How to help someone use a computer (1996)
                    </td>
                    <td class="post-type">
                        story
                    </td>
                    <td class="post-time">
                        2023 Nov 03 08:46
                    </td>
                    <td class="post-url">
                        <a href="https://pages.gseis.ucla.edu/faculty/agre/how-to-help.html">
                            Link
                        </a>
                    </td>
                </tr>
                <tr>
                    <td class="post-score">
                        193
                    </td>
                    <td class="post-title">
                        Is there anywhere in the world someone can just live for free?
                    </td>
                    <td class="post-type">
                        story
                    </td>
                    <td class="post-time">
                        2023 Nov 04 08:57
                    </td>
                    <td class="post-url">
                        <a href="https://reddit.com/r/NoStupidQuestions/comments/17mvukd/is_there_anywhere_in_the_world_someone_can_just/">
                            Link
                        </a>
                    </td>
                </tr>
                <tr>
                    <td class="post-score">
                        84
                    </td>
                    <td class="post-title">
                        First Handset with MTE on the Market
                    </td>
                    <td class="post-type">
                        story
                    </td>
                    <td class="post-time">
                        2023 Nov 03 22:03
                    </td>
                    <td class="post-url">
                        <a href="https://googleprojectzero.blogspot.com/2023/11/first-handset-with-mte-on-market.html">
                            Link
                        </a>
                    </td>
                </tr>
                <tr>
                    <td class="post-score">
                        59
                    </td>
                    <td class="post-title">
                        Cats Make Nearly 300 Different Facial Expressions
                    </td>
                    <td class="post-type">
                        story
                    </td>
                    <td class="post-time">
                        2023 Nov 04 21:38
                    </td>
                    <td class="post-url">
                        <a href="https://www.smithsonianmag.com/smart-news/cats-make-nearly-300-different-facial-expressions-180983185/">
                            Link
                        </a>
                    </td>
                </tr>
                <tr>
                    <td class="post-score">
                        147
                    </td>
                    <td class="post-title">
                        Email.radio ÔÇô Free Email Domain for Licensed Ham Radio Operators
                    </td>
                    <td class="post-type">
                        story
                    </td>
                    <td class="post-time">
                        2023 Nov 03 02:10
                    </td>
                    <td class="post-url">
                        <a href="https://email.radio/">
                            Link
                        </a>
                    </td>
                </tr>
                <tr>
                    <td class="post-score">
                        666
                    </td>
                    <td class="post-title">
                        macOS Sonoma Boot Failures
                    </td>
                    <td class="post-type">
                        story
                    </td>
                    <td class="post-time">
                        2023 Oct 31 18:33
                    </td>
                    <td class="post-url">
                        <a href="https://github.com/AsahiLinux/docs/wiki/macOS-Sonoma-Boot-Failures">
                            Link
                        </a>
                    </td>
                </tr>
                <tr>
                    <td class="post-score">
                        98
                    </td>
                    <td class="post-title">
                        Telnet BBS Guide
                    </td>
                    <td class="post-type">
                        story
                    </td>
                    <td class="post-time">
                        2023 Nov 03 23:29
                    </td>
                    <td class="post-url">
                        <a href="https://www.telnetbbsguide.com/">
                            Link
                        </a>
                    </td>
                </tr>
                <tr>
                    <td class="post-score">
                        69
                    </td>
                    <td class="post-title">
                        Discord will switch to temporary file links to block malware delivery
                    </td>
                    <td class="post-type">
                        story
                    </td>
                    <td class="post-time">
                        2023 Nov 04 19:11
                    </td>
                    <td class="post-url">
                        <a href="https://www.bleepingcomputer.com/news/security/discord-will-switch-to-temporary-file-links-to-block-malware-delivery/">
                            Link
                        </a>
                    </td>
                </tr>
                <tr>
                    <td class="post-score">
                        201
                    </td>
                    <td class="post-title">
                        Podman Desktop v1.5 with Compose onboarding and enhanced Kubernetes pod data
                    </td>
                    <td class="post-type">
                        story
                    </td>
                    <td class="post-time">
                        2023 Nov 03 19:39
                    </td>
                    <td class="post-url">
                        <a href="https://podman-desktop.io/blog/podman-desktop-release-1.5">
                            Link
                        </a>
                    </td>
                </tr>
                <tr>
                    <td class="post-score">
                        199
                    </td>
                    <td class="post-title">
                        Okta hit by third-party breach, stealing employee data
                    </td>
                    <td class="post-type">
                        story
                    </td>
                    <td class="post-time">
                        2023 Nov 03 16:15
                    </td>
                    <td class="post-url">
                        <a href="https://arstechnica.com/security/2023/11/okta-hit-by-another-breach-this-one-stealing-employee-data-from-3rd-party-vendor/">
                            Link
                        </a>
                    </td>
                </tr>
                <tr>
                    <td class="post-score">
                        124
                    </td>
                    <td class="post-title">
                        If you plant milkweed, they will come
                    </td>
                    <td class="post-type">
                        story
                    </td>
                    <td class="post-time">
                        2023 Nov 03 00:21
                    </td>
                    <td class="post-url">
                        <a href="https://www.nytimes.com/2023/10/25/realestate/gardening-milkweed-plants-butterflies.html">
                            Link
                        </a>
                    </td>
                </tr>
                <tr>
                    <td class="post-score">
                        31
                    </td>
                    <td class="post-title">
                        Things I like about Zig as a Go Programmer
                    </td>
                    <td class="post-type">
                        story
                    </td>
                    <td class="post-time">
                        2023 Nov 04 16:38
                    </td>
                    <td class="post-url">
                        <a href="https://medium.com/@vladimirvivien/things-i-like-about-zig-as-a-go-programmer-75eb02aab00f">
                            Link
                        </a>
                    </td>
                </tr>
                <tr>
                    <td class="post-score">
                        9
                    </td>
                    <td class="post-title">
                        Upgrading my Chumby 8 kernel part 7: touchscreen
                    </td>
                    <td class="post-type">
                        story
                    </td>
                    <td class="post-time">
                        2023 Nov 03 23:57
                    </td>
                    <td class="post-url">
                        <a href="https://www.downtowndougbrown.com/2023/11/upgrading-my-chumby-8-kernel-part-7-touchscreen/">
                            Link
                        </a>
                    </td>
                </tr>
                <tr>
                    <td class="post-score">
                        114
                    </td>
                    <td class="post-title">
                        Embracing community helps us live longer, and be happier (2017)
                    </td>
                    <td class="post-type">
                        story
                    </td>
                    <td class="post-time">
                        2023 Nov 03 19:58
                    </td>
                    <td class="post-url">
                        <a href="https://news.harvard.edu/gazette/story/2017/04/over-nearly-80-years-harvard-study-has-been-showing-how-to-live-a-healthy-and-happy-life/">
                            Link
                        </a>
                    </td>
                </tr>
                <tr>
                    <td class="post-score">
                        221
                    </td>
                    <td class="post-title">
                        Joint statement of scientists and NGOs on the EUÔÇÖs proposed eIDAS reform
                    </td>
                    <td class="post-type">
                        story
                    </td>
                    <td class="post-time">
                        2023 Nov 03 11:08
                    </td>
                    <td class="post-url">
                        <a href="https://eidas-open-letter.org/">
                            Link
                        </a>
                    </td>
                </tr>
                <tr>
                    <td class="post-score">
                        3
                    </td>
                    <td class="post-title">
                        A guide to home row mods with QMK
                    </td>
                    <td class="post-type">
                        story
                    </td>
                    <td class="post-time">
                        2023 Nov 04 11:21
                    </td>
                    <td class="post-url">
                        <a href="https://precondition.github.io/home-row-mods">
                            Link
                        </a>
                    </td>
                </tr>
                <tr>
                    <td class="post-score">
                        14
                    </td>
                    <td class="post-title">
                        Geospatial Technology Radar 2023
                    </td>
                    <td class="post-type">
                        story
                    </td>
                    <td class="post-time">
                        2023 Nov 03 20:03
                    </td>
                    <td class="post-url">
                        <a href="https://element84.com/geospatial-tech-radar-23">
                            Link
                        </a>
                    </td>
                </tr>
                <tr>
                    <td class="post-score">
                        49
                    </td>
                    <td class="post-title">
                        HBO CEO Confesses to Trolling Critics with Fake Tweets: Rolling Stone
                    </td>
                    <td class="post-type">
                        story
                    </td>
                    <td class="post-time">
                        2023 Nov 04 06:19
                    </td>
                    <td class="post-url">
                        <a href="https://www.rollingstone.com/tv-movies/tv-movie-news/hbo-ceo-casey-bloys-confesses-trolling-critics-fake-twitter-accounts-dumb-idea-1234868710/">
                            Link
                        </a>
                    </td>
                </tr>
                <tr>
                    <td class="post-score">
                        124
                    </td>
                    <td class="post-title">
                        Ken Mattingly, astronaut scrubbed from Apollo 13, has died
                    </td>
                    <td class="post-type">
                        story
                    </td>
                    <td class="post-time">
                        2023 Nov 03 05:48
                    </td>
                    <td class="post-url">
                        <a href="https://www.nytimes.com/2023/11/02/science/space/ken-mattingly-dead.html">
                            Link
                        </a>
                    </td>
                </tr>
                <tr>
                    <td class="post-score">
                        146
                    </td>
                    <td class="post-title">
                        How big data carried graph theory into new dimensions
                    </td>
                    <td class="post-type">
                        story
                    </td>
                    <td class="post-time">
                        2023 Nov 02 21:33
                    </td>
                    <td class="post-url">
                        <a href="https://www.quantamagazine.org/how-big-data-carried-graph-theory-into-new-dimensions-20210819/">
                            Link
                        </a>
                    </td>
                </tr>
                <tr>
                    <td class="post-score">
                        235
                    </td>
                    <td class="post-title">
                        Lemming Suicide Myth: Disney Film Faked Bogus Behavior
                    </td>
                    <td class="post-type">
                        story
                    </td>
                    <td class="post-time">
                        2023 Nov 01 22:47
                    </td>
                    <td class="post-url">
                        <a href="https://www.adfg.alaska.gov/index.cfm?adfg=wildlifenews.view_article&articles_id=56">
                            Link
                        </a>
                    </td>
                </tr>
                <tr>
                    <td class="post-score">
                        22
                    </td>
                    <td class="post-title">
                        The Future of RSS Is Textcasting
                    </td>
                    <td class="post-type">
                        story
                    </td>
                    <td class="post-time">
                        2023 Nov 03 19:11
                    </td>
                    <td class="post-url">
                        <a href="https://kottke.org/23/11/the-future-of-rss-is-textcasting-1">
                            Link
                        </a>
                    </td>
                </tr>
                <tr>
                    <td class="post-score">
                        113
                    </td>
                    <td class="post-title">
                        Auto industry executives admit electric vehicle plans are in jeopardy
                    </td>
                    <td class="post-type">
                        story
                    </td>
                    <td class="post-time">
                        2023 Nov 02 22:26
                    </td>
                    <td class="post-url">
                        <a href="https://www.businessinsider.com/auto-executives-coming-clean-evs-arent-working-2023-10">
                            Link
                        </a>
                    </td>
                </tr>
                <tr>
                    <td class="post-score">
                        591
                    </td>
                    <td class="post-title">
                        Confusing Git Terminology
                    </td>
                    <td class="post-type">
                        story
                    </td>
                    <td class="post-time">
                        2023 Nov 02 13:05
                    </td>
                    <td class="post-url">
                        <a href="https://jvns.ca/blog/2023/11/01/confusing-git-terminology/">
                            Link
                        </a>
                    </td>
                </tr>
                <tr>
                    <td class="post-score">
                        645
                    </td>
                    <td class="post-title">
                        Copying Angry Birds with nothing but AI
                    </td>
                    <td class="post-type">
                        story
                    </td>
                    <td class="post-time">
                        2023 Oct 31 18:27
                    </td>
                    <td class="post-url">
                        <a href="https://twitter.com/javilopen/status/1719363262179938401">
                            Link
                        </a>
                    </td>
                </tr>
                <tr>
                    <td class="post-score">
                        146
                    </td>
                    <td class="post-title">
                        Hyphens, minus, and dashes in Debian man pages
                    </td>
                    <td class="post-type">
                        story
                    </td>
                    <td class="post-time">
                        2023 Nov 02 23:13
                    </td>
                    <td class="post-url">
                        <a href="https://lwn.net/Articles/947941/">
                            Link
                        </a>
                    </td>
                </tr>
                <tr>
                    <td class="post-score">
                        91
                    </td>
                    <td class="post-title">
                        The Anthropogenic Salt Cycle
                    </td>
                    <td class="post-type">
                        story
                    </td>
                    <td class="post-time">
                        2023 Nov 03 12:21
                    </td>
                    <td class="post-url">
                        <a href="https://www.nature.com/articles/s43017-023-00485-y">
                            Link
                        </a>
                    </td>
                </tr>
                <tr>
                    <td class="post-score">
                        117
                    </td>
                    <td class="post-title">
                        When to Shut Up: A Visual Guide (With Included Algorithm)
                    </td>
                    <td class="post-type">
                        story
                    </td>
                    <td class="post-time">
                        2023 Nov 04 12:24
                    </td>
                    <td class="post-url">
                        <a href="https://shaungallagher.pressbin.com/blog/shut-up.html">
                            Link
                        </a>
                    </td>
                </tr>
                <tr>
                    <td class="post-score">
                        297
                    </td>
                    <td class="post-title">
                        macOS Sonoma Broke Grep
                    </td>
                    <td class="post-type">
                        story
                    </td>
                    <td class="post-time">
                        2023 Nov 01 20:24
                    </td>
                    <td class="post-url">
                        <a href="https://developer.apple.com/forums/thread/738862">
                            Link
                        </a>
                    </td>
                </tr>
                <tr>
                    <td class="post-score">
                        335
                    </td>
                    <td class="post-title">
                        How Bear does analytics with CSS
                    </td>
                    <td class="post-type">
                        story
                    </td>
                    <td class="post-time">
                        2023 Nov 01 08:08
                    </td>
                    <td class="post-url">
                        <a href="https://herman.bearblog.dev/how-bear-does-analytics-with-css/">
                            Link
                        </a>
                    </td>
                </tr>
                <tr>
                    <td class="post-score">
                        87
                    </td>
                    <td class="post-title">
                        Everything We Know About 1970s Mainframe RPGs We Can No Longer Play
                    </td>
                    <td class="post-type">
                        story
                    </td>
                    <td class="post-time">
                        2023 Nov 02 22:31
                    </td>
                    <td class="post-url">
                        <a href="http://crpgaddict.blogspot.com/2021/06/brief-everything-we-know-about-1970s.html">
                            Link
                        </a>
                    </td>
                </tr>
                <tr>
                    <td class="post-score">
                        200
                    </td>
                    <td class="post-title">
                        The business of extracting knowledge from academic publications
                    </td>
                    <td class="post-type">
                        story
                    </td>
                    <td class="post-time">
                        2023 Nov 01 21:52
                    </td>
                    <td class="post-url">
                        <a href="https://www.theseedsofscience.pub/p/the-business-of-extracting-knowledge">
                            Link
                        </a>
                    </td>
                </tr>
                <tr>
                    <td class="post-score">
                        244
                    </td>
                    <td class="post-title">
                        Window-swap ÔÇô open a new window somewhere in the world
                    </td>
                    <td class="post-type">
                        story
                    </td>
                    <td class="post-time">
                        2023 Nov 02 01:16
                    </td>
                    <td class="post-url">
                        <a href="https://www.window-swap.com/">
                            Link
                        </a>
                    </td>
                </tr>
                <tr>
                    <td class="post-score">
                        80
                    </td>
                    <td class="post-title">
                        AMD Unveils Ryzen Mobile 7040U Series with Zen 4c Efficiency Cores
                    </td>
                    <td class="post-type">
                        story
                    </td>
                    <td class="post-time">
                        2023 Nov 03 10:52
                    </td>
                    <td class="post-url">
                        <a href="https://www.anandtech.com/show/21111/amd-unveils-ryzen-7040u-series-with-zen-4c-smaller-cores-bigger-efficiency">
                            Link
                        </a>
                    </td>
                </tr>
                <tr>
                    <td class="post-score">
                        231
                    </td>
                    <td class="post-title">
                        YouTube's plan backfires, people are installing better ad blockers
                    </td>
                    <td class="post-type">
                        story
                    </td>
                    <td class="post-time">
                        2023 Nov 04 03:34
                    </td>
                    <td class="post-url">
                        <a href="https://www.androidauthority.com/youtube-ad-block-installs-3382289/">
                            Link
                        </a>
                    </td>
                </tr>
                <tr>
                    <td class="post-score">
                        56
                    </td>
                    <td class="post-title">
                        A carbohydrate revolution is speeding up pro cycling
                    </td>
                    <td class="post-type">
                        story
                    </td>
                    <td class="post-time">
                        2023 Nov 04 15:56
                    </td>
                    <td class="post-url">
                        <a href="https://velo.outsideonline.com/road/road-training/a-massive-change-how-a-carbohydrate-revolution-is-speeding-up-pro-cycling/">
                            Link
                        </a>
                    </td>
                </tr>
                <tr>
                    <td class="post-score">
                        30
                    </td>
                    <td class="post-title">
                        Intel's CEO Admits to and Details the Company's Three Biggest Mistakes
                    </td>
                    <td class="post-type">
                        story
                    </td>
                    <td class="post-time">
                        2023 Nov 04 07:28
                    </td>
                    <td class="post-url">
                        <a href="https://www.tomshardware.com/pc-components/gpus/intels-ceo-admits-to-and-details-companies-three-biggest-mistakes">
                            Link
                        </a>
                    </td>
                </tr>
                <tr>
                    <td class="post-score">
                        89
                    </td>
                    <td class="post-title">
                        GM's Cruise alleged to rely on human operators to achieve "autonomous" driving
                    </td>
                    <td class="post-type">
                        story
                    </td>
                    <td class="post-time">
                        2023 Nov 04 20:59
                    </td>
                    <td class="post-url">
                        <a href="https://www.nytimes.com/2023/11/03/technology/cruise-general-motors-self-driving-cars.html">
                            Link
                        </a>
                    </td>
                </tr>
                <tr>
                    <td class="post-score">
                        674
                    </td>
                    <td class="post-title">
                        I trapped scammers in an impossible maze [video]
                    </td>
                    <td class="post-type">
                        story
                    </td>
                    <td class="post-time">
                        2023 Nov 03 15:38
                    </td>
                    <td class="post-url">
                        <a href="https://www.youtube.com/watch?v=dWzz3NeDz3E">
                            Link
                        </a>
                    </td>
                </tr>
                <tr>
                    <td class="post-score">
                        64
                    </td>
                    <td class="post-title">
                        999 Request Denied
                    </td>
                    <td class="post-type">
                        story
                    </td>
                    <td class="post-time">
                        2023 Nov 03 11:25
                    </td>
                    <td class="post-url">
                        <a href="https://http.dev/999">
                            Link
                        </a>
                    </td>
                </tr>
                <tr>
                    <td class="post-score">
                        537
                    </td>
                    <td class="post-title">
                        Last Chance to fix eIDAS: Secret EU law threatens Internet security
                    </td>
                    <td class="post-type">
                        story
                    </td>
                    <td class="post-time">
                        2023 Nov 02 05:57
                    </td>
                    <td class="post-url">
                        <a href="https://last-chance-for-eidas.org/">
                            Link
                        </a>
                    </td>
                </tr>
                <tr>
                    <td class="post-score">
                        148
                    </td>
                    <td class="post-title">
                        Microsoft is retiring Visual Studio for Mac in 2024
                    </td>
                    <td class="post-type">
                        story
                    </td>
                    <td class="post-time">
                        2023 Nov 03 20:14
                    </td>
                    <td class="post-url">
                        <a href="https://visualstudio.microsoft.com/vs/mac/">
                            Link
                        </a>
                    </td>
                </tr>
                <tr>
                    <td class="post-score">
                        83
                    </td>
                    <td class="post-title">
                        Translations of Russ Cox's Thompson NFA C Program to Rust
                    </td>
                    <td class="post-type">
                        story
                    </td>
                    <td class="post-time">
                        2023 Nov 03 03:27
                    </td>
                    <td class="post-url">
                        <a href="https://github.com/BurntSushi/rsc-regexp">
                            Link
                        </a>
                    </td>
                </tr>
                <tr>
                    <td class="post-score">
                        74
                    </td>
                    <td class="post-title">
                        How to pronounce the trickiest English words
                    </td>
                    <td class="post-type">
                        story
                    </td>
                    <td class="post-time">
                        2023 Nov 02 15:56
                    </td>
                    <td class="post-url">
                        <a href="https://www.wsj.com/business/media/how-to-pronounce-english-words-julien-miquel-58581065">
                            Link
                        </a>
                    </td>
                </tr>
                <tr>
                    <td class="post-score">
                        262
                    </td>
                    <td class="post-title">
                        Why ACPI?
                    </td>
                    <td class="post-type">
                        story
                    </td>
                    <td class="post-time">
                        2023 Nov 01 06:46
                    </td>
                    <td class="post-url">
                        <a href="https://mjg59.dreamwidth.org/68350.html">
                            Link
                        </a>
                    </td>
                </tr>
                <tr>
                    <td class="post-score">
                        49
                    </td>
                    <td class="post-title">
                        Show HN: GitInsights ÔÇô a weekly summary email of your team's GitHub activity
                    </td>
                    <td class="post-type">
                        story
                    </td>
                    <td class="post-time">
                        2023 Nov 03 20:15
                    </td>
                    <td class="post-url">
                        <a href="https://gitinsights.io/">
                            Link
                        </a>
                    </td>
                </tr>
                <tr>
                    <td class="post-score">
                        96
                    </td>
                    <td class="post-title">
                        Jevons paradox
                    </td>
                    <td class="post-type">
                        story
                    </td>
                    <td class="post-time">
                        2023 Nov 03 15:16
                    </td>
                    <td class="post-url">
                        <a href="https://en.wikipedia.org/wiki/Jevons_paradox">
                            Link
                        </a>
                    </td>
                </tr>
                <tr>
                    <td class="post-score">
                        142
                    </td>
                    <td class="post-title">
                        WasmGC ÔÇô Run GC languages such as Kotlin, Java in Chrome browser
                    </td>
                    <td class="post-type">
                        story
                    </td>
                    <td class="post-time">
                        2023 Nov 02 04:32
                    </td>
                    <td class="post-url">
                        <a href="https://developer.chrome.com/blog/wasmgc/">
                            Link
                        </a>
                    </td>
                </tr>
                <tr>
                    <td class="post-score">
                        34
                    </td>
                    <td class="post-title">
                        China's TikTok users are being told that Aristotle did not exist
                    </td>
                    <td class="post-type">
                        story
                    </td>
                    <td class="post-time">
                        2023 Nov 04 19:20
                    </td>
                    <td class="post-url">
                        <a href="https://www.scmp.com/news/china/science/article/3240339/aristotle-becomes-latest-casualty-chinas-narrative-war-west-scholar-questions-philosophers-existence">
                            Link
                        </a>
                    </td>
                </tr>
                <tr>
                    <td class="post-score">
                        227
                    </td>
                    <td class="post-title">
                        Audacity 3.4
                    </td>
                    <td class="post-type">
                        story
                    </td>
                    <td class="post-time">
                        2023 Nov 03 00:14
                    </td>
                    <td class="post-url">
                        <a href="https://www.audacityteam.org/blog/audacity-3-4/">
                            Link
                        </a>
                    </td>
                </tr>
                <tr>
                    <td class="post-score">
                        318
                    </td>
                    <td class="post-title">
                        Why doctors in America earn so much
                    </td>
                    <td class="post-type">
                        story
                    </td>
                    <td class="post-time">
                        2023 Nov 01 14:38
                    </td>
                    <td class="post-url">
                        <a href="https://www.economist.com/united-states/2023/10/31/why-doctors-in-america-earn-so-much">
                            Link
                        </a>
                    </td>
                </tr>
                <tr>
                    <td class="post-score">
                        274
                    </td>
                    <td class="post-title">
                        Distil-Whisper: distilled version of Whisper that is 6 times faster, 49% smaller
                    </td>
                    <td class="post-type">
                        story
                    </td>
                    <td class="post-time">
                        2023 Nov 01 00:55
                    </td>
                    <td class="post-url">
                        <a href="https://github.com/huggingface/distil-whisper">
                            Link
                        </a>
                    </td>
                </tr>
                <tr>
                    <td class="post-score">
                        11
                    </td>
                    <td class="post-title">
                        Pessimists Archive
                    </td>
                    <td class="post-type">
                        story
                    </td>
                    <td class="post-time">
                        2023 Nov 04 23:05
                    </td>
                    <td class="post-url">
                        <a href="https://pessimistsarchive.org/">
                            Link
                        </a>
                    </td>
                </tr>
                <tr>
                    <td class="post-score">
                        202
                    </td>
                    <td class="post-title">
                        GPT-4 Update: 32K Context Window Now for All Users
                    </td>
                    <td class="post-type">
                        story
                    </td>
                    <td class="post-time">
                        2023 Nov 03 15:30
                    </td>
                    <td class="post-url">
                        <a href="https://github.com/spdustin/ChatGPT-AutoExpert/blob/main/_system-prompts/all_tools.md">
                            Link
                        </a>
                    </td>
                </tr>
                <tr>
                    <td class="post-score">
                        108
                    </td>
                    <td class="post-title">
                        ML Experiments Management with Git
                    </td>
                    <td class="post-type">
                        story
                    </td>
                    <td class="post-time">
                        2023 Nov 02 21:33
                    </td>
                    <td class="post-url">
                        <a href="https://github.com/iterative/dvc">
                            Link
                        </a>
                    </td>
                </tr>
                <tr>
                    <td class="post-score">
                        35
                    </td>
                    <td class="post-title">
                        You don't need a terminal emulator ┬Ě Andrey Listopadov
                    </td>
                    <td class="post-type">
                        story
                    </td>
                    <td class="post-time">
                        2023 Nov 03 22:55
                    </td>
                    <td class="post-url">
                        <a href="https://andreyor.st/posts/2023-10-27-you-dont-need-a-terminal-emulator/">
                            Link
                        </a>
                    </td>
                </tr>
                <tr>
                    <td class="post-score">
                        250
                    </td>
                    <td class="post-title">
                        Bayer hit with $332M judgement in Roundup cancer trial
                    </td>
                    <td class="post-type">
                        story
                    </td>
                    <td class="post-time">
                        2023 Nov 03 23:16
                    </td>
                    <td class="post-url">
                        <a href="https://fortune.com/2023/11/03/bayer-332-million-judgement-trial-man-cancer-decades-monsanto-roundup-weedkiller/">
                            Link
                        </a>
                    </td>
                </tr>
                <tr>
                    <td class="post-score">
                        58
                    </td>
                    <td class="post-title">
                        Openela releases Red Hat source code on GitHub
                    </td>
                    <td class="post-type">
                        story
                    </td>
                    <td class="post-time">
                        2023 Nov 04 18:16
                    </td>
                    <td class="post-url">
                        <a href="https://github.com/orgs/openela-main/repositories">
                            Link
                        </a>
                    </td>
                </tr>
                <tr>
                    <td class="post-score">
                        12
                    </td>
                    <td class="post-title">
                        Deno 1.38: HTML doc generator and HMR
                    </td>
                    <td class="post-type">
                        story
                    </td>
                    <td class="post-time">
                        2023 Nov 03 10:05
                    </td>
                    <td class="post-url">
                        <a href="https://deno.com/blog/v1.38">
                            Link
                        </a>
                    </td>
                </tr>
                <tr>
                    <td class="post-score">
                        8
                    </td>
                    <td class="post-title">
                        Ask HN: Infra people in small companies, what does your infra look like?
                    </td>
                    <td class="post-type">
                        story
                    </td>
                    <td class="post-time">
                        2023 Nov 04 13:27
                    </td>
                    <td class="post-url">
                        N/A
                    </td>
                </tr>
                <tr>
                    <td class="post-score">
                        137
                    </td>
                    <td class="post-title">
                        Nuclear Conversion for Starship
                    </td>
                    <td class="post-type">
                        story
                    </td>
                    <td class="post-time">
                        2023 Nov 03 16:52
                    </td>
                    <td class="post-url">
                        <a href="http://toughsf.blogspot.com/2021/10/nuclear-conversion-for-starship.html">
                            Link
                        </a>
                    </td>
                </tr>
                <tr>
                    <td class="post-score">
                        206
                    </td>
                    <td class="post-title">
                        Now you're thinking with relays
                    </td>
                    <td class="post-type">
                        story
                    </td>
                    <td class="post-time">
                        2023 Nov 01 19:30
                    </td>
                    <td class="post-url">
                        <a href="https://lcamtuf.substack.com/p/now-youre-thinking-with-relays">
                            Link
                        </a>
                    </td>
                </tr>
                <tr>
                    <td class="post-score">
                        158
                    </td>
                    <td class="post-title">
                        Bank financing and bad urban planning make the retail apocalypse worse
                    </td>
                    <td class="post-type">
                        story
                    </td>
                    <td class="post-time">
                        2023 Nov 01 16:21
                    </td>
                    <td class="post-url">
                        <a href="https://www.businessinsider.com/bank-financing-urban-planning-pandemic-retail-apocalypse-vacant-storefront-2023-10">
                            Link
                        </a>
                    </td>
                </tr>
                <tr>
                    <td class="post-score">
                        31
                    </td>
                    <td class="post-title">
                        How much it costs Apple to increase RAM size in Macs?
                    </td>
                    <td class="post-type">
                        story
                    </td>
                    <td class="post-time">
                        2023 Nov 04 02:15
                    </td>
                    <td class="post-url">
                        <a href="https://old.reddit.com/r/macbookpro/comments/17lwl0b/how_much_does_ram_cost_anyways/">
                            Link
                        </a>
                    </td>
                </tr>
                <tr>
                    <td class="post-score">
                        30
                    </td>
                    <td class="post-title">
                        Cup Noodles are now microwave-safe
                    </td>
                    <td class="post-type">
                        story
                    </td>
                    <td class="post-time">
                        2023 Nov 04 18:04
                    </td>
                    <td class="post-url">
                        <a href="https://www.washingtonpost.com/food/2023/11/03/cup-noodles-are-now-microwave-safe-so-they-werent-already/">
                            Link
                        </a>
                    </td>
                </tr>
                <tr>
                    <td class="post-score">
                        30
                    </td>
                    <td class="post-title">
                        What's the difference between LangChain, llama indexand others like autollm?
                    </td>
                    <td class="post-type">
                        story
                    </td>
                    <td class="post-time">
                        2023 Nov 03 10:41
                    </td>
                    <td class="post-url">
                        N/A
                    </td>
                </tr>
                <tr>
                    <td class="post-score">
                        235
                    </td>
                    <td class="post-title">
                        Sally Ignore Previous Instructions
                    </td>
                    <td class="post-type">
                        story
                    </td>
                    <td class="post-time">
                        2023 Nov 02 21:02
                    </td>
                    <td class="post-url">
                        <a href="https://www.haihai.ai/pen15/">
                            Link
                        </a>
                    </td>
                </tr>
                <tr>
                    <td class="post-score">
                        81
                    </td>
                    <td class="post-title">
                        Enterprise-Fu
                    </td>
                    <td class="post-type">
                        story
                    </td>
                    <td class="post-time">
                        2023 Nov 02 23:31
                    </td>
                    <td class="post-url">
                        <a href="http://mike.daless.io/prez/enterprise-asbury-2013-10/slides.html">
                            Link
                        </a>
                    </td>
                </tr>
                <tr>
                    <td class="post-score">
                        251
                    </td>
                    <td class="post-title">
                        Rwanda joins Kenya to initiate visa-free travel for all Africans
                    </td>
                    <td class="post-type">
                        story
                    </td>
                    <td class="post-time">
                        2023 Nov 03 12:15
                    </td>
                    <td class="post-url">
                        <a href="https://africa.businessinsider.com/local/leaders/from-barriers-to-unity-rwanda-joins-kenya-to-initiate-visa-free-travel-for-all/hhqe29q">
                            Link
                        </a>
                    </td>
                </tr>
                <tr>
                    <td class="post-score">
                        792
                    </td>
                    <td class="post-title">
                        Yann LeCun: AI one-percenters seizing power forever is real doomsday scenario
                    </td>
                    <td class="post-type">
                        story
                    </td>
                    <td class="post-time">
                        2023 Nov 02 04:05
                    </td>
                    <td class="post-url">
                        <a href="https://www.businessinsider.com/sam-altman-and-demis-hassabis-just-want-to-control-ai-2023-10">
                            Link
                        </a>
                    </td>
                </tr>
                <tr>
                    <td class="post-score">
                        161
                    </td>
                    <td class="post-title">
                        Show HN: DoltgreSQL ÔÇô Version-Controlled DB, Like Git and PostgreSQL had a baby
                    </td>
                    <td class="post-type">
                        story
                    </td>
                    <td class="post-time">
                        2023 Nov 02 01:59
                    </td>
                    <td class="post-url">
                        <a href="https://github.com/dolthub/doltgresql">
                            Link
                        </a>
                    </td>
                </tr>
                <tr>
                    <td class="post-score">
                        74
                    </td>
                    <td class="post-title">
                        Clash, a tool to break China's Great Fire Wall, is Deleted in GitHub
                    </td>
                    <td class="post-type">
                        story
                    </td>
                    <td class="post-time">
                        2023 Nov 03 09:01
                    </td>
                    <td class="post-url">
                        <a href="https://github.com/Dreamacro/clash">
                            Link
                        </a>
                    </td>
                </tr>
                <tr>
                    <td class="post-score">
                        40
                    </td>
                    <td class="post-title">
                        Vivo Unveils BlueOS, Based on Rust Language
                    </td>
                    <td class="post-type">
                        story
                    </td>
                    <td class="post-time">
                        2023 Nov 02 03:14
                    </td>
                    <td class="post-url">
                        <a href="https://sparrowsnews.com/2023/11/01/vivo-unveils-blueos-operating-system/">
                            Link
                        </a>
                    </td>
                </tr>
                <tr>
                    <td class="post-score">
                        66
                    </td>
                    <td class="post-title">
                        Formalizing 100 Theorems
                    </td>
                    <td class="post-type">
                        story
                    </td>
                    <td class="post-time">
                        2023 Nov 02 05:27
                    </td>
                    <td class="post-url">
                        <a href="https://www.cs.ru.nl/~freek/100/">
                            Link
                        </a>
                    </td>
                </tr>
                <tr>
                    <td class="post-score">
                        184
                    </td>
                    <td class="post-title">
                        The Binder Linux driver is being rewritten in Rust
                    </td>
                    <td class="post-type">
                        story
                    </td>
                    <td class="post-time">
                        2023 Nov 03 06:53
                    </td>
                    <td class="post-url">
                        <a href="https://lore.kernel.org/rust-for-linux/20231101-rust-binder-v1-0-08ba9197f637@google.com/">
                            Link
                        </a>
                    </td>
                </tr>
            </div>
        </table>
    
    
    Ôľ╝ Query.findAll [ tag "tr", containing [ tag "td" ]  ]
    
        1)    <tr>
                  <td class="post-score">
                      512
                  </td>
                  <td class="post-title">
                      NewPipe ÔÇô Lightweight YouTube experience for Android
                  </td>
                  <td class="post-type">
                      story
                  </td>
                  <td class="post-time">
                      2023 Nov 04 19:38
                  </td>
                  <td class="post-url">
                      <a href="https://newpipe.net/">
                          Link
                      </a>
                  </td>
              </tr>
    
        2)    <tr>
                  <td class="post-score">
                      75
                  </td>
                  <td class="post-title">
                      LLM companies to access largest Chinese non-fiction book collection
                  </td>
                  <td class="post-type">
                      story
                  </td>
                  <td class="post-time">
                      2023 Nov 05 07:30
                  </td>
                  <td class="post-url">
                      <a href="https://annas-blog.org/duxiu-exclusive.html">
                          Link
                      </a>
                  </td>
              </tr>
    
        3)    <tr>
                  <td class="post-score">
                      182
                  </td>
                  <td class="post-title">
                      Intel Itanium IA-64 Support Removed with the Linux 6.7 Kernel
                  </td>
                  <td class="post-type">
                      story
                  </td>
                  <td class="post-time">
                      2023 Nov 02 15:31
                  </td>
                  <td class="post-url">
                      <a href="https://www.phoronix.com/news/Intel-IA-64-Removed-Linux-6.7">
                          Link
                      </a>
                  </td>
              </tr>
    
        4)    <tr>
                  <td class="post-score">
                      37
                  </td>
                  <td class="post-title">
                      Representations / strategies for noncooperative games with imperfect information [pdf]
                  </td>
                  <td class="post-type">
                      story
                  </td>
                  <td class="post-time">
                      2023 Nov 04 20:24
                  </td>
                  <td class="post-url">
                      <a href="https://www2.cs.sfu.ca/~bbart/personal/masters-thesis.pdf">
                          Link
                      </a>
                  </td>
              </tr>
    
        5)    <tr>
                  <td class="post-score">
                      57
                  </td>
                  <td class="post-title">
                      The First App Store
                  </td>
                  <td class="post-type">
                      story
                  </td>
                  <td class="post-time">
                      2023 Nov 05 00:52
                  </td>
                  <td class="post-url">
                      <a href="https://one-from-nippon.ghost.io/worlds-first-app-store/">
                          Link
                      </a>
                  </td>
              </tr>
    
        6)    <tr>
                  <td class="post-score">
                      83
                  </td>
                  <td class="post-title">
                      Show HN: Gogosseract, a Go Lib for CGo-Free Tesseract OCR via Wazero
                  </td>
                  <td class="post-type">
                      story
                  </td>
                  <td class="post-time">
                      2023 Nov 04 23:06
                  </td>
                  <td class="post-url">
                      <a href="https://github.com/Danlock/gogosseract">
                          Link
                      </a>
                  </td>
              </tr>
    
        7)    <tr>
                  <td class="post-score">
                      51
                  </td>
                  <td class="post-title">
                      Planes, Spheres and Pseudospheres
                  </td>
                  <td class="post-type">
                      story
                  </td>
                  <td class="post-time">
                      2023 Nov 04 23:35
                  </td>
                  <td class="post-url">
                      <a href="https://www.gregegan.net/SCIENCE/PSP/PSP.html">
                          Link
                      </a>
                  </td>
              </tr>
    
        8)    <tr>
                  <td class="post-score">
                      557
                  </td>
                  <td class="post-title">
                      Othello Is Solved?
                  </td>
                  <td class="post-type">
                      story
                  </td>
                  <td class="post-time">
                      2023 Nov 04 14:35
                  </td>
                  <td class="post-url">
                      <a href="https://arxiv.org/abs/2310.19387">
                          Link
                      </a>
                  </td>
              </tr>
    
        9)    <tr>
                  <td class="post-score">
                      1
                  </td>
                  <td class="post-title">
                      SigNoz (YC W21), open source observability platform, hiring SREs (Remote)
                  </td>
                  <td class="post-type">
                      job
                  </td>
                  <td class="post-time">
                      2023 Nov 05 07:01
                  </td>
                  <td class="post-url">
                      <a href="https://signoz.io/careers/site-reliability-engineer/">
                          Link
                      </a>
                  </td>
              </tr>
    
        10)   <tr>
                  <td class="post-score">
                      26
                  </td>
                  <td class="post-title">
                      Shadows Edge Software
                  </td>
                  <td class="post-type">
                      story
                  </td>
                  <td class="post-time">
                      2023 Nov 05 02:23
                  </td>
                  <td class="post-url">
                      <a href="https://www.shadowsedge.mil/What-We-Do/">
                          Link
                      </a>
                  </td>
              </tr>
    
        11)   <tr>
                  <td class="post-score">
                      58
                  </td>
                  <td class="post-title">
                      Quadratic Reciprocity: The connection that changed number theory
                  </td>
                  <td class="post-type">
                      story
                  </td>
                  <td class="post-time">
                      2023 Nov 02 15:43
                  </td>
                  <td class="post-url">
                      <a href="https://www.quantamagazine.org/the-hidden-connection-that-changed-number-theory-20231101/">
                          Link
                      </a>
                  </td>
              </tr>
    
        12)   <tr>
                  <td class="post-score">
                      65
                  </td>
                  <td class="post-title">
                      How to Do a TypeScript Conversion: an opinionated take on gradual conversions
                  </td>
                  <td class="post-type">
                      story
                  </td>
                  <td class="post-time">
                      2023 Nov 04 21:15
                  </td>
                  <td class="post-url">
                      <a href="https://v5.chriskrycho.com/journal/how-to-do-a-typescript-conversion/">
                          Link
                      </a>
                  </td>
              </tr>
    
        13)   <tr>
                  <td class="post-score">
                      83
                  </td>
                  <td class="post-title">
                      FTC Chair Lina Khan looks for allies and leads in Silicon Valley charm offensive
                  </td>
                  <td class="post-type">
                      story
                  </td>
                  <td class="post-time">
                      2023 Nov 04 19:24
                  </td>
                  <td class="post-url">
                      <a href="https://www.reuters.com/business/ftc-chair-lina-khan-looks-allies-leads-silicon-valley-charm-offensive-2023-11-03/">
                          Link
                      </a>
                  </td>
              </tr>
    
        14)   <tr>
                  <td class="post-score">
                      96
                  </td>
                  <td class="post-title">
                      Topic: Discord Stealer
                  </td>
                  <td class="post-type">
                      story
                  </td>
                  <td class="post-time">
                      2023 Nov 05 02:26
                  </td>
                  <td class="post-url">
                      <a href="https://github.com/topics/discord-stealer">
                          Link
                      </a>
                  </td>
              </tr>
    
        15)   <tr>
                  <td class="post-score">
                      132
                  </td>
                  <td class="post-title">
                      SARS-CoV-2 Infection Affects Energy Stores in the Body, Causing Organ Failure
                  </td>
                  <td class="post-type">
                      story
                  </td>
                  <td class="post-time">
                      2023 Nov 04 23:02
                  </td>
                  <td class="post-url">
                      <a href="https://news.unchealthcare.org/2023/10/researchers-show-sars-cov-2-infection-affects-energy-stores-in-the-body-causing-organ-failure/">
                          Link
                      </a>
                  </td>
              </tr>
    
        16)   <tr>
                  <td class="post-score">
                      102
                  </td>
                  <td class="post-title">
                      Soda additive linked to thyroid toxicity may finally get banned by FDA
                  </td>
                  <td class="post-type">
                      story
                  </td>
                  <td class="post-time">
                      2023 Nov 05 00:26
                  </td>
                  <td class="post-url">
                      <a href="https://arstechnica.com/health/2023/11/50-years-later-fda-proposes-banning-a-food-additive-it-said-is-not-safe/">
                          Link
                      </a>
                  </td>
              </tr>
    
        17)   <tr>
                  <td class="post-score">
                      56
                  </td>
                  <td class="post-title">
                      BeeWare Toga v0.4.0 ÔÇô A Python native, OS native GUI toolkit
                  </td>
                  <td class="post-type">
                      story
                  </td>
                  <td class="post-time">
                      2023 Nov 05 01:24
                  </td>
                  <td class="post-url">
                      <a href="https://github.com/beeware/toga/releases/tag/v0.4.0">
                          Link
                      </a>
                  </td>
              </tr>
    
        18)   <tr>
                  <td class="post-score">
                      105
                  </td>
                  <td class="post-title">
                      The cottage industry of YouTube obituary pirates
                  </td>
                  <td class="post-type">
                      story
                  </td>
                  <td class="post-time">
                      2023 Nov 04 20:58
                  </td>
                  <td class="post-url">
                      <a href="https://www.wired.com/story/youtube-obituary-pirates/">
                          Link
                      </a>
                  </td>
              </tr>
    
        19)   <tr>
                  <td class="post-score">
                      44
                  </td>
                  <td class="post-title">
                      Chemists, engineers craft adjustable arrays of microscopic lenses
                  </td>
                  <td class="post-type">
                      story
                  </td>
                  <td class="post-time">
                      2023 Nov 02 15:48
                  </td>
                  <td class="post-url">
                      <a href="https://phys.org/news/2023-10-chemists-craft-adjustable-arrays-microscopic.html">
                          Link
                      </a>
                  </td>
              </tr>
    
        20)   <tr>
                  <td class="post-score">
                      62
                  </td>
                  <td class="post-title">
                      Disturbed Lands (National Park Service)
                  </td>
                  <td class="post-type">
                      story
                  </td>
                  <td class="post-time">
                      2023 Nov 04 23:29
                  </td>
                  <td class="post-url">
                      <a href="https://www.nps.gov/shen/learn/nature/disturbedlands.htm">
                          Link
                      </a>
                  </td>
              </tr>
    
        21)   <tr>
                  <td class="post-score">
                      84
                  </td>
                  <td class="post-title">
                      The world nearly adopted a calendar with 13 months of 28 days
                  </td>
                  <td class="post-type">
                      story
                  </td>
                  <td class="post-time">
                      2023 Nov 05 03:53
                  </td>
                  <td class="post-url">
                      <a href="https://www.washingtonpost.com/history/2023/11/04/battle-sabbath-13-month-calendar/">
                          Link
                      </a>
                  </td>
              </tr>
    
        22)   <tr>
                  <td class="post-score">
                      106
                  </td>
                  <td class="post-title">
                      AI and Open Source in 2023
                  </td>
                  <td class="post-type">
                      story
                  </td>
                  <td class="post-time">
                      2023 Nov 04 18:50
                  </td>
                  <td class="post-url">
                      <a href="https://magazine.sebastianraschka.com/p/ai-and-open-source-in-2023">
                          Link
                      </a>
                  </td>
              </tr>
    
        23)   <tr>
                  <td class="post-score">
                      1114
                  </td>
                  <td class="post-title">
                      As I retire, my goal now is to release 40+ years of source code
                  </td>
                  <td class="post-type">
                      story
                  </td>
                  <td class="post-time">
                      2023 Nov 03 17:26
                  </td>
                  <td class="post-url">
                      <a href="https://dunfield.themindfactory.com/dnldsrc.htm">
                          Link
                      </a>
                  </td>
              </tr>
    
        24)   <tr>
                  <td class="post-score">
                      122
                  </td>
                  <td class="post-title">
                      New Microsoft Exchange zero-days allow RCE, data theft attacks
                  </td>
                  <td class="post-type">
                      story
                  </td>
                  <td class="post-time">
                      2023 Nov 04 21:43
                  </td>
                  <td class="post-url">
                      <a href="https://www.bleepingcomputer.com/news/microsoft/new-microsoft-exchange-zero-days-allow-rce-data-theft-attacks/">
                          Link
                      </a>
                  </td>
              </tr>
    
        25)   <tr>
                  <td class="post-score">
                      125
                  </td>
                  <td class="post-title">
                      Grok
                  </td>
                  <td class="post-type">
                      story
                  </td>
                  <td class="post-time">
                      2023 Nov 05 05:02
                  </td>
                  <td class="post-url">
                      <a href="https://twitter.com/xai/status/1721027348970238035">
                          Link
                      </a>
                  </td>
              </tr>
    
        26)   <tr>
                  <td class="post-score">
                      220
                  </td>
                  <td class="post-title">
                      A 6 channel GPS receiver from 1993
                  </td>
                  <td class="post-type">
                      story
                  </td>
                  <td class="post-time">
                      2023 Nov 04 10:27
                  </td>
                  <td class="post-url">
                      <a href="https://mastodon.sdf.org/@keelan/111349948124943603">
                          Link
                      </a>
                  </td>
              </tr>
    
        27)   <tr>
                  <td class="post-score">
                      313
                  </td>
                  <td class="post-title">
                      AMD MicroBlaze V Processor: A Flexible and Efficient RISC-V Processor
                  </td>
                  <td class="post-type">
                      story
                  </td>
                  <td class="post-time">
                      2023 Nov 04 02:01
                  </td>
                  <td class="post-url">
                      <a href="https://www.xilinx.com/products/design-tools/microblaze-v.html">
                          Link
                      </a>
                  </td>
              </tr>
    
        28)   <tr>
                  <td class="post-score">
                      112
                  </td>
                  <td class="post-title">
                      Lahaina Noon
                  </td>
                  <td class="post-type">
                      story
                  </td>
                  <td class="post-time">
                      2023 Nov 02 15:27
                  </td>
                  <td class="post-url">
                      <a href="https://en.wikipedia.org/wiki/Lahaina_Noon">
                          Link
                      </a>
                  </td>
              </tr>
    
        29)   <tr>
                  <td class="post-score">
                      157
                  </td>
                  <td class="post-title">
                      Spin 2.0 ÔÇô open-source tool for building and running WASM apps
                  </td>
                  <td class="post-type">
                      story
                  </td>
                  <td class="post-time">
                      2023 Nov 04 12:01
                  </td>
                  <td class="post-url">
                      <a href="https://www.fermyon.com/blog/introducing-spin-v2">
                          Link
                      </a>
                  </td>
              </tr>
    
        30)   <tr>
                  <td class="post-score">
                      411
                  </td>
                  <td class="post-title">
                      Tell HN: Submit comments to IRS re tax treatment of software dev expenses
                  </td>
                  <td class="post-type">
                      story
                  </td>
                  <td class="post-time">
                      2023 Nov 02 21:26
                  </td>
                  <td class="post-url">
                      N/A
                  </td>
              </tr>
    
        31)   <tr>
                  <td class="post-score">
                      11
                  </td>
                  <td class="post-title">
                      Show HN: A tiny and platform-agnostic true random number generator for FPGA/ASIC
                  </td>
                  <td class="post-type">
                      story
                  </td>
                  <td class="post-time">
                      2023 Nov 04 21:34
                  </td>
                  <td class="post-url">
                      <a href="https://github.com/stnolting/neoTRNG">
                          Link
                      </a>
                  </td>
              </tr>
    
        32)   <tr>
                  <td class="post-score">
                      99
                  </td>
                  <td class="post-title">
                      Daylight saving time can seriously affect your health
                  </td>
                  <td class="post-type">
                      story
                  </td>
                  <td class="post-time">
                      2023 Nov 05 00:47
                  </td>
                  <td class="post-url">
                      <a href="https://apnews.com/article/daylight-saving-2023-fall-back-a3738d5c74301b8068825927c49fc6b4">
                          Link
                      </a>
                  </td>
              </tr>
    
        33)   <tr>
                  <td class="post-score">
                      46
                  </td>
                  <td class="post-title">
                      Delhi air pollution spikes to 100 times WHO health limit
                  </td>
                  <td class="post-type">
                      story
                  </td>
                  <td class="post-time">
                      2023 Nov 04 23:14
                  </td>
                  <td class="post-url">
                      <a href="https://www.theguardian.com/world/2023/nov/03/delhi-india-air-quality-pollution-spike-world-health-organization-limit">
                          Link
                      </a>
                  </td>
              </tr>
    
        34)   <tr>
                  <td class="post-score">
                      5
                  </td>
                  <td class="post-title">
                      A game. The only winning move is not to play
                  </td>
                  <td class="post-type">
                      story
                  </td>
                  <td class="post-time">
                      2023 Nov 05 04:15
                  </td>
                  <td class="post-url">
                      N/A
                  </td>
              </tr>
    
        35)   <tr>
                  <td class="post-score">
                      83
                  </td>
                  <td class="post-title">
                      Max is taking 4K away from its legacy ad-free subscribers
                  </td>
                  <td class="post-type">
                      story
                  </td>
                  <td class="post-time">
                      2023 Nov 05 02:54
                  </td>
                  <td class="post-url">
                      <a href="https://www.theverge.com/2023/11/2/23943859/max-4k-hbo-max-ad-free-subscribers">
                          Link
                      </a>
                  </td>
              </tr>
    
        36)   <tr>
                  <td class="post-score">
                      132
                  </td>
                  <td class="post-title">
                      Classes vs. structs in .NET: how not to teach about performance
                  </td>
                  <td class="post-type">
                      story
                  </td>
                  <td class="post-time">
                      2023 Nov 04 03:28
                  </td>
                  <td class="post-url">
                      <a href="https://sergeyteplyakov.github.io/Blog/benchmarking/2023/11/02/Performance_Comparison_For_Classes_vs_Structs.html">
                          Link
                      </a>
                  </td>
              </tr>
    
        37)   <tr>
                  <td class="post-score">
                      68
                  </td>
                  <td class="post-title">
                      How ÔÇťblueÔÇŁ and ÔÇťgreenÔÇŁ appeared in a language that didnÔÇÖt have words for them
                  </td>
                  <td class="post-type">
                      story
                  </td>
                  <td class="post-time">
                      2023 Nov 02 15:54
                  </td>
                  <td class="post-url">
                      <a href="https://news.mit.edu/2023/how-blue-and-green-appeared-language-1102">
                          Link
                      </a>
                  </td>
              </tr>
    
        38)   <tr>
                  <td class="post-score">
                      17
                  </td>
                  <td class="post-title">
                      Oracle Cloud Outage
                  </td>
                  <td class="post-type">
                      story
                  </td>
                  <td class="post-time">
                      2023 Nov 05 00:33
                  </td>
                  <td class="post-url">
                      N/A
                  </td>
              </tr>
    
        39)   <tr>
                  <td class="post-score">
                      15
                  </td>
                  <td class="post-title">
                      Exim 4.97.0 ÔÇô SMTP Mail Server ÔÇô Message Transfer Agent (MTA)
                  </td>
                  <td class="post-type">
                      story
                  </td>
                  <td class="post-time">
                      2023 Nov 05 00:29
                  </td>
                  <td class="post-url">
                      <a href="https://www.exim.org/">
                          Link
                      </a>
                  </td>
              </tr>
    
        40)   <tr>
                  <td class="post-score">
                      82
                  </td>
                  <td class="post-title">
                      You're Gonna Need a Bigger Browser
                  </td>
                  <td class="post-type">
                      story
                  </td>
                  <td class="post-time">
                      2023 Nov 04 19:55
                  </td>
                  <td class="post-url">
                      <a href="https://berjon.com/bigger-browser/">
                          Link
                      </a>
                  </td>
              </tr>
    
        41)   <tr>
                  <td class="post-score">
                      157
                  </td>
                  <td class="post-title">
                      Making "LCD, Please"
                  </td>
                  <td class="post-type">
                      story
                  </td>
                  <td class="post-time">
                      2023 Nov 04 04:16
                  </td>
                  <td class="post-url">
                      <a href="https://dukope.com/devlogs/papers-please/lcdplease/">
                          Link
                      </a>
                  </td>
              </tr>
    
        42)   <tr>
                  <td class="post-score">
                      17
                  </td>
                  <td class="post-title">
                      Interview with a Gladiatrix
                  </td>
                  <td class="post-type">
                      story
                  </td>
                  <td class="post-time">
                      2023 Nov 04 21:04
                  </td>
                  <td class="post-url">
                      <a href="https://antigonejournal.com/2023/10/modern-roman-gladiatrix/">
                          Link
                      </a>
                  </td>
              </tr>
    
        43)   <tr>
                  <td class="post-score">
                      6
                  </td>
                  <td class="post-title">
                      Towards Modern Development of Cloud Applications [pdf]
                  </td>
                  <td class="post-type">
                      story
                  </td>
                  <td class="post-time">
                      2023 Nov 05 00:44
                  </td>
                  <td class="post-url">
                      <a href="https://sigops.org/s/conferences/hotos/2023/papers/ghemawat.pdf">
                          Link
                      </a>
                  </td>
              </tr>
    
        44)   <tr>
                  <td class="post-score">
                      224
                  </td>
                  <td class="post-title">
                      A blog post is a long and complex search query to find people (2022)
                  </td>
                  <td class="post-type">
                      story
                  </td>
                  <td class="post-time">
                      2023 Nov 04 02:02
                  </td>
                  <td class="post-url">
                      <a href="https://www.henrikkarlsson.xyz/p/search-query">
                          Link
                      </a>
                  </td>
              </tr>
    
        45)   <tr>
                  <td class="post-score">
                      68
                  </td>
                  <td class="post-title">
                      After decades of dreams, a commercial spaceplane is almost ready to fly
                  </td>
                  <td class="post-type">
                      story
                  </td>
                  <td class="post-time">
                      2023 Nov 04 17:45
                  </td>
                  <td class="post-url">
                      <a href="https://arstechnica.com/space/2023/11/after-decades-of-dreams-a-commercial-spaceplane-is-almost-ready-to-fly/">
                          Link
                      </a>
                  </td>
              </tr>
    
        46)   <tr>
                  <td class="post-score">
                      110
                  </td>
                  <td class="post-title">
                      Scrcpy 2.2 adds Android camera mirroring
                  </td>
                  <td class="post-type">
                      story
                  </td>
                  <td class="post-time">
                      2023 Nov 04 18:30
                  </td>
                  <td class="post-url">
                      <a href="https://github.com/Genymobile/scrcpy/releases/tag/v2.2">
                          Link
                      </a>
                  </td>
              </tr>
    
        47)   <tr>
                  <td class="post-score">
                      52
                  </td>
                  <td class="post-title">
                      SpaceX poised for 'mid-November' launch of second Starship test flight
                  </td>
                  <td class="post-type">
                      story
                  </td>
                  <td class="post-time">
                      2023 Nov 05 04:23
                  </td>
                  <td class="post-url">
                      <a href="https://spaceflightnow.com/2023/11/04/spacex-poised-for-mid-november-of-second-starship-test-launch/">
                          Link
                      </a>
                  </td>
              </tr>
    
        48)   <tr>
                  <td class="post-score">
                      160
                  </td>
                  <td class="post-title">
                      I need more USB power
                  </td>
                  <td class="post-type">
                      story
                  </td>
                  <td class="post-time">
                      2023 Nov 04 16:36
                  </td>
                  <td class="post-url">
                      <a href="https://atomic14.substack.com/p/i-need-more-usb-power">
                          Link
                      </a>
                  </td>
              </tr>
    
        49)   <tr>
                  <td class="post-score">
                      8
                  </td>
                  <td class="post-title">
                      Ancient coins have been found off Sardinia, probably from shipwreck
                  </td>
                  <td class="post-type">
                      story
                  </td>
                  <td class="post-time">
                      2023 Nov 05 03:31
                  </td>
                  <td class="post-url">
                      <a href="https://apnews.com/article/italy-ancient-coins-sardinia-divers-cabdfa070d37a8020f874dd90c0a2433">
                          Link
                      </a>
                  </td>
              </tr>
    
        50)   <tr>
                  <td class="post-score">
                      65
                  </td>
                  <td class="post-title">
                      C++ Sudoku Solver by Singapore PM Lee Hsien Loong
                  </td>
                  <td class="post-type">
                      story
                  </td>
                  <td class="post-time">
                      2023 Nov 04 19:07
                  </td>
                  <td class="post-url">
                      <a href="https://twitter.com/adad8m/status/1720822885496049863">
                          Link
                      </a>
                  </td>
              </tr>
    
        51)   <tr>
                  <td class="post-score">
                      91
                  </td>
                  <td class="post-title">
                      Lapham's Quarterly Is on Hiatus
                  </td>
                  <td class="post-type">
                      story
                  </td>
                  <td class="post-time">
                      2023 Nov 04 20:00
                  </td>
                  <td class="post-url">
                      <a href="https://www.laphamsquarterly.org/roundtable/hiatus">
                          Link
                      </a>
                  </td>
              </tr>
    
        52)   <tr>
                  <td class="post-score">
                      6
                  </td>
                  <td class="post-title">
                      X.ai Grok
                  </td>
                  <td class="post-type">
                      story
                  </td>
                  <td class="post-time">
                      2023 Nov 05 05:57
                  </td>
                  <td class="post-url">
                      <a href="https://grok.x.ai/">
                          Link
                      </a>
                  </td>
              </tr>
    
        53)   <tr>
                  <td class="post-score">
                      219
                  </td>
                  <td class="post-title">
                      Asciinema: Record and share your terminal sessions, the simple way
                  </td>
                  <td class="post-type">
                      story
                  </td>
                  <td class="post-time">
                      2023 Nov 03 20:53
                  </td>
                  <td class="post-url">
                      <a href="https://asciinema.org/">
                          Link
                      </a>
                  </td>
              </tr>
    
        54)   <tr>
                  <td class="post-score">
                      605
                  </td>
                  <td class="post-title">
                      In 1886, the US commissioned watercolor paintings of every known fruit (2019)
                  </td>
                  <td class="post-type">
                      story
                  </td>
                  <td class="post-time">
                      2023 Nov 02 22:30
                  </td>
                  <td class="post-url">
                      <a href="https://www.openculture.com/2019/06/the-us-government-commissioned-7500-watercolor-paintings.html">
                          Link
                      </a>
                  </td>
              </tr>
    
        55)   <tr>
                  <td class="post-score">
                      467
                  </td>
                  <td class="post-title">
                      No dogs were harmed in the making of this app
                  </td>
                  <td class="post-type">
                      story
                  </td>
                  <td class="post-time">
                      2023 Nov 03 13:47
                  </td>
                  <td class="post-url">
                      <a href="https://shmck.substack.com/p/no-dogs-were-harmed-in-the-making">
                          Link
                      </a>
                  </td>
              </tr>
    
        56)   <tr>
                  <td class="post-score">
                      417
                  </td>
                  <td class="post-title">
                      Bringing garbage collected programming languages efficiently to WebAssembly
                  </td>
                  <td class="post-type">
                      story
                  </td>
                  <td class="post-time">
                      2023 Nov 03 06:50
                  </td>
                  <td class="post-url">
                      <a href="https://v8.dev/blog/wasm-gc-porting">
                          Link
                      </a>
                  </td>
              </tr>
    
        57)   <tr>
                  <td class="post-score">
                      225
                  </td>
                  <td class="post-title">
                      Wooden Game Boy
                  </td>
                  <td class="post-type">
                      story
                  </td>
                  <td class="post-time">
                      2023 Nov 03 21:32
                  </td>
                  <td class="post-url">
                      <a href="https://there.oughta.be/a/wooden-game-boy">
                          Link
                      </a>
                  </td>
              </tr>
    
        58)   <tr>
                  <td class="post-score">
                      80
                  </td>
                  <td class="post-title">
                      The Apple II Circuit Description (1983)
                  </td>
                  <td class="post-type">
                      story
                  </td>
                  <td class="post-time">
                      2023 Nov 02 14:58
                  </td>
                  <td class="post-url">
                      <a href="https://archive.org/details/taiicd">
                          Link
                      </a>
                  </td>
              </tr>
    
        59)   <tr>
                  <td class="post-score">
                      304
                  </td>
                  <td class="post-title">
                      Bevy 0.12
                  </td>
                  <td class="post-type">
                      story
                  </td>
                  <td class="post-time">
                      2023 Nov 04 19:39
                  </td>
                  <td class="post-url">
                      <a href="https://bevyengine.org/news/bevy-0-12/">
                          Link
                      </a>
                  </td>
              </tr>
    
        60)   <tr>
                  <td class="post-score">
                      203
                  </td>
                  <td class="post-title">
                      Telling GPT-4 you're scared or under pressure improves performance
                  </td>
                  <td class="post-type">
                      story
                  </td>
                  <td class="post-time">
                      2023 Nov 04 00:40
                  </td>
                  <td class="post-url">
                      <a href="https://aimodels.substack.com/p/telling-gpt-4-youre-scared-or-under">
                          Link
                      </a>
                  </td>
              </tr>
    
        61)   <tr>
                  <td class="post-score">
                      1952
                  </td>
                  <td class="post-title">
                      Sam Bankman-Fried Convicted
                  </td>
                  <td class="post-type">
                      story
                  </td>
                  <td class="post-time">
                      2023 Nov 02 23:49
                  </td>
                  <td class="post-url">
                      <a href="https://www.nytimes.com/live/2023/11/02/business/sam-bankman-fried-trial">
                          Link
                      </a>
                  </td>
              </tr>
    
        62)   <tr>
                  <td class="post-score">
                      188
                  </td>
                  <td class="post-title">
                      Surround sound test files for every audio format
                  </td>
                  <td class="post-type">
                      story
                  </td>
                  <td class="post-time">
                      2023 Nov 03 22:21
                  </td>
                  <td class="post-url">
                      <a href="https://drive.google.com/drive/folders/1JxmeedtAtgmoafXv9rroiDOS2vEX7N4b">
                          Link
                      </a>
                  </td>
              </tr>
    
        63)   <tr>
                  <td class="post-score">
                      128
                  </td>
                  <td class="post-title">
                      Tesla strike widens as Swedish union expands blockade
                  </td>
                  <td class="post-type">
                      story
                  </td>
                  <td class="post-time">
                      2023 Nov 04 23:30
                  </td>
                  <td class="post-url">
                      <a href="https://www.thelocal.se/20231103/tesla-strike-widens-as-swedish-union-expands-blockade">
                          Link
                      </a>
                  </td>
              </tr>
    
        64)   <tr>
                  <td class="post-score">
                      15
                  </td>
                  <td class="post-title">
                      R─ühui and the Art of Marine Conservation
                  </td>
                  <td class="post-type">
                      story
                  </td>
                  <td class="post-time">
                      2023 Nov 04 03:03
                  </td>
                  <td class="post-url">
                      <a href="https://hakaimagazine.com/features/rahui-and-the-art-of-marine-conservation/">
                          Link
                      </a>
                  </td>
              </tr>
    
        65)   <tr>
                  <td class="post-score">
                      81
                  </td>
                  <td class="post-title">
                      Large-scale violence in Late Neolithic Western Europe based on skeletal evidence
                  </td>
                  <td class="post-type">
                      story
                  </td>
                  <td class="post-time">
                      2023 Nov 04 02:56
                  </td>
                  <td class="post-url">
                      <a href="https://www.nature.com/articles/s41598-023-43026-9">
                          Link
                      </a>
                  </td>
              </tr>
    
        66)   <tr>
                  <td class="post-score">
                      224
                  </td>
                  <td class="post-title">
                      First observation of a virus attaching to another virus
                  </td>
                  <td class="post-type">
                      story
                  </td>
                  <td class="post-time">
                      2023 Nov 03 12:47
                  </td>
                  <td class="post-url">
                      <a href="https://umbc.edu/stories/first-observed-virus-attaching-to-another/">
                          Link
                      </a>
                  </td>
              </tr>
    
        67)   <tr>
                  <td class="post-score">
                      185
                  </td>
                  <td class="post-title">
                      KDE desktop cube effect returns
                  </td>
                  <td class="post-type">
                      story
                  </td>
                  <td class="post-time">
                      2023 Nov 04 14:13
                  </td>
                  <td class="post-url">
                      <a href="https://www.phoronix.com/news/KDE-Wayland-Color-Mgmt">
                          Link
                      </a>
                  </td>
              </tr>
    
        68)   <tr>
                  <td class="post-score">
                      49
                  </td>
                  <td class="post-title">
                      Searching for hidden silicon art on a microchip
                  </td>
                  <td class="post-type">
                      story
                  </td>
                  <td class="post-time">
                      2023 Nov 04 16:48
                  </td>
                  <td class="post-url">
                      <a href="https://twitter.com/microscopicture/status/1720837951238636018">
                          Link
                      </a>
                  </td>
              </tr>
    
        69)   <tr>
                  <td class="post-score">
                      19
                  </td>
                  <td class="post-title">
                      U.S. cities consider banning "right on red" laws amid rise in pedestrian deaths
                  </td>
                  <td class="post-type">
                      story
                  </td>
                  <td class="post-time">
                      2023 Nov 04 23:45
                  </td>
                  <td class="post-url">
                      <a href="https://www.cbsnews.com/news/pedestrian-deaths-right-on-red-ban/">
                          Link
                      </a>
                  </td>
              </tr>
    
        70)   <tr>
                  <td class="post-score">
                      195
                  </td>
                  <td class="post-title">
                      Paste without formatting on macOS
                  </td>
                  <td class="post-type">
                      story
                  </td>
                  <td class="post-time">
                      2023 Nov 04 14:31
                  </td>
                  <td class="post-url">
                      <a href="https://scottswezey.com/always-paste-without-formatting-macos/">
                          Link
                      </a>
                  </td>
              </tr>
    
        71)   <tr>
                  <td class="post-score">
                      1187
                  </td>
                  <td class="post-title">
                      Cosmopolitan Third Edition
                  </td>
                  <td class="post-type">
                      story
                  </td>
                  <td class="post-time">
                      2023 Nov 01 17:25
                  </td>
                  <td class="post-url">
                      <a href="https://justine.lol/cosmo3/">
                          Link
                      </a>
                  </td>
              </tr>
    
        72)   <tr>
                  <td class="post-score">
                      126
                  </td>
                  <td class="post-title">
                      Bibi-binary
                  </td>
                  <td class="post-type">
                      story
                  </td>
                  <td class="post-time">
                      2023 Nov 02 08:55
                  </td>
                  <td class="post-url">
                      <a href="https://en.wikipedia.org/wiki/Bibi-binary">
                          Link
                      </a>
                  </td>
              </tr>
    
        73)   <tr>
                  <td class="post-score">
                      57
                  </td>
                  <td class="post-title">
                      UK plans to redefine extremism to include undermining the country
                  </td>
                  <td class="post-type">
                      story
                  </td>
                  <td class="post-time">
                      2023 Nov 04 18:57
                  </td>
                  <td class="post-url">
                      <a href="https://www.theguardian.com/uk-news/2023/nov/04/plans-to-redefine-extremism-would-include-undermining-uk-values">
                          Link
                      </a>
                  </td>
              </tr>
    
        74)   <tr>
                  <td class="post-score">
                      453
                  </td>
                  <td class="post-title">
                      Light can make water evaporate without heat
                  </td>
                  <td class="post-type">
                      story
                  </td>
                  <td class="post-time">
                      2023 Nov 02 17:59
                  </td>
                  <td class="post-url">
                      <a href="https://news.mit.edu/2023/surprising-finding-light-makes-water-evaporate-without-heat-1031">
                          Link
                      </a>
                  </td>
              </tr>
    
        75)   <tr>
                  <td class="post-score">
                      13
                  </td>
                  <td class="post-title">
                      The Trust Principles
                  </td>
                  <td class="post-type">
                      story
                  </td>
                  <td class="post-time">
                      2023 Nov 04 14:32
                  </td>
                  <td class="post-url">
                      <a href="https://www.thomsonreuters.com/en/about-us/trust-principles.html">
                          Link
                      </a>
                  </td>
              </tr>
    
        76)   <tr>
                  <td class="post-score">
                      15
                  </td>
                  <td class="post-title">
                      Coding in Public: Help Battle Imposter Syndrome and Inspire Others
                  </td>
                  <td class="post-type">
                      story
                  </td>
                  <td class="post-time">
                      2023 Nov 04 11:58
                  </td>
                  <td class="post-url">
                      <a href="https://www.codingtemple.com/blog/coding-in-public-help-battle-imposter-syndrome-and-inspire-others/">
                          Link
                      </a>
                  </td>
              </tr>
    
        77)   <tr>
                  <td class="post-score">
                      257
                  </td>
                  <td class="post-title">
                      Software that supports your body should always respect your freedom
                  </td>
                  <td class="post-type">
                      story
                  </td>
                  <td class="post-time">
                      2023 Nov 04 17:26
                  </td>
                  <td class="post-url">
                      <a href="https://www.fsf.org/blogs/community/software-that-supports-your-body-should-always-respect-your-freedom">
                          Link
                      </a>
                  </td>
              </tr>
    
        78)   <tr>
                  <td class="post-score">
                      117
                  </td>
                  <td class="post-title">
                      Show HN: MicroLua ÔÇô Lua for the RP2040 Microcontroller
                  </td>
                  <td class="post-type">
                      story
                  </td>
                  <td class="post-time">
                      2023 Nov 03 18:45
                  </td>
                  <td class="post-url">
                      <a href="https://github.com/MicroLua/MicroLua">
                          Link
                      </a>
                  </td>
              </tr>
    
        79)   <tr>
                  <td class="post-score">
                      451
                  </td>
                  <td class="post-title">
                      Post Mortem on Cloudflare Control Plane and Analytics Outage
                  </td>
                  <td class="post-type">
                      story
                  </td>
                  <td class="post-time">
                      2023 Nov 04 06:20
                  </td>
                  <td class="post-url">
                      <a href="https://blog.cloudflare.com/post-mortem-on-cloudflare-control-plane-and-analytics-outage/">
                          Link
                      </a>
                  </td>
              </tr>
    
        80)   <tr>
                  <td class="post-score">
                      543
                  </td>
                  <td class="post-title">
                      Portugal. The Man ÔÇô Official Website Is a Google Sheets Document
                  </td>
                  <td class="post-type">
                      story
                  </td>
                  <td class="post-time">
                      2023 Nov 03 23:59
                  </td>
                  <td class="post-url">
                      <a href="https://www.portugaltheman.com/?frontpage=true">
                          Link
                      </a>
                  </td>
              </tr>
    
        81)   <tr>
                  <td class="post-score">
                      212
                  </td>
                  <td class="post-title">
                      M3 Macs: there's more to performance than counting cores
                  </td>
                  <td class="post-type">
                      story
                  </td>
                  <td class="post-time">
                      2023 Nov 03 07:59
                  </td>
                  <td class="post-url">
                      <a href="https://eclecticlight.co/2023/11/03/m3-macs-theres-more-to-performance-than-counting-cores/">
                          Link
                      </a>
                  </td>
              </tr>
    
        82)   <tr>
                  <td class="post-score">
                      43
                  </td>
                  <td class="post-title">
                      What is a Teddy Roosevelt presidential library doing in North Dakota?
                  </td>
                  <td class="post-type">
                      story
                  </td>
                  <td class="post-time">
                      2023 Nov 03 19:14
                  </td>
                  <td class="post-url">
                      <a href="https://www.nytimes.com/2023/10/27/arts/theodore-roosevelt-presidential-library.html">
                          Link
                      </a>
                  </td>
              </tr>
    
        83)   <tr>
                  <td class="post-score">
                      5
                  </td>
                  <td class="post-title">
                      You Are Not Late (2014)
                  </td>
                  <td class="post-type">
                      story
                  </td>
                  <td class="post-time">
                      2023 Nov 04 15:26
                  </td>
                  <td class="post-url">
                      <a href="https://kk.org/thetechnium/you-are-not-late/">
                          Link
                      </a>
                  </td>
              </tr>
    
        84)   <tr>
                  <td class="post-score">
                      156
                  </td>
                  <td class="post-title">
                      Shinzo Abe's Assassination
                  </td>
                  <td class="post-type">
                      story
                  </td>
                  <td class="post-time">
                      2023 Nov 04 13:07
                  </td>
                  <td class="post-url">
                      <a href="https://www.theatlantic.com/magazine/archive/2023/10/shinzo-abe-assassination-japan-unification-church-moonies/675114/">
                          Link
                      </a>
                  </td>
              </tr>
    
        85)   <tr>
                  <td class="post-score">
                      101
                  </td>
                  <td class="post-title">
                      Sometimes, it is a compiler bug (2022)
                  </td>
                  <td class="post-type">
                      story
                  </td>
                  <td class="post-time">
                      2023 Nov 04 03:46
                  </td>
                  <td class="post-url">
                      <a href="https://quick-lint-js.com/blog/bug-journey/">
                          Link
                      </a>
                  </td>
              </tr>
    
        86)   <tr>
                  <td class="post-score">
                      154
                  </td>
                  <td class="post-title">
                      Guide to Adopting AV1 Encoding
                  </td>
                  <td class="post-type">
                      story
                  </td>
                  <td class="post-time">
                      2023 Nov 03 15:17
                  </td>
                  <td class="post-url">
                      <a href="https://bitmovin.com/av1/av1-encoding-guide/">
                          Link
                      </a>
                  </td>
              </tr>
    
        87)   <tr>
                  <td class="post-score">
                      7
                  </td>
                  <td class="post-title">
                      Ask HN: Where do you get your health news?
                  </td>
                  <td class="post-type">
                      story
                  </td>
                  <td class="post-time">
                      2023 Nov 05 00:57
                  </td>
                  <td class="post-url">
                      N/A
                  </td>
              </tr>
    
        88)   <tr>
                  <td class="post-score">
                      37
                  </td>
                  <td class="post-title">
                      Mass producing the most expensive rice cooker [video]
                  </td>
                  <td class="post-type">
                      story
                  </td>
                  <td class="post-time">
                      2023 Nov 04 16:33
                  </td>
                  <td class="post-url">
                      <a href="https://www.youtube.com/watch?v=xLCwr8qG1p4">
                          Link
                      </a>
                  </td>
              </tr>
    
        89)   <tr>
                  <td class="post-score">
                      32
                  </td>
                  <td class="post-title">
                      Codec Royalties on Content and the Jaws Moment
                  </td>
                  <td class="post-type">
                      story
                  </td>
                  <td class="post-time">
                      2023 Nov 03 21:07
                  </td>
                  <td class="post-url">
                      <a href="https://streaminglearningcenter.com/codecs/codec-royalties-on-content.html">
                          Link
                      </a>
                  </td>
              </tr>
    
        90)   <tr>
                  <td class="post-score">
                      139
                  </td>
                  <td class="post-title">
                      Louis Armstrong's Last Word
                  </td>
                  <td class="post-type">
                      story
                  </td>
                  <td class="post-time">
                      2023 Nov 02 20:16
                  </td>
                  <td class="post-url">
                      <a href="https://www.thenation.com/article/culture/louis-armstrong-archive/">
                          Link
                      </a>
                  </td>
              </tr>
    
        91)   <tr>
                  <td class="post-score">
                      111
                  </td>
                  <td class="post-title">
                      The Sega Hitachi HiSaturn Navi Console
                  </td>
                  <td class="post-type">
                      story
                  </td>
                  <td class="post-time">
                      2023 Nov 03 22:43
                  </td>
                  <td class="post-url">
                      <a href="https://nfggames.com/games/hisaturn/">
                          Link
                      </a>
                  </td>
              </tr>
    
        92)   <tr>
                  <td class="post-score">
                      124
                  </td>
                  <td class="post-title">
                      My experience taking Tesla to court about FSD
                  </td>
                  <td class="post-type">
                      story
                  </td>
                  <td class="post-time">
                      2023 Nov 05 00:23
                  </td>
                  <td class="post-url">
                      <a href="https://teslamotorsclub.com/tmc/threads/my-experience-taking-tesla-to-court-about-fsd.315086/">
                          Link
                      </a>
                  </td>
              </tr>
    
        93)   <tr>
                  <td class="post-score">
                      179
                  </td>
                  <td class="post-title">
                      Pix2tex: Using a ViT to convert images of equations into LaTeX code
                  </td>
                  <td class="post-type">
                      story
                  </td>
                  <td class="post-time">
                      2023 Nov 03 10:17
                  </td>
                  <td class="post-url">
                      <a href="https://github.com/lukas-blecher/LaTeX-OCR">
                          Link
                      </a>
                  </td>
              </tr>
    
        94)   <tr>
                  <td class="post-score">
                      470
                  </td>
                  <td class="post-title">
                      Talk-Llama
                  </td>
                  <td class="post-type">
                      story
                  </td>
                  <td class="post-time">
                      2023 Nov 02 07:32
                  </td>
                  <td class="post-url">
                      <a href="https://github.com/ggerganov/whisper.cpp/tree/master/examples/talk-llama">
                          Link
                      </a>
                  </td>
              </tr>
    
        95)   <tr>
                  <td class="post-score">
                      145
                  </td>
                  <td class="post-title">
                      Cooperative C++ Evolution ÔÇô Toward a TypeScript for C++
                  </td>
                  <td class="post-type">
                      story
                  </td>
                  <td class="post-time">
                      2023 Nov 04 13:30
                  </td>
                  <td class="post-url">
                      <a href="https://herbsutter.com/2023/10/09/my-new-cppcon-talk-is-on-youtube-cooperative-c-evolution-toward-a-typescript-for-c/">
                          Link
                      </a>
                  </td>
              </tr>
    
        96)   <tr>
                  <td class="post-score">
                      35
                  </td>
                  <td class="post-title">
                      The StahlDream
                  </td>
                  <td class="post-type">
                      story
                  </td>
                  <td class="post-time">
                      2023 Nov 04 01:18
                  </td>
                  <td class="post-url">
                      <a href="https://remexre.com/stahl/dream">
                          Link
                      </a>
                  </td>
              </tr>
    
        97)   <tr>
                  <td class="post-score">
                      112
                  </td>
                  <td class="post-title">
                      Frink is a programming language designed to make physical calculations simple
                  </td>
                  <td class="post-type">
                      story
                  </td>
                  <td class="post-time">
                      2023 Nov 03 06:36
                  </td>
                  <td class="post-url">
                      <a href="https://frinklang.org/">
                          Link
                      </a>
                  </td>
              </tr>
    
        98)   <tr>
                  <td class="post-score">
                      38
                  </td>
                  <td class="post-title">
                      SBF Is Headed to Prison but FTX Will Haunt the Crypto Community for Years
                  </td>
                  <td class="post-type">
                      story
                  </td>
                  <td class="post-time">
                      2023 Nov 05 01:59
                  </td>
                  <td class="post-url">
                      <a href="https://gizmodo.com/ftx-fbi-sam-bankman-fried-cryptocurrency-data-1850990825">
                          Link
                      </a>
                  </td>
              </tr>
    
        99)   <tr>
                  <td class="post-score">
                      59
                  </td>
                  <td class="post-title">
                      Yorick is an interpreted programming language for scientific simulations
                  </td>
                  <td class="post-type">
                      story
                  </td>
                  <td class="post-time">
                      2023 Nov 03 21:00
                  </td>
                  <td class="post-url">
                      <a href="https://yorick.sourceforge.net/">
                          Link
                      </a>
                  </td>
              </tr>
    
        100)  <tr>
                  <td class="post-score">
                      149
                  </td>
                  <td class="post-title">
                      Starfish bodies arenÔÇÖt bodies at all, study finds
                  </td>
                  <td class="post-type">
                      story
                  </td>
                  <td class="post-time">
                      2023 Nov 04 13:54
                  </td>
                  <td class="post-url">
                      <a href="https://www.cnn.com/2023/11/02/world/starfish-head-body-plan-scn/index.html">
                          Link
                      </a>
                  </td>
              </tr>
    
        101)  <tr>
                  <td class="post-score">
                      7
                  </td>
                  <td class="post-title">
                      SFML 2.6.1
                  </td>
                  <td class="post-type">
                      story
                  </td>
                  <td class="post-time">
                      2023 Nov 04 21:24
                  </td>
                  <td class="post-url">
                      <a href="https://github.com/SFML/SFML/releases/tag/2.6.1">
                          Link
                      </a>
                  </td>
              </tr>
    
        102)  <tr>
                  <td class="post-score">
                      21
                  </td>
                  <td class="post-title">
                      Running Mod_Perl with Mojolicious in Docker
                  </td>
                  <td class="post-type">
                      story
                  </td>
                  <td class="post-time">
                      2023 Nov 03 23:02
                  </td>
                  <td class="post-url">
                      <a href="https://rawley.xyz/docker-mod-perl.html">
                          Link
                      </a>
                  </td>
              </tr>
    
        103)  <tr>
                  <td class="post-score">
                      67
                  </td>
                  <td class="post-title">
                      The Great Inflation
                  </td>
                  <td class="post-type">
                      story
                  </td>
                  <td class="post-time">
                      2023 Nov 04 14:42
                  </td>
                  <td class="post-url">
                      <a href="https://www.federalreservehistory.org/essays/great-inflation">
                          Link
                      </a>
                  </td>
              </tr>
    
        104)  <tr>
                  <td class="post-score">
                      174
                  </td>
                  <td class="post-title">
                      MetNet-3: A state-of-the-art neural weather model
                  </td>
                  <td class="post-type">
                      story
                  </td>
                  <td class="post-time">
                      2023 Nov 03 00:34
                  </td>
                  <td class="post-url">
                      <a href="https://blog.research.google/2023/11/metnet-3-state-of-art-neural-weather.html?m=1">
                          Link
                      </a>
                  </td>
              </tr>
    
        105)  <tr>
                  <td class="post-score">
                      264
                  </td>
                  <td class="post-title">
                      From S3 to R2: An economic opportunity
                  </td>
                  <td class="post-type">
                      story
                  </td>
                  <td class="post-time">
                      2023 Nov 02 19:15
                  </td>
                  <td class="post-url">
                      <a href="https://dansdatathoughts.substack.com/p/from-s3-to-r2-an-economic-opportunity">
                          Link
                      </a>
                  </td>
              </tr>
    
        106)  <tr>
                  <td class="post-score">
                      481
                  </td>
                  <td class="post-title">
                      Ask HN: Who is hiring? (November 2023)
                  </td>
                  <td class="post-type">
                      story
                  </td>
                  <td class="post-time">
                      2023 Nov 01 15:00
                  </td>
                  <td class="post-url">
                      N/A
                  </td>
              </tr>
    
        107)  <tr>
                  <td class="post-score">
                      208
                  </td>
                  <td class="post-title">
                      Course using F#: Write your own tiny programming system(s)
                  </td>
                  <td class="post-type">
                      story
                  </td>
                  <td class="post-time">
                      2023 Nov 02 21:41
                  </td>
                  <td class="post-url">
                      <a href="https://d3s.mff.cuni.cz/teaching/nprg077/">
                          Link
                      </a>
                  </td>
              </tr>
    
        108)  <tr>
                  <td class="post-score">
                      11
                  </td>
                  <td class="post-title">
                      Astra, low on cash, defaults on loan
                  </td>
                  <td class="post-type">
                      story
                  </td>
                  <td class="post-time">
                      2023 Nov 04 20:16
                  </td>
                  <td class="post-url">
                      <a href="https://spacenews.com/astra-low-on-cash-defaults-on-loan/">
                          Link
                      </a>
                  </td>
              </tr>
    
        109)  <tr>
                  <td class="post-score">
                      204
                  </td>
                  <td class="post-title">
                      Maersk to cut 10k jobs as shipping demand drops
                  </td>
                  <td class="post-type">
                      story
                  </td>
                  <td class="post-time">
                      2023 Nov 04 04:39
                  </td>
                  <td class="post-url">
                      <a href="https://www.reuters.com/business/shipping-giant-maersk-q3-above-expectation-sees-fy-lower-end-range-2023-11-03/">
                          Link
                      </a>
                  </td>
              </tr>
    
        110)  <tr>
                  <td class="post-score">
                      52
                  </td>
                  <td class="post-title">
                      Welcome to the New GamersNexus Website v5.0: A Message
                  </td>
                  <td class="post-type">
                      story
                  </td>
                  <td class="post-time">
                      2023 Nov 04 21:16
                  </td>
                  <td class="post-url">
                      <a href="https://gamersnexus.net/gn-extras/welcome-new-gamersnexus-website-v50-message">
                          Link
                      </a>
                  </td>
              </tr>
    
        111)  <tr>
                  <td class="post-score">
                      252
                  </td>
                  <td class="post-title">
                      How to stop adulterated turmeric from killing people
                  </td>
                  <td class="post-type">
                      story
                  </td>
                  <td class="post-time">
                      2023 Nov 04 07:59
                  </td>
                  <td class="post-url">
                      <a href="https://www.economist.com/leaders/2023/11/02/how-to-stop-turmeric-from-killing-people">
                          Link
                      </a>
                  </td>
              </tr>
    
        112)  <tr>
                  <td class="post-score">
                      38
                  </td>
                  <td class="post-title">
                      The Miracle of Photography
                  </td>
                  <td class="post-type">
                      story
                  </td>
                  <td class="post-time">
                      2023 Nov 03 17:46
                  </td>
                  <td class="post-url">
                      <a href="https://themillions.com/2023/11/the-miracle-of-photography.html">
                          Link
                      </a>
                  </td>
              </tr>
    
        113)  <tr>
                  <td class="post-score">
                      71
                  </td>
                  <td class="post-title">
                      Edison Bulb Night Mode
                  </td>
                  <td class="post-type">
                      story
                  </td>
                  <td class="post-time">
                      2023 Nov 03 22:29
                  </td>
                  <td class="post-url">
                      <a href="https://www.petemillspaugh.com/edison-bulb">
                          Link
                      </a>
                  </td>
              </tr>
    
        114)  <tr>
                  <td class="post-score">
                      155
                  </td>
                  <td class="post-title">
                      RegEx Crossword (2013)
                  </td>
                  <td class="post-type">
                      story
                  </td>
                  <td class="post-time">
                      2023 Nov 02 10:30
                  </td>
                  <td class="post-url">
                      <a href="https://jimbly.github.io/regex-crossword/">
                          Link
                      </a>
                  </td>
              </tr>
    
        115)  <tr>
                  <td class="post-score">
                      65
                  </td>
                  <td class="post-title">
                      CPU-Z's Inadequate Benchmark
                  </td>
                  <td class="post-type">
                      story
                  </td>
                  <td class="post-time">
                      2023 Nov 04 00:27
                  </td>
                  <td class="post-url">
                      <a href="https://chipsandcheese.com/2023/11/03/cpu-zs-inadequate-benchmark/">
                          Link
                      </a>
                  </td>
              </tr>
    
        116)  <tr>
                  <td class="post-score">
                      29
                  </td>
                  <td class="post-title">
                      DEA Launches Crack Down on San Francisco Fentanyl Dealing
                  </td>
                  <td class="post-type">
                      story
                  </td>
                  <td class="post-time">
                      2023 Nov 04 23:44
                  </td>
                  <td class="post-url">
                      <a href="https://abc7news.com/sf-fentanyl-drug-dealers-all-hands-of-deck-operation-sfpd/14006658/">
                          Link
                      </a>
                  </td>
              </tr>
    
        117)  <tr>
                  <td class="post-score">
                      205
                  </td>
                  <td class="post-title">
                      Uranium demand hits decade high as nuclear renaissance gains traction
                  </td>
                  <td class="post-type">
                      story
                  </td>
                  <td class="post-time">
                      2023 Nov 04 00:11
                  </td>
                  <td class="post-url">
                      <a href="https://oilprice.com/The-Environment/Global-Warming/Uranium-Demand-Hits-Decade-High-As-Nuclear-Renaissance-Gains-Traction.html">
                          Link
                      </a>
                  </td>
              </tr>
    
        118)  <tr>
                  <td class="post-score">
                      56
                  </td>
                  <td class="post-title">
                      Accelerating digital block design with Google's open source Mid-Level Synthesis
                  </td>
                  <td class="post-type">
                      story
                  </td>
                  <td class="post-time">
                      2023 Nov 03 19:53
                  </td>
                  <td class="post-url">
                      <a href="https://antmicro.com/blog/2023/09/accelerating-digital-block-design-with-googles-xls/">
                          Link
                      </a>
                  </td>
              </tr>
    
        119)  <tr>
                  <td class="post-score">
                      26
                  </td>
                  <td class="post-title">
                      Show HN: Cami.js ÔÇô A No Build, Web Component Based Reactive Framework
                  </td>
                  <td class="post-type">
                      story
                  </td>
                  <td class="post-time">
                      2023 Nov 04 18:33
                  </td>
                  <td class="post-url">
                      <a href="https://github.com/kennyfrc/cami.js">
                          Link
                      </a>
                  </td>
              </tr>
    
        120)  <tr>
                  <td class="post-score">
                      177
                  </td>
                  <td class="post-title">
                      Why You Should Write Your Own Static Site Generator
                  </td>
                  <td class="post-type">
                      story
                  </td>
                  <td class="post-time">
                      2023 Nov 03 09:10
                  </td>
                  <td class="post-url">
                      <a href="https://arne.me/articles/write-your-own-ssg">
                          Link
                      </a>
                  </td>
              </tr>
    
        121)  <tr>
                  <td class="post-score">
                      12
                  </td>
                  <td class="post-title">
                      GiNaC: Open framework for symbolic computation within C++ programming language
                  </td>
                  <td class="post-type">
                      story
                  </td>
                  <td class="post-time">
                      2023 Nov 04 03:25
                  </td>
                  <td class="post-url">
                      <a href="https://www.ginac.de/tutorial/">
                          Link
                      </a>
                  </td>
              </tr>
    
        122)  <tr>
                  <td class="post-score">
                      39
                  </td>
                  <td class="post-title">
                      Liblinux ÔÇô architecture-independent access to Linux system calls
                  </td>
                  <td class="post-type">
                      story
                  </td>
                  <td class="post-time">
                      2023 Nov 03 08:47
                  </td>
                  <td class="post-url">
                      <a href="https://github.com/matheusmoreira/liblinux">
                          Link
                      </a>
                  </td>
              </tr>
    
        123)  <tr>
                  <td class="post-score">
                      111
                  </td>
                  <td class="post-title">
                      Enable ARMv9 Memory Tagging Extension (MTE) on Pixel 8
                  </td>
                  <td class="post-type">
                      story
                  </td>
                  <td class="post-time">
                      2023 Nov 03 06:55
                  </td>
                  <td class="post-url">
                      <a href="https://outflux.net/blog/archives/2023/10/26/enable-mte-on-pixel-8/">
                          Link
                      </a>
                  </td>
              </tr>
    
        124)  <tr>
                  <td class="post-score">
                      56
                  </td>
                  <td class="post-title">
                      Why is RC Cola popular in Tajikistan?
                  </td>
                  <td class="post-type">
                      story
                  </td>
                  <td class="post-time">
                      2023 Nov 03 20:07
                  </td>
                  <td class="post-url">
                      <a href="https://www.snackstack.net/p/why-is-rc-cola-popular-in-tajikistan">
                          Link
                      </a>
                  </td>
              </tr>
    
        125)  <tr>
                  <td class="post-score">
                      7
                  </td>
                  <td class="post-title">
                      Show HN: I started building yet another CSS framework
                  </td>
                  <td class="post-type">
                      story
                  </td>
                  <td class="post-time">
                      2023 Nov 04 08:55
                  </td>
                  <td class="post-url">
                      <a href="https://eternityforest.github.io/barrel.css/">
                          Link
                      </a>
                  </td>
              </tr>
    
        126)  <tr>
                  <td class="post-score">
                      85
                  </td>
                  <td class="post-title">
                      How to help someone use a computer (1996)
                  </td>
                  <td class="post-type">
                      story
                  </td>
                  <td class="post-time">
                      2023 Nov 03 08:46
                  </td>
                  <td class="post-url">
                      <a href="https://pages.gseis.ucla.edu/faculty/agre/how-to-help.html">
                          Link
                      </a>
                  </td>
              </tr>
    
        127)  <tr>
                  <td class="post-score">
                      193
                  </td>
                  <td class="post-title">
                      Is there anywhere in the world someone can just live for free?
                  </td>
                  <td class="post-type">
                      story
                  </td>
                  <td class="post-time">
                      2023 Nov 04 08:57
                  </td>
                  <td class="post-url">
                      <a href="https://reddit.com/r/NoStupidQuestions/comments/17mvukd/is_there_anywhere_in_the_world_someone_can_just/">
                          Link
                      </a>
                  </td>
              </tr>
    
        128)  <tr>
                  <td class="post-score">
                      84
                  </td>
                  <td class="post-title">
                      First Handset with MTE on the Market
                  </td>
                  <td class="post-type">
                      story
                  </td>
                  <td class="post-time">
                      2023 Nov 03 22:03
                  </td>
                  <td class="post-url">
                      <a href="https://googleprojectzero.blogspot.com/2023/11/first-handset-with-mte-on-market.html">
                          Link
                      </a>
                  </td>
              </tr>
    
        129)  <tr>
                  <td class="post-score">
                      59
                  </td>
                  <td class="post-title">
                      Cats Make Nearly 300 Different Facial Expressions
                  </td>
                  <td class="post-type">
                      story
                  </td>
                  <td class="post-time">
                      2023 Nov 04 21:38
                  </td>
                  <td class="post-url">
                      <a href="https://www.smithsonianmag.com/smart-news/cats-make-nearly-300-different-facial-expressions-180983185/">
                          Link
                      </a>
                  </td>
              </tr>
    
        130)  <tr>
                  <td class="post-score">
                      147
                  </td>
                  <td class="post-title">
                      Email.radio ÔÇô Free Email Domain for Licensed Ham Radio Operators
                  </td>
                  <td class="post-type">
                      story
                  </td>
                  <td class="post-time">
                      2023 Nov 03 02:10
                  </td>
                  <td class="post-url">
                      <a href="https://email.radio/">
                          Link
                      </a>
                  </td>
              </tr>
    
        131)  <tr>
                  <td class="post-score">
                      666
                  </td>
                  <td class="post-title">
                      macOS Sonoma Boot Failures
                  </td>
                  <td class="post-type">
                      story
                  </td>
                  <td class="post-time">
                      2023 Oct 31 18:33
                  </td>
                  <td class="post-url">
                      <a href="https://github.com/AsahiLinux/docs/wiki/macOS-Sonoma-Boot-Failures">
                          Link
                      </a>
                  </td>
              </tr>
    
        132)  <tr>
                  <td class="post-score">
                      98
                  </td>
                  <td class="post-title">
                      Telnet BBS Guide
                  </td>
                  <td class="post-type">
                      story
                  </td>
                  <td class="post-time">
                      2023 Nov 03 23:29
                  </td>
                  <td class="post-url">
                      <a href="https://www.telnetbbsguide.com/">
                          Link
                      </a>
                  </td>
              </tr>
    
        133)  <tr>
                  <td class="post-score">
                      69
                  </td>
                  <td class="post-title">
                      Discord will switch to temporary file links to block malware delivery
                  </td>
                  <td class="post-type">
                      story
                  </td>
                  <td class="post-time">
                      2023 Nov 04 19:11
                  </td>
                  <td class="post-url">
                      <a href="https://www.bleepingcomputer.com/news/security/discord-will-switch-to-temporary-file-links-to-block-malware-delivery/">
                          Link
                      </a>
                  </td>
              </tr>
    
        134)  <tr>
                  <td class="post-score">
                      201
                  </td>
                  <td class="post-title">
                      Podman Desktop v1.5 with Compose onboarding and enhanced Kubernetes pod data
                  </td>
                  <td class="post-type">
                      story
                  </td>
                  <td class="post-time">
                      2023 Nov 03 19:39
                  </td>
                  <td class="post-url">
                      <a href="https://podman-desktop.io/blog/podman-desktop-release-1.5">
                          Link
                      </a>
                  </td>
              </tr>
    
        135)  <tr>
                  <td class="post-score">
                      199
                  </td>
                  <td class="post-title">
                      Okta hit by third-party breach, stealing employee data
                  </td>
                  <td class="post-type">
                      story
                  </td>
                  <td class="post-time">
                      2023 Nov 03 16:15
                  </td>
                  <td class="post-url">
                      <a href="https://arstechnica.com/security/2023/11/okta-hit-by-another-breach-this-one-stealing-employee-data-from-3rd-party-vendor/">
                          Link
                      </a>
                  </td>
              </tr>
    
        136)  <tr>
                  <td class="post-score">
                      124
                  </td>
                  <td class="post-title">
                      If you plant milkweed, they will come
                  </td>
                  <td class="post-type">
                      story
                  </td>
                  <td class="post-time">
                      2023 Nov 03 00:21
                  </td>
                  <td class="post-url">
                      <a href="https://www.nytimes.com/2023/10/25/realestate/gardening-milkweed-plants-butterflies.html">
                          Link
                      </a>
                  </td>
              </tr>
    
        137)  <tr>
                  <td class="post-score">
                      31
                  </td>
                  <td class="post-title">
                      Things I like about Zig as a Go Programmer
                  </td>
                  <td class="post-type">
                      story
                  </td>
                  <td class="post-time">
                      2023 Nov 04 16:38
                  </td>
                  <td class="post-url">
                      <a href="https://medium.com/@vladimirvivien/things-i-like-about-zig-as-a-go-programmer-75eb02aab00f">
                          Link
                      </a>
                  </td>
              </tr>
    
        138)  <tr>
                  <td class="post-score">
                      9
                  </td>
                  <td class="post-title">
                      Upgrading my Chumby 8 kernel part 7: touchscreen
                  </td>
                  <td class="post-type">
                      story
                  </td>
                  <td class="post-time">
                      2023 Nov 03 23:57
                  </td>
                  <td class="post-url">
                      <a href="https://www.downtowndougbrown.com/2023/11/upgrading-my-chumby-8-kernel-part-7-touchscreen/">
                          Link
                      </a>
                  </td>
              </tr>
    
        139)  <tr>
                  <td class="post-score">
                      114
                  </td>
                  <td class="post-title">
                      Embracing community helps us live longer, and be happier (2017)
                  </td>
                  <td class="post-type">
                      story
                  </td>
                  <td class="post-time">
                      2023 Nov 03 19:58
                  </td>
                  <td class="post-url">
                      <a href="https://news.harvard.edu/gazette/story/2017/04/over-nearly-80-years-harvard-study-has-been-showing-how-to-live-a-healthy-and-happy-life/">
                          Link
                      </a>
                  </td>
              </tr>
    
        140)  <tr>
                  <td class="post-score">
                      221
                  </td>
                  <td class="post-title">
                      Joint statement of scientists and NGOs on the EUÔÇÖs proposed eIDAS reform
                  </td>
                  <td class="post-type">
                      story
                  </td>
                  <td class="post-time">
                      2023 Nov 03 11:08
                  </td>
                  <td class="post-url">
                      <a href="https://eidas-open-letter.org/">
                          Link
                      </a>
                  </td>
              </tr>
    
        141)  <tr>
                  <td class="post-score">
                      3
                  </td>
                  <td class="post-title">
                      A guide to home row mods with QMK
                  </td>
                  <td class="post-type">
                      story
                  </td>
                  <td class="post-time">
                      2023 Nov 04 11:21
                  </td>
                  <td class="post-url">
                      <a href="https://precondition.github.io/home-row-mods">
                          Link
                      </a>
                  </td>
              </tr>
    
        142)  <tr>
                  <td class="post-score">
                      14
                  </td>
                  <td class="post-title">
                      Geospatial Technology Radar 2023
                  </td>
                  <td class="post-type">
                      story
                  </td>
                  <td class="post-time">
                      2023 Nov 03 20:03
                  </td>
                  <td class="post-url">
                      <a href="https://element84.com/geospatial-tech-radar-23">
                          Link
                      </a>
                  </td>
              </tr>
    
        143)  <tr>
                  <td class="post-score">
                      49
                  </td>
                  <td class="post-title">
                      HBO CEO Confesses to Trolling Critics with Fake Tweets: Rolling Stone
                  </td>
                  <td class="post-type">
                      story
                  </td>
                  <td class="post-time">
                      2023 Nov 04 06:19
                  </td>
                  <td class="post-url">
                      <a href="https://www.rollingstone.com/tv-movies/tv-movie-news/hbo-ceo-casey-bloys-confesses-trolling-critics-fake-twitter-accounts-dumb-idea-1234868710/">
                          Link
                      </a>
                  </td>
              </tr>
    
        144)  <tr>
                  <td class="post-score">
                      124
                  </td>
                  <td class="post-title">
                      Ken Mattingly, astronaut scrubbed from Apollo 13, has died
                  </td>
                  <td class="post-type">
                      story
                  </td>
                  <td class="post-time">
                      2023 Nov 03 05:48
                  </td>
                  <td class="post-url">
                      <a href="https://www.nytimes.com/2023/11/02/science/space/ken-mattingly-dead.html">
                          Link
                      </a>
                  </td>
              </tr>
    
        145)  <tr>
                  <td class="post-score">
                      146
                  </td>
                  <td class="post-title">
                      How big data carried graph theory into new dimensions
                  </td>
                  <td class="post-type">
                      story
                  </td>
                  <td class="post-time">
                      2023 Nov 02 21:33
                  </td>
                  <td class="post-url">
                      <a href="https://www.quantamagazine.org/how-big-data-carried-graph-theory-into-new-dimensions-20210819/">
                          Link
                      </a>
                  </td>
              </tr>
    
        146)  <tr>
                  <td class="post-score">
                      235
                  </td

